02-20 21:44:08.162   308  6921 D SocketClient: SocketClient sendData done: 
02-20 21:44:08.162   308  6921 D SocketClient: SocketClient sendData done: 
02-20 21:44:08.162   308  6921 D SocketClient: SocketClient sendData done: 
02-20 21:44:08.162   308  6921 D SocketClient: SocketClient sendData done: 
02-20 21:44:08.162   924  1728 D CSLegacyTypeTracker: getNetworkForType type 1
02-20 21:44:08.162   308  6921 D SocketClient: SocketClient sendData done: 
02-20 21:44:08.162   308  6921 D SocketClient: SocketClient sendData done: 
02-20 21:44:08.162   308  6921 D SocketClient: SocketClient sendData done: 
02-20 21:44:08.162   308  6921 D SocketClient: SocketClient sendData done: 
02-20 21:44:08.162   308  6921 D SocketClient: SocketClient sendData done: 
02-20 21:44:08.162   308  6921 D SocketClient: SocketClient sendData done: 
02-20 21:44:08.162   308  6921 D SocketClient: SocketClient sendData done: 
02-20 21:44:08.162   308  6921 D SocketClient: SocketClient sendData done: 
02-20 21:44:08.162   308  6921 D SocketClient: SocketClient sendData done: 
02-20 21:44:08.162   308  6921 D SocketClient: SocketClient sendData done: 
02-20 21:44:08.162   308  6921 D SocketClient: SocketClient sendData done: 
02-20 21:44:08.162  2456  2504 D libc-netbsd: getaddrinfo: agnes.www.letv.com get result from proxy gai_error = 0
02-20 21:44:08.163  1804  1804 I SarrsFragment: [v3.0.2.267]onResume
02-20 21:44:08.163  2456  2504 I System.out: [CDS]connect[agnes.www.letv.com/111.206.211.248:80]
02-20 21:44:08.163  1804  1804 I SarrsFragment: [v2.2.2.265]onResume
02-20 21:44:08.163  1804  1804 D ActivityThread: ACT-AM_ON_RESUME_CALLED ActivityRecord{7c8f03e token=android.os.BinderProxy@7b55e9f {com.android.launcher3/com.android.launcher3.Launcher}}
02-20 21:44:08.163  1804  1804 V ActivityThread: Resume ActivityRecord{7c8f03e token=android.os.BinderProxy@7b55e9f {com.android.launcher3/com.android.launcher3.Launcher}} started activity: false, hideForNow: false, finished: false
02-20 21:44:08.163  1804  1804 D ActivityThreadEui: check reason flags for activity window =com.android.launcher3.Launcher reasonFlags=0
02-20 21:44:08.163  2456  2504 D Posix   : [Posix_connect Debug]Process com.letv.agnes :80 
02-20 21:44:08.163  1804  1804 V ActivityThread: Resuming ActivityRecord{7c8f03e token=android.os.BinderProxy@7b55e9f {com.android.launcher3/com.android.launcher3.Launcher}} with isForward=true
02-20 21:44:08.163   308   917 D SocketClient: SocketClient sendData done: 
02-20 21:44:08.164  1804  1804 V PhoneWindow: DecorView setVisiblity: visibility = 0 ,Parent =ViewRoot{bb3e25c com.android.launcher3/com.android.launcher3.Launcher,ident = 0}, this =com.android.internal.policy.PhoneWindow$DecorView{40c7c6d V.ED..... R.....ID 0,0-1080,1920}
02-20 21:44:08.164  1804  1804 V ActivityThread: Scheduling idle handler for ActivityRecord{7c8f03e token=android.os.BinderProxy@7b55e9f {com.android.launcher3/com.android.launcher3.Launcher}}
02-20 21:44:08.165  1804  1804 D ActivityThread: ACT-RESUME_ACTIVITY handled : 1 / android.os.BinderProxy@7b55e9f
02-20 21:44:08.165  2479  2482 I PerfService: PerfServiceNative_getPackName
02-20 21:44:08.165   924  1665 I libPerfService: perfGetPackName com.android.launcher3
02-20 21:44:08.165   924  1665 I libPerfService: perfGetPackName com.android.launcher3
02-20 21:44:08.166   924  1665 E PerfService: com.android.launcher3
02-20 21:44:08.166   924  1665 D PerfServiceManager: [PerfService] getPackName com.android.launcher3 
02-20 21:44:08.166   924  1665 I libPerfService: perfGetPackName com.android.launcher3
02-20 21:44:08.166   924  1665 I libPerfService: perfGetPackName com.android.launcher3
02-20 21:44:08.166   924  1665 E PerfService: com.android.launcher3
02-20 21:44:08.166  2479  2482 I PerfService: com.android.launcher3
02-20 21:44:08.166  2479  2482 I PerfService: PerfServiceNative_getPackName
02-20 21:44:08.167   924   934 I libPerfService: perfGetPackName com.android.launcher3
02-20 21:44:08.167   924   934 I libPerfService: perfGetPackName com.android.launcher3
02-20 21:44:08.167   924   934 E PerfService: com.android.launcher3
02-20 21:44:08.167   924   934 D PerfServiceManager: [PerfService] getPackName com.android.launcher3 
02-20 21:44:08.167   924   934 I libPerfService: perfGetPackName com.android.launcher3
02-20 21:44:08.167   924   934 I libPerfService: perfGetPackName com.android.launcher3
02-20 21:44:08.167   924   934 E PerfService: com.android.launcher3
02-20 21:44:08.167  2479  2482 I PerfService: com.android.launcher3
02-20 21:44:08.167   924  1722 W PackageManager: checkUidPermission(): android.permission.STATUS_BAR of 10009 is denied.
02-20 21:44:08.167  2479  2482 D GasService: FG app changed: from com.example.demo1 to com.android.launcher3
02-20 21:44:08.167  2479  2482 I PerfService: PerfServiceNative_getPackName
02-20 21:44:08.167   924  1763 I libPerfService: perfGetPackName com.android.launcher3
02-20 21:44:08.167   924  1763 I libPerfService: perfGetPackName com.android.launcher3
02-20 21:44:08.167   924  1763 E PerfService: com.android.launcher3
02-20 21:44:08.167   924  1722 I WindowManager: Relayout Window{3a7f912 u0 com.android.launcher3/com.android.launcher3.Launcher}: viewVisibility=0 oldVisibility=4 mRelayoutCalled=true flagChanges=0x0 flags=0x81910100 receiveKey=false
02-20 21:44:08.167   924  1763 D PerfServiceManager: [PerfService] getPackName com.android.launcher3 
02-20 21:44:08.167   924  1763 I libPerfService: perfGetPackName com.android.launcher3
02-20 21:44:08.167   924  1763 I libPerfService: perfGetPackName com.android.launcher3
02-20 21:44:08.167   924  1763 E PerfService: com.android.launcher3
02-20 21:44:08.167  2479  2482 I PerfService: com.android.launcher3
02-20 21:44:08.168   297   297 I BufferQueue: [unnamed-297-84](this:0x7fa714b000,id:84,api:0,p:-1,c:-1) BufferQueue core=(297:/system/bin/surfaceflinger)
02-20 21:44:08.168   297   297 I BufferQueueConsumer: [unnamed-297-84](this:0x7fa714b000,id:84,api:0,p:-1,c:297) connect(C): consumer=(297:/system/bin/surfaceflinger) controlledByApp=false
02-20 21:44:08.168   297   297 I BufferQueueConsumer: [unnamed-297-84](this:0x7fa714b000,id:84,api:0,p:-1,c:297) setConsumerName: unnamed-297-84
02-20 21:44:08.168   297   297 I BufferQueueConsumer: [com.android.launcher3/com.android.launcher3.Launcher](this:0x7fa714b000,id:84,api:0,p:-1,c:297) setConsumerName: com.android.launcher3/com.android.launcher3.Launcher
02-20 21:44:08.168   297   297 I BufferQueueConsumer: [com.android.launcher3/com.android.launcher3.Launcher](this:0x7fa714b000,id:84,api:0,p:-1,c:297) setDefaultBufferSize: width=1080 height=1920
02-20 21:44:08.169   924  1722 V WindowManager: findFocusedWindow: Found new focus @ 2 = Window{3a7f912 u0 com.android.launcher3/com.android.launcher3.Launcher}
02-20 21:44:08.169   924  1722 V WindowManager: Changing focus from null to Window{3a7f912 u0 com.android.launcher3/com.android.launcher3.Launcher} Callers=com.android.server.wm.WindowManagerService.relayoutWindow:3833 com.android.server.wm.Session.relayout:204 android.view.IWindowSession$Stub.onTransact:284 com.android.server.wm.Session.onTransact:136 
02-20 21:44:08.169   924  1722 D SettingsInterface:  from settings cache , name = accessibility_FACTORYTEST , value = null
02-20 21:44:08.170   924  1722 I WindowManager: Input focus has changed to Window{3a7f912 u0 com.android.launcher3/com.android.launcher3.Launcher} oldFocusWindow=null updateInputWindow=false
02-20 21:44:08.170   924  1722 D SettingsInterface:  from settings cache , name = accessibility_FACTORYTEST , value = null
02-20 21:44:08.172  1804  1957 I [c0.8.6]AgnesClient_ReportManager:  : Report event : expose
02-20 21:44:08.172   924   946 I WindowManager: Focus moving from null to Window{3a7f912 u0 com.android.launcher3/com.android.launcher3.Launcher}
02-20 21:44:08.172   924   946 I WindowManager: Gaining focus: Window{3a7f912 u0 com.android.launcher3/com.android.launcher3.Launcher}
02-20 21:44:08.172  1804  1804 D Surface : Surface::allocateBuffers(this=0xedf9e900)
02-20 21:44:08.172  1804  2076 D OpenGLRenderer: CanvasContext() 0xedfe5000 initialize window=0xedf9e908, title=com.android.launcher3/com.android.launcher3.Launcher
02-20 21:44:08.172  1804  2076 D Surface : Surface::connect(this=0xedf9e900,api=1)
02-20 21:44:08.172   297  4539 D BufferQueueProducer: [](this:0x7fa714b000,id:84,api:0,p:-1,c:297) allocateBuffers: allocating from 0 buffers up to 4 buffers
02-20 21:44:08.173   297  1995 I BufferQueueProducer: [com.android.launcher3/com.android.launcher3.Launcher](this:0x7fa714b000,id:84,api:1,p:1804,c:297) connect(P): api=1 producer=(1804:com.android.launcher3) producerControlledByApp=true
02-20 21:44:08.173  1804  2076 W libEGL  : [ANDROID_RECORDABLE] format: 1
02-20 21:44:08.173   297  4539 D IMGSRV  : gralloc_device_alloc:1071: hnd=0x7fa6c155e0 ID=2911 fd=38 ref=0 1080(1088)x1920-0x1 usage=0x900 size=8355840(8355840) cache=0
02-20 21:44:08.175   297  4539 D IMGSRV  : gralloc_device_alloc:1071: hnd=0x7fa6c14d20 ID=2913 fd=44 ref=0 1080(1088)x1920-0x1 usage=0x900 size=8355840(8355840) cache=0
02-20 21:44:08.176   297  4539 D IMGSRV  : gralloc_device_alloc:1071: hnd=0x7fa6c14140 ID=2914 fd=55 ref=0 1080(1088)x1920-0x1 usage=0x900 size=8355840(8355840) cache=0
02-20 21:44:08.177   297  4539 D IMGSRV  : gralloc_device_alloc:1071: hnd=0x7fa6c14e60 ID=2915 fd=57 ref=0 1080(1088)x1920-0x1 usage=0x900 size=8355840(8355840) cache=0
02-20 21:44:08.177   327   563 D AALService: enableAALEvent: 0 -> 1
02-20 21:44:08.177   297  4539 D BufferQueueProducer: [com.android.launcher3/com.android.launcher3.Launcher](this:0x7fa714b000,id:84,api:1,p:1804,c:297) allocateBuffers: allocating from 4 buffers up to 4 buffers
02-20 21:44:08.177   297  1858 I BufferQueueProducer: [com.android.launcher3/com.android.launcher3.Launcher](this:0x7fa714b000,id:84,api:1,p:1804,c:297) new GraphicBuffer needed
02-20 21:44:08.178   297  1858 D IMGSRV  : gralloc_device_free:1226: ID=2915 ref=0
02-20 21:44:08.179   297  1858 D IMGSRV  : gralloc_device_alloc:1071: hnd=0x7fa6c14820 ID=2916 fd=35 ref=0 1080(1088)x1920-0x1 usage=0xb00 size=8355840(8355840) cache=0
02-20 21:44:08.179  1804  1804 I ViewRootImpl: updateImmersive mode: gain focus
02-20 21:44:08.180  1804  1804 V InputMethodManager: onWindowFocus: null softInputMode=291 first=true flags=#81910100
02-20 21:44:08.180  1804  1804 V InputMethodManager: START INPUT: com.android.internal.policy.PhoneWindow$DecorView{40c7c6d V.ED..... R.....ID 0,0-1080,1920} ic=null tba=android.view.inputmethod.EditorInfo@eb06f4b controlFlags=#104
02-20 21:44:08.181   924   935 V InputMethodManagerService: windowGainedFocus: android.os.BinderProxy@5233374 controlFlags=#104 softInputMode=#123 windowFlags=#81910100
02-20 21:44:08.181  1804  2076 D IMGSRV  : gralloc_register_buffer:1376: hnd=0xf3dc6e80 ID=2916 fd=55 ref=1
02-20 21:44:08.181   924   935 W InputMethodManagerService: Got RemoteException sending setActive(false) notification to pid 6868 uid 10145
02-20 21:44:08.181   924   935 D SettingsInterface:  from settings cache , name = need_show_input_method_switch_notification , value = null
02-20 21:44:08.184   924  1309 V ActivityManager: Broadcast: Intent { act=com.baidu.input.entry.launcer flg=0x10 mCallingUid=10038 (has extras) } ordered=false userid=0 callerApp=ProcessRecord{568a19a 1556:com.baidu.input_letv/u0a38, isShadow:false}
02-20 21:44:08.189  2456  2504 I System.out: [CDS]port[40196]
02-20 21:44:08.189  2456  2504 I System.out: [CDS]rx timeout:10000
02-20 21:44:08.191   924   939 D SettingsInterface:  from settings cache , name = default_input_method , value = com.baidu.input_letv/.ImeService
02-20 21:44:08.191   924   939 D VoiceInteractionManagerService: onHandleForceStop uid=10145 doit=true
02-20 21:44:08.191   924   939 D SettingsInterface:  from settings cache , name = voice_interaction_service , value = null
02-20 21:44:08.192   924   939 D SettingsInterface:  from settings cache , name = voice_recognition_service , value = null
02-20 21:44:08.193   297   297 I SurfaceFlinger: [Built-in Screen (type:0)] fps:4.972158,dur:1005.60,max:409.31,min:16.62
02-20 21:44:08.204  2456  2504 I System.out: close [socket][/192.168.1.46:40196]
02-20 21:44:08.210  1544  1544 V WallpaperService: Visibility change in com.android.systemui.ImageWallpaper$DrawableEngine@708eb3a: 1
02-20 21:44:08.210   924   946 D SettingsInterface:  from settings cache , name = accessibility_FACTORYTEST , value = null
02-20 21:44:08.210  1544  1544 V WallpaperService: onVisibilityChanged(true): com.android.systemui.ImageWallpaper$DrawableEngine@708eb3a
02-20 21:44:08.211  1544  1544 V WallpaperService: Offsets change in com.android.systemui.ImageWallpaper$DrawableEngine@708eb3a: 0.0,0.0
02-20 21:44:08.213   924   946 I WindowStateAnimator: firstWindowDrawn win=Window{3a7f912 u0 com.android.launcher3/com.android.launcher3.Launcher} null startingData
02-20 21:44:08.213   924   946 V WindowManager: findFocusedWindow: Found new focus @ 2 = Window{3a7f912 u0 com.android.launcher3/com.android.launcher3.Launcher}
02-20 21:44:08.213   924   946 D WindowManager: notifyActivityDrawnForKeyguard: waiting=false Callers=com.android.server.wm.WindowManagerService.handleAppTransitionReadyLocked:10525 com.android.server.wm.WindowManagerService.performLayoutAndPlaceSurfacesLockedInner:11144 com.android.server.wm.WindowManagerService.performLayoutAndPlaceSurfacesLockedLoop:9874 com.android.server.wm.WindowManagerService.performLayoutAndPlaceSurfacesLocked:9821 com.android.server.wm.WindowManagerService.-wrap7:-1 
02-20 21:44:08.214   924   946 D SettingsInterface:  from settings cache , name = accessibility_FACTORYTEST , value = null
02-20 21:44:08.216   924   946 D SettingsInterface:  from settings cache , name = accessibility_FACTORYTEST , value = null
02-20 21:44:08.217   924   946 D SettingsInterface:  from settings cache , name = accessibility_FACTORYTEST , value = null
02-20 21:44:08.269   327   563 D AALService: Output backlight = 1021/1023, CABC gain = 256
02-20 21:44:08.286   327   563 D AALService: Output backlight = 1020/1023, CABC gain = 256
02-20 21:44:08.304   327   563 D AALService: Output backlight = 1019/1023, CABC gain = 256
02-20 21:44:08.320   327   563 D AALService: Output backlight = 1018/1023, CABC gain = 256
02-20 21:44:08.337   327   563 D AALService: Output backlight = 1017/1023, CABC gain = 256
02-20 21:44:08.354   327   563 D AALService: Output backlight = 1016/1023, CABC gain = 256
02-20 21:44:08.372   327   563 D AALService: Output backlight = 1015/1023, CABC gain = 256
02-20 21:44:08.383   297   569 I BufferQueueProducer: [StatusBar](this:0x7fa31a8c00,id:12,api:1,p:1346,c:297) queueBuffer: fps=2.48 dur=1209.82 max=409.01 min=392.11
02-20 21:44:08.388   327   563 D AALService: Output backlight = 1014/1023, CABC gain = 256
02-20 21:44:08.405   327   563 D AALService: Output backlight = 1013/1023, CABC gain = 256
02-20 21:44:08.422   327   563 D AALService: Output backlight = 1012/1023, CABC gain = 256
02-20 21:44:08.440   327   563 D AALService: Output backlight = 1011/1023, CABC gain = 256
02-20 21:44:08.457   327   563 D AALService: Output backlight = 1010/1023, CABC gain = 256
02-20 21:44:08.474   327   563 D AALService: Output backlight = 1009/1023, CABC gain = 256
02-20 21:44:08.491   327   563 D AALService: Output backlight = 1008/1023, CABC gain = 256
02-20 21:44:08.508   327   563 D AALService: Output backlight = 1007/1023, CABC gain = 256
02-20 21:44:08.525   327   563 D AALService: Output backlight = 1006/1023, CABC gain = 256
02-20 21:44:08.542   327   563 D AALService: Output backlight = 1005/1023, CABC gain = 256
02-20 21:44:08.559   327   563 D AALService: Output backlight = 1004/1023, CABC gain = 256
02-20 21:44:08.576   327   563 D AALService: Output backlight = 1003/1023, CABC gain = 256
02-20 21:44:08.586   924  1259 I libPerfService: 1: set: 1
02-20 21:44:08.586   924   946 D SettingsInterface:  from settings cache , name = accessibility_FACTORYTEST , value = null
02-20 21:44:08.586   924  1259 I libPerfService: 1: set freq: 0
02-20 21:44:08.586   924  1259 I libPerfService: 1: set vcore level: 0
02-20 21:44:08.586   924   946 V WindowManager: findFocusedWindow: Found new focus @ 2 = Window{3a7f912 u0 com.android.launcher3/com.android.launcher3.Launcher}
02-20 21:44:08.587   924   946 D SettingsInterface:  from settings cache , name = accessibility_FACTORYTEST , value = null
02-20 21:44:08.593   327   563 D AALService: Output backlight = 1002/1023, CABC gain = 256
02-20 21:44:08.603   924   946 D SettingsInterface:  from settings cache , name = accessibility_FACTORYTEST , value = null
02-20 21:44:08.610   327   563 D AALService: Output backlight = 1001/1023, CABC gain = 256
02-20 21:44:08.627   327   563 D AALService: Output backlight = 1000/1023, CABC gain = 256
02-20 21:44:08.645   327   563 D AALService: Output backlight = 999/1023, CABC gain = 256
02-20 21:44:08.661   327   563 D AALService: Output backlight = 998/1023, CABC gain = 256
02-20 21:44:08.678   327   563 D AALService: Output backlight = 997/1023, CABC gain = 256
02-20 21:44:08.695   327   563 D AALService: Output backlight = 996/1023, CABC gain = 256
02-20 21:44:08.709  1804  2076 W OpenGLRenderer: Incorrectly called buildLayer on View: ShortcutAndWidgetContainer @4be4b5e, destroying layer...
02-20 21:44:08.710   297   569 I BufferQueueProducer: [com.android.launcher3/com.android.launcher3.Launcher](this:0x7fa714b000,id:84,api:1,p:1804,c:297) new GraphicBuffer needed
02-20 21:44:08.710   297   569 D IMGSRV  : gralloc_device_free:1226: ID=2914 ref=0
02-20 21:44:08.711   303  2315 I MAL-Daemon:  (        ru_syssig_hndler,  246) [RDS-I][ru_syssig_hndler] Send Event: 688 ## 688 
02-20 21:44:08.711   303  2315 I MAL-Daemon:  (        ru_syssig_hndler,  247) [RDS-I][RDS][RU][ru_syssig_hndler] ru_check_ctx_ptr<0xf598f7a4, 0xf598f7a4>
02-20 21:44:08.711   303  2315 W MAL-Daemon:  (    mdfx_task_send_event,  636) mdfx_task_send_event(): [ACT] should NOT enter this leagcy API!!
02-20 21:44:08.712   297   569 D IMGSRV  : gralloc_device_alloc:1071: hnd=0x7fa6c159a0 ID=2944 fd=48 ref=0 1080(1088)x1920-0x1 usage=0xb00 size=8355840(8355840) cache=0
02-20 21:44:08.712   303   726 I MAL-Daemon:  (             rds_ru_task,  413) [RDS-I][RU][rds_ru_task] RCV Event: 688 
02-20 21:44:08.712  1542  1542 D wpa_supplicant: wlan0: Control interface command 'SIGNAL_POLL'
02-20 21:44:08.713  1804  2076 D IMGSRV  : gralloc_register_buffer:1376: hnd=0xd8b9e300 ID=2944 fd=68 ref=1
02-20 21:44:08.713   327   563 D AALService: Output backlight = 995/1023, CABC gain = 256
02-20 21:44:08.714   303   726 D MAL-Daemon:  (rds_ru_ws_rssi_timer_exp,  499) [RDS_D][RU][rds_ru_ws_rssi_timer_expire_hdlr][RDS] get rssi = -49
02-20 21:44:08.714   303   726 I MAL-Daemon:  (          ru_get_netstat, 2461) [RDS-I][RU][ru_get_netstat] netstat <thrghpt, pkterrt>, wifi <7690, 0%>, mobile <0, 0%>
02-20 21:44:08.729   327   563 D AALService: Output backlight = 994/1023, CABC gain = 256
02-20 21:44:08.746   327   563 D AALService: Output backlight = 993/1023, CABC gain = 256
02-20 21:44:08.763   327   563 D AALService: Output backlight = 992/1023, CABC gain = 256
02-20 21:44:08.781   327   563 D AALService: Output backlight = 991/1023, CABC gain = 256
02-20 21:44:08.798   327   563 D AALService: Output backlight = 990/1023, CABC gain = 256
02-20 21:44:08.815   327   563 D AALService: Output backlight = 989/1023, CABC gain = 256
02-20 21:44:08.832   327   563 D AALService: Output backlight = 988/1023, CABC gain = 256
02-20 21:44:08.849   327   563 D AALService: Output backlight = 987/1023, CABC gain = 256
02-20 21:44:08.866   327   563 D AALService: Output backlight = 986/1023, CABC gain = 256
02-20 21:44:08.883   327   563 D AALService: Output backlight = 985/1023, CABC gain = 256
02-20 21:44:08.900   327   563 D AALService: Output backlight = 984/1023, CABC gain = 256
02-20 21:44:08.917   327   563 D AALService: Output backlight = 983/1023, CABC gain = 256
02-20 21:44:08.934   327   563 D AALService: Output backlight = 982/1023, CABC gain = 256
02-20 21:44:08.951   327   563 D AALService: Output backlight = 981/1023, CABC gain = 256
02-20 21:44:08.968   327   563 D AALService: Output backlight = 980/1023, CABC gain = 256
02-20 21:44:08.986   327   563 D AALService: Output backlight = 979/1023, CABC gain = 256
02-20 21:44:09.002   327   563 D AALService: Output backlight = 978/1023, CABC gain = 256
02-20 21:44:09.019   327   563 D AALService: Output backlight = 977/1023, CABC gain = 256
02-20 21:44:09.036   327   563 D AALService: Output backlight = 976/1023, CABC gain = 256
02-20 21:44:09.054   327   563 D AALService: Output backlight = 975/1023, CABC gain = 256
02-20 21:44:09.070   327   563 D AALService: Output backlight = 974/1023, CABC gain = 256
02-20 21:44:09.088   327   563 D AALService: Output backlight = 973/1023, CABC gain = 256
02-20 21:44:09.105   327   563 D AALService: Output backlight = 972/1023, CABC gain = 256
02-20 21:44:09.122   327   563 D AALService: Output backlight = 971/1023, CABC gain = 256
02-20 21:44:09.136   924   924 E WifiTrafficPoller: TRAFFIC_STATS_POLL true Token 14 num clients 13
02-20 21:44:09.136   924   924 E WifiTrafficPoller:  packet count Tx=1011 Rx=1573
02-20 21:44:09.136   924   924 E WifiTrafficPoller: notifying of data activity 3
02-20 21:44:09.140   327   563 D AALService: Output backlight = 970/1023, CABC gain = 256
02-20 21:44:09.156   327   563 D AALService: Output backlight = 969/1023, CABC gain = 256
02-20 21:44:09.168  2479  2482 I PerfService: PerfServiceNative_getPackName
02-20 21:44:09.168   924  1656 I libPerfService: perfGetPackName com.android.launcher3
02-20 21:44:09.168   924  1656 I libPerfService: perfGetPackName com.android.launcher3
02-20 21:44:09.168   924  1656 E PerfService: com.android.launcher3
02-20 21:44:09.168   924  1656 D PerfServiceManager: [PerfService] getPackName com.android.launcher3 
02-20 21:44:09.168   924  1656 I libPerfService: perfGetPackName com.android.launcher3
02-20 21:44:09.168   924  1656 I libPerfService: perfGetPackName com.android.launcher3
02-20 21:44:09.168   924  1656 E PerfService: com.android.launcher3
02-20 21:44:09.168  2479  2482 I PerfService: com.android.launcher3
02-20 21:44:09.173   327   563 D AALService: Output backlight = 968/1023, CABC gain = 256
02-20 21:44:09.190   327   563 D AALService: Output backlight = 967/1023, CABC gain = 256
02-20 21:44:09.200   297   297 I SurfaceFlinger: [Built-in Screen (type:0)] fps:6.955245,dur:1006.43,max:375.26,min:16.41
02-20 21:44:09.206  2456  2504 I System.out: [CDS][DNS] getAllByNameImpl netId = 0
02-20 21:44:09.206  2456  2504 D libc-netbsd: [getaddrinfo]: hostname=agnes.www.letv.com; servname=(null); netid=0; mark=0
02-20 21:44:09.206  2456  2504 D libc-netbsd: [getaddrinfo]: ai_addrlen=0; ai_canonname=(null); ai_flags=4; ai_family=0
02-20 21:44:09.207  2456  2504 I System.out: [CDS]connect[agnes.www.letv.com/111.206.211.248:80]
02-20 21:44:09.207  2456  2504 D Posix   : [Posix_connect Debug]Process com.letv.agnes :80 
02-20 21:44:09.208   327   563 D AALService: Output backlight = 966/1023, CABC gain = 256
02-20 21:44:09.208   308   917 D SocketClient: SocketClient sendData done: 
02-20 21:44:09.224   327   563 D AALService: Output backlight = 965/1023, CABC gain = 256
02-20 21:44:09.228  2456  2504 I System.out: [CDS]port[48913]
02-20 21:44:09.228  2456  2504 I System.out: [CDS]rx timeout:10000
02-20 21:44:09.239  2456  2504 I System.out: close [socket][/192.168.1.46:48913]
02-20 21:44:09.241   327   563 D AALService: Output backlight = 964/1023, CABC gain = 256
02-20 21:44:09.258   327   563 D AALService: Output backlight = 963/1023, CABC gain = 256
02-20 21:44:09.276   327   563 D AALService: Output backlight = 962/1023, CABC gain = 256
02-20 21:44:09.292   327   563 D AALService: Output backlight = 961/1023, CABC gain = 256
02-20 21:44:09.309   327   563 D AALService: Output backlight = 960/1023, CABC gain = 256
02-20 21:44:09.326   327   563 D AALService: Output backlight = 959/1023, CABC gain = 256
02-20 21:44:09.344   327   563 D AALService: Output backlight = 958/1023, CABC gain = 256
02-20 21:44:09.361   327   563 D AALService: Output backlight = 957/1023, CABC gain = 256
02-20 21:44:09.363   303   741 D MAL-Daemon:  (void* rilproxy_urc_threa,  962) URC = (+ECSQ: 28,26,1,-371,-46,1,1,2,32767
02-20 21:44:09.363   303   741 D MAL-Daemon: )
02-20 21:44:09.363   303   741 W MAL-Daemon:  (    mdfx_task_send_event,  636) mdfx_task_send_event(): [ACT] should NOT enter this leagcy API!!
02-20 21:44:09.363   303   741 W MAL-Daemon:  (    mdfx_task_send_event,  636) mdfx_task_send_event(): [ACT] should NOT enter this leagcy API!!
02-20 21:44:09.363   303   726 I MAL-Daemon:  (             rds_ru_task,  413) [RDS-I][RU][rds_ru_task] RCV Event: 104 
02-20 21:44:09.364   303   726 I MAL-Daemon:  (         rds_ru_urc_hdlr, 1114) [RDS-I][RDS][rds_ru_urc_hdlr] get URC: +ECSQ: 28,26,1,-371,-46,1,1,2,32767

02-20 21:44:09.364   303   726 I MAL-Daemon: 
02-20 21:44:09.364   303   726 I MAL-Daemon:  (     ru_parse_3gppsigval,  872) [RDS-I][RDS][ru_parse_3gppsigval] 3gppsigval #args act<2>
02-20 21:44:09.364   303   726 I MAL-Daemon:  (         rds_ru_urc_hdlr, 1224) [RDS-I][RDS][RU][rds_ru_urc_hdlr] Update 3GPP STATUS rsrp<-93> regstat<6> 
02-20 21:44:09.364   303   726 I MAL-Daemon:  (         rds_ru_urc_hdlr, 1229) [RDS-I][RDS][RU][rds_ru_urc_hdlr] ru_check_ctx_ptr<0xf598f7a4, 0xf598f7a4>
02-20 21:44:09.364   303   726 W MAL-Daemon:  (    mdfx_task_send_event,  636) mdfx_task_send_event(): [ACT] should NOT enter this leagcy API!!
02-20 21:44:09.364   303   708 D MAL-Daemon:  (          atmngr_urc_hdl,  206) atmngr_urc_hdl(): [AT_URC] "
02-20 21:44:09.364   303   708 D MAL-Daemon: +ECSQ: 28,26,1,-371,-46,1,1,2,32767

02-20 21:44:09.364   303   708 D MAL-Daemon: "!!
02-20 21:44:09.364   303   726 I MAL-Daemon:  (             rds_ru_task,  413) [RDS-I][RU][rds_ru_task] RCV Event: 605 
02-20 21:44:09.364   303   726 I MAL-Daemon:  (  rds_ru_3gpp_status_ind,  797) [RDS-I][RU][EVENT_RU_DM_3GPP_STATUS_IND] i4ltersrp:-93 u43gpp_status:0x6
02-20 21:44:09.364   303   726 E MAL-Daemon:  (  rds_ru_3gpp_status_ind,  825) [RDS-E][RU][EVENT_RU_DM_3GPP_STATUS_IND] Invalid u43gpp_status:0x6
02-20 21:44:09.364   303   726 I MAL-Daemon:  (    rds_op_check_feature,  169) [RDS-I][RDS][OP][rds_op_check_feature] operator id(0) check feature<0>, curr_opmsk is <0>, sys_opmsk is <, 0>
02-20 21:44:09.364   303   726 I MAL-Daemon:  (          rds_ru_rpl_gen, 2124) [RDS-I][RU][rds_ru_rpl_gen][RDS] Current policy: fgimsolte_en<0>, fgwfc_en<0>, erdspolicy<3>, i4wifirssih<-75>, i4wifirssil<-85>, i4ltersrph<-106>, i4ltersrpl<-116>
02-20 21:44:09.364   303   726 I MAL-Daemon:  (          rds_ru_rpl_gen, 2127) [RDS-I][RU][rds_ru_rpl_gen][RDS] current rds ru status: i4wifirssi<-49>, i4ltersrp<-93>, u4active_ran<1> 
02-20 21:44:09.364   303   726 I MAL-Daemon:  (          rds_ru_rpl_gen, 2133) [RDS-I][RU][RDS IMS/MMS][rds_ru_rpl_gen] Ori:(255,255)/(255,255) New:(255,255)/(255,255)
02-20 21:44:09.367  1599  1599 D SettingsInterface:  from settings cache , name = multi_sim_voice_call , value = -1
02-20 21:44:09.369  1599  1599 D SettingsInterface:  from settings cache , name = multi_sim_voice_call , value = -1
02-20 21:44:09.370  1599  1599 D SettingsInterface:  from settings cache , name = multi_sim_voice_call , value = -1
02-20 21:44:09.372  1599  1599 D SettingsInterface:  from settings cache , name = multi_sim_voice_call , value = -1
02-20 21:44:09.374  1599  1599 D SettingsInterface:  from settings cache , name = multi_sim_voice_call , value = -1
02-20 21:44:09.376  1599  1599 D SettingsInterface:  from settings cache , name = multi_sim_voice_call , value = -1
02-20 21:44:09.378   327   563 D AALService: Output backlight = 956/1023, CABC gain = 256
02-20 21:44:09.378  1599  1599 D SettingsInterface:  from settings cache , name = multi_sim_voice_call , value = -1
02-20 21:44:09.380  1599  1599 D SettingsInterface:  from settings cache , name = multi_sim_voice_call , value = -1
02-20 21:44:09.381  1599  1599 D SettingsInterface:  from settings cache , name = multi_sim_voice_call , value = -1
02-20 21:44:09.383  1599  1599 D SettingsInterface:  from settings cache , name = multi_sim_voice_call , value = -1
02-20 21:44:09.384  1599  1599 D SettingsInterface:  from settings cache , name = multi_sim_voice_call , value = -1
02-20 21:44:09.385  1599  1599 D SettingsInterface:  from settings cache , name = multi_sim_voice_call , value = -1
02-20 21:44:09.387  1599  1599 D SettingsInterface:  from settings cache , name = multi_sim_voice_call , value = -1
02-20 21:44:09.388  1599  1599 D SettingsInterface:  from settings cache , name = multi_sim_voice_call , value = -1
02-20 21:44:09.390   924  1722 V ActivityManager: Broadcast sticky: Intent { act=android.intent.action.SIG_STR flg=0x20000010 mCallingUid=1001 (has extras) } ordered=false userid=-1 callerApp=ProcessRecord{a854fc0 924:system/1000, isShadow:false}
02-20 21:44:09.395   327   563 D AALService: Output backlight = 955/1023, CABC gain = 256
02-20 21:44:09.412   327   563 D AALService: Output backlight = 954/1023, CABC gain = 256
02-20 21:44:09.429   327   563 D AALService: Output backlight = 953/1023, CABC gain = 256
02-20 21:44:09.446   327   563 D AALService: Output backlight = 952/1023, CABC gain = 256
02-20 21:44:09.463   327   563 D AALService: Output backlight = 951/1023, CABC gain = 256
02-20 21:44:09.480   327   563 D AALService: Output backlight = 950/1023, CABC gain = 256
02-20 21:44:09.497   327   563 D AALService: Output backlight = 949/1023, CABC gain = 256
02-20 21:44:09.514   327   563 D AALService: Output backlight = 948/1023, CABC gain = 256
02-20 21:44:09.531   327   563 D AALService: Output backlight = 947/1023, CABC gain = 256
02-20 21:44:09.549   327   563 D AALService: Output backlight = 946/1023, CABC gain = 256
02-20 21:44:09.565   327   563 D AALService: Output backlight = 945/1023, CABC gain = 256
02-20 21:44:09.577   297  4539 I BufferQueueProducer: [StatusBar](this:0x7fa31a8c00,id:12,api:1,p:1346,c:297) queueBuffer: fps=3.35 dur=1193.98 max=392.29 min=32.71
02-20 21:44:09.582   327   563 D AALService: Output backlight = 944/1023, CABC gain = 256
02-20 21:44:09.599   327   563 D AALService: Output backlight = 943/1023, CABC gain = 256
02-20 21:44:09.617   327   563 D AALService: Output backlight = 942/1023, CABC gain = 256
02-20 21:44:09.633   327   563 D AALService: Output backlight = 941/1023, CABC gain = 256
02-20 21:44:09.650   327   563 D AALService: Output backlight = 940/1023, CABC gain = 256
02-20 21:44:09.667   327   563 D AALService: Output backlight = 939/1023, CABC gain = 256
02-20 21:44:09.685   327   563 D AALService: Output backlight = 938/1023, CABC gain = 256
02-20 21:44:09.702   327   563 D AALService: Output backlight = 937/1023, CABC gain = 256
02-20 21:44:09.719   327   563 D AALService: Output backlight = 936/1023, CABC gain = 256
02-20 21:44:09.736   327   563 D AALService: Output backlight = 935/1023, CABC gain = 256
02-20 21:44:09.754   327   563 D AALService: Output backlight = 934/1023, CABC gain = 256
02-20 21:44:09.770   327   563 D AALService: Output backlight = 933/1023, CABC gain = 256
02-20 21:44:09.787   327   563 D AALService: Output backlight = 932/1023, CABC gain = 256
02-20 21:44:09.804   327   563 D AALService: Output backlight = 931/1023, CABC gain = 256
02-20 21:44:09.821   327   563 D AALService: Output backlight = 930/1023, CABC gain = 256
02-20 21:44:09.838   327   563 D AALService: Output backlight = 929/1023, CABC gain = 256
02-20 21:44:09.855   327   563 D AALService: Output backlight = 928/1023, CABC gain = 256
02-20 21:44:09.872   327   563 D AALService: Output backlight = 927/1023, CABC gain = 256
02-20 21:44:09.890   327   563 D AALService: Output backlight = 926/1023, CABC gain = 256
02-20 21:44:09.906   327   563 D AALService: Output backlight = 925/1023, CABC gain = 256
02-20 21:44:09.923   327   563 D AALService: Output backlight = 924/1023, CABC gain = 256
02-20 21:44:09.940   327   563 D AALService: Output backlight = 923/1023, CABC gain = 256
02-20 21:44:09.958   327   563 D AALService: Output backlight = 922/1023, CABC gain = 256
02-20 21:44:09.975   327   563 D AALService: Output backlight = 921/1023, CABC gain = 256
02-20 21:44:09.992   327   563 D AALService: Output backlight = 920/1023, CABC gain = 256
02-20 21:44:10.009   327   563 D AALService: Output backlight = 919/1023, CABC gain = 256
02-20 21:44:10.026   327   563 D AALService: Output backlight = 918/1023, CABC gain = 256
02-20 21:44:10.047   327   563 D AALService: Output backlight = 917/1023, CABC gain = 256
02-20 21:44:10.060   327   563 D AALService: Output backlight = 916/1023, CABC gain = 256
02-20 21:44:10.077   327   563 D AALService: Output backlight = 915/1023, CABC gain = 256
02-20 21:44:10.094   327   563 D AALService: Output backlight = 914/1023, CABC gain = 256
02-20 21:44:10.117   327   563 D AALService: Output backlight = 913/1023, CABC gain = 256
02-20 21:44:10.121   924  1035 E WifiStateMachine:  ConnectedState (when=-3ms what=131155 arg1=4!CMD_RSSI_POLL  rt=425928/561818 4 0 "wukong_office" 0a:18:d6:47:27:40 rssi=-49 f=2462 sc=60 link=65 tx=1.7, 0.0, 0.0  rx=10.7 bcn=0 [on:0 tx:0 rx:0 period:3002] from screen [on:0 period:1539565705] gl hn rssi=-44 ag=0 hr ticks 0,0,0 ls-=0 [56,56,56,56,61] brc=0 lrc=0 offload-stopped
02-20 21:44:10.121   924  1035 E WifiStateMachine:  L2ConnectedState (when=-4ms what=131155 arg1=4!CMD_RSSI_POLL  rt=425929/561819 4 0 "wukong_office" 0a:18:d6:47:27:40 rssi=-49 f=2462 sc=60 link=65 tx=1.7, 0.0, 0.0  rx=10.7 bcn=0 [on:0 tx:0 rx:0 period:0] from screen [on:0 period:1539565705] gl hn rssi=-44 ag=0 hr ticks 0,0,0 ls-=0 [56,56,56,56,61] brc=0 lrc=0 offload-stopped
02-20 21:44:10.121   924  1035 D WifiStateMachine:  get link layer stats 0
02-20 21:44:10.121   924  1035 D WifiHW  : enter -->wifi_send_command cmd=IFNAME=wlan0 SIGNAL_POLL
02-20 21:44:10.122  1542  1542 D wpa_supplicant: wlan0: Control interface command 'SIGNAL_POLL'
02-20 21:44:10.124   924  1035 D WifiHW  : leave --> reply=RSSI=-50
02-20 21:44:10.124   924  1035 D WifiHW  : LINKSPEED=72
02-20 21:44:10.124   924  1035 D WifiHW  : NOISE=9999
02-20 21:44:10.124   924  1035 D WifiHW  : FREQUENCY=2462
02-20 21:44:10.124   924  1035 D WifiHW  : 
02-20 21:44:10.125   924  1035 I WifiStateMachine: fetchRssiLinkSpeedAndFrequencyNative, newRssi:-50, newLinkSpeed:72, SSID:"wukong_office"
02-20 21:44:10.125   924  1035 D WifiStateMachine: mLastSignalLevel:3, newSignalLevel:3
02-20 21:44:10.125   924  1035 E WifiConfigStore: updateConfiguration freq=2462 BSSID=0a:18:d6:47:27:40 RSSI=-49 "wukong_office"WPA_PSK
02-20 21:44:10.126   924  1035 V ActivityManager: Broadcast sticky: Intent { act=android.net.wifi.RSSI_CHANGED flg=0x4000010 mCallingUid=1000 (has extras) } ordered=false userid=-1 callerApp=ProcessRecord{a854fc0 924:system/1000, isShadow:false}
02-20 21:44:10.127   924  1266 D WifiWatchdogStateMachine: RSSI current: 3 new: -50, 3
02-20 21:44:10.128  1346  2093 I NetworkController: onReceive: intent=Intent { act=android.net.wifi.RSSI_CHANGED flg=0x4000010 mCallingUid=1000 (has extras) }
02-20 21:44:10.128   327   563 D AALService: Output backlight = 912/1023, CABC gain = 256
02-20 21:44:10.136   924   924 E WifiTrafficPoller: TRAFFIC_STATS_POLL true Token 14 num clients 13
02-20 21:44:10.137   924   924 E WifiTrafficPoller:  packet count Tx=1018 Rx=1580
02-20 21:44:10.145   327   563 D AALService: Output backlight = 911/1023, CABC gain = 256
02-20 21:44:10.162   327   563 D AALService: Output backlight = 910/1023, CABC gain = 256
02-20 21:44:10.168  2479  2482 I PerfService: PerfServiceNative_getPackName
02-20 21:44:10.169   924  1728 I libPerfService: perfGetPackName com.android.launcher3
02-20 21:44:10.169   924  1728 I libPerfService: perfGetPackName com.android.launcher3
02-20 21:44:10.169   924  1728 E PerfService: com.android.launcher3
02-20 21:44:10.169   924  1728 D PerfServiceManager: [PerfService] getPackName com.android.launcher3 
02-20 21:44:10.169   924  1728 I libPerfService: perfGetPackName com.android.launcher3
02-20 21:44:10.169   924  1728 I libPerfService: perfGetPackName com.android.launcher3
02-20 21:44:10.169   924  1728 E PerfService: com.android.launcher3
02-20 21:44:10.169  2479  2482 I PerfService: com.android.launcher3
02-20 21:44:10.180   327   563 D AALService: Output backlight = 909/1023, CABC gain = 256
02-20 21:44:10.196   327   563 D AALService: Output backlight = 908/1023, CABC gain = 256
02-20 21:44:10.213   327   563 D AALService: Output backlight = 907/1023, CABC gain = 256
02-20 21:44:10.230   327   563 D AALService: Output backlight = 906/1023, CABC gain = 256
02-20 21:44:10.248   327   563 D AALService: Output backlight = 905/1023, CABC gain = 256
02-20 21:44:10.264   327   563 D AALService: Output backlight = 904/1023, CABC gain = 256
02-20 21:44:10.274   308   917 D SocketClient: SocketClient sendData done: 
02-20 21:44:10.274  5307  5332 I System.out: close [socket][/:::-1]
02-20 21:44:10.281   327   563 D AALService: Output backlight = 903/1023, CABC gain = 256
02-20 21:44:10.298   327   563 D AALService: Output backlight = 902/1023, CABC gain = 256
02-20 21:44:10.316   327   563 D AALService: Output backlight = 901/1023, CABC gain = 256
02-20 21:44:10.333   327   563 D AALService: Output backlight = 900/1023, CABC gain = 256
02-20 21:44:10.350   327   563 D AALService: Output backlight = 899/1023, CABC gain = 256
02-20 21:44:10.367   327   563 D AALService: Output backlight = 898/1023, CABC gain = 256
02-20 21:44:10.384   327   563 D AALService: Output backlight = 897/1023, CABC gain = 256
02-20 21:44:10.394   297   297 I SurfaceFlinger: [Built-in Screen (type:0)] fps:2.512409,dur:1194.07,max:409.42,min:392.31
02-20 21:44:10.401   327   563 D AALService: Output backlight = 896/1023, CABC gain = 256
02-20 21:44:10.418   327   563 D AALService: Output backlight = 895/1023, CABC gain = 256
02-20 21:44:10.435   327   563 D AALService: Output backlight = 894/1023, CABC gain = 256
02-20 21:44:10.452   327   563 D AALService: Output backlight = 893/1023, CABC gain = 256
02-20 21:44:10.469   327   563 D AALService: Output backlight = 892/1023, CABC gain = 256
02-20 21:44:10.485   924  2195 D DhcpClient: Received packet: f0:b4:29:15:16:12 OFFER, ip /192.168.1.28, mask /255.255.255.0, DNS servers: /192.168.1.1 , gateway /192.168.1.1 lease time 86400, domain null
02-20 21:44:10.485   924  2188 D DhcpClient: DhcpBoundState 0 CMD_RECEIVED_PACKET 0 0 f0:b4:29:15:16:12 OFFER, ip /192.168.1.28, mask /255.255.255.0, DNS servers: /192.168.1.1 , gateway /192.168.1.1 lease time 86400, domain null
02-20 21:44:10.486   924  2188 D DhcpClient: DhcpHaveAddressState 0 CMD_RECEIVED_PACKET 0 0 f0:b4:29:15:16:12 OFFER, ip /192.168.1.28, mask /255.255.255.0, DNS servers: /192.168.1.1 , gateway /192.168.1.1 lease time 86400, domain null
02-20 21:44:10.486   924  2188 D DhcpClient: DhcpState 0 CMD_RECEIVED_PACKET 0 0 f0:b4:29:15:16:12 OFFER, ip /192.168.1.28, mask /255.255.255.0, DNS servers: /192.168.1.1 , gateway /192.168.1.1 lease time 86400, domain null
02-20 21:44:10.486   327   563 D AALService: Output backlight = 891/1023, CABC gain = 256
02-20 21:44:10.503   327   563 D AALService: Output backlight = 890/1023, CABC gain = 256
02-20 21:44:10.521   327   563 D AALService: Output backlight = 889/1023, CABC gain = 256
02-20 21:44:10.537   327   563 D AALService: Output backlight = 888/1023, CABC gain = 256
02-20 21:44:10.554   327   563 D AALService: Output backlight = 887/1023, CABC gain = 256
02-20 21:44:10.571   327   563 D AALService: Output backlight = 886/1023, CABC gain = 256
02-20 21:44:10.576  6929  6929 D AndroidRuntime: >>>>>> START com.android.internal.os.RuntimeInit uid 2000 <<<<<<
02-20 21:44:10.576  6929  6929 D AndroidRuntime: wait_boot_oat_32 : done
02-20 21:44:10.580  6929  6929 D AndroidRuntime: CheckJNI is OFF
02-20 21:44:10.589   327   563 D AALService: Output backlight = 885/1023, CABC gain = 256
02-20 21:44:10.606   327   563 D AALService: Output backlight = 884/1023, CABC gain = 256
02-20 21:44:10.620  6929  6929 D ICU     : No timezone override file found: /data/misc/zoneinfo/current/icu/icu_tzdata.dat
02-20 21:44:10.623   327   563 D AALService: Output backlight = 883/1023, CABC gain = 256
02-20 21:44:10.640   327   563 D AALService: Output backlight = 882/1023, CABC gain = 256
02-20 21:44:10.654  6929  6929 I Radio-JNI: register_android_hardware_Radio DONE
02-20 21:44:10.657   327   563 D AALService: Output backlight = 881/1023, CABC gain = 256
02-20 21:44:10.674   327   563 D AALService: Output backlight = 880/1023, CABC gain = 256
02-20 21:44:10.675  6929  6929 D AndroidRuntime: Calling main entry com.android.commands.monkey.Monkey
02-20 21:44:10.691   327   563 D AALService: Output backlight = 879/1023, CABC gain = 256
02-20 21:44:10.702   924  1722 I ActivityManager: Controller Pid : 6929
02-20 21:44:10.703   924   940 W BroadcastQueue: Skipping deliver [background] BroadcastRecord{6acfc67 u-1 android.net.conn.CONNECTIVITY_CHANGE, isShadow:false} to ReceiverList{b390a14 6929 (unknown name)/2000/u-1 remote:32f7f81}: process crashing
02-20 21:44:10.708   327   563 D AALService: Output backlight = 878/1023, CABC gain = 256
02-20 21:44:10.718   924  1309 D InputReader: K_lock
02-20 21:44:10.718   924  1309 D InputReader: SK_Lock_r
02-20 21:44:10.719   924  1787 D InputReader: K_lock
02-20 21:44:10.719   924  1787 D InputReader: SK_Lock_r
02-20 21:44:10.719   924  1627 D InputReader: K_lock
02-20 21:44:10.719   924  1627 D InputReader: SK_Lock_r
02-20 21:44:10.720   924   938 D InputReader: K_lock
02-20 21:44:10.720   924   938 D InputReader: SK_Lock_r
02-20 21:44:10.720   924  1658 D InputReader: K_lock
02-20 21:44:10.720   924  1658 D InputReader: SK_Lock_r
02-20 21:44:10.720   924  1690 D InputReader: K_lock
02-20 21:44:10.720   924  1690 D InputReader: SK_Lock_r
02-20 21:44:10.721   924  1728 D InputReader: K_lock
02-20 21:44:10.721   924  1728 D InputReader: SK_Lock_r
02-20 21:44:10.721   924  1694 D InputReader: K_lock
02-20 21:44:10.721   924  1694 D InputReader: SK_Lock_r
02-20 21:44:10.724   924  1656 I Process : Sending signal. PID: 1789 SIG: 10
02-20 21:44:10.724   924  1656 I Process : Sending signal. PID: 1774 SIG: 10
02-20 21:44:10.724  1789  1794 I art     : Thread[2,tid=1794,WaitingInMainSignalCatcherLoop,Thread*=0x7fac40e000,peer=0x12c5f0a0,"Signal Catcher"]: reacting to signal 10
02-20 21:44:10.724   924  1656 I Process : Sending signal. PID: 1760 SIG: 10
02-20 21:44:10.724  1789  1794 I art     : SIGUSR1 forcing GC (no HPROF)
02-20 21:44:10.724   924  1656 I Process : Sending signal. PID: 1741 SIG: 10
02-20 21:44:10.724  1789  1794 I art     : Starting a blocking GC Explicit
02-20 21:44:10.724   924  1656 I Process : Sending signal. PID: 1725 SIG: 10
02-20 21:44:10.724   924  1656 I Process : Sending signal. PID: 1709 SIG: 10
02-20 21:44:10.724   924  1656 I Process : Sending signal. PID: 1699 SIG: 10
02-20 21:44:10.724   924  1656 I Process : Sending signal. PID: 1681 SIG: 10
02-20 21:44:10.724   924  1656 I Process : Sending signal. PID: 1666 SIG: 10
02-20 21:44:10.724   924  1656 I Process : Sending signal. PID: 1651 SIG: 10
02-20 21:44:10.724   924  1656 I Process : Sending signal. PID: 1635 SIG: 10
02-20 21:44:10.724  1666  1675 I art     : Thread[2,tid=1675,WaitingInMainSignalCatcherLoop,Thread*=0x7fac40e000,peer=0x12c510a0,"Signal Catcher"]: reacting to signal 10
02-20 21:44:10.724  1666  1675 I art     : SIGUSR1 forcing GC (no HPROF)
02-20 21:44:10.724   924  1656 I Process : Sending signal. PID: 1619 SIG: 10
02-20 21:44:10.724  1666  1675 I art     : Starting a blocking GC Explicit
02-20 21:44:10.724   924  1656 I Process : Sending signal. PID: 1612 SIG: 10
02-20 21:44:10.724   924  1656 I Process : Sending signal. PID: 1599 SIG: 10
02-20 21:44:10.724   924  1656 I Process : Sending signal. PID: 1544 SIG: 10
02-20 21:44:10.725   924  1656 I Process : Sending signal. PID: 1346 SIG: 10
02-20 21:44:10.725   924  1656 I Process : Sending signal. PID: 924 SIG: 10
02-20 21:44:10.725  1635  1640 I art     : Thread[2,tid=1640,WaitingInMainSignalCatcherLoop,Thread*=0x7fac40e000,peer=0x12c4e0a0,"Signal Catcher"]: reacting to signal 10
02-20 21:44:10.725  1635  1640 I art     : SIGUSR1 forcing GC (no HPROF)
02-20 21:44:10.725  1635  1640 I art     : Starting a blocking GC Explicit
02-20 21:44:10.725  1774  1781 I art     : Thread[2,tid=1781,WaitingInMainSignalCatcherLoop,Thread*=0x7fac40e000,peer=0x12c5e0a0,"Signal Catcher"]: reacting to signal 10
02-20 21:44:10.725  1774  1781 I art     : SIGUSR1 forcing GC (no HPROF)
02-20 21:44:10.725  1774  1781 I art     : Starting a blocking GC Explicit
02-20 21:44:10.732  1760  1765 I art     : Thread[2,tid=1765,WaitingInMainSignalCatcherLoop,Thread*=0x7fac40e000,peer=0x12c5b0a0,"Signal Catcher"]: reacting to signal 10
02-20 21:44:10.732  1599  1605 I art     : Thread[2,tid=1605,WaitingInMainSignalCatcherLoop,Thread*=0x7fac40e000,peer=0x12c4b0a0,"Signal Catcher"]: reacting to signal 10
02-20 21:44:10.732  1651  1659 I art     : Thread[2,tid=1659,WaitingInMainSignalCatcherLoop,Thread*=0x7fac40e000,peer=0x12c4f0a0,"Signal Catcher"]: reacting to signal 10
02-20 21:44:10.732  1599  1605 I art     : SIGUSR1 forcing GC (no HPROF)
02-20 21:44:10.732  1760  1765 I art     : SIGUSR1 forcing GC (no HPROF)
02-20 21:44:10.732  1651  1659 I art     : SIGUSR1 forcing GC (no HPROF)
02-20 21:44:10.732  1651  1659 I art     : Starting a blocking GC Explicit
02-20 21:44:10.732  1760  1765 I art     : Starting a blocking GC Explicit
02-20 21:44:10.732  1599  1605 I art     : Starting a blocking GC Explicit
02-20 21:44:10.742  1346  1351 I art     : Thread[2,tid=1351,WaitingInMainSignalCatcherLoop,Thread*=0x7fac40e000,peer=0x12c350a0,"Signal Catcher"]: reacting to signal 10
02-20 21:44:10.742  1346  1351 I art     : SIGUSR1 forcing GC (no HPROF)
02-20 21:44:10.742  1725  1729 I art     : Thread[2,tid=1729,WaitingInMainSignalCatcherLoop,Thread*=0x7fac40e000,peer=0x12c520a0,"Signal Catcher"]: reacting to signal 10
02-20 21:44:10.742  1544  1549 I art     : Thread[2,tid=1549,WaitingInMainSignalCatcherLoop,Thread*=0x7fac40e000,peer=0x12c430a0,"Signal Catcher"]: reacting to signal 10
02-20 21:44:10.742  1725  1729 I art     : SIGUSR1 forcing GC (no HPROF)
02-20 21:44:10.742  1346  1351 I art     : Starting a blocking GC Explicit
02-20 21:44:10.742  1544  1549 I art     : SIGUSR1 forcing GC (no HPROF)
02-20 21:44:10.742  1725  1729 I art     : Starting a blocking GC Explicit
02-20 21:44:10.742  1544  1549 I art     : Starting a blocking GC Explicit
02-20 21:44:10.752  1709  1714 I art     : Thread[2,tid=1714,WaitingInMainSignalCatcherLoop,Thread*=0x7fac40e000,peer=0x12c510a0,"Signal Catcher"]: reacting to signal 10
02-20 21:44:10.752  1709  1714 I art     : SIGUSR1 forcing GC (no HPROF)
02-20 21:44:10.752  1709  1714 I art     : Starting a blocking GC Explicit
02-20 21:44:10.753   327   563 D AALService: Output backlight = 877/1023, CABC gain = 256
02-20 21:44:10.753  1699  1704 I art     : Thread[2,tid=1704,WaitingInMainSignalCatcherLoop,Thread*=0xede0f000,peer=0x12c06160,"Signal Catcher"]: reacting to signal 10
02-20 21:44:10.753  1699  1704 I art     : SIGUSR1 forcing GC (no HPROF)
02-20 21:44:10.753  1699  1704 I art     : Starting a blocking GC Explicit
02-20 21:44:10.757  1681  1688 I art     : Thread[2,tid=1688,WaitingInMainSignalCatcherLoop,Thread*=0xede0f000,peer=0x12c06160,"Signal Catcher"]: reacting to signal 10
02-20 21:44:10.757  1635  1645 I System  : FinalizerDaemon: finalize objects = 2
02-20 21:44:10.757  1681  1688 I art     : SIGUSR1 forcing GC (no HPROF)
02-20 21:44:10.757  1681  1688 I art     : Starting a blocking GC Explicit
02-20 21:44:10.757  1635  1640 I art     : Explicit concurrent mark sweep GC freed 3(96B) AllocSpace objects, 0(0B) LOS objects, 27% free, 10MB/14MB, paused 130us total 31.948ms
02-20 21:44:10.759   327   563 D AALService: Output backlight = 876/1023, CABC gain = 256
02-20 21:44:10.759  1619  1629 I art     : Thread[2,tid=1629,WaitingInMainSignalCatcherLoop,Thread*=0x7fac40e000,peer=0x12c4d0a0,"Signal Catcher"]: reacting to signal 10
02-20 21:44:10.759  1619  1629 I art     : SIGUSR1 forcing GC (no HPROF)
02-20 21:44:10.759  1619  1629 I art     : Starting a blocking GC Explicit
02-20 21:44:10.760  1612  1617 I art     : Thread[2,tid=1617,WaitingInMainSignalCatcherLoop,Thread*=0x7fac40e000,peer=0x12c4c0a0,"Signal Catcher"]: reacting to signal 10
02-20 21:44:10.761  1544  1551 I System  : FinalizerDaemon: finalize objects = 2
02-20 21:44:10.761  1612  1617 I art     : SIGUSR1 forcing GC (no HPROF)
02-20 21:44:10.761  1612  1617 I art     : Starting a blocking GC Explicit
02-20 21:44:10.761  1544  1549 I art     : Explicit concurrent mark sweep GC freed 59(4KB) AllocSpace objects, 0(0B) LOS objects, 13% free, 26MB/30MB, paused 129us total 18.402ms
02-20 21:44:10.767   924   929 I art     : Thread[2,tid=929,WaitingInMainSignalCatcherLoop,Thread*=0x7fac40e000,peer=0x12c010a0,"Signal Catcher"]: reacting to signal 10
02-20 21:44:10.767   924   929 I art     : SIGUSR1 forcing GC (no HPROF)
02-20 21:44:10.767   924   929 I art     : Starting a blocking GC Explicit
02-20 21:44:10.767  1651  1659 I art     : Explicit concurrent mark sweep GC freed 3(96B) AllocSpace objects, 0(0B) LOS objects, 27% free, 10MB/14MB, paused 540us total 35.062ms
02-20 21:44:10.773  1651  1661 I System  : FinalizerDaemon: finalize objects = 2
02-20 21:44:10.773  1741  1748 I art     : Thread[2,tid=1748,WaitingInMainSignalCatcherLoop,Thread*=0x7fac40e000,peer=0x12c520a0,"Signal Catcher"]: reacting to signal 10
02-20 21:44:10.773  1741  1748 I art     : SIGUSR1 forcing GC (no HPROF)
02-20 21:44:10.773  1741  1748 I art     : Starting a blocking GC Explicit
