--------- beginning of system
02-20 21:42:03.337   308   917 D SocketClient: SocketClient sendData done: 
02-20 21:42:03.557   924  1035 V ActivityManager: Broadcast sticky: Intent { act=android.net.wifi.RSSI_CHANGED flg=0x4000010 mCallingUid=1000 (has extras) } ordered=false userid=-1 callerApp=ProcessRecord{a854fc0 924:system/1000, isShadow:false}
02-20 21:42:04.587   924   924 V ActivityManager: Broadcast sticky: Intent { act=android.intent.action.BATTERY_CHANGED flg=0x60000010 mCallingUid=1000 (has extras) } ordered=false userid=-1 callerApp=null
02-20 21:42:04.588   924   924 D WifiService: onReceive, action:android.intent.action.BATTERY_CHANGED
02-20 21:42:04.588   924  1037 D WifiController: DeviceActiveState{ when=0 what=155652 arg1=2 target=com.android.internal.util.StateMachine$SmHandler }
02-20 21:42:04.588   924  1037 D WifiController: StaEnabledState{ when=0 what=155652 arg1=2 target=com.android.internal.util.StateMachine$SmHandler }
02-20 21:42:04.588   924  1037 D WifiController: DefaultState{ when=0 what=155652 arg1=2 target=com.android.internal.util.StateMachine$SmHandler }
02-20 21:42:04.589   924  1037 D WifiController: battery changed pluggedType: 2
02-20 21:42:05.231   924   934 W ActivityManager: xulei call enter isTransformStartActivity !!! _component:ComponentInfo{com.example.demo1/com.example.plokmju.testmutilecompile.MainActivity},  intent:Intent { act=android.intent.action.MAIN cat=[android.intent.category.LAUNCHER] flg=0x10200000 cmp=com.example.demo1/com.example.plokmju.testmutilecompile.MainActivity }
02-20 21:42:05.232   924   934 I ActivityManager: START u0 {act=android.intent.action.MAIN cat=[android.intent.category.LAUNCHER] flg=0x10200000 mCallingUid=2000 cmp=com.example.demo1/com.example.plokmju.testmutilecompile.MainActivity} from uid 2000 from pid 5786 on display 0
02-20 21:42:05.232   924   934 W PackageManager: checkUidPermission(): android.permission.START_ANY_ACTIVITY of 2000 is denied.
02-20 21:42:05.239   924   934 V WindowManager: findFocusedWindow: Found new focus @ 2 = Window{3a7f912 u0 com.android.launcher3/com.android.launcher3.Launcher}
02-20 21:42:05.266   924   934 V WindowManager: setAppStartingWindow: token=Token{2ad8b0f ActivityRecord{96d486e u0 com.example.demo1/com.example.plokmju.testmutilecompile.MainActivity, isShadow:false t13}} pkg=com.example.demo1 transferFrom=nullcreateIfNeeded=true
02-20 21:42:05.267   924   946 V WindowManager: Add starting AppWindowToken{dcf79c token=Token{2ad8b0f ActivityRecord{96d486e u0 com.example.demo1/com.example.plokmju.testmutilecompile.MainActivity, isShadow:false t13}}}: pkg=com.example.demo1
02-20 21:42:05.273   924   946 V WindowManager: addWindow: AppWindowToken{dcf79c token=Token{2ad8b0f ActivityRecord{96d486e u0 com.example.demo1/com.example.plokmju.testmutilecompile.MainActivity, isShadow:false t13}}} startingWindow=Window{67969a0 u0 Starting com.example.demo1}
02-20 21:42:05.273   924   946 D WindowManager: addWindowToListInOrderLocked: win=Window{67969a0 u0 Starting com.example.demo1} Callers=com.android.server.wm.WindowManagerService.addWindow:2954 com.android.server.wm.Session.addToDisplay:174 android.view.ViewRootImpl.setView:657 android.view.WindowManagerGlobal.addView:322 
02-20 21:42:05.274   924   946 I WindowManager: addWindow: window=Window{67969a0 u0 Starting com.example.demo1}
02-20 21:42:05.275   924   946 I WindowManager: Relayout Window{67969a0 u0 Starting com.example.demo1}: viewVisibility=0 oldVisibility=0 mRelayoutCalled=false flagChanges=0x0 flags=0x81830118 receiveKey=false
02-20 21:42:05.279   924   946 V WindowManager: findFocusedWindow: Found new focus @ 2 = Window{3a7f912 u0 com.android.launcher3/com.android.launcher3.Launcher}
02-20 21:42:05.282   924   934 I ActivityManager: screenshotActivity async who=ActivityRecord{295d360 u0 com.android.launcher3/.Launcher, isShadow:false t1}
02-20 21:42:05.285  1804  1815 I ActivityThreadEui: schedulePauseActivity com.android.launcher3.Launcher finished=false userLeaving=true configChanges=0 dontReport=false
02-20 21:42:05.286  1804  1804 D ActivityThread: ACT-AM_ON_PAUSE_CALLED ActivityRecord{7c8f03e token=android.os.BinderProxy@7b55e9f {com.android.launcher3/com.android.launcher3.Launcher}}
02-20 21:42:05.287   924   934 D DisplayPowerController: requestPowerState: policy=BRIGHT, useProximitySensor=false, screenBrightness=255, screenAutoBrightnessAdjustment=0.0, brightnessSetByUser=true, useAutoBrightness=false, blockScreenOn=false, lowPowerMode=false, boostScreenBrightness=false, dozeScreenBrightness=-1, dozeScreenState=UNKNOWN, waitForNegativeProximity=false
02-20 21:42:05.287   924   934 D PowerManagerNotifier: onWakeLockAcquired: flags=1, tag="*launch*", packageName=android, ownerUid=1000, ownerPid=924, workSource=WorkSource{10145}
02-20 21:42:05.311   924   934 V WindowManager: findFocusedWindow: Found new focus @ 2 = Window{3a7f912 u0 com.android.launcher3/com.android.launcher3.Launcher}
02-20 21:42:05.314   924   934 V WindowManager: Set focused app to: AppWindowToken{dcf79c token=Token{2ad8b0f ActivityRecord{96d486e u0 com.example.demo1/com.example.plokmju.testmutilecompile.MainActivity, isShadow:false t13}}} old focus=AppWindowToken{73788de token=Token{c727019 ActivityRecord{295d360 u0 com.android.launcher3/.Launcher, isShadow:false t1}}} moveFocusNow=true
02-20 21:42:05.314   924   934 I WindowManager: Set focused app to: AppWindowToken{dcf79c token=Token{2ad8b0f ActivityRecord{96d486e u0 com.example.demo1/com.example.plokmju.testmutilecompile.MainActivity, isShadow:false t13}}} old focus=AppWindowToken{73788de token=Token{c727019 ActivityRecord{295d360 u0 com.android.launcher3/.Launcher, isShadow:false t1}}} moveFocusNow=true
02-20 21:42:05.316   924   934 V WindowManager: findFocusedWindow: Reached focused app=AppWindowToken{dcf79c token=Token{2ad8b0f ActivityRecord{96d486e u0 com.example.demo1/com.example.plokmju.testmutilecompile.MainActivity, isShadow:false t13}}}
02-20 21:42:05.317   924   940 I ActivityManager: Ignore Home Task to save
02-20 21:42:05.317   924   934 V WindowManager: Changing focus from Window{3a7f912 u0 com.android.launcher3/com.android.launcher3.Launcher} to null Callers=com.android.server.wm.WindowManagerService.setFocusedApp:4705 com.android.server.am.ActivityManagerService.setFocusedActivityLocked:2959 com.android.server.am.ActivityStackSupervisor.startActivityUncheckedLocked:2974 com.android.server.am.ActivityStackSupervisor.startActivityLocked:1958 
02-20 21:42:05.317   924   934 I WindowManager: Input focus has changed to null oldFocusWindow=Window{3a7f912 u0 com.android.launcher3/com.android.launcher3.Launcher} updateInputWindow=true
02-20 21:42:05.319   924   946 I WindowManager: Focus moving from Window{3a7f912 u0 com.android.launcher3/com.android.launcher3.Launcher} to null
02-20 21:42:05.319   924   946 I WindowManager: Losing focus: Window{3a7f912 u0 com.android.launcher3/com.android.launcher3.Launcher}
02-20 21:42:05.321  4574  4574 D ActivityThread: SVC-Calling onStartCommand: com.letv.android.usagestats.UsageStatsReportService@bd4b265, flags=0, startId=22
02-20 21:42:05.321  4574  4574 D ActivityThread: SVC-SERVICE_ARGS handled : 0 / ServiceArgsData{token=android.os.BinderProxy@821bf5c startId=22 args=Intent { act=com.letv.android.usagestats.REPORT mCallingUid=1000 pkg=com.letv.android.usagestats (has extras) }}
02-20 21:42:05.321   924  1728 W PackageManager: checkUidPermission(): android.permission.WRITE_MEDIA_STORAGE of 10145 is denied.
02-20 21:42:05.321   924  1728 W PackageManager: checkUidPermission(): android.permission.READ_EXTERNAL_STORAGE of 10145 is denied.
02-20 21:42:05.325   308   914 D FrameworkListener: dispatchCommand data = (getaddrinfo agnes.www.letv.com ^ 1024 0 1 0 0)
02-20 21:42:05.326   308  5802 D SocketClient: SocketClient sendData done: 222
02-20 21:42:05.326   308  5802 D SocketClient: SocketClient sendData done: 
02-20 21:42:05.326   308  5802 D SocketClient: SocketClient sendData done: 
02-20 21:42:05.326   308  5802 D SocketClient: SocketClient sendData done: 
02-20 21:42:05.326   308  5802 D SocketClient: SocketClient sendData done: 
02-20 21:42:05.326   308  5802 D SocketClient: SocketClient sendData done: 
02-20 21:42:05.326   308  5802 D SocketClient: SocketClient sendData done: 
02-20 21:42:05.326   308  5802 D SocketClient: SocketClient sendData done: 
02-20 21:42:05.326   308  5802 D SocketClient: SocketClient sendData done: 
02-20 21:42:05.327   308  5802 D SocketClient: SocketClient sendData done: 
02-20 21:42:05.327   308  5802 D SocketClient: SocketClient sendData done: 
02-20 21:42:05.327   308  5802 D SocketClient: SocketClient sendData done: 
02-20 21:42:05.327   308  5802 D SocketClient: SocketClient sendData done: 
02-20 21:42:05.327   308  5802 D SocketClient: SocketClient sendData done: 
02-20 21:42:05.327   308  5802 D SocketClient: SocketClient sendData done: 
02-20 21:42:05.327   308  5802 D SocketClient: SocketClient sendData done: 
02-20 21:42:05.327   308  5802 D SocketClient: SocketClient sendData done: 
02-20 21:42:05.327   308  5802 D SocketClient: SocketClient sendData done: 
02-20 21:42:05.328   308   917 D SocketClient: SocketClient sendData done: 
02-20 21:42:05.336   924  1728 I ActivityManager: Start proc 5803:com.example.demo1/u0a145 for activity com.example.demo1/com.example.plokmju.testmutilecompile.MainActivity
02-20 21:42:05.336   924  1728 D ActivityManager: Delay resumeKeyDispatchingLocked() to avoid deadlock.
02-20 21:42:05.337  1804  1804 D ActivityThread: ACT-PAUSE_ACTIVITY handled : 1 / android.os.BinderProxy@7b55e9f
02-20 21:42:05.352   924  1694 I WindowManager: setAppVisibility(Token{2ad8b0f ActivityRecord{96d486e u0 com.example.demo1/com.example.plokmju.testmutilecompile.MainActivity, isShadow:false t13}}, visible=true): mNextAppTransition=TRANSIT_TASK_OPEN hidden=true hiddenRequested=true
02-20 21:42:05.353   924  1694 I WindowManager: setAppVisibility(Token{c727019 ActivityRecord{295d360 u0 com.android.launcher3/.Launcher, isShadow:false t1}}, visible=false): mNextAppTransition=TRANSIT_TASK_OPEN hidden=false hiddenRequested=false
02-20 21:42:05.360   924  1694 V WindowManager: findFocusedWindow: No focusable windows.
02-20 21:42:05.361   924  1694 D WindowManager: notifyActivityDrawnForKeyguard: waiting=false Callers=com.android.server.wm.WindowManagerService.handleAppTransitionReadyLocked:10525 com.android.server.wm.WindowManagerService.performLayoutAndPlaceSurfacesLockedInner:11144 com.android.server.wm.WindowManagerService.performLayoutAndPlaceSurfacesLockedLoop:9874 com.android.server.wm.WindowManagerService.performLayoutAndPlaceSurfacesLocked:9821 com.android.server.wm.WindowManagerService.executeAppTransition:4821 
02-20 21:42:05.366   924   941 W PackageManager: checkUidPermission(): android.permission.INTERNET of 10145 is denied.
02-20 21:42:05.372   924   935 W PackageManager: checkUidPermission(): android.permission.STATUS_BAR of 10009 is denied.
02-20 21:42:05.372   924   935 I WindowManager: Relayout Window{3a7f912 u0 com.android.launcher3/com.android.launcher3.Launcher}: viewVisibility=8 oldVisibility=0 mRelayoutCalled=true flagChanges=0x0 flags=0x81910100 receiveKey=false
02-20 21:42:05.373   924   935 V WindowManager: findFocusedWindow: No focusable windows.
02-20 21:42:05.382  5803  5803 D ActivityThread: BIND_APPLICATION handled : 0 / AppBindData{appInfo=ApplicationInfo{ffd5a2e com.example.demo1}}
02-20 21:42:05.383  5803  5803 V ActivityThread: Handling launch of ActivityRecord{ded99cf token=android.os.BinderProxy@821bf5c {com.example.demo1/com.example.plokmju.testmutilecompile.MainActivity}} startsNotResumed=false
02-20 21:42:05.390  5803  5803 V ActivityThread: ActivityRecord{ded99cf token=android.os.BinderProxy@821bf5c {com.example.demo1/com.example.plokmju.testmutilecompile.MainActivity}}: app=android.app.Application@708eb3a, appName=com.example.demo1, pkg=com.example.demo1, comp={com.example.demo1/com.example.plokmju.testmutilecompile.MainActivity}, dir=/data/app/com.example.demo1-2/base.apk
02-20 21:42:05.392   924  1665 D ActivityManager: getContentProviderImpl: from caller=android.app.ApplicationThreadProxy@bedc215 (pid=5803, userId=0) to get content provider settings cpr=ContentProviderRecord{58ce622 u0 com.android.providers.settings/.SettingsProvider}
02-20 21:42:05.393   924  1665 D ActivityManager: getContentProviderImpl: updateLruProcessLocked cpr.proc=ProcessRecord{a854fc0 924:system/1000, isShadow:false}
02-20 21:42:05.393  5803  5803 D ActivityThread: holder:android.app.IActivityManager$ContentProviderHolder@f5403eb, holder.provider:android.content.ContentProviderProxy@2b97548
02-20 21:42:05.394   924  1658 V SettingsProvider: packageValueForCallResult, name = leui_country_area_region_settings, value : CN
02-20 21:42:05.413   924   934 W PackageManager: checkUidPermission(): android.permission.INTERACT_ACROSS_USERS of 10145 is denied.
02-20 21:42:05.413   924  1627 W PackageManager: checkUidPermission(): android.permission.INTERACT_ACROSS_USERS_FULL of 10145 is denied.
02-20 21:42:05.420   924  1763 W ActivityManager: xulei call enter isTransformStartActivity !!! _component:ComponentInfo{com.example.demo1/com.example.plokmju.testmutilecompile.MainActivity},  intent:Intent { act=android.intent.action.MAIN cat=[android.intent.category.LAUNCHER] flg=0x10200000 cmp=com.example.demo1/com.example.plokmju.testmutilecompile.MainActivity }
02-20 21:42:05.420   924  1763 I ActivityManager: START u0 {act=android.intent.action.MAIN cat=[android.intent.category.LAUNCHER] flg=0x10200000 mCallingUid=2000 cmp=com.example.demo1/com.example.plokmju.testmutilecompile.MainActivity} from uid 2000 from pid 5786 on display 0
02-20 21:42:05.420   924  1763 W PackageManager: checkUidPermission(): android.permission.START_ANY_ACTIVITY of 2000 is denied.
02-20 21:42:05.421   924  1763 V WindowManager: findFocusedWindow: No focusable windows.
02-20 21:42:05.423   924  1763 I ActivityManager: start task to front intentActivity=ActivityRecord{96d486e u0 com.example.demo1/com.example.plokmju.testmutilecompile.MainActivity, isShadow:false t13} r.intent=Intent { act=android.intent.action.MAIN cat=[android.intent.category.LAUNCHER] flg=0x10200000 mCallingUid=2000 cmp=com.example.demo1/com.example.plokmju.testmutilecompile.MainActivity }
02-20 21:42:05.423   924  1763 D WindowManager: notifyActivityDrawnForKeyguard: waiting=false Callers=com.android.server.am.ActivityStackSupervisor.notifyActivityDrawnForKeyguard:458 com.android.server.am.ActivityStackSupervisor.startActivityUncheckedLocked:2665 com.android.server.am.ActivityStackSupervisor.startActivityLocked:1958 com.android.server.am.ActivityStackSupervisor.startActivityMayWait:1140 com.android.server.am.ActivityManagerService.startActivityAsUser:4486 
02-20 21:42:05.459  5803  5803 V ActivityThread: Performing resume of ActivityRecord{ded99cf token=android.os.BinderProxy@821bf5c {com.example.demo1/com.example.plokmju.testmutilecompile.MainActivity}}
02-20 21:42:05.461  5803  5803 D ActivityThread: ACT-AM_ON_RESUME_CALLED ActivityRecord{ded99cf token=android.os.BinderProxy@821bf5c {com.example.demo1/com.example.plokmju.testmutilecompile.MainActivity}}
02-20 21:42:05.461  5803  5803 V ActivityThread: Resume ActivityRecord{ded99cf token=android.os.BinderProxy@821bf5c {com.example.demo1/com.example.plokmju.testmutilecompile.MainActivity}} started activity: false, hideForNow: false, finished: false
02-20 21:42:05.479   924  1722 D WindowManager: addWindowToListInOrderLocked: win=Window{a1cbdf6 u0 com.example.demo1/com.example.plokmju.testmutilecompile.MainActivity} Callers=com.android.server.wm.WindowManagerService.addWindow:2954 com.android.server.wm.Session.addToDisplay:174 android.view.IWindowSession$Stub.onTransact:124 com.android.server.wm.Session.onTransact:136 
02-20 21:42:05.479   924  1722 I WindowManager: addWindow: window=Window{a1cbdf6 u0 com.example.demo1/com.example.plokmju.testmutilecompile.MainActivity}
02-20 21:42:05.480  5803  5803 V ActivityThread: Resuming ActivityRecord{ded99cf token=android.os.BinderProxy@821bf5c {com.example.demo1/com.example.plokmju.testmutilecompile.MainActivity}} with isForward=true
02-20 21:42:05.480  5803  5803 V ActivityThread: Scheduling idle handler for ActivityRecord{ded99cf token=android.os.BinderProxy@821bf5c {com.example.demo1/com.example.plokmju.testmutilecompile.MainActivity}}
02-20 21:42:05.481  5803  5803 D ActivityThread: ACT-LAUNCH_ACTIVITY handled : 0 / ActivityRecord{ded99cf token=android.os.BinderProxy@821bf5c {com.example.demo1/com.example.plokmju.testmutilecompile.MainActivity}}
02-20 21:42:05.495   924  1778 W PackageManager: checkUidPermission(): android.permission.STATUS_BAR of 10145 is denied.
02-20 21:42:05.495   924  1778 I WindowManager: Relayout Window{a1cbdf6 u0 com.example.demo1/com.example.plokmju.testmutilecompile.MainActivity}: viewVisibility=0 oldVisibility=4 mRelayoutCalled=false flagChanges=0x0 flags=0x81810100 receiveKey=false
02-20 21:42:05.496   924  1778 V WindowManager: findFocusedWindow: Found new focus @ 3 = Window{a1cbdf6 u0 com.example.demo1/com.example.plokmju.testmutilecompile.MainActivity}
02-20 21:42:05.496   924  1778 V WindowManager: Changing focus from null to Window{a1cbdf6 u0 com.example.demo1/com.example.plokmju.testmutilecompile.MainActivity} Callers=com.android.server.wm.WindowManagerService.relayoutWindow:3833 com.android.server.wm.Session.relayout:204 android.view.IWindowSession$Stub.onTransact:284 com.android.server.wm.Session.onTransact:136 
02-20 21:42:05.497   924  1778 I WindowManager: Input focus has changed to Window{a1cbdf6 u0 com.example.demo1/com.example.plokmju.testmutilecompile.MainActivity} oldFocusWindow=null updateInputWindow=false
02-20 21:42:05.501   924   946 I WindowManager: Focus moving from null to Window{a1cbdf6 u0 com.example.demo1/com.example.plokmju.testmutilecompile.MainActivity}
02-20 21:42:05.501   924   946 I WindowManager: Gaining focus: Window{a1cbdf6 u0 com.example.demo1/com.example.plokmju.testmutilecompile.MainActivity}
02-20 21:42:05.525   924   935 W ActivityManager: xulei call enter isTransformStartActivity !!! _component:ComponentInfo{com.example.demo1/com.example.plokmju.testmutilecompile.MainActivity},  intent:Intent { act=android.intent.action.MAIN cat=[android.intent.category.LAUNCHER] flg=0x10200000 cmp=com.example.demo1/com.example.plokmju.testmutilecompile.MainActivity }
02-20 21:42:05.525   924   935 I ActivityManager: START u0 {act=android.intent.action.MAIN cat=[android.intent.category.LAUNCHER] flg=0x10200000 mCallingUid=2000 cmp=com.example.demo1/com.example.plokmju.testmutilecompile.MainActivity} from uid 2000 from pid 5786 on display 0
02-20 21:42:05.525   924   935 W PackageManager: checkUidPermission(): android.permission.START_ANY_ACTIVITY of 2000 is denied.
02-20 21:42:05.526   924   935 V WindowManager: findFocusedWindow: Found new focus @ 3 = Window{a1cbdf6 u0 com.example.demo1/com.example.plokmju.testmutilecompile.MainActivity}
02-20 21:42:05.527   924   935 I ActivityManager: start task to front intentActivity=ActivityRecord{96d486e u0 com.example.demo1/com.example.plokmju.testmutilecompile.MainActivity, isShadow:false t13} r.intent=Intent { act=android.intent.action.MAIN cat=[android.intent.category.LAUNCHER] flg=0x10200000 mCallingUid=2000 cmp=com.example.demo1/com.example.plokmju.testmutilecompile.MainActivity }
02-20 21:42:05.528   924   935 D WindowManager: notifyActivityDrawnForKeyguard: waiting=false Callers=com.android.server.am.ActivityStackSupervisor.notifyActivityDrawnForKeyguard:458 com.android.server.am.ActivityStackSupervisor.startActivityUncheckedLocked:2665 com.android.server.am.ActivityStackSupervisor.startActivityLocked:1958 com.android.server.am.ActivityStackSupervisor.startActivityMayWait:1140 com.android.server.am.ActivityManagerService.startActivityAsUser:4486 
02-20 21:42:05.576   924   946 V WindowStateAnimator: Finish starting AppWindowToken{dcf79c token=Token{2ad8b0f ActivityRecord{96d486e u0 com.example.demo1/com.example.plokmju.testmutilecompile.MainActivity, isShadow:false t13}}}: first real window is shown, no animation
02-20 21:42:05.577   924   946 V WindowManager: Finished starting AppWindowToken{dcf79c token=Token{2ad8b0f ActivityRecord{96d486e u0 com.example.demo1/com.example.plokmju.testmutilecompile.MainActivity, isShadow:false t13}}}: startingWindow=Window{67969a0 u0 Starting com.example.demo1} startingView=com.android.internal.policy.PhoneWindow$DecorView{2f25a5 V.E...... R.....I. 0,0-1080,1920}
02-20 21:42:05.578   924   946 V WindowManager: findFocusedWindow: Found new focus @ 3 = Window{a1cbdf6 u0 com.example.demo1/com.example.plokmju.testmutilecompile.MainActivity}
02-20 21:42:05.578   924   938 V InputMethodManagerService: windowGainedFocus: android.os.BinderProxy@4e6ccb8 controlFlags=#104 softInputMode=#120 windowFlags=#81810100
02-20 21:42:05.581   924  1658 W PackageManager: checkUidPermission(): android.permission.STATUS_BAR of 10145 is denied.
02-20 21:42:05.593   924  1778 D PowerManagerNotifier: onWakeLockReleased: flags=1, tag="*launch*", packageName=android, ownerUid=1000, ownerPid=924, workSource=WorkSource{10145}
02-20 21:42:05.593   924  1778 D DisplayPowerController: requestPowerState: policy=BRIGHT, useProximitySensor=false, screenBrightness=255, screenAutoBrightnessAdjustment=0.0, brightnessSetByUser=true, useAutoBrightness=false, blockScreenOn=false, lowPowerMode=false, boostScreenBrightness=false, dozeScreenBrightness=-1, dozeScreenState=UNKNOWN, waitForNegativeProximity=false
02-20 21:42:05.634   924  1026 D PowerManagerNotifier: onUserActivity: event=2, uid=1000
02-20 21:42:05.634   924  1026 D DisplayPowerController: requestPowerState: policy=BRIGHT, useProximitySensor=false, screenBrightness=255, screenAutoBrightnessAdjustment=0.0, brightnessSetByUser=true, useAutoBrightness=false, blockScreenOn=false, lowPowerMode=false, boostScreenBrightness=false, dozeScreenBrightness=-1, dozeScreenState=UNKNOWN, waitForNegativeProximity=false
02-20 21:42:05.670   924   946 D ActivityManager: ACT-IDLE_NOW_MSG from windowsVisible() for idle: ActivityRecord{96d486e u0 com.example.demo1/com.example.plokmju.testmutilecompile.MainActivity, isShadow:false t13}
02-20 21:42:05.671   924   946 V WindowManager: findFocusedWindow: Found new focus @ 3 = Window{a1cbdf6 u0 com.example.demo1/com.example.plokmju.testmutilecompile.MainActivity}
02-20 21:42:05.673   924   940 I WindowManager: setAppVisibility(Token{c727019 ActivityRecord{295d360 u0 com.android.launcher3/.Launcher, isShadow:false t1}}, visible=false): mNextAppTransition=TRANSIT_UNSET hidden=true hiddenRequested=true
02-20 21:42:05.674  1804  1815 I ActivityThreadEui: scheduleStopActivity com.android.launcher3.Launcher show=false configChanges=0
02-20 21:42:05.676  1804  1804 V ActivityThread: Finishing stop of ActivityRecord{7c8f03e token=android.os.BinderProxy@7b55e9f {com.android.launcher3/com.android.launcher3.Launcher}}: show=false win=com.android.internal.policy.PhoneWindow@65f86c0
02-20 21:42:05.677  1804  1804 D ActivityThread: ACT-STOP_ACTIVITY_HIDE handled : 0 / android.os.BinderProxy@7b55e9f
02-20 21:42:05.677   924   941 D ConnectivityService: getActiveNetworkInfo networkInfo = [type: WIFI[], state: CONNECTED/CONNECTED, reason: (unspecified), extra: "wukong_office", roaming: false, failover: false, isAvailable: true]
02-20 21:42:05.677   924   941 V NetworkStats: setKernelCounterSet uid=10009 set=0
02-20 21:42:05.737   924  1665 W ActivityManager: xulei call enter isTransformStartActivity !!! _component:ComponentInfo{com.example.demo1/com.example.plokmju.testmutilecompile.MainActivity},  intent:Intent { act=android.intent.action.MAIN cat=[android.intent.category.LAUNCHER] flg=0x10200000 cmp=com.example.demo1/com.example.plokmju.testmutilecompile.MainActivity }
02-20 21:42:05.737   924  1665 I ActivityManager: START u0 {act=android.intent.action.MAIN cat=[android.intent.category.LAUNCHER] flg=0x10200000 mCallingUid=2000 cmp=com.example.demo1/com.example.plokmju.testmutilecompile.MainActivity} from uid 2000 from pid 5786 on display 0
02-20 21:42:05.737   924  1665 W PackageManager: checkUidPermission(): android.permission.START_ANY_ACTIVITY of 2000 is denied.
02-20 21:42:05.738   924  1665 V WindowManager: findFocusedWindow: Found new focus @ 3 = Window{a1cbdf6 u0 com.example.demo1/com.example.plokmju.testmutilecompile.MainActivity}
02-20 21:42:05.739   924  1665 I ActivityManager: start task to front intentActivity=ActivityRecord{96d486e u0 com.example.demo1/com.example.plokmju.testmutilecompile.MainActivity, isShadow:false t13} r.intent=Intent { act=android.intent.action.MAIN cat=[android.intent.category.LAUNCHER] flg=0x10200000 mCallingUid=2000 cmp=com.example.demo1/com.example.plokmju.testmutilecompile.MainActivity }
02-20 21:42:05.740   924  1665 D WindowManager: notifyActivityDrawnForKeyguard: waiting=false Callers=com.android.server.am.ActivityStackSupervisor.notifyActivityDrawnForKeyguard:458 com.android.server.am.ActivityStackSupervisor.startActivityUncheckedLocked:2665 com.android.server.am.ActivityStackSupervisor.startActivityLocked:1958 com.android.server.am.ActivityStackSupervisor.startActivityMayWait:1140 com.android.server.am.ActivityManagerService.startActivityAsUser:4486 
02-20 21:42:05.842   924  1026 D PowerManagerNotifier: onUserActivity: event=1, uid=1000
02-20 21:42:05.842   924  1026 V LightsService: setLight #2: color=#ff7f7f7f onMS=0 offMS=0
02-20 21:42:05.842   924  1026 I ButtonLightController: setBrightness mButtonBrightness=255
02-20 21:42:05.842   924  1026 W ButtonLightController: LIMIT_APP: MSG_BUTTON_TIMEOUT true
02-20 21:42:05.842   924  1026 D DisplayPowerController: requestPowerState: policy=BRIGHT, useProximitySensor=false, screenBrightness=255, screenAutoBrightnessAdjustment=0.0, brightnessSetByUser=true, useAutoBrightness=false, blockScreenOn=false, lowPowerMode=false, boostScreenBrightness=false, dozeScreenBrightness=-1, dozeScreenState=UNKNOWN, waitForNegativeProximity=false
02-20 21:42:05.846   924  1787 V WindowManager: findFocusedWindow: Found new focus @ 2 = Window{a1cbdf6 u0 com.example.demo1/com.example.plokmju.testmutilecompile.MainActivity}
02-20 21:42:05.847   924  1787 V WindowManager: Set focused app to: AppWindowToken{73788de token=Token{c727019 ActivityRecord{295d360 u0 com.android.launcher3/.Launcher, isShadow:false t1}}} old focus=AppWindowToken{dcf79c token=Token{2ad8b0f ActivityRecord{96d486e u0 com.example.demo1/com.example.plokmju.testmutilecompile.MainActivity, isShadow:false t13}}} moveFocusNow=true
02-20 21:42:05.847   924  1787 I WindowManager: Set focused app to: AppWindowToken{73788de token=Token{c727019 ActivityRecord{295d360 u0 com.android.launcher3/.Launcher, isShadow:false t1}}} old focus=AppWindowToken{dcf79c token=Token{2ad8b0f ActivityRecord{96d486e u0 com.example.demo1/com.example.plokmju.testmutilecompile.MainActivity, isShadow:false t13}}} moveFocusNow=true
02-20 21:42:05.848   924  1787 V WindowManager: findFocusedWindow: Reached focused app=AppWindowToken{73788de token=Token{c727019 ActivityRecord{295d360 u0 com.android.launcher3/.Launcher, isShadow:false t1}}}
02-20 21:42:05.848   924  1787 V WindowManager: Changing focus from Window{a1cbdf6 u0 com.example.demo1/com.example.plokmju.testmutilecompile.MainActivity} to null Callers=com.android.server.wm.WindowManagerService.setFocusedApp:4705 com.android.server.am.ActivityManagerService.setFocusedActivityLocked:2959 com.android.server.am.ActivityStackSupervisor.moveHomeStackTaskToTop:542 com.android.server.am.ActivityStack.adjustFocusedActivityLocked:3168 
02-20 21:42:05.848   924  1787 I WindowManager: Input focus has changed to null oldFocusWindow=Window{a1cbdf6 u0 com.example.demo1/com.example.plokmju.testmutilecompile.MainActivity} updateInputWindow=true
02-20 21:42:05.849   924   946 I WindowManager: Focus moving from Window{a1cbdf6 u0 com.example.demo1/com.example.plokmju.testmutilecompile.MainActivity} to null
02-20 21:42:05.849   924   946 I WindowManager: Losing focus: Window{a1cbdf6 u0 com.example.demo1/com.example.plokmju.testmutilecompile.MainActivity}
02-20 21:42:05.849   924  1787 I WindowManager: setAppVisibility(Token{2ad8b0f ActivityRecord{96d486e u0 com.example.demo1/com.example.plokmju.testmutilecompile.MainActivity, isShadow:false t13 f}}, visible=false): mNextAppTransition=TRANSIT_TASK_CLOSE hidden=false hiddenRequested=false
02-20 21:42:05.863  5803  5815 I ActivityThreadEui: schedulePauseActivity com.example.plokmju.testmutilecompile.MainActivity finished=true userLeaving=false configChanges=0 dontReport=false
02-20 21:42:05.865   924  1787 D DisplayPowerController: requestPowerState: policy=BRIGHT, useProximitySensor=false, screenBrightness=255, screenAutoBrightnessAdjustment=0.0, brightnessSetByUser=true, useAutoBrightness=false, blockScreenOn=false, lowPowerMode=false, boostScreenBrightness=false, dozeScreenBrightness=-1, dozeScreenState=UNKNOWN, waitForNegativeProximity=false
02-20 21:42:05.865   924  1787 D PowerManagerNotifier: onWakeLockAcquired: flags=1, tag="*launch*", packageName=android, ownerUid=1000, ownerPid=924, workSource=WorkSource{10145}
02-20 21:42:05.866  5803  5803 D ActivityThread: ACT-AM_ON_PAUSE_CALLED ActivityRecord{ded99cf token=android.os.BinderProxy@821bf5c {com.example.demo1/com.example.plokmju.testmutilecompile.MainActivity}}
02-20 21:42:05.867  4574  4574 D ActivityThread: SVC-Calling onStartCommand: com.letv.android.usagestats.UsageStatsReportService@bd4b265, flags=0, startId=23
02-20 21:42:05.867   924  1690 D PowerManagerNotifier: onWakeLockChanging: flags=1, tag="*launch*", packageName=android, ownerUid=1000, ownerPid=924, workSource=WorkSource{10009}
02-20 21:42:05.867  4574  4574 D ActivityThread: SVC-SERVICE_ARGS handled : 0 / ServiceArgsData{token=android.os.BinderProxy@821bf5c startId=23 args=Intent { act=com.letv.android.usagestats.REPORT mCallingUid=1000 pkg=com.letv.android.usagestats (has extras) }}
02-20 21:42:05.867   924  1690 I WindowManager: setAppVisibility(Token{2ad8b0f ActivityRecord{96d486e u0 com.example.demo1/com.example.plokmju.testmutilecompile.MainActivity, isShadow:false t13 f}}, visible=false): mNextAppTransition=TRANSIT_TASK_CLOSE hidden=false hiddenRequested=true
02-20 21:42:05.867   924  1690 I WindowManager: setAppVisibility(Token{c727019 ActivityRecord{295d360 u0 com.android.launcher3/.Launcher, isShadow:false t1}}, visible=true): mNextAppTransition=TRANSIT_TASK_CLOSE hidden=true hiddenRequested=true
02-20 21:42:05.871  1804  1815 I ActivityThreadEui: scheduleResumeActivity com.android.launcher3.Launcher
02-20 21:42:05.872   924  1690 D ActivityManager: Delay resumeKeyDispatchingLocked() to avoid deadlock.
02-20 21:42:05.873  5803  5803 D ActivityThread: ACT-PAUSE_ACTIVITY_FINISHING handled : 0 / android.os.BinderProxy@821bf5c
02-20 21:42:05.875   924   941 D ConnectivityService: getActiveNetworkInfo networkInfo = [type: WIFI[], state: CONNECTED/CONNECTED, reason: (unspecified), extra: "wukong_office", roaming: false, failover: false, isAvailable: true]
02-20 21:42:05.875   924   941 V NetworkStats: setKernelCounterSet uid=10009 set=1
02-20 21:42:05.876   924  1694 W PackageManager: checkUidPermission(): android.permission.STATUS_BAR of 10009 is denied.
02-20 21:42:05.876   924  1694 I WindowManager: Relayout Window{3a7f912 u0 com.android.launcher3/com.android.launcher3.Launcher}: viewVisibility=4 oldVisibility=8 mRelayoutCalled=true flagChanges=0x0 flags=0x81910100 receiveKey=false
02-20 21:42:05.876   924  1694 V WindowManager: findFocusedWindow: No focusable windows.
02-20 21:42:05.878  1804  1804 V ActivityThread: Performing resume of ActivityRecord{7c8f03e token=android.os.BinderProxy@7b55e9f {com.android.launcher3/com.android.launcher3.Launcher}}
02-20 21:42:05.879   924   934 D CSLegacyTypeTracker: getNetworkForType type 1
02-20 21:42:05.880  1804  1804 D ActivityThread: ACT-AM_ON_RESUME_CALLED ActivityRecord{7c8f03e token=android.os.BinderProxy@7b55e9f {com.android.launcher3/com.android.launcher3.Launcher}}
02-20 21:42:05.880  1804  1804 V ActivityThread: Resume ActivityRecord{7c8f03e token=android.os.BinderProxy@7b55e9f {com.android.launcher3/com.android.launcher3.Launcher}} started activity: false, hideForNow: false, finished: false
02-20 21:42:05.880  1804  1804 V ActivityThread: Resuming ActivityRecord{7c8f03e token=android.os.BinderProxy@7b55e9f {com.android.launcher3/com.android.launcher3.Launcher}} with isForward=false
02-20 21:42:05.881  1804  1804 V ActivityThread: Scheduling idle handler for ActivityRecord{7c8f03e token=android.os.BinderProxy@7b55e9f {com.android.launcher3/com.android.launcher3.Launcher}}
02-20 21:42:05.882  1804  1804 D ActivityThread: ACT-RESUME_ACTIVITY handled : 0 / android.os.BinderProxy@7b55e9f
02-20 21:42:05.892   924   935 W PackageManager: checkUidPermission(): android.permission.STATUS_BAR of 10009 is denied.
02-20 21:42:05.892   924   935 I WindowManager: Relayout Window{3a7f912 u0 com.android.launcher3/com.android.launcher3.Launcher}: viewVisibility=0 oldVisibility=4 mRelayoutCalled=true flagChanges=0x0 flags=0x81910100 receiveKey=false
02-20 21:42:05.894   924   935 V WindowManager: findFocusedWindow: Found new focus @ 3 = Window{3a7f912 u0 com.android.launcher3/com.android.launcher3.Launcher}
02-20 21:42:05.894   924   935 V WindowManager: Changing focus from null to Window{3a7f912 u0 com.android.launcher3/com.android.launcher3.Launcher} Callers=com.android.server.wm.WindowManagerService.relayoutWindow:3833 com.android.server.wm.Session.relayout:204 android.view.IWindowSession$Stub.onTransact:284 com.android.server.wm.Session.onTransact:136 
02-20 21:42:05.894   924   935 I WindowManager: Input focus has changed to Window{3a7f912 u0 com.android.launcher3/com.android.launcher3.Launcher} oldFocusWindow=null updateInputWindow=false
02-20 21:42:05.896   924   946 I WindowManager: Focus moving from null to Window{3a7f912 u0 com.android.launcher3/com.android.launcher3.Launcher}
02-20 21:42:05.896   924   946 I WindowManager: Gaining focus: Window{3a7f912 u0 com.android.launcher3/com.android.launcher3.Launcher}
02-20 21:42:05.904   924  1656 V InputMethodManagerService: windowGainedFocus: android.os.BinderProxy@5233374 controlFlags=#104 softInputMode=#23 windowFlags=#81910100
02-20 21:42:05.907   924   938 V ActivityManager: Broadcast: Intent { act=com.baidu.input.entry.launcer flg=0x10 mCallingUid=10038 (has extras) } ordered=false userid=0 callerApp=ProcessRecord{568a19a 1556:com.baidu.input_letv/u0a38, isShadow:false}
02-20 21:42:05.921   924  1690 D PowerManagerNotifier: onWakeLockReleased: flags=1, tag="*launch*", packageName=android, ownerUid=1000, ownerPid=924, workSource=WorkSource{10009}
02-20 21:42:05.922   924  1690 D DisplayPowerController: requestPowerState: policy=BRIGHT, useProximitySensor=false, screenBrightness=255, screenAutoBrightnessAdjustment=0.0, brightnessSetByUser=true, useAutoBrightness=false, blockScreenOn=false, lowPowerMode=false, boostScreenBrightness=false, dozeScreenBrightness=-1, dozeScreenState=UNKNOWN, waitForNegativeProximity=false
02-20 21:42:05.924   924   946 I WindowStateAnimator: firstWindowDrawn win=Window{3a7f912 u0 com.android.launcher3/com.android.launcher3.Launcher} null startingData
02-20 21:42:05.925   924   946 V WindowManager: findFocusedWindow: Found new focus @ 3 = Window{3a7f912 u0 com.android.launcher3/com.android.launcher3.Launcher}
02-20 21:42:05.926   924   946 D WindowManager: notifyActivityDrawnForKeyguard: waiting=false Callers=com.android.server.wm.WindowManagerService.handleAppTransitionReadyLocked:10525 com.android.server.wm.WindowManagerService.performLayoutAndPlaceSurfacesLockedInner:11144 com.android.server.wm.WindowManagerService.performLayoutAndPlaceSurfacesLockedLoop:9874 com.android.server.wm.WindowManagerService.performLayoutAndPlaceSurfacesLocked:9821 com.android.server.wm.WindowManagerService.-wrap7:-1 
02-20 21:42:05.931   924   934 W PackageManager: checkUidPermission(): android.permission.STATUS_BAR of 10145 is denied.
02-20 21:42:05.934   924   934 I WindowManager: Relayout Window{a1cbdf6 u0 com.example.demo1/com.example.plokmju.testmutilecompile.MainActivity}: viewVisibility=8 oldVisibility=0 mRelayoutCalled=true flagChanges=0x0 flags=0x81810100 receiveKey=false
02-20 21:42:05.934   924   934 V WindowManager: findFocusedWindow: Found new focus @ 3 = Window{3a7f912 u0 com.android.launcher3/com.android.launcher3.Launcher}
02-20 21:42:05.965   924   938 V SettingsProvider: packageValueForCallResult, name = leui_s_mute_key, value : 1
02-20 21:42:05.967   924  1690 V SettingsProvider: name : user_rotation callingUid : 1000
02-20 21:42:05.967   924  1690 V SettingsProvider: name : accelerometer_rotation callingUid : 1000
02-20 21:42:05.968   924  1690 V SettingsProvider: System property sys.settings_system_version=23
02-20 21:42:05.968   924   934 V SettingsProvider: packageValueForCallResult, name = leui_s_mute_key, value : 1
02-20 21:42:05.969   924   941 V SettingsProvider: packageValueForCallResult, name = wake_gesture_enabled, value : 1
02-20 21:42:05.969   924   941 V SettingsProvider: packageValueForCallResult, name = user_rotation, value : 0
02-20 21:42:05.969   924   941 V SettingsProvider: packageValueForCallResult, name = accelerometer_rotation, value : 0
02-20 21:42:05.969   924  1763 V SettingsProvider: packageValueForCallResult, name = mutekey_streams_affected, value : 294
02-20 21:42:05.970   924   935 V SettingsProvider: packageValueForCallResult, name = time_12_24, value : 24
02-20 21:42:05.971   924   938 D PowerManagerNotifier: onUserActivity: event=0, uid=10032
02-20 21:42:05.971   924  1728 V SettingsProvider: name : accelerometer_rotation callingUid : 1000
02-20 21:42:05.972   924  1728 V SettingsProvider: System property sys.settings_system_version=24
02-20 21:42:05.972   924  1787 V SettingsProvider: packageValueForCallResult, name = leui_s_mute_key, value : 1
02-20 21:42:05.972   924   941 V SettingsProvider: packageValueForCallResult, name = screen_off_timeout, value : 1800000
02-20 21:42:05.972   924   941 V SettingsProvider: packageValueForCallResult, name = default_input_method, value : com.baidu.input_letv/.ImeService
02-20 21:42:05.972   924   941 V SettingsProvider: packageValueForCallResult, name = immersive_mode_confirmations, value : 
02-20 21:42:05.972   924   938 D DisplayPowerController: requestPowerState: policy=BRIGHT, useProximitySensor=false, screenBrightness=255, screenAutoBrightnessAdjustment=0.0, brightnessSetByUser=true, useAutoBrightness=false, blockScreenOn=false, lowPowerMode=false, boostScreenBrightness=false, dozeScreenBrightness=-1, dozeScreenState=UNKNOWN, waitForNegativeProximity=false
02-20 21:42:05.973   924  1722 V SettingsProvider: packageValueForCallResult, name = mutekey_streams_affected, value : 294
02-20 21:42:05.985   924  1778 V SettingsProvider: packageValueForCallResult, name = time_12_24, value : 24
02-20 21:42:05.992   924   941 V ActivityManager: locale: null, newConfig.locale: zh_CN, mConfiguration.locale: zh_CN
02-20 21:42:05.992   924   941 V ActivityManager: java.lang.RuntimeException: here
02-20 21:42:05.992   924   941 V ActivityManager: 	at com.android.server.am.ActivityManagerService.updateConfigurationLocked(ActivityManagerService.java:20774)
02-20 21:42:05.992   924   941 V ActivityManager: 	at com.android.server.am.ActivityManagerService.updateConfiguration(ActivityManagerService.java:20748)
02-20 21:42:05.992   924   941 V ActivityManager: 	at com.android.server.wm.WindowManagerService.sendNewConfiguration(WindowManagerService.java:7943)
02-20 21:42:05.992   924   941 V ActivityManager: 	at com.android.server.wm.WindowManagerService.updateRotationUnchecked(WindowManagerService.java:7297)
02-20 21:42:05.992   924   941 V ActivityManager: 	at com.android.server.wm.WindowManagerService.updateRotation(WindowManagerService.java:7247)
02-20 21:42:05.992   924   941 V ActivityManager: 	at com.android.server.policy.PhoneWindowManager.updateRotation(PhoneWindowManager.java:7415)
02-20 21:42:05.992   924   941 V ActivityManager: 	at com.android.server.policy.PhoneWindowManager.updateSettings(PhoneWindowManager.java:2188)
02-20 21:42:05.992   924   941 V ActivityManager: 	at com.android.server.policy.PhoneWindowManager$SettingsObserver.onChange(PhoneWindowManager.java:896)
02-20 21:42:05.992   924   941 V ActivityManager: 	at android.database.ContentObserver.onChange(ContentObserver.java:130)
02-20 21:42:05.992   924   941 V ActivityManager: 	at android.database.ContentObserver.onChange(ContentObserver.java:145)
02-20 21:42:05.992   924   941 V ActivityManager: 	at android.database.ContentObserver$NotificationRunnable.run(ContentObserver.java:216)
02-20 21:42:05.992   924   941 V ActivityManager: 	at android.os.Handler.handleCallback(Handler.java:815)
02-20 21:42:05.992   924   941 V ActivityManager: 	at android.os.Handler.dispatchMessage(Handler.java:104)
02-20 21:42:05.992   924   941 V ActivityManager: 	at android.os.Looper.loop(Looper.java:207)
02-20 21:42:05.992   924   941 V ActivityManager: 	at android.os.HandlerThread.run(HandlerThread.java:61)
02-20 21:42:05.992   924   941 V ActivityManager: 	at com.android.server.ServiceThread.run(ServiceThread.java:46)
02-20 21:42:05.997   924   934 D PowerManagerNotifier: onUserActivity: event=0, uid=10032
02-20 21:42:05.997   924   934 D DisplayPowerController: requestPowerState: policy=BRIGHT, useProximitySensor=false, screenBrightness=255, screenAutoBrightnessAdjustment=0.0, brightnessSetByUser=true, useAutoBrightness=false, blockScreenOn=false, lowPowerMode=false, boostScreenBrightness=false, dozeScreenBrightness=-1, dozeScreenState=UNKNOWN, waitForNegativeProximity=false
02-20 21:42:05.999   924   941 V SettingsProvider: packageValueForCallResult, name = wake_gesture_enabled, value : 1
02-20 21:42:05.999   924   941 V SettingsProvider: packageValueForCallResult, name = user_rotation, value : 0
02-20 21:42:06.000   924   941 V SettingsProvider: packageValueForCallResult, name = accelerometer_rotation, value : 1
02-20 21:42:06.019   924  1627 D WindowManager: addWindowToListInOrderLocked: win=Window{ba995ce u0 VolumeDialog} Callers=com.android.server.wm.WindowManagerService.addWindow:2954 com.android.server.wm.Session.addToDisplay:174 android.view.IWindowSession$Stub.onTransact:124 com.android.server.wm.Session.onTransact:136 
02-20 21:42:06.019   924  1627 V WindowManager: Free window: Adding window Window{ba995ce u0 VolumeDialog} at 8 of 9
02-20 21:42:06.019   924  1627 I WindowManager: addWindow: window=Window{ba995ce u0 VolumeDialog}
02-20 21:42:06.021   924  1309 V SettingsProvider: packageValueForCallResult, name = time_12_24, value : 24
02-20 21:42:06.023   924  1787 V SettingsProvider: packageValueForCallResult, name = accelerometer_rotation, value : 1
02-20 21:42:06.025   924   938 V SettingsProvider: packageValueForCallResult, name = accelerometer_rotation, value : 1
02-20 21:42:06.034   924  1728 I WindowManager: Relayout Window{ba995ce u0 VolumeDialog}: viewVisibility=0 oldVisibility=0 mRelayoutCalled=false flagChanges=0x0 flags=0x18c0128 receiveKey=false
02-20 21:42:06.036   924  1728 V WindowManager: findFocusedWindow: Found new focus @ 3 = Window{3a7f912 u0 com.android.launcher3/com.android.launcher3.Launcher}
02-20 21:42:06.064   924   941 V SettingsProvider: packageValueForCallResult, name = screen_off_timeout, value : 1800000
02-20 21:42:06.064   924   941 V SettingsProvider: packageValueForCallResult, name = default_input_method, value : com.baidu.input_letv/.ImeService
02-20 21:42:06.064   924   941 V SettingsProvider: packageValueForCallResult, name = immersive_mode_confirmations, value : 
02-20 21:42:06.067   924   941 V ActivityManager: locale: null, newConfig.locale: zh_CN, mConfiguration.locale: zh_CN
02-20 21:42:06.067   924   941 V ActivityManager: java.lang.RuntimeException: here
02-20 21:42:06.067   924   941 V ActivityManager: 	at com.android.server.am.ActivityManagerService.updateConfigurationLocked(ActivityManagerService.java:20774)
02-20 21:42:06.067   924   941 V ActivityManager: 	at com.android.server.am.ActivityManagerService.updateConfiguration(ActivityManagerService.java:20748)
02-20 21:42:06.067   924   941 V ActivityManager: 	at com.android.server.wm.WindowManagerService.sendNewConfiguration(WindowManagerService.java:7943)
02-20 21:42:06.067   924   941 V ActivityManager: 	at com.android.server.wm.WindowManagerService.updateRotationUnchecked(WindowManagerService.java:7297)
02-20 21:42:06.067   924   941 V ActivityManager: 	at com.android.server.wm.WindowManagerService.updateRotation(WindowManagerService.java:7247)
02-20 21:42:06.067   924   941 V ActivityManager: 	at com.android.server.policy.PhoneWindowManager.updateRotation(PhoneWindowManager.java:7415)
02-20 21:42:06.067   924   941 V ActivityManager: 	at com.android.server.policy.PhoneWindowManager.updateSettings(PhoneWindowManager.java:2188)
02-20 21:42:06.067   924   941 V ActivityManager: 	at com.android.server.policy.PhoneWindowManager$SettingsObserver.onChange(PhoneWindowManager.java:896)
02-20 21:42:06.067   924   941 V ActivityManager: 	at android.database.ContentObserver.onChange(ContentObserver.java:130)
02-20 21:42:06.067   924   941 V ActivityManager: 	at android.database.ContentObserver.onChange(ContentObserver.java:145)
02-20 21:42:06.067   924   941 V ActivityManager: 	at android.database.ContentObserver$NotificationRunnable.run(ContentObserver.java:216)
02-20 21:42:06.067   924   941 V ActivityManager: 	at android.os.Handler.handleCallback(Handler.java:815)
02-20 21:42:06.067   924   941 V ActivityManager: 	at android.os.Handler.dispatchMessage(Handler.java:104)
02-20 21:42:06.067   924   941 V ActivityManager: 	at android.os.Looper.loop(Looper.java:207)
02-20 21:42:06.067   924   941 V ActivityManager: 	at android.os.HandlerThread.run(HandlerThread.java:61)
02-20 21:42:06.067   924   941 V ActivityManager: 	at com.android.server.ServiceThread.run(ServiceThread.java:46)
02-20 21:42:06.301   924   946 D ActivityManager: ACT-IDLE_NOW_MSG from windowsVisible() for idle: ActivityRecord{295d360 u0 com.android.launcher3/.Launcher, isShadow:false t1}
02-20 21:42:06.302   924   946 V WindowManager: findFocusedWindow: Found new focus @ 3 = Window{3a7f912 u0 com.android.launcher3/com.android.launcher3.Launcher}
02-20 21:42:06.303   924   940 I ActivityManager: Killing 4473:com.mediatek.schpwronoff/1000, isShadow:false (adj 15): empty #17
02-20 21:42:06.359   308   917 D SocketClient: SocketClient sendData done: 
02-20 21:42:06.412   924  1656 D DisplayManagerService: Display listener for pid 4473 died.
02-20 21:42:06.417   924  1309 D ActivityManager: SVC-handleAppDiedLocked: app = ProcessRecord{e2dbcef 4473:com.mediatek.schpwronoff/1000, isShadow:false}, app.pid = 4473
02-20 21:42:06.417   924  1309 D ActivityManager: cleanUpApplicationRecord -- 4473
02-20 21:42:06.417   924  1309 D ActivityManager: removeDyingProviderLocked: cpr=ContentProviderRecord{8e473fc u0 com.mediatek.schpwronoff/.AlarmProvider} always=false inLaunching=false
02-20 21:42:06.418   924  1309 V BroadcastQueue: removeReceiverListLocked app = ProcessRecord{e2dbcef 4473:com.mediatek.schpwronoff/1000, isShadow:false}
02-20 21:42:06.418   924  1309 V BroadcastQueue: removeReceiverListLocked app = ProcessRecord{e2dbcef 4473:com.mediatek.schpwronoff/1000, isShadow:false}
02-20 21:42:06.418   924  1309 V BroadcastQueue: removeReceiverListLocked app = ProcessRecord{e2dbcef 4473:com.mediatek.schpwronoff/1000, isShadow:false}
02-20 21:42:06.418   924  1309 D ActivityManager: SVC-mBroadcastQueues: com.android.server.am.BroadcastQueue@eec0ca6
02-20 21:42:06.418   924  1309 D ActivityManager: SVC-mBroadcastQueues: com.android.server.am.BroadcastQueue@4c026e7
02-20 21:42:06.418   924  1309 D ActivityManager: SVC-mBroadcastQueues: com.android.server.am.BroadcastQueue@f552294
02-20 21:42:06.419   924   941 W PackageManager: checkUidPermission(): android.permission.INTERNET of 10145 is denied.
02-20 21:42:06.421   924  1787 V WindowManager: findFocusedWindow: Found new focus @ 2 = Window{3a7f912 u0 com.android.launcher3/com.android.launcher3.Launcher}
02-20 21:42:06.422  5803  5803 D ActivityThread: ACT-DESTROY_ACTIVITY handled : 1 / android.os.BinderProxy@821bf5c
02-20 21:42:06.495   924  1763 V ActivityManager: Broadcast sticky: Intent { act=android.intent.action.SIG_STR flg=0x20000010 mCallingUid=1001 (has extras) } ordered=false userid=-1 callerApp=ProcessRecord{a854fc0 924:system/1000, isShadow:false}
02-20 21:42:06.565   924  1035 V ActivityManager: Broadcast sticky: Intent { act=android.net.wifi.RSSI_CHANGED flg=0x4000010 mCallingUid=1000 (has extras) } ordered=false userid=-1 callerApp=ProcessRecord{a854fc0 924:system/1000, isShadow:false}
02-20 21:42:07.372   308   914 D FrameworkListener: dispatchCommand data = (getaddrinfo agnes.www.letv.com ^ 1024 0 1 0 0)
02-20 21:42:07.377   308  5836 D SocketClient: SocketClient sendData done: 222
02-20 21:42:07.377   308  5836 D SocketClient: SocketClient sendData done: 
02-20 21:42:07.378   308  5836 D SocketClient: SocketClient sendData done: 
02-20 21:42:07.378   308  5836 D SocketClient: SocketClient sendData done: 
02-20 21:42:07.378   308  5836 D SocketClient: SocketClient sendData done: 
02-20 21:42:07.378   308  5836 D SocketClient: SocketClient sendData done: 
02-20 21:42:07.378   308  5836 D SocketClient: SocketClient sendData done: 
02-20 21:42:07.378   308  5836 D SocketClient: SocketClient sendData done: 
02-20 21:42:07.379   308  5836 D SocketClient: SocketClient sendData done: 
02-20 21:42:07.379   308  5836 D SocketClient: SocketClient sendData done: 
02-20 21:42:07.379   308  5836 D SocketClient: SocketClient sendData done: 
02-20 21:42:07.379   308  5836 D SocketClient: SocketClient sendData done: 
02-20 21:42:07.380   308  5836 D SocketClient: SocketClient sendData done: 
02-20 21:42:07.380   308  5836 D SocketClient: SocketClient sendData done: 
