02-20 21:43:59.408   924  1627 I WindowManager: addWindow: window=Window{dd25d4e u0 VolumeDialog}
02-20 21:43:59.408  1346  1346 I vol.Events: writeEvent show_dialog volume_changed keyguard=false
02-20 21:43:59.410  1346  1346 V InputMethodManager: Not IME target window, ignoring
02-20 21:43:59.411   924  1309 I WindowManager: Relayout Window{dd25d4e u0 VolumeDialog}: viewVisibility=0 oldVisibility=0 mRelayoutCalled=false flagChanges=0x0 flags=0x18c0128 receiveKey=false
02-20 21:43:59.412   297   297 I BufferQueue: [unnamed-297-83](this:0x7fa306cc00,id:83,api:0,p:-1,c:-1) BufferQueue core=(297:/system/bin/surfaceflinger)
02-20 21:43:59.412   297   297 I BufferQueueConsumer: [unnamed-297-83](this:0x7fa306cc00,id:83,api:0,p:-1,c:297) connect(C): consumer=(297:/system/bin/surfaceflinger) controlledByApp=false
02-20 21:43:59.412   297   297 I BufferQueueConsumer: [unnamed-297-83](this:0x7fa306cc00,id:83,api:0,p:-1,c:297) setConsumerName: unnamed-297-83
02-20 21:43:59.412   297   297 I BufferQueueConsumer: [VolumeDialog](this:0x7fa306cc00,id:83,api:0,p:-1,c:297) setConsumerName: VolumeDialog
02-20 21:43:59.412   297   297 I BufferQueueConsumer: [VolumeDialog](this:0x7fa306cc00,id:83,api:0,p:-1,c:297) setDefaultBufferSize: width=169 height=169
02-20 21:43:59.413   924  1309 V WindowManager: findFocusedWindow: Found new focus @ 3 = Window{33dfc4d u0 com.example.demo1/com.example.plokmju.testmutilecompile.MainActivity}
02-20 21:43:59.413   924  1309 D SettingsInterface:  from settings cache , name = accessibility_FACTORYTEST , value = null
02-20 21:43:59.417   327   563 D AALService: Output backlight = 835/1023, CABC gain = 256
02-20 21:43:59.427   297   297 I BufferQueueConsumer: [VolumeDialog](this:0x7fa306cc00,id:83,api:0,p:-1,c:297) setDefaultBufferSize: width=1248 height=388
02-20 21:43:59.428   924  1309 D SettingsInterface:  from settings cache , name = accessibility_FACTORYTEST , value = null
02-20 21:43:59.429  1346  1962 D OpenGLRenderer: CanvasContext() 0x7f98be5800 initialize window=0x7fb2869c10, title=VolumeDialog
02-20 21:43:59.429  1346  1346 D Surface : Surface::allocateBuffers(this=0x7fb2869c00)
02-20 21:43:59.429  1346  1962 D Surface : Surface::connect(this=0x7fb2869c00,api=1)
02-20 21:43:59.429   297   569 D BufferQueueProducer: [](this:0x7fa306cc00,id:83,api:0,p:-1,c:297) allocateBuffers: allocating from 0 buffers up to 4 buffers
02-20 21:43:59.430   297  1858 I BufferQueueProducer: [VolumeDialog](this:0x7fa306cc00,id:83,api:1,p:1346,c:297) connect(P): api=1 producer=(1346:com.android.systemui) producerControlledByApp=true
02-20 21:43:59.430   297   569 D IMGSRV  : gralloc_device_alloc:1071: hnd=0x7fa6c14a00 ID=2898 fd=55 ref=0 1248(1248)x388-0x1 usage=0x900 size=1936896(1936896) cache=0
02-20 21:43:59.430  1346  1962 W libEGL  : [ANDROID_RECORDABLE] format: 1
02-20 21:43:59.430   297   569 D IMGSRV  : gralloc_device_alloc:1071: hnd=0x7fa6c14aa0 ID=2899 fd=48 ref=0 1248(1248)x388-0x1 usage=0x900 size=1936896(1936896) cache=0
02-20 21:43:59.431   297   569 D IMGSRV  : gralloc_device_alloc:1071: hnd=0x7fa6c15180 ID=2901 fd=69 ref=0 1248(1248)x388-0x1 usage=0x900 size=1936896(1936896) cache=0
02-20 21:43:59.431   297   569 D IMGSRV  : gralloc_device_alloc:1071: hnd=0x7fa6c15220 ID=2902 fd=79 ref=0 1248(1248)x388-0x1 usage=0x900 size=1936896(1936896) cache=0
02-20 21:43:59.431   297   569 D BufferQueueProducer: [VolumeDialog](this:0x7fa306cc00,id:83,api:1,p:1346,c:297) allocateBuffers: allocating from 4 buffers up to 4 buffers
02-20 21:43:59.431   297  4539 I BufferQueueProducer: [VolumeDialog](this:0x7fa306cc00,id:83,api:1,p:1346,c:297) new GraphicBuffer needed
02-20 21:43:59.431   297  4539 D IMGSRV  : gralloc_device_free:1226: ID=2902 ref=0
02-20 21:43:59.432   297  4539 D IMGSRV  : gralloc_device_alloc:1071: hnd=0x7fa6c150e0 ID=2903 fd=79 ref=0 1248(1248)x388-0x1 usage=0xb00 size=1936896(1936896) cache=0
02-20 21:43:59.433  1346  1962 D IMGSRV  : gralloc_register_buffer:1376: hnd=0x7f9862f140 ID=2903 fd=69 ref=1
02-20 21:43:59.435   327   563 D AALService: Output backlight = 836/1023, CABC gain = 256
02-20 21:43:59.449   924   946 D SettingsInterface:  from settings cache , name = accessibility_FACTORYTEST , value = null
02-20 21:43:59.452   327   563 D AALService: Output backlight = 837/1023, CABC gain = 256
02-20 21:43:59.453   924   946 W ResourceType: Invalid package identifier when getting bag for resource number 0xffffffff
02-20 21:43:59.462   924   946 D SettingsInterface:  from settings cache , name = accessibility_FACTORYTEST , value = null
02-20 21:43:59.462   297   571 I BufferQueueProducer: [VolumeDialog](this:0x7fa306cc00,id:83,api:1,p:1346,c:297) new GraphicBuffer needed
02-20 21:43:59.463   297   571 D IMGSRV  : gralloc_device_free:1226: ID=2901 ref=0
02-20 21:43:59.463   297   571 D IMGSRV  : gralloc_device_alloc:1071: hnd=0x7fa6c14dc0 ID=2905 fd=44 ref=0 1248(1248)x388-0x1 usage=0xb00 size=1936896(1936896) cache=0
02-20 21:43:59.464  1346  1962 D IMGSRV  : gralloc_register_buffer:1376: hnd=0x7f98632700 ID=2905 fd=73 ref=1
02-20 21:43:59.469   327   563 D AALService: Output backlight = 838/1023, CABC gain = 256
02-20 21:43:59.479   297  1858 I BufferQueueProducer: [VolumeDialog](this:0x7fa306cc00,id:83,api:1,p:1346,c:297) new GraphicBuffer needed
02-20 21:43:59.479   297  1858 D IMGSRV  : gralloc_device_free:1226: ID=2899 ref=0
02-20 21:43:59.479   297  1858 D IMGSRV  : gralloc_device_alloc:1071: hnd=0x7fa6c15680 ID=2908 fd=70 ref=0 1248(1248)x388-0x1 usage=0xb00 size=1936896(1936896) cache=0
02-20 21:43:59.480  1346  1962 D IMGSRV  : gralloc_register_buffer:1376: hnd=0x7f98631da0 ID=2908 fd=81 ref=1
02-20 21:43:59.486   327   563 D AALService: Output backlight = 839/1023, CABC gain = 256
02-20 21:43:59.496   297  1995 I BufferQueueProducer: [VolumeDialog](this:0x7fa306cc00,id:83,api:1,p:1346,c:297) new GraphicBuffer needed
02-20 21:43:59.496   297  1995 D IMGSRV  : gralloc_device_free:1226: ID=2898 ref=0
02-20 21:43:59.497   297  1995 D IMGSRV  : gralloc_device_alloc:1071: hnd=0x7fa6c155e0 ID=2909 fd=55 ref=0 1248(1248)x388-0x1 usage=0xb00 size=1936896(1936896) cache=0
02-20 21:43:59.497  1346  1962 D IMGSRV  : gralloc_register_buffer:1376: hnd=0x7f98631a80 ID=2909 fd=83 ref=1
02-20 21:43:59.501   924   938 I InputDispatcher: injectInputEvent  motion-p=(1040,568),action=0, pointerCount=1,EventTime=415308000000, DownTime=415308000000, injectorPid=6851, injectorUid=2000, syncMode=1, timeoutMillis=30000, policyFlags=0x08000000
02-20 21:43:59.502  1346  1346 D StatusBarWindowView: onTouchEvent(),event:MotionEvent { action=ACTION_OUTSIDE, actionButton=0, id[0]=0, x[0]=0.0, y[0]=0.0, toolType[0]=TOOL_TYPE_UNKNOWN, buttonState=0, metaState=0, flags=0x2, edgeFlags=0x0, pointerCount=1, historySize=0, eventTime=415308, downTime=415308, deviceId=0, source=0x1002 }handled:false
02-20 21:43:59.502  6868  6868 I ViewRootImpl: finishMotionEvent: handled = false stage=11: Synthetic input stage,inputElapseTime=1 eventTime = 415308 downTime = 415308 title= com.example.demo1/com.example.plokmju.testmutilecompile.MainActivity
02-20 21:43:59.502   924  1656 D PowerManagerNotifier: onUserActivity: event=0, uid=10032
02-20 21:43:59.502  1346  1346 D StatusBarWindowView: onTouchEvent(),event:MotionEvent { action=ACTION_OUTSIDE, actionButton=0, id[0]=0, x[0]=0.0, y[0]=0.0, toolType[0]=TOOL_TYPE_UNKNOWN, buttonState=0, metaState=0, flags=0x2, edgeFlags=0x0, pointerCount=1, historySize=0, eventTime=415308, downTime=415308, deviceId=0, source=0x1002 }handled:false
02-20 21:43:59.502   924  1656 D DisplayPowerController: requestPowerState: policy=BRIGHT, useProximitySensor=false, screenBrightness=255, screenAutoBrightnessAdjustment=0.0, brightnessSetByUser=true, useAutoBrightness=false, blockScreenOn=false, lowPowerMode=false, boostScreenBrightness=false, dozeScreenBrightness=-1, dozeScreenState=UNKNOWN, waitForNegativeProximity=false
02-20 21:43:59.503   327   563 D AALService: Output backlight = 840/1023, CABC gain = 256
02-20 21:43:59.503   924   934 I InputDispatcher: injectInputEvent  motion-p=(1040,560),action=1, pointerCount=1,EventTime=415310000000, DownTime=415308000000, injectorPid=6851, injectorUid=2000, syncMode=1, timeoutMillis=30000, policyFlags=0x08000000
02-20 21:43:59.520   327   563 D AALService: Output backlight = 841/1023, CABC gain = 256
02-20 21:43:59.537   327   563 D AALService: Output backlight = 842/1023, CABC gain = 256
02-20 21:43:59.554   327   563 D AALService: Output backlight = 843/1023, CABC gain = 256
02-20 21:43:59.571   327   563 D AALService: Output backlight = 844/1023, CABC gain = 256
02-20 21:43:59.588   327   563 D AALService: Output backlight = 845/1023, CABC gain = 256
02-20 21:43:59.605   924  1787 I InputDispatcher: injectInputEvent  key-code=3,name=HOME, action=0, EventTime=415412000000, DownTime=415412000000,injectorPid=6851, injectorUid=2000, syncMode=1, timeoutMillis=30000, policyFlags=0x08000000
02-20 21:43:59.605   924  1787 D WindowManager: keyCode-->3
02-20 21:43:59.605   924  1026 D PowerManagerNotifier: onUserActivity: event=1, uid=1000
02-20 21:43:59.605   327   563 D AALService: Output backlight = 846/1023, CABC gain = 256
02-20 21:43:59.605   924  1026 V LightsService: setLight #2: color=#ff7f7f7f onMS=0 offMS=0
02-20 21:43:59.606   924  1026 D lights  : write_int open fd=234
02-20 21:43:59.606   924  1026 I ButtonLightController: setBrightness mButtonBrightness=255
02-20 21:43:59.606   924  1026 W ButtonLightController: LIMIT_APP: MSG_BUTTON_TIMEOUT true
02-20 21:43:59.606   924  1026 D DisplayPowerController: requestPowerState: policy=BRIGHT, useProximitySensor=false, screenBrightness=255, screenAutoBrightnessAdjustment=0.0, brightnessSetByUser=true, useAutoBrightness=false, blockScreenOn=false, lowPowerMode=false, boostScreenBrightness=false, dozeScreenBrightness=-1, dozeScreenState=UNKNOWN, waitForNegativeProximity=false
02-20 21:43:59.608   924  1778 D SettingsInterface: putStringForUser, name = user_rotation, value = 0, for user : -2
02-20 21:43:59.608   924  1778 V SettingsProvider: name : user_rotation callingUid : 1000
02-20 21:43:59.608   924  1778 D SettingsInterface: putStringForUser, name = accelerometer_rotation, value = 0, for user : -2
02-20 21:43:59.608   924  1778 V SettingsProvider: name : accelerometer_rotation callingUid : 1000
02-20 21:43:59.609   924  1778 V SettingsProvider: System property sys.settings_system_version=27
02-20 21:43:59.609   924  1778 D SettingsInterface:  from settings cache , name = accessibility_FACTORYTEST , value = null
02-20 21:43:59.610  1346  1346 V SettingsInterface: invalidate [system]: current 27 != cached 26
02-20 21:43:59.610   924  1694 V SettingsProvider: packageValueForCallResult, name = time_12_24, value : 24
02-20 21:43:59.611  1346  1346 D SettingsInterface:  from settings cache , name = time_12_24 , value = 24
02-20 21:43:59.611   924   941 V SettingsProvider: packageValueForCallResult, name = wake_gesture_enabled, value : 1
02-20 21:43:59.611  1346  1346 D SettingsInterface:  from settings cache , name = time_12_24 , value = 24
02-20 21:43:59.611   924   941 V SettingsProvider: packageValueForCallResult, name = user_rotation, value : 0
02-20 21:43:59.611   924   941 V SettingsProvider: packageValueForCallResult, name = accelerometer_rotation, value : 0
02-20 21:43:59.611   924   941 D SensorService: SensorDevice::activate: ident=0x7fb2855060, handle=0x00000001, enabled=0, count=1
02-20 21:43:59.611   924   941 D SensorService: disable index=0
02-20 21:43:59.612   924   941 D SensorService: 	>>> actuating h/w activate handle=1 enabled=0
02-20 21:43:59.612   924   941 D Sensors : activate handle =0, enable = 0
02-20 21:43:59.612   924   941 E Sensors : handleToDriver handle(0)
02-20 21:43:59.612   924   941 D Sensors : use new sensor index=2, mSensors[index](a0b8c800)
02-20 21:43:59.612   924   941 D Accel   : ACC enable: handle:0, en:0 
02-20 21:43:59.612   924  1728 V SettingsProvider: packageValueForCallResult, name = accelerometer_rotation, value : 0
02-20 21:43:59.612   924   941 D Accel   : path:/sys/class/misc/m_acc_misc/accactive 

02-20 21:43:59.613  1804  1804 V SettingsInterface: invalidate [system]: current 27 != cached 26
02-20 21:43:59.613   924  1665 D SettingsInterface: putStringForUser, name = accelerometer_rotation, value = 1, for user : -2
02-20 21:43:59.613   924  1665 V SettingsProvider: name : accelerometer_rotation callingUid : 1000
02-20 21:43:59.613   924   941 D Accel   : ACC enable(0) done
02-20 21:43:59.614   924   941 D SensorService: ~SensorEventConnection(0x7fb2855060)
02-20 21:43:59.614   924   941 D SensorService: 0 active sensors
02-20 21:43:59.614   924  1665 V SettingsProvider: System property sys.settings_system_version=28
02-20 21:43:59.614   924  1763 V SettingsProvider: packageValueForCallResult, name = time_12_24, value : 24
02-20 21:43:59.614   924   941 V SettingsProvider: packageValueForCallResult, name = screen_off_timeout, value : 1800000
02-20 21:43:59.614   924   941 V SettingsProvider: packageValueForCallResult, name = default_input_method, value : com.baidu.input_letv/.ImeService
02-20 21:43:59.614   924   941 V SettingsProvider: packageValueForCallResult, name = immersive_mode_confirmations, value : 
02-20 21:43:59.615   924  1665 D SettingsInterface:  from settings cache , name = accessibility_FACTORYTEST , value = null
02-20 21:43:59.616  1804  1804 V SettingsInterface: invalidate [system]: current 28 != cached 27
02-20 21:43:59.617   924  1690 V SettingsProvider: packageValueForCallResult, name = time_12_24, value : 24
02-20 21:43:59.618  1804  1804 D SettingsInterface:  from settings cache , name = time_12_24 , value = 24
02-20 21:43:59.618   924   935 I Process : Sending signal. PID: 1789 SIG: 10
02-20 21:43:59.619   924   935 I Process : Sending signal. PID: 1774 SIG: 10
02-20 21:43:59.619   924   935 I Process : Sending signal. PID: 1760 SIG: 10
02-20 21:43:59.619   924   935 I Process : Sending signal. PID: 1741 SIG: 10
02-20 21:43:59.619   924   935 I Process : Sending signal. PID: 1725 SIG: 10
02-20 21:43:59.619   924   935 I Process : Sending signal. PID: 1709 SIG: 10
02-20 21:43:59.619   924   935 I Process : Sending signal. PID: 1699 SIG: 10
02-20 21:43:59.619   924   935 I Process : Sending signal. PID: 1681 SIG: 10
02-20 21:43:59.619  1789  1794 I art     : Thread[2,tid=1794,WaitingInMainSignalCatcherLoop,Thread*=0x7fac40e000,peer=0x12c5f0a0,"Signal Catcher"]: reacting to signal 10
02-20 21:43:59.619   924   935 I Process : Sending signal. PID: 1666 SIG: 10
02-20 21:43:59.619   924   935 I Process : Sending signal. PID: 1651 SIG: 10
02-20 21:43:59.619  1789  1794 I art     : SIGUSR1 forcing GC (no HPROF)
02-20 21:43:59.619   924   935 I Process : Sending signal. PID: 1635 SIG: 10
02-20 21:43:59.619  1789  1794 I art     : Starting a blocking GC Explicit
02-20 21:43:59.619   924   935 I Process : Sending signal. PID: 1619 SIG: 10
02-20 21:43:59.619  1346  1346 D NotificationPanelViewLeui: onMeasure mExpandedHeight=0.0 height=0 mFullHeight:1920 heightMeasureSpec:-2147483648
02-20 21:43:59.619   924   935 I Process : Sending signal. PID: 1612 SIG: 10
02-20 21:43:59.619   924   941 D SettingsInterface:  from settings cache , name = accessibility_FACTORYTEST , value = null
02-20 21:43:59.619   924   935 I Process : Sending signal. PID: 1599 SIG: 10
02-20 21:43:59.619   924   935 I Process : Sending signal. PID: 1544 SIG: 10
02-20 21:43:59.619   924   935 I Process : Sending signal. PID: 1346 SIG: 10
02-20 21:43:59.619   924   935 I Process : Sending signal. PID: 924 SIG: 10
02-20 21:43:59.619  1346  1346 D NotificationPanelViewLeui: onLayout changed:false(0,0,1080,0)
02-20 21:43:59.619  1346  1346 D LeLinearLayout: handleDataChanged()
02-20 21:43:59.620  1804  1804 D SettingsInterface:  from settings cache , name = time_12_24 , value = 24
02-20 21:43:59.620  1804  1804 D SettingsInterface:  from settings cache , name = time_12_24 , value = 24
02-20 21:43:59.620  1346  1346 V SettingsInterface: invalidate [system]: current 28 != cached 27
02-20 21:43:59.620  1804  1804 D SettingsInterface:  from settings cache , name = time_12_24 , value = 24
02-20 21:43:59.620   924  1722 V SettingsProvider: packageValueForCallResult, name = time_12_24, value : 24
02-20 21:43:59.620  1804  1804 D SettingsInterface:  from settings cache , name = time_12_24 , value = 24
02-20 21:43:59.621  1804  1804 D SettingsInterface:  from settings cache , name = time_12_24 , value = 24
02-20 21:43:59.622  1774  1781 I art     : Thread[2,tid=1781,WaitingInMainSignalCatcherLoop,Thread*=0x7fac40e000,peer=0x12c5e0a0,"Signal Catcher"]: reacting to signal 10
02-20 21:43:59.622  1774  1781 I art     : SIGUSR1 forcing GC (no HPROF)
02-20 21:43:59.622  1774  1781 I art     : Starting a blocking GC Explicit
02-20 21:43:59.622   924   941 D InputReader: InputReader:: getSwitchState lock 
02-20 21:43:59.622   327   563 D AALService: Output backlight = 847/1023, CABC gain = 256
02-20 21:43:59.622   924   941 D InputReader: InputReader::getStateLocked:: return 
02-20 21:43:59.622  1346  1346 D SettingsInterface:  from settings cache , name = time_12_24 , value = 24
02-20 21:43:59.623  1346  1346 D SettingsInterface:  from settings cache , name = time_12_24 , value = 24
02-20 21:43:59.623  1804  1804 D SettingsInterface:  from settings cache , name = time_12_24 , value = 24
02-20 21:43:59.623   924   941 V ActivityManager: locale: null, newConfig.locale: zh_CN, mConfiguration.locale: zh_CN
02-20 21:43:59.623   924   941 V ActivityManager: java.lang.RuntimeException: here
02-20 21:43:59.623   924   941 V ActivityManager: 	at com.android.server.am.ActivityManagerService.updateConfigurationLocked(ActivityManagerService.java:20774)
02-20 21:43:59.623   924   941 V ActivityManager: 	at com.android.server.am.ActivityManagerService.updateConfiguration(ActivityManagerService.java:20748)
02-20 21:43:59.623   924   941 V ActivityManager: 	at com.android.server.wm.WindowManagerService.sendNewConfiguration(WindowManagerService.java:7943)
02-20 21:43:59.623   924   941 V ActivityManager: 	at com.android.server.wm.WindowManagerService.updateRotationUnchecked(WindowManagerService.java:7297)
02-20 21:43:59.623   924   941 V ActivityManager: 	at com.android.server.wm.WindowManagerService.updateRotation(WindowManagerService.java:7247)
02-20 21:43:59.623   924   941 V ActivityManager: 	at com.android.server.policy.PhoneWindowManager.updateRotation(PhoneWindowManager.java:7415)
02-20 21:43:59.623   924   941 V ActivityManager: 	at com.android.server.policy.PhoneWindowManager.updateSettings(PhoneWindowManager.java:2188)
02-20 21:43:59.623   924   941 V ActivityManager: 	at com.android.server.policy.PhoneWindowManager$SettingsObserver.onChange(PhoneWindowManager.java:896)
02-20 21:43:59.623   924   941 V ActivityManager: 	at android.database.ContentObserver.onChange(ContentObserver.java:130)
02-20 21:43:59.623   924   941 V ActivityManager: 	at android.database.ContentObserver.onChange(ContentObserver.java:145)
02-20 21:43:59.623   924   941 V ActivityManager: 	at android.database.ContentObserver$NotificationRunnable.run(ContentObserver.java:216)
02-20 21:43:59.623   924   941 V ActivityManager: 	at android.os.Handler.handleCallback(Handler.java:815)
02-20 21:43:59.623   924   941 V ActivityManager: 	at android.os.Handler.dispatchMessage(Handler.java:104)
02-20 21:43:59.623   924   941 V ActivityManager: 	at android.os.Looper.loop(Looper.java:207)
02-20 21:43:59.623   924   941 V ActivityManager: 	at android.os.HandlerThread.run(HandlerThread.java:61)
02-20 21:43:59.623   924   941 V ActivityManager: 	at com.android.server.ServiceThread.run(ServiceThread.java:46)
02-20 21:43:59.624   924  1658 V SettingsProvider: packageValueForCallResult, name = accelerometer_rotation, value : 1
02-20 21:43:59.624   924   941 D SettingsInterface:  from settings cache , name = accessibility_FACTORYTEST , value = null
02-20 21:43:59.624   924   929 I art     : Thread[2,tid=929,WaitingInMainSignalCatcherLoop,Thread*=0x7fac40e000,peer=0x12c010a0,"Signal Catcher"]: reacting to signal 10
02-20 21:43:59.624   924   929 I art     : SIGUSR1 forcing GC (no HPROF)
02-20 21:43:59.624   924   929 I art     : Starting a blocking GC Explicit
02-20 21:43:59.624  1760  1765 I art     : Thread[2,tid=1765,WaitingInMainSignalCatcherLoop,Thread*=0x7fac40e000,peer=0x12c5b0a0,"Signal Catcher"]: reacting to signal 10
02-20 21:43:59.624  1760  1765 I art     : SIGUSR1 forcing GC (no HPROF)
02-20 21:43:59.624  1760  1765 I art     : Starting a blocking GC Explicit
02-20 21:43:59.625  1804  1804 D SettingsInterface:  from settings cache , name = time_12_24 , value = 24
02-20 21:43:59.625  1346  1351 I art     : Thread[2,tid=1351,WaitingInMainSignalCatcherLoop,Thread*=0x7fac40e000,peer=0x12c350a0,"Signal Catcher"]: reacting to signal 10
02-20 21:43:59.625  1346  1351 I art     : SIGUSR1 forcing GC (no HPROF)
02-20 21:43:59.625  1346  1351 I art     : Starting a blocking GC Explicit
02-20 21:43:59.627   924   941 D SettingsInterface:  from settings cache , name = accessibility_FACTORYTEST , value = null
02-20 21:43:59.630  1741  1748 I art     : Thread[2,tid=1748,WaitingInMainSignalCatcherLoop,Thread*=0x7fac40e000,peer=0x12c520a0,"Signal Catcher"]: reacting to signal 10
02-20 21:43:59.630  1741  1748 I art     : SIGUSR1 forcing GC (no HPROF)
02-20 21:43:59.630  1346  1346 D LeLinearLayout: handleDataChanged()
02-20 21:43:59.630  1741  1748 I art     : Starting a blocking GC Explicit
02-20 21:43:59.631   924   941 V SettingsProvider: packageValueForCallResult, name = wake_gesture_enabled, value : 1
02-20 21:43:59.631   924   941 V SettingsProvider: packageValueForCallResult, name = user_rotation, value : 0
02-20 21:43:59.631   924   941 V SettingsProvider: packageValueForCallResult, name = accelerometer_rotation, value : 1
02-20 21:43:59.631   924   941 D SensorService: Calling batch handle==1 flags=0rate=66667000 timeout== 0
02-20 21:43:59.631   924   941 D SensorService: SensorDevice::batch: ident=0x7fb2855060, handle=0x00000001, flags=0, period_ns=66667000 timeout=0
02-20 21:43:59.631   924   941 D SensorService: 	>>> curr_period=-1 min_period=66667000 curr_timeout=-1 min_timeout=0
02-20 21:43:59.631   924   941 D SensorService: Calling activate on 1
02-20 21:43:59.631   924   941 D SensorService: SensorDevice::activate: ident=0x7fb2855060, handle=0x00000001, enabled=1, count=1
02-20 21:43:59.631   924   941 D SensorService: enable index=0
02-20 21:43:59.631   924   941 D SensorService: 	>>> actuating h/w activate handle=1 enabled=1
02-20 21:43:59.631   924   941 D Sensors : activate handle =0, enable = 1
02-20 21:43:59.631   924   941 E Sensors : handleToDriver handle(0)
02-20 21:43:59.631   924   941 D Sensors : use new sensor index=2, mSensors[index](a0b8c800)
02-20 21:43:59.631   924   941 D Accel   : ACC enable: handle:0, en:1 
02-20 21:43:59.631   924   941 D Accel   : path:/sys/class/misc/m_acc_misc/accactive 

02-20 21:43:59.632  1544  1549 I art     : Thread[2,tid=1549,WaitingInMainSignalCatcherLoop,Thread*=0x7fac40e000,peer=0x12c430a0,"Signal Catcher"]: reacting to signal 10
02-20 21:43:59.632  1544  1549 I art     : SIGUSR1 forcing GC (no HPROF)
02-20 21:43:59.632  1544  1549 I art     : Starting a blocking GC Explicit
02-20 21:43:59.633  1346  1346 D NotificationPanelViewLeui: onMeasure mExpandedHeight=0.0 height=0 mFullHeight:1920 heightMeasureSpec:-2147483648
02-20 21:43:59.634  1346  1346 D NotificationPanelViewLeui: onLayout changed:false(0,0,1080,0)
02-20 21:43:59.634  1346  1346 D LeLinearLayout: handleDataChanged()
02-20 21:43:59.634  1346  1346 D LeLinearLayout: handleDataChanged()
02-20 21:43:59.639  1725  1729 I art     : Thread[2,tid=1729,WaitingInMainSignalCatcherLoop,Thread*=0x7fac40e000,peer=0x12c520a0,"Signal Catcher"]: reacting to signal 10
02-20 21:43:59.639   327   563 D AALService: Output backlight = 848/1023, CABC gain = 256
02-20 21:43:59.639  1725  1729 I art     : SIGUSR1 forcing GC (no HPROF)
02-20 21:43:59.639  1725  1729 I art     : Starting a blocking GC Explicit
02-20 21:43:59.648  1544  1549 I art     : Explicit concurrent mark sweep GC freed 134(9KB) AllocSpace objects, 0(0B) LOS objects, 13% free, 26MB/30MB, paused 378us total 15.583ms
02-20 21:43:59.648  1599  1605 I art     : Thread[2,tid=1605,WaitingInMainSignalCatcherLoop,Thread*=0x7fac40e000,peer=0x12c4b0a0,"Signal Catcher"]: reacting to signal 10
02-20 21:43:59.648  1599  1605 I art     : SIGUSR1 forcing GC (no HPROF)
02-20 21:43:59.648  1599  1605 I art     : Starting a blocking GC Explicit
02-20 21:43:59.650  1725  1729 I art     : Explicit concurrent mark sweep GC freed 8(496B) AllocSpace objects, 0(0B) LOS objects, 27% free, 10MB/14MB, paused 162us total 10.768ms
02-20 21:43:59.650  1709  1714 I art     : Thread[2,tid=1714,WaitingInMainSignalCatcherLoop,Thread*=0x7fac40e000,peer=0x12c510a0,"Signal Catcher"]: reacting to signal 10
02-20 21:43:59.650  1709  1714 I art     : SIGUSR1 forcing GC (no HPROF)
02-20 21:43:59.650  1709  1714 I art     : Starting a blocking GC Explicit
02-20 21:43:59.652  1612  1617 I art     : Thread[2,tid=1617,WaitingInMainSignalCatcherLoop,Thread*=0x7fac40e000,peer=0x12c4c0a0,"Signal Catcher"]: reacting to signal 10
02-20 21:43:59.652  1612  1617 I art     : SIGUSR1 forcing GC (no HPROF)
02-20 21:43:59.652  1612  1617 I art     : Starting a blocking GC Explicit
02-20 21:43:59.654  1346  1351 I art     : Explicit concurrent mark sweep GC freed 1420(111KB) AllocSpace objects, 0(0B) LOS objects, 13% free, 25MB/29MB, paused 431us total 27.825ms
02-20 21:43:59.654   924   941 D Accel   : ACC enable(1) done
02-20 21:43:59.654   924   941 D SensorService: 	>>> actuating h/w setDelay 1 66667000
02-20 21:43:59.654   924   941 E Sensors : handleToDriver handle(0)
02-20 21:43:59.654   924   941 D Accel   : setDelay: (handle=0, ns=66667000)
02-20 21:43:59.657  1619  1629 I art     : Thread[2,tid=1629,WaitingInMainSignalCatcherLoop,Thread*=0x7fac40e000,peer=0x12c4d0a0,"Signal Catcher"]: reacting to signal 10
02-20 21:43:59.657  1619  1629 I art     : SIGUSR1 forcing GC (no HPROF)
02-20 21:43:59.657  1619  1629 I art     : Starting a blocking GC Explicit
02-20 21:43:59.657   924   941 E Sensors : new setDelay handle(0),ns(66667000)m, error(0), index(2)
02-20 21:43:59.657   924   941 V SettingsProvider: packageValueForCallResult, name = screen_off_timeout, value : 1800000
02-20 21:43:59.657   924   941 V SettingsProvider: packageValueForCallResult, name = default_input_method, value : com.baidu.input_letv/.ImeService
02-20 21:43:59.657   924   941 V SettingsProvider: packageValueForCallResult, name = immersive_mode_confirmations, value : 
02-20 21:43:59.657   924   941 D SettingsInterface:  from settings cache , name = accessibility_FACTORYTEST , value = null
02-20 21:43:59.658   327   563 D AALService: Output backlight = 849/1023, CABC gain = 256
02-20 21:43:59.659   924   941 D InputReader: InputReader:: getSwitchState lock 
02-20 21:43:59.659   924   941 D InputReader: InputReader::getStateLocked:: return 
02-20 21:43:59.659   924   941 V ActivityManager: locale: null, newConfig.locale: zh_CN, mConfiguration.locale: zh_CN
02-20 21:43:59.659   924   941 V ActivityManager: java.lang.RuntimeException: here
02-20 21:43:59.659   924   941 V ActivityManager: 	at com.android.server.am.ActivityManagerService.updateConfigurationLocked(ActivityManagerService.java:20774)
02-20 21:43:59.659   924   941 V ActivityManager: 	at com.android.server.am.ActivityManagerService.updateConfiguration(ActivityManagerService.java:20748)
02-20 21:43:59.659   924   941 V ActivityManager: 	at com.android.server.wm.WindowManagerService.sendNewConfiguration(WindowManagerService.java:7943)
02-20 21:43:59.659   924   941 V ActivityManager: 	at com.android.server.wm.WindowManagerService.updateRotationUnchecked(WindowManagerService.java:7297)
02-20 21:43:59.659   924   941 V ActivityManager: 	at com.android.server.wm.WindowManagerService.updateRotation(WindowManagerService.java:7247)
02-20 21:43:59.659   924   941 V ActivityManager: 	at com.android.server.policy.PhoneWindowManager.updateRotation(PhoneWindowManager.java:7415)
02-20 21:43:59.659   924   941 V ActivityManager: 	at com.android.server.policy.PhoneWindowManager.updateSettings(PhoneWindowManager.java:2188)
02-20 21:43:59.659   924   941 V ActivityManager: 	at com.android.server.policy.PhoneWindowManager$SettingsObserver.onChange(PhoneWindowManager.java:896)
02-20 21:43:59.659   924   941 V ActivityManager: 	at android.database.ContentObserver.onChange(ContentObserver.java:130)
02-20 21:43:59.659   924   941 V ActivityManager: 	at android.database.ContentObserver.onChange(ContentObserver.java:145)
02-20 21:43:59.659   924   941 V ActivityManager: 	at android.database.ContentObserver$NotificationRunnable.run(ContentObserver.java:216)
02-20 21:43:59.659   924   941 V ActivityManager: 	at android.os.Handler.handleCallback(Handler.java:815)
02-20 21:43:59.659   924   941 V ActivityManager: 	at android.os.Handler.dispatchMessage(Handler.java:104)
02-20 21:43:59.659   924   941 V ActivityManager: 	at android.os.Looper.loop(Looper.java:207)
02-20 21:43:59.659   924   941 V ActivityManager: 	at android.os.HandlerThread.run(HandlerThread.java:61)
02-20 21:43:59.659   924   941 V ActivityManager: 	at com.android.server.ServiceThread.run(ServiceThread.java:46)
02-20 21:43:59.660   924   941 D SettingsInterface:  from settings cache , name = accessibility_FACTORYTEST , value = null
02-20 21:43:59.662  1635  1640 I art     : Thread[2,tid=1640,WaitingInMainSignalCatcherLoop,Thread*=0x7fac40e000,peer=0x12c4e0a0,"Signal Catcher"]: reacting to signal 10
02-20 21:43:59.662  1699  1704 I art     : Thread[2,tid=1704,WaitingInMainSignalCatcherLoop,Thread*=0xede0f000,peer=0x12c06160,"Signal Catcher"]: reacting to signal 10
02-20 21:43:59.662  1635  1640 I art     : SIGUSR1 forcing GC (no HPROF)
02-20 21:43:59.662  1699  1704 I art     : SIGUSR1 forcing GC (no HPROF)
02-20 21:43:59.662  1699  1704 I art     : Starting a blocking GC Explicit
02-20 21:43:59.662  1635  1640 I art     : Starting a blocking GC Explicit
02-20 21:43:59.662   924   941 D SettingsInterface:  from settings cache , name = accessibility_FACTORYTEST , value = null
02-20 21:43:59.666  1789  1794 I art     : Explicit concurrent mark sweep GC freed 8(496B) AllocSpace objects, 0(0B) LOS objects, 27% free, 10MB/14MB, paused 173us total 47.287ms
02-20 21:43:59.672  1651  1659 I art     : Thread[2,tid=1659,WaitingInMainSignalCatcherLoop,Thread*=0x7fac40e000,peer=0x12c4f0a0,"Signal Catcher"]: reacting to signal 10
02-20 21:43:59.672  1651  1659 I art     : SIGUSR1 forcing GC (no HPROF)
02-20 21:43:59.672  1651  1659 I art     : Starting a blocking GC Explicit
02-20 21:43:59.673   327   563 D AALService: Output backlight = 850/1023, CABC gain = 256
02-20 21:43:59.678  1741  1748 I art     : Explicit concurrent mark sweep GC freed 8(496B) AllocSpace objects, 0(0B) LOS objects, 26% free, 10MB/14MB, paused 228us total 47.433ms
02-20 21:43:59.678  1666  1675 I art     : Thread[2,tid=1675,WaitingInMainSignalCatcherLoop,Thread*=0x7fac40e000,peer=0x12c510a0,"Signal Catcher"]: reacting to signal 10
02-20 21:43:59.678  1666  1675 I art     : SIGUSR1 forcing GC (no HPROF)
02-20 21:43:59.678  1666  1675 I art     : Starting a blocking GC Explicit
02-20 21:43:59.679  1709  1714 I art     : Explicit concurrent mark sweep GC freed 8(496B) AllocSpace objects, 0(0B) LOS objects, 27% free, 10MB/14MB, paused 382us total 28.811ms
02-20 21:43:59.680  1681  1688 I art     : Thread[2,tid=1688,WaitingInMainSignalCatcherLoop,Thread*=0xede0f000,peer=0x12c06160,"Signal Catcher"]: reacting to signal 10
02-20 21:43:59.680  1681  1688 I art     : SIGUSR1 forcing GC (no HPROF)
02-20 21:43:59.680  1681  1688 I art     : Starting a blocking GC Explicit
02-20 21:43:59.682  1774  1781 I art     : Explicit concurrent mark sweep GC freed 8(496B) AllocSpace objects, 0(0B) LOS objects, 27% free, 10MB/14MB, paused 139us total 59.603ms
02-20 21:43:59.688  1651  1659 I art     : Explicit concurrent mark sweep GC freed 9(512B) AllocSpace objects, 0(0B) LOS objects, 27% free, 10MB/14MB, paused 151us total 16.147ms
02-20 21:43:59.689  1681  1688 I art     : Explicit concurrent mark sweep GC freed 8(496B) AllocSpace objects, 0(0B) LOS objects, 27% free, 10MB/14MB, paused 200us total 8.981ms
02-20 21:43:59.690   327   563 D AALService: Output backlight = 851/1023, CABC gain = 256
02-20 21:43:59.690  1635  1640 I art     : Explicit concurrent mark sweep GC freed 8(496B) AllocSpace objects, 0(0B) LOS objects, 27% free, 10MB/14MB, paused 193us total 28.509ms
02-20 21:43:59.696  1612  1617 I art     : Explicit concurrent mark sweep GC freed 8(496B) AllocSpace objects, 0(0B) LOS objects, 27% free, 10MB/14MB, paused 175us total 43.686ms
02-20 21:43:59.696  1760  1765 I art     : Explicit concurrent mark sweep GC freed 51(3KB) AllocSpace objects, 0(0B) LOS objects, 25% free, 11MB/15MB, paused 286us total 71.509ms
02-20 21:43:59.700  1619  1629 I art     : Explicit concurrent mark sweep GC freed 8(496B) AllocSpace objects, 0(0B) LOS objects, 27% free, 10MB/14MB, paused 238us total 43.542ms
02-20 21:43:59.703  1666  1675 I art     : Explicit concurrent mark sweep GC freed 8(496B) AllocSpace objects, 0(0B) LOS objects, 24% free, 12MB/16MB, paused 351us total 24.912ms
02-20 21:43:59.703  1699  1704 I art     : Explicit concurrent mark sweep GC freed 9(512B) AllocSpace objects, 0(0B) LOS objects, 20% free, 15MB/19MB, paused 529us total 40.873ms
02-20 21:43:59.707   327   563 D AALService: Output backlight = 852/1023, CABC gain = 256
02-20 21:43:59.711   303  2315 I MAL-Daemon:  (        ru_syssig_hndler,  246) [RDS-I][ru_syssig_hndler] Send Event: 688 ## 688 
02-20 21:43:59.711   303  2315 I MAL-Daemon:  (        ru_syssig_hndler,  247) [RDS-I][RDS][RU][ru_syssig_hndler] ru_check_ctx_ptr<0xf598f7a4, 0xf598f7a4>
02-20 21:43:59.711   303  2315 W MAL-Daemon:  (    mdfx_task_send_event,  636) mdfx_task_send_event(): [ACT] should NOT enter this leagcy API!!
02-20 21:43:59.711   303   726 I MAL-Daemon:  (             rds_ru_task,  413) [RDS-I][RU][rds_ru_task] RCV Event: 688 
02-20 21:43:59.712  1542  1542 D wpa_supplicant: wlan0: Control interface command 'SIGNAL_POLL'
02-20 21:43:59.713   303   726 D MAL-Daemon:  (rds_ru_ws_rssi_timer_exp,  499) [RDS_D][RU][rds_ru_ws_rssi_timer_expire_hdlr][RDS] get rssi = -50
02-20 21:43:59.713   303   726 I MAL-Daemon:  (          ru_get_netstat, 2461) [RDS-I][RU][ru_get_netstat] netstat <thrghpt, pkterrt>, wifi <8618, 0%>, mobile <344, 0%>
02-20 21:43:59.722  2759  2759 D Music.Play.Tag-Service: register for next state check: 5500
02-20 21:43:59.725   327   563 D AALService: Output backlight = 853/1023, CABC gain = 256
02-20 21:43:59.741   327   563 D AALService: Output backlight = 854/1023, CABC gain = 256
02-20 21:43:59.759   327   563 D AALService: Output backlight = 855/1023, CABC gain = 256
02-20 21:43:59.765   924   929 I art     : Explicit concurrent mark sweep GC freed 3991(416KB) AllocSpace objects, 0(0B) LOS objects, 8% free, 42MB/46MB, paused 1.646ms total 139.653ms
02-20 21:43:59.776   327   563 D AALService: Output backlight = 856/1023, CABC gain = 256
02-20 21:43:59.791  1599  1605 I art     : Explicit concurrent mark sweep GC freed 1916(122KB) AllocSpace objects, 2(40KB) LOS objects, 11% free, 32MB/36MB, paused 477us total 142.885ms
02-20 21:43:59.793   327   563 D AALService: Output backlight = 857/1023, CABC gain = 256
02-20 21:43:59.810   327   563 D AALService: Output backlight = 858/1023, CABC gain = 256
02-20 21:43:59.827   327   563 D AALService: Output backlight = 859/1023, CABC gain = 256
02-20 21:43:59.844   327   563 D AALService: Output backlight = 860/1023, CABC gain = 256
02-20 21:43:59.852   924  2189 D DhcpStateMachine: PollingState{ when=-30ms what=196616 target=com.android.internal.util.StateMachine$SmHandler }
02-20 21:43:59.852   924  2189 D DhcpStateMachine: GET_DHCP_RESULTS on wlan0
02-20 21:43:59.852   924  2189 D DhcpUtils: [dhcpv6_get_results] result_prop_name = dhcp.ipv6.wlan0.result; isrenew = 0
02-20 21:43:59.852   924  2189 D DhcpUtils: [dhcpv6_get_results] prop_value = 
02-20 21:43:59.852   924  2189 D NetUtils: dhcpv6_get_results failed : wlan0 ()
02-20 21:43:59.852   924  2189 D DhcpStateMachine: getDhcpv6Results failed, isRenew = false
02-20 21:43:59.861   327   563 D AALService: Output backlight = 861/1023, CABC gain = 256
02-20 21:43:59.878   327   563 D AALService: Output backlight = 862/1023, CABC gain = 256
02-20 21:43:59.895   327   563 D AALService: Output backlight = 863/1023, CABC gain = 256
02-20 21:43:59.912   327   563 D AALService: Output backlight = 864/1023, CABC gain = 256
02-20 21:43:59.929   327   563 D AALService: Output backlight = 865/1023, CABC gain = 256
02-20 21:43:59.946   327   563 D AALService: Output backlight = 866/1023, CABC gain = 256
02-20 21:43:59.958   297  4539 I BufferQueueProducer: [StatusBar](this:0x7fa31a8c00,id:12,api:1,p:1346,c:297) queueBuffer: fps=3.35 dur=1192.79 max=410.69 min=13.49
02-20 21:43:59.963   327   563 D AALService: Output backlight = 867/1023, CABC gain = 256
02-20 21:43:59.980   327   563 D AALService: Output backlight = 868/1023, CABC gain = 256
02-20 21:43:59.998   327   563 D AALService: Output backlight = 869/1023, CABC gain = 256
02-20 21:44:00.000   924  1024 D AlarmManager: set alarm to RTC 551943
02-20 21:44:00.000   924  1024 V ActivityManager: Broadcast: Intent { act=android.intent.action.TIME_TICK flg=0x50000114 mCallingUid=1000 (has extras) } ordered=true userid=-1 callerApp=null
02-20 21:44:00.000   924  1024 V AlarmManager: sending alarm Alarm{353ae6f type 3 when 551698 android} success
02-20 21:44:00.001   924   924 V AlarmManager: mSupportAlarmGrouping = false  mAmPlus = null
02-20 21:44:00.004   924  1024 D DisplayPowerController: requestPowerState: policy=BRIGHT, useProximitySensor=false, screenBrightness=255, screenAutoBrightnessAdjustment=0.0, brightnessSetByUser=true, useAutoBrightness=false, blockScreenOn=false, lowPowerMode=false, boostScreenBrightness=false, dozeScreenBrightness=-1, dozeScreenState=UNKNOWN, waitForNegativeProximity=false
02-20 21:44:00.004   924  1024 D PowerManagerNotifier: onWakeLockAcquired: flags=1073741825, tag="*alarm*", packageName=android, ownerUid=1000, ownerPid=924, workSource=WorkSource{1000}
02-20 21:44:00.004   924   924 V AlarmManager: APP set(PendingIntent{19513a6: PendingIntentRecord{da21e7 android broadcastIntent key.isShadow:false}}) : type=3 triggerAtTime=611698 win=0 tElapsed=611698 maxElapsed=611698 interval=0 flags=0x1
02-20 21:44:00.004   924   924 D ActivityThread: BDC-Calling finishReceiver: IIntentReceiver=574900b
02-20 21:44:00.005  1346  1346 D ActivityThread: BDC-Calling finishReceiver: IIntentReceiver=aee4113
02-20 21:44:00.006  1346  1346 D SettingsInterface:  from settings cache , name = time_12_24 , value = 24
02-20 21:44:00.007  1346  1346 D ActivityThread: BDC-Calling finishReceiver: IIntentReceiver=855873e
02-20 21:44:00.014   327   563 D AALService: Output backlight = 870/1023, CABC gain = 256
02-20 21:44:00.025  1346  1346 D SettingsInterface:  from settings cache , name = time_12_24 , value = 24
02-20 21:44:00.025  1346  1346 D ActivityThread: BDC-Calling finishReceiver: IIntentReceiver=393a99f
02-20 21:44:00.031   327   563 D AALService: Output backlight = 871/1023, CABC gain = 256
02-20 21:44:00.041   297   297 I SurfaceFlinger: [Built-in Screen (type:0)] fps:32.151680,dur:1057.49,max:357.21,min:14.33
02-20 21:44:00.042  1346  1346 D NotificationPanelViewLeui: onMeasure mExpandedHeight=0.0 height=0 mFullHeight:1920 heightMeasureSpec:-2147483648
02-20 21:44:00.042  1346  1346 D NotificationPanelViewLeui: onLayout changed:false(0,0,1080,0)
02-20 21:44:00.043  1346  1346 D ActivityThread: BDC-Calling finishReceiver: IIntentReceiver=387daec
02-20 21:44:00.048   327   563 D AALService: Output backlight = 872/1023, CABC gain = 256
02-20 21:44:00.059  1346  1346 D NotificationPanelViewLeui: onMeasure mExpandedHeight=0.0 height=0 mFullHeight:1920 heightMeasureSpec:-2147483648
02-20 21:44:00.059  1346  1346 D NotificationPanelViewLeui: onLayout changed:false(0,0,1080,0)
02-20 21:44:00.059  1346  1346 D ActivityThread: BDC-Calling finishReceiver: IIntentReceiver=4144eb5
02-20 21:44:00.060  1346  1346 D ActivityThread: BDC-Calling finishReceiver: IIntentReceiver=3794016
02-20 21:44:00.061  4486  4486 D ActivityThread: BDC-Calling finishReceiver: IIntentReceiver=d4281c
02-20 21:44:00.063  1804  1804 D SettingsInterface:  from settings cache , name = time_12_24 , value = 24
02-20 21:44:00.063  1804  1804 D ActivityThread: BDC-Calling finishReceiver: IIntentReceiver=608c764
02-20 21:44:00.065  1804  1804 D ActivityThread: BDC-Calling finishReceiver: IIntentReceiver=9d58dcd
02-20 21:44:00.065   327   563 D AALService: Output backlight = 873/1023, CABC gain = 256
02-20 21:44:00.067  1804  1804 D ActivityThread: BDC-Calling finishReceiver: IIntentReceiver=ab00682
02-20 21:44:00.068  1804  1804 D ActivityThread: BDC-Calling finishReceiver: IIntentReceiver=97a9193
02-20 21:44:00.068   924   924 D AlarmManager: onSendFinished begin
02-20 21:44:00.068   924   924 D PowerManagerNotifier: onWakeLockReleased: flags=1073741825, tag="*alarm*", packageName=android, ownerUid=1000, ownerPid=924, workSource=WorkSource{1000}
02-20 21:44:00.068   924   924 D DisplayPowerController: requestPowerState: policy=BRIGHT, useProximitySensor=false, screenBrightness=255, screenAutoBrightnessAdjustment=0.0, brightnessSetByUser=true, useAutoBrightness=false, blockScreenOn=false, lowPowerMode=false, boostScreenBrightness=false, dozeScreenBrightness=-1, dozeScreenState=UNKNOWN, waitForNegativeProximity=false
02-20 21:44:00.083   327   563 D AALService: Output backlight = 874/1023, CABC gain = 256
02-20 21:44:00.100   327   563 D AALService: Output backlight = 875/1023, CABC gain = 256
02-20 21:44:00.117   327   563 D AALService: Output backlight = 876/1023, CABC gain = 256
02-20 21:44:00.124   924   924 E WifiTrafficPoller: TRAFFIC_STATS_POLL true Token 14 num clients 13
02-20 21:44:00.124   924   924 E WifiTrafficPoller:  packet count Tx=1004 Rx=1540
02-20 21:44:00.124   924   924 E WifiTrafficPoller: notifying of data activity 1
02-20 21:44:00.134   327   563 D AALService: Output backlight = 877/1023, CABC gain = 256
02-20 21:44:00.151   327   563 D AALService: Output backlight = 878/1023, CABC gain = 256
02-20 21:44:00.152  2479  2482 I PerfService: PerfServiceNative_getPackName
02-20 21:44:00.153   924  1309 I libPerfService: perfGetPackName com.example.demo1
02-20 21:44:00.153   924  1309 I libPerfService: perfGetPackName com.example.demo1
02-20 21:44:00.153   924  1309 E PerfService: com.example.demo1
02-20 21:44:00.153   924  1309 D PerfServiceManager: [PerfService] getPackName com.example.demo1 
02-20 21:44:00.153   924  1309 I libPerfService: perfGetPackName com.example.demo1
02-20 21:44:00.153   924  1309 I libPerfService: perfGetPackName com.example.demo1
02-20 21:44:00.153   924  1309 E PerfService: com.example.demo1
02-20 21:44:00.153  2479  2482 I PerfService: com.example.demo1
02-20 21:44:00.168   327   563 D AALService: Output backlight = 879/1023, CABC gain = 256
02-20 21:44:00.185   327   563 D AALService: Output backlight = 880/1023, CABC gain = 256
02-20 21:44:00.202   327   563 D AALService: Output backlight = 881/1023, CABC gain = 256
02-20 21:44:00.219   327   563 D AALService: Output backlight = 882/1023, CABC gain = 256
02-20 21:44:00.236   327   563 D AALService: Output backlight = 883/1023, CABC gain = 256
02-20 21:44:00.245   924  1024 D AlarmManager: set alarm to RTC 611698
02-20 21:44:00.245   924  1024 I ActivityManager: [Background Service Priority Adjustment] Set callerFg as false for service.getFlags():260
02-20 21:44:00.246   924  1024 V AlarmManager: sending alarm Alarm{2a1477c type 1 when 1487598240245 sina.mobile.tianqitongletv} success
02-20 21:44:00.246   924   924 D AlarmManager: onSendFinished begin
02-20 21:44:00.246  4486  4486 D ActivityThread: SVC-Calling onStartCommand: com.sina.tianqitong.service.TQTService@db45cb7, flags=0, startId=9
02-20 21:44:00.248   924  1024 D DisplayPowerController: requestPowerState: policy=BRIGHT, useProximitySensor=false, screenBrightness=255, screenAutoBrightnessAdjustment=0.0, brightnessSetByUser=true, useAutoBrightness=false, blockScreenOn=false, lowPowerMode=false, boostScreenBrightness=false, dozeScreenBrightness=-1, dozeScreenState=UNKNOWN, waitForNegativeProximity=false
02-20 21:44:00.248   924  1024 D PowerManagerNotifier: onWakeLockAcquired: flags=1, tag="*alarm*", packageName=android, ownerUid=1000, ownerPid=924, workSource=WorkSource{10108}
02-20 21:44:00.248   924   924 D PowerManagerNotifier: onWakeLockReleased: flags=1, tag="*alarm*", packageName=android, ownerUid=1000, ownerPid=924, workSource=WorkSource{10108}
02-20 21:44:00.248   924   924 D DisplayPowerController: requestPowerState: policy=BRIGHT, useProximitySensor=false, screenBrightness=255, screenAutoBrightnessAdjustment=0.0, brightnessSetByUser=true, useAutoBrightness=false, blockScreenOn=false, lowPowerMode=false, boostScreenBrightness=false, dozeScreenBrightness=-1, dozeScreenState=UNKNOWN, waitForNegativeProximity=false
02-20 21:44:00.248   924  1743 V AlarmManager: APP set(PendingIntent{85b6805: PendingIntentRecord{549288a sina.mobile.tianqitongletv startService key.isShadow:false}}) : type=1 triggerAtTime=1487598300247 win=-1 tElapsed=611944 maxElapsed=656943 interval=0 flags=0x0
02-20 21:44:00.248   924  1743 D AlarmManager:  alarm = Alarm{17b005a type 1 when 1487598300247 sina.mobile.tianqitongletv} add to Batch{67e2ae2 num=5 leuiTimeAlign=false start=648047 end=657075}
02-20 21:44:00.249  4486  4486 D ActivityThread: SVC-SERVICE_ARGS handled : 0 / ServiceArgsData{token=android.os.BinderProxy@7fb37b6 startId=9 args=Intent { act=sina.mobile.tianqitongletv.action.startservice.update_widget_clock flg=0x104 mCallingUid=10108 cmp=sina.mobile.tianqitongletv/com.sina.tianqitong.service.TQTService (has extras) }}
02-20 21:44:00.253   327   563 D AALService: Output backlight = 884/1023, CABC gain = 256
02-20 21:44:00.270   327   563 D AALService: Output backlight = 885/1023, CABC gain = 256
02-20 21:44:00.287   327   563 D AALService: Output backlight = 886/1023, CABC gain = 256
02-20 21:44:00.304   327   563 D AALService: Output backlight = 887/1023, CABC gain = 256
02-20 21:44:00.321   327   563 D AALService: Output backlight = 888/1023, CABC gain = 256
02-20 21:44:00.338   327   563 D AALService: Output backlight = 889/1023, CABC gain = 256
02-20 21:44:00.356   327   563 D AALService: Output backlight = 890/1023, CABC gain = 256
02-20 21:44:00.372   327   563 D AALService: Output backlight = 891/1023, CABC gain = 256
02-20 21:44:00.389   327   563 D AALService: Output backlight = 892/1023, CABC gain = 256
02-20 21:44:00.407   327   563 D AALService: Output backlight = 893/1023, CABC gain = 256
02-20 21:44:00.424   327   563 D AALService: Output backlight = 894/1023, CABC gain = 256
02-20 21:44:00.441   327   563 D AALService: Output backlight = 895/1023, CABC gain = 256
02-20 21:44:00.458   327   563 D AALService: Output backlight = 896/1023, CABC gain = 256
02-20 21:44:00.475   327   563 D AALService: Output backlight = 897/1023, CABC gain = 256
02-20 21:44:00.492   327   563 D AALService: Output backlight = 898/1023, CABC gain = 256
02-20 21:44:00.509   327   563 D AALService: Output backlight = 899/1023, CABC gain = 256
02-20 21:44:00.526   327   563 D AALService: Output backlight = 900/1023, CABC gain = 256
02-20 21:44:00.543   327   563 D AALService: Output backlight = 901/1023, CABC gain = 256
02-20 21:44:00.560   327   563 D AALService: Output backlight = 902/1023, CABC gain = 256
02-20 21:44:00.577   327   563 D AALService: Output backlight = 903/1023, CABC gain = 256
02-20 21:44:00.594   327   563 D AALService: Output backlight = 904/1023, CABC gain = 256
02-20 21:44:00.611   327   563 D AALService: Output backlight = 905/1023, CABC gain = 256
02-20 21:44:00.629   327   563 D AALService: Output backlight = 906/1023, CABC gain = 256
02-20 21:44:00.645   327   563 D AALService: Output backlight = 907/1023, CABC gain = 256
02-20 21:44:00.662   327   563 D AALService: Output backlight = 908/1023, CABC gain = 256
02-20 21:44:00.679   327   563 D AALService: Output backlight = 909/1023, CABC gain = 256
02-20 21:44:00.697   327   563 D AALService: Output backlight = 910/1023, CABC gain = 256
02-20 21:44:00.714   327   563 D AALService: Output backlight = 911/1023, CABC gain = 256
02-20 21:44:00.731   327   563 D AALService: Output backlight = 912/1023, CABC gain = 256
02-20 21:44:00.748   327   563 D AALService: Output backlight = 913/1023, CABC gain = 256
02-20 21:44:00.765   327   563 D AALService: Output backlight = 914/1023, CABC gain = 256
02-20 21:44:00.782   327   563 D AALService: Output backlight = 915/1023, CABC gain = 256
02-20 21:44:00.799   327   563 D AALService: Output backlight = 916/1023, CABC gain = 256
02-20 21:44:00.816   327   563 D AALService: Output backlight = 917/1023, CABC gain = 256
02-20 21:44:00.834   327   563 D AALService: Output backlight = 918/1023, CABC gain = 256
02-20 21:44:00.850   327   563 D AALService: Output backlight = 919/1023, CABC gain = 256
02-20 21:44:00.867   327   563 D AALService: Output backlight = 920/1023, CABC gain = 256
02-20 21:44:00.884   327   563 D AALService: Output backlight = 921/1023, CABC gain = 256
02-20 21:44:00.901   327   563 D AALService: Output backlight = 922/1023, CABC gain = 256
02-20 21:44:00.919   327   563 D AALService: Output backlight = 923/1023, CABC gain = 256
02-20 21:44:00.935   327   563 D AALService: Output backlight = 924/1023, CABC gain = 256
02-20 21:44:00.953   327   563 D AALService: Output backlight = 925/1023, CABC gain = 256
02-20 21:44:00.969   327   563 D AALService: Output backlight = 926/1023, CABC gain = 256
02-20 21:44:00.987   327   563 D AALService: Output backlight = 927/1023, CABC gain = 256
