02-20 21:44:01.003   327   563 D AALService: Output backlight = 928/1023, CABC gain = 256
02-20 21:44:01.021   327   563 D AALService: Output backlight = 929/1023, CABC gain = 256
02-20 21:44:01.037   924  1035 E WifiStateMachine:  ConnectedState (when=-3ms what=131155 arg1=4!CMD_RSSI_POLL  rt=416844/552734 4 0 "wukong_office" 0a:18:d6:47:27:40 rssi=-50 f=2462 sc=60 link=65 tx=6.3, 0.0, 0.0  rx=13.7 bcn=0 [on:0 tx:0 rx:0 period:2998] from screen [on:0 period:1539556621] gl hn rssi=-45 ag=0 hr ticks 0,0,0 ls-=0 [56,56,60,60,65] brc=0 lrc=0 offload-stopped
02-20 21:44:01.037   924  1035 E WifiStateMachine:  L2ConnectedState (when=-4ms what=131155 arg1=4!CMD_RSSI_POLL  rt=416845/552735 4 0 "wukong_office" 0a:18:d6:47:27:40 rssi=-50 f=2462 sc=60 link=65 tx=6.3, 0.0, 0.0  rx=13.7 bcn=0 [on:0 tx:0 rx:0 period:0] from screen [on:0 period:1539556621] gl hn rssi=-45 ag=0 hr ticks 0,0,0 ls-=0 [56,56,60,60,65] brc=0 lrc=0 offload-stopped
02-20 21:44:01.037   924  1035 D WifiStateMachine:  get link layer stats 0
02-20 21:44:01.038   327   563 D AALService: Output backlight = 930/1023, CABC gain = 256
02-20 21:44:01.038   924  1035 D WifiHW  : enter -->wifi_send_command cmd=IFNAME=wlan0 SIGNAL_POLL
02-20 21:44:01.038  1542  1542 D wpa_supplicant: wlan0: Control interface command 'SIGNAL_POLL'
02-20 21:44:01.055   924  1035 D WifiHW  : leave --> reply=RSSI=-49
02-20 21:44:01.055   924  1035 D WifiHW  : LINKSPEED=65
02-20 21:44:01.055   924  1035 D WifiHW  : NOISE=9999
02-20 21:44:01.055   924  1035 D WifiHW  : FREQUENCY=2462
02-20 21:44:01.055   924  1035 D WifiHW  : 
02-20 21:44:01.055   924  1035 I WifiStateMachine: fetchRssiLinkSpeedAndFrequencyNative, newRssi:-49, newLinkSpeed:65, SSID:"wukong_office"
02-20 21:44:01.055   924  1035 D WifiStateMachine: mLastSignalLevel:3, newSignalLevel:3
02-20 21:44:01.056   327   563 D AALService: Output backlight = 931/1023, CABC gain = 256
02-20 21:44:01.056   924  1035 E WifiConfigStore: updateConfiguration freq=2462 BSSID=0a:18:d6:47:27:40 RSSI=-49 "wukong_office"WPA_PSK
02-20 21:44:01.056   924  1035 V ActivityManager: Broadcast sticky: Intent { act=android.net.wifi.RSSI_CHANGED flg=0x4000010 mCallingUid=1000 (has extras) } ordered=false userid=-1 callerApp=ProcessRecord{a854fc0 924:system/1000, isShadow:false}
02-20 21:44:01.057   924  1266 D WifiWatchdogStateMachine: RSSI current: 3 new: -49, 3
02-20 21:44:01.057  1346  2093 I NetworkController: onReceive: intent=Intent { act=android.net.wifi.RSSI_CHANGED flg=0x4000010 mCallingUid=1000 (has extras) }
02-20 21:44:01.072   327   563 D AALService: Output backlight = 932/1023, CABC gain = 256
02-20 21:44:01.089   327   563 D AALService: Output backlight = 933/1023, CABC gain = 256
02-20 21:44:01.106   327   563 D AALService: Output backlight = 934/1023, CABC gain = 256
02-20 21:44:01.122   327   579 D AALLightSensor: newLux = 0, [0, 0] -> 0
02-20 21:44:01.124   327   563 D AALService: Output backlight = 935/1023, CABC gain = 256
02-20 21:44:01.126   924   924 E WifiTrafficPoller: TRAFFIC_STATS_POLL true Token 14 num clients 13
02-20 21:44:01.126   924   924 E WifiTrafficPoller:  packet count Tx=1004 Rx=1542
02-20 21:44:01.140   327   563 D AALService: Output backlight = 936/1023, CABC gain = 256
02-20 21:44:01.153  2479  2482 I PerfService: PerfServiceNative_getPackName
02-20 21:44:01.154   924  1665 I libPerfService: perfGetPackName com.example.demo1
02-20 21:44:01.154   924  1665 I libPerfService: perfGetPackName com.example.demo1
02-20 21:44:01.154   924  1665 E PerfService: com.example.demo1
02-20 21:44:01.154   924  1665 D PerfServiceManager: [PerfService] getPackName com.example.demo1 
02-20 21:44:01.154   924  1665 I libPerfService: perfGetPackName com.example.demo1
02-20 21:44:01.154   924  1665 I libPerfService: perfGetPackName com.example.demo1
02-20 21:44:01.154   924  1665 E PerfService: com.example.demo1
02-20 21:44:01.154  2479  2482 I PerfService: com.example.demo1
02-20 21:44:01.157   327   563 D AALService: Output backlight = 937/1023, CABC gain = 256
02-20 21:44:01.170   297   571 I BufferQueueProducer: [StatusBar](this:0x7fa31a8c00,id:12,api:1,p:1346,c:297) queueBuffer: fps=4.13 dur=1211.24 max=409.65 min=68.47
02-20 21:44:01.174   327   563 D AALService: Output backlight = 938/1023, CABC gain = 256
02-20 21:44:01.184   297   297 I SurfaceFlinger: [Built-in Screen (type:0)] fps:3.499586,dur:1142.99,max:409.41,min:119.80
02-20 21:44:01.192   327   563 D AALService: Output backlight = 939/1023, CABC gain = 256
02-20 21:44:01.208   327   563 D AALService: Output backlight = 940/1023, CABC gain = 256
02-20 21:44:01.225   327   563 D AALService: Output backlight = 941/1023, CABC gain = 256
02-20 21:44:01.242   327   563 D AALService: Output backlight = 942/1023, CABC gain = 256
02-20 21:44:01.260   327   563 D AALService: Output backlight = 943/1023, CABC gain = 256
02-20 21:44:01.272   361   361 I thermal_repeater: oh, queryMdThermalInfo (0)No such file or directory
02-20 21:44:01.276   327   563 D AALService: Output backlight = 944/1023, CABC gain = 256
02-20 21:44:01.288   361   361 I thermal_repeater: [recvMdThermalInfo] ret=30, strLen=127,  2, 32767, -127, -1, 32767, 17
02-20 21:44:01.293   327   563 D AALService: Output backlight = 945/1023, CABC gain = 256
02-20 21:44:01.310   327   563 D AALService: Output backlight = 946/1023, CABC gain = 256
02-20 21:44:01.329   327   563 D AALService: Output backlight = 947/1023, CABC gain = 256
02-20 21:44:01.345   327   563 D AALService: Output backlight = 948/1023, CABC gain = 256
02-20 21:44:01.362   327   563 D AALService: Output backlight = 949/1023, CABC gain = 256
02-20 21:44:01.379   327   563 D AALService: Output backlight = 950/1023, CABC gain = 256
02-20 21:44:01.396   327   563 D AALService: Output backlight = 951/1023, CABC gain = 256
02-20 21:44:01.413   327   563 D AALService: Output backlight = 952/1023, CABC gain = 256
02-20 21:44:01.430   327   563 D AALService: Output backlight = 953/1023, CABC gain = 256
02-20 21:44:01.447   327   563 D AALService: Output backlight = 954/1023, CABC gain = 256
02-20 21:44:01.465   327   563 D AALService: Output backlight = 955/1023, CABC gain = 256
02-20 21:44:01.481   327   563 D AALService: Output backlight = 956/1023, CABC gain = 256
02-20 21:44:01.493   924  2195 D DhcpClient: Received packet: f0:b4:29:15:16:12 OFFER, ip /192.168.1.28, mask /255.255.255.0, DNS servers: /192.168.1.1 , gateway /192.168.1.1 lease time 86400, domain null
02-20 21:44:01.493   924  2188 D DhcpClient: DhcpBoundState 0 CMD_RECEIVED_PACKET 0 0 f0:b4:29:15:16:12 OFFER, ip /192.168.1.28, mask /255.255.255.0, DNS servers: /192.168.1.1 , gateway /192.168.1.1 lease time 86400, domain null
02-20 21:44:01.493   924  2188 D DhcpClient: DhcpHaveAddressState 0 CMD_RECEIVED_PACKET 0 0 f0:b4:29:15:16:12 OFFER, ip /192.168.1.28, mask /255.255.255.0, DNS servers: /192.168.1.1 , gateway /192.168.1.1 lease time 86400, domain null
02-20 21:44:01.493   924  2188 D DhcpClient: DhcpState 0 CMD_RECEIVED_PACKET 0 0 f0:b4:29:15:16:12 OFFER, ip /192.168.1.28, mask /255.255.255.0, DNS servers: /192.168.1.1 , gateway /192.168.1.1 lease time 86400, domain null
02-20 21:44:01.498   327   563 D AALService: Output backlight = 957/1023, CABC gain = 256
02-20 21:44:01.515   327   563 D AALService: Output backlight = 958/1023, CABC gain = 256
02-20 21:44:01.533   327   563 D AALService: Output backlight = 959/1023, CABC gain = 256
02-20 21:44:01.549   327   563 D AALService: Output backlight = 960/1023, CABC gain = 256
02-20 21:44:01.566   327   563 D AALService: Output backlight = 961/1023, CABC gain = 256
02-20 21:44:01.583   327   563 D AALService: Output backlight = 962/1023, CABC gain = 256
02-20 21:44:01.601   327   563 D AALService: Output backlight = 963/1023, CABC gain = 256
02-20 21:44:01.607   924   924 V LightsService: setLight #2: color=#0 onMS=0 offMS=0
02-20 21:44:01.607   924   924 D lights  : write_int open fd=234
02-20 21:44:01.618   327   563 D AALService: Output backlight = 964/1023, CABC gain = 256
02-20 21:44:01.621   924  1627 I ActivityManager: Controller Pid : 0
02-20 21:44:01.626  6851  6851 I art     : System.exit called, status: 0
02-20 21:44:01.626  6851  6851 I AndroidRuntime: VM exiting with result code 0.
02-20 21:44:01.635   327   563 D AALService: Output backlight = 965/1023, CABC gain = 256
02-20 21:44:01.652   327   563 D AALService: Output backlight = 966/1023, CABC gain = 256
02-20 21:44:01.655   924  1728 D DisplayManagerService: Display listener for pid 6851 died.
02-20 21:44:01.669   327   563 D AALService: Output backlight = 967/1023, CABC gain = 256
02-20 21:44:01.686   327   563 D AALService: Output backlight = 968/1023, CABC gain = 256
02-20 21:44:01.703   327   563 D AALService: Output backlight = 969/1023, CABC gain = 256
02-20 21:44:01.720   327   563 D AALService: Output backlight = 970/1023, CABC gain = 256
02-20 21:44:01.737   327   563 D AALService: Output backlight = 971/1023, CABC gain = 256
02-20 21:44:01.754   327   563 D AALService: Output backlight = 972/1023, CABC gain = 256
02-20 21:44:01.771   327   563 D AALService: Output backlight = 973/1023, CABC gain = 256
02-20 21:44:01.788   327   563 D AALService: Output backlight = 974/1023, CABC gain = 256
02-20 21:44:01.805   327   563 D AALService: Output backlight = 975/1023, CABC gain = 256
02-20 21:44:01.823   327   563 D AALService: Output backlight = 976/1023, CABC gain = 256
02-20 21:44:01.839   327   563 D AALService: Output backlight = 977/1023, CABC gain = 256
02-20 21:44:01.856   327   563 D AALService: Output backlight = 978/1023, CABC gain = 256
02-20 21:44:01.873   327   563 D AALService: Output backlight = 979/1023, CABC gain = 256
02-20 21:44:01.891   327   563 D AALService: Output backlight = 980/1023, CABC gain = 256
02-20 21:44:01.907   327   563 D AALService: Output backlight = 981/1023, CABC gain = 256
02-20 21:44:01.925   327   563 D AALService: Output backlight = 982/1023, CABC gain = 256
02-20 21:44:01.942   327   563 D AALService: Output backlight = 983/1023, CABC gain = 256
02-20 21:44:01.959   327   563 D AALService: Output backlight = 984/1023, CABC gain = 256
02-20 21:44:01.976   327   563 D AALService: Output backlight = 985/1023, CABC gain = 256
02-20 21:44:01.993   327   563 D AALService: Output backlight = 986/1023, CABC gain = 256
02-20 21:44:02.010   327   563 D AALService: Output backlight = 987/1023, CABC gain = 256
02-20 21:44:02.028   327   563 D AALService: Output backlight = 988/1023, CABC gain = 256
02-20 21:44:02.044   327   563 D AALService: Output backlight = 989/1023, CABC gain = 256
02-20 21:44:02.061   327   563 D AALService: Output backlight = 990/1023, CABC gain = 256
02-20 21:44:02.078   327   563 D AALService: Output backlight = 991/1023, CABC gain = 256
02-20 21:44:02.096   327   563 D AALService: Output backlight = 992/1023, CABC gain = 256
02-20 21:44:02.112   327   563 D AALService: Output backlight = 993/1023, CABC gain = 256
02-20 21:44:02.127   924   924 E WifiTrafficPoller: TRAFFIC_STATS_POLL true Token 14 num clients 13
02-20 21:44:02.127   924   924 E WifiTrafficPoller:  packet count Tx=1004 Rx=1544
02-20 21:44:02.129   327   563 D AALService: Output backlight = 994/1023, CABC gain = 256
02-20 21:44:02.146   327   563 D AALService: Output backlight = 995/1023, CABC gain = 256
02-20 21:44:02.154  2479  2482 I PerfService: PerfServiceNative_getPackName
02-20 21:44:02.155   924   935 I libPerfService: perfGetPackName com.example.demo1
02-20 21:44:02.155   924   935 I libPerfService: perfGetPackName com.example.demo1
02-20 21:44:02.155   924   935 E PerfService: com.example.demo1
02-20 21:44:02.155   924   935 D PerfServiceManager: [PerfService] getPackName com.example.demo1 
02-20 21:44:02.155   924   935 I libPerfService: perfGetPackName com.example.demo1
02-20 21:44:02.155   924   935 I libPerfService: perfGetPackName com.example.demo1
02-20 21:44:02.155   924   935 E PerfService: com.example.demo1
02-20 21:44:02.156  2479  2482 I PerfService: com.example.demo1
02-20 21:44:02.164   327   563 D AALService: Output backlight = 996/1023, CABC gain = 256
02-20 21:44:02.180   327   563 D AALService: Output backlight = 997/1023, CABC gain = 256
02-20 21:44:02.197   327   563 D AALService: Output backlight = 998/1023, CABC gain = 256
02-20 21:44:02.214   327   563 D AALService: Output backlight = 999/1023, CABC gain = 256
02-20 21:44:02.232   327   563 D AALService: Output backlight = 1000/1023, CABC gain = 256
02-20 21:44:02.249   327   563 D AALService: Output backlight = 1001/1023, CABC gain = 256
02-20 21:44:02.266   327   563 D AALService: Output backlight = 1002/1023, CABC gain = 256
02-20 21:44:02.283   327   563 D AALService: Output backlight = 1003/1023, CABC gain = 256
02-20 21:44:02.300   327   563 D AALService: Output backlight = 1004/1023, CABC gain = 256
02-20 21:44:02.317   327   563 D AALService: Output backlight = 1005/1023, CABC gain = 256
02-20 21:44:02.334   327   563 D AALService: Output backlight = 1006/1023, CABC gain = 256
02-20 21:44:02.351   327   563 D AALService: Output backlight = 1007/1023, CABC gain = 256
02-20 21:44:02.364   297  1995 I BufferQueueProducer: [StatusBar](this:0x7fa31a8c00,id:12,api:1,p:1346,c:297) queueBuffer: fps=2.51 dur=1194.08 max=410.21 min=391.45
02-20 21:44:02.369   327   563 D AALService: Output backlight = 1008/1023, CABC gain = 256
02-20 21:44:02.378   297   297 I SurfaceFlinger: [Built-in Screen (type:0)] fps:2.512641,dur:1193.96,max:409.36,min:392.27
02-20 21:44:02.385   327   563 D AALService: Output backlight = 1009/1023, CABC gain = 256
02-20 21:44:02.402   327   563 D AALService: Output backlight = 1010/1023, CABC gain = 256
02-20 21:44:02.419   327   563 D AALService: Output backlight = 1011/1023, CABC gain = 256
02-20 21:44:02.437   327   563 D AALService: Output backlight = 1012/1023, CABC gain = 256
02-20 21:44:02.453   327   563 D AALService: Output backlight = 1013/1023, CABC gain = 256
02-20 21:44:02.470   327   563 D AALService: Output backlight = 1014/1023, CABC gain = 256
02-20 21:44:02.487   327   563 D AALService: Output backlight = 1015/1023, CABC gain = 256
02-20 21:44:02.502  1346  1346 I vol.Events: writeEvent dismiss_dialog timeout
02-20 21:44:02.503  1346  1975 I vol.Events: writeEvent active_stream_changed UNKNOWN_STREAM_-1
02-20 21:44:02.506   327   563 D AALService: Output backlight = 1016/1023, CABC gain = 256
02-20 21:44:02.519   297  1858 I BufferQueueProducer: [VolumeDialog](this:0x7fa306cc00,id:83,api:1,p:1346,c:297) queueBuffer: fps=3.26 dur=3070.14 max=2917.12 min=13.76
02-20 21:44:02.522   327   563 D AALService: Output backlight = 1017/1023, CABC gain = 256
02-20 21:44:02.539   327   563 D AALService: Output backlight = 1018/1023, CABC gain = 256
02-20 21:44:02.556   327   563 D AALService: Output backlight = 1019/1023, CABC gain = 256
02-20 21:44:02.574   327   563 D AALService: Output backlight = 1020/1023, CABC gain = 256
02-20 21:44:02.590   327   563 D AALService: Output backlight = 1021/1023, CABC gain = 256
02-20 21:44:02.607   327   563 D AALService: Output backlight = 1023/1023, CABC gain = 256
02-20 21:44:02.624   327   563 D AALService: enableAALEvent: 1 -> 0
02-20 21:44:02.675   327   563 D AALService: enableAALEvent: 0 -> 1
02-20 21:44:02.692   327   563 D AALService: enableAALEvent: 1 -> 0
02-20 21:44:02.709   327   563 D AALService: enableAALEvent: 0 -> 1
02-20 21:44:02.711   303  2315 I MAL-Daemon:  (        ru_syssig_hndler,  246) [RDS-I][ru_syssig_hndler] Send Event: 688 ## 688 
02-20 21:44:02.711   303  2315 I MAL-Daemon:  (        ru_syssig_hndler,  247) [RDS-I][RDS][RU][ru_syssig_hndler] ru_check_ctx_ptr<0xf598f7a4, 0xf598f7a4>
02-20 21:44:02.711   303  2315 W MAL-Daemon:  (    mdfx_task_send_event,  636) mdfx_task_send_event(): [ACT] should NOT enter this leagcy API!!
02-20 21:44:02.712   303   726 I MAL-Daemon:  (             rds_ru_task,  413) [RDS-I][RU][rds_ru_task] RCV Event: 688 
02-20 21:44:02.712  1542  1542 D wpa_supplicant: wlan0: Control interface command 'SIGNAL_POLL'
02-20 21:44:02.738   303   726 D MAL-Daemon:  (rds_ru_ws_rssi_timer_exp,  499) [RDS_D][RU][rds_ru_ws_rssi_timer_expire_hdlr][RDS] get rssi = -50
02-20 21:44:02.739   303   726 I MAL-Daemon:  (          ru_get_netstat, 2461) [RDS-I][RU][ru_get_netstat] netstat <thrghpt, pkterrt>, wifi <3854, 0%>, mobile <0, 0%>
02-20 21:44:02.822  1346  1962 D Surface : Surface::disconnect(this=0x7fb2869c00,api=1)
02-20 21:44:02.823  1346  1962 D IMGSRV  : gralloc_unregister_buffer:1491: ID=2909 ref=0
02-20 21:44:02.823  1346  1962 D IMGSRV  : gralloc_unregister_buffer:1491: ID=2908 ref=0
02-20 21:44:02.823  1346  1962 D IMGSRV  : gralloc_unregister_buffer:1491: ID=2905 ref=0
02-20 21:44:02.823  1346  1962 D IMGSRV  : gralloc_unregister_buffer:1491: ID=2903 ref=0
02-20 21:44:02.824   297  4539 I BufferQueueProducer: [VolumeDialog](this:0x7fa306cc00,id:83,api:1,p:-1,c:297) disconnect(P): api 1
02-20 21:44:02.824   297  4539 I BufferQueueConsumer: [VolumeDialog](this:0x7fa306cc00,id:83,api:1,p:-1,c:297) getReleasedBuffers: returning mask 0xffffffffffffffff
02-20 21:44:02.824   297  4539 D IMGSRV  : gralloc_device_free:1226: ID=2909 ref=0
02-20 21:44:02.824   297  4539 D IMGSRV  : gralloc_device_free:1226: ID=2908 ref=0
02-20 21:44:02.825   297  4539 D IMGSRV  : gralloc_device_free:1226: ID=2903 ref=0
02-20 21:44:02.829  1346  1962 D Surface : Surface::disconnect(this=0x7fb2869c00,api=1)
02-20 21:44:02.829   297  1995 I BufferQueueProducer: [VolumeDialog](this:0x7fa306cc00,id:83,api:1,p:-1,c:297) disconnect(P): api 1
02-20 21:44:02.832   924   935 D SettingsInterface:  from settings cache , name = accessibility_FACTORYTEST , value = null
02-20 21:44:02.835   924   935 V WindowManager: findFocusedWindow: Found new focus @ 3 = Window{33dfc4d u0 com.example.demo1/com.example.plokmju.testmutilecompile.MainActivity}
02-20 21:44:02.836  1346  1346 D WindowClient: Remove from mViews: com.android.internal.policy.PhoneWindow$DecorView{4ebe5d V.E...... R......D 0,0-1080,220}, this = android.view.WindowManagerGlobal@be8732b
02-20 21:44:02.838   924  1743 D PowerManagerNotifier: onUserActivity: event=0, uid=10032
02-20 21:44:02.838   924  1743 D DisplayPowerController: requestPowerState: policy=BRIGHT, useProximitySensor=false, screenBrightness=255, screenAutoBrightnessAdjustment=0.0, brightnessSetByUser=true, useAutoBrightness=false, blockScreenOn=false, lowPowerMode=false, boostScreenBrightness=false, dozeScreenBrightness=-1, dozeScreenState=UNKNOWN, waitForNegativeProximity=false
02-20 21:44:02.838   297   297 I BufferQueueConsumer: [VolumeDialog](this:0x7fa306cc00,id:83,api:1,p:-1,c:-1) disconnect(C)
02-20 21:44:02.839   297   297 D IMGSRV  : gralloc_device_free:1226: ID=2905 ref=0
02-20 21:44:02.839   297   297 I BufferQueue: [VolumeDialog](this:0x7fa306cc00,id:83,api:1,p:-1,c:-1) ~BufferQueueCore
02-20 21:44:02.843   924  1656 V SettingsProvider: packageValueForCallResult, name = leui_s_mute_key, value : 1
02-20 21:44:02.844   924   934 V SettingsProvider: packageValueForCallResult, name = mutekey_streams_affected, value : 294
02-20 21:44:02.845  1346  1346 D SettingsInterface:  from settings cache , name = leui_s_mute_key , value = 1
02-20 21:44:02.846  1346  1346 D SettingsInterface:  from settings cache , name = mutekey_streams_affected , value = 294
02-20 21:44:02.847   312  1173 D AudioFlinger: +getParameters(): Type-C
02-20 21:44:02.847   312  1173 D AudioALSAHardware: +getParameters(), key = Type-C
02-20 21:44:02.847   312  1173 D AudioALSAHardware: -getParameters(), return ""
02-20 21:44:02.847   312  1173 I str_params: key: 'Type-C' value: ''
02-20 21:44:02.848  1346  1346 D SettingsInterface:  from settings cache , name = leui_s_mute_key , value = 1
02-20 21:44:02.848  1346  1346 D SettingsInterface:  from settings cache , name = mutekey_streams_affected , value = 294
02-20 21:44:02.848  1346  1346 D SettingsInterface:  from settings cache , name = leui_s_mute_key , value = 1
02-20 21:44:02.848  1346  1346 D SettingsInterface:  from settings cache , name = mutekey_streams_affected , value = 294
02-20 21:44:02.848  1346  1346 D SettingsInterface:  from settings cache , name = leui_s_mute_key , value = 1
02-20 21:44:02.848  1346  1346 D SettingsInterface:  from settings cache , name = mutekey_streams_affected , value = 294
02-20 21:44:02.848  1346  1346 D SettingsInterface:  from settings cache , name = leui_s_mute_key , value = 1
02-20 21:44:02.848  1346  1346 D SettingsInterface:  from settings cache , name = mutekey_streams_affected , value = 294
02-20 21:44:02.850  1346  1346 D SettingsInterface:  from settings cache , name = leui_s_mute_key , value = 1
02-20 21:44:02.850  1346  1346 D SettingsInterface:  from settings cache , name = mutekey_streams_affected , value = 294
02-20 21:44:02.851  1346  1346 D SettingsInterface:  from settings cache , name = leui_s_mute_key , value = 1
02-20 21:44:02.851  1346  1346 D SettingsInterface:  from settings cache , name = mutekey_streams_affected , value = 294
02-20 21:44:02.852   312  1173 D AudioFlinger: +getParameters(): Type-C
02-20 21:44:02.852   312  1173 D AudioALSAHardware: +getParameters(), key = Type-C
02-20 21:44:02.852   312  1173 D AudioALSAHardware: -getParameters(), return ""
02-20 21:44:02.852   312  1173 I str_params: key: 'Type-C' value: ''
02-20 21:44:02.853  1346  1346 D SettingsInterface:  from settings cache , name = leui_s_mute_key , value = 1
02-20 21:44:02.854  1346  1346 D SettingsInterface:  from settings cache , name = mutekey_streams_affected , value = 294
02-20 21:44:02.854  1346  1346 D SettingsInterface:  from settings cache , name = leui_s_mute_key , value = 1
02-20 21:44:02.854  1346  1346 D SettingsInterface:  from settings cache , name = mutekey_streams_affected , value = 294
02-20 21:44:02.855  1346  1346 D SettingsInterface:  from settings cache , name = leui_s_mute_key , value = 1
02-20 21:44:02.855  1346  1346 D SettingsInterface:  from settings cache , name = mutekey_streams_affected , value = 294
02-20 21:44:02.855  1346  1346 D SettingsInterface:  from settings cache , name = leui_s_mute_key , value = 1
02-20 21:44:02.855  1346  1346 D SettingsInterface:  from settings cache , name = mutekey_streams_affected , value = 294
02-20 21:44:02.862   327   563 D AALService: enableAALEvent: 1 -> 0
02-20 21:44:03.128   924   924 E WifiTrafficPoller: TRAFFIC_STATS_POLL true Token 14 num clients 13
02-20 21:44:03.128   924   924 E WifiTrafficPoller:  packet count Tx=1004 Rx=1548
02-20 21:44:03.156  2479  2482 I PerfService: PerfServiceNative_getPackName
02-20 21:44:03.156   924  1763 I libPerfService: perfGetPackName com.example.demo1
02-20 21:44:03.156   924  1763 I libPerfService: perfGetPackName com.example.demo1
02-20 21:44:03.156   924  1763 E PerfService: com.example.demo1
02-20 21:44:03.157   924  1763 D PerfServiceManager: [PerfService] getPackName com.example.demo1 
02-20 21:44:03.157   924  1763 I libPerfService: perfGetPackName com.example.demo1
02-20 21:44:03.157   924  1763 I libPerfService: perfGetPackName com.example.demo1
02-20 21:44:03.157   924  1763 E PerfService: com.example.demo1
02-20 21:44:03.157  2479  2482 I PerfService: com.example.demo1
02-20 21:44:03.575   297   569 I BufferQueueProducer: [StatusBar](this:0x7fa31a8c00,id:12,api:1,p:1346,c:297) queueBuffer: fps=2.48 dur=1211.00 max=411.66 min=389.84
02-20 21:44:03.589   297   297 I SurfaceFlinger: [Built-in Screen (type:0)] fps:15.692478,dur:1210.77,max:409.43,min:16.62
02-20 21:44:04.060   924  1035 E WifiStateMachine:  ConnectedState (when=-3ms what=131155 arg1=4!CMD_RSSI_POLL  rt=419868/555758 4 0 "wukong_office" 0a:18:d6:47:27:40 rssi=-49 f=2462 sc=60 link=65 tx=6.7, 0.0, 0.0  rx=12.8 bcn=0 [on:0 tx:0 rx:0 period:3003] from screen [on:0 period:1539559644] gl hn rssi=-44 ag=0 hr ticks 0,0,0 ls-=0 [56,56,60,60,65] brc=0 lrc=0 offload-stopped
02-20 21:44:04.061   924  1035 E WifiStateMachine:  L2ConnectedState (when=-5ms what=131155 arg1=4!CMD_RSSI_POLL  rt=419869/555759 4 0 "wukong_office" 0a:18:d6:47:27:40 rssi=-49 f=2462 sc=60 link=65 tx=6.7, 0.0, 0.0  rx=12.8 bcn=0 [on:0 tx:0 rx:0 period:1] from screen [on:0 period:1539559645] gl hn rssi=-44 ag=0 hr ticks 0,0,0 ls-=0 [56,56,60,60,65] brc=0 lrc=0 offload-stopped
02-20 21:44:04.061   924  1035 D WifiStateMachine:  get link layer stats 0
02-20 21:44:04.061   924  1035 D WifiHW  : enter -->wifi_send_command cmd=IFNAME=wlan0 SIGNAL_POLL
02-20 21:44:04.062  1542  1542 D wpa_supplicant: wlan0: Control interface command 'SIGNAL_POLL'
02-20 21:44:04.086   924  1035 D WifiHW  : leave --> reply=RSSI=-49
02-20 21:44:04.086   924  1035 D WifiHW  : LINKSPEED=65
02-20 21:44:04.086   924  1035 D WifiHW  : NOISE=9999
02-20 21:44:04.086   924  1035 D WifiHW  : FREQUENCY=2462
02-20 21:44:04.086   924  1035 D WifiHW  : 
02-20 21:44:04.086   924  1035 I WifiStateMachine: fetchRssiLinkSpeedAndFrequencyNative, newRssi:-49, newLinkSpeed:65, SSID:"wukong_office"
02-20 21:44:04.086   924  1035 D WifiStateMachine: mLastSignalLevel:3, newSignalLevel:3
02-20 21:44:04.087   924  1035 E WifiConfigStore: updateConfiguration freq=2462 BSSID=0a:18:d6:47:27:40 RSSI=-49 "wukong_office"WPA_PSK
02-20 21:44:04.087   924  1035 V ActivityManager: Broadcast sticky: Intent { act=android.net.wifi.RSSI_CHANGED flg=0x4000010 mCallingUid=1000 (has extras) } ordered=false userid=-1 callerApp=ProcessRecord{a854fc0 924:system/1000, isShadow:false}
02-20 21:44:04.090   924  1266 D WifiWatchdogStateMachine: RSSI current: 3 new: -49, 3
02-20 21:44:04.090  1346  2093 I NetworkController: onReceive: intent=Intent { act=android.net.wifi.RSSI_CHANGED flg=0x4000010 mCallingUid=1000 (has extras) }
02-20 21:44:04.128   924   924 E WifiTrafficPoller: TRAFFIC_STATS_POLL true Token 14 num clients 13
02-20 21:44:04.129   924   924 E WifiTrafficPoller:  packet count Tx=1004 Rx=1550
02-20 21:44:04.158  2479  2482 I PerfService: PerfServiceNative_getPackName
02-20 21:44:04.158   924  1728 I libPerfService: perfGetPackName com.example.demo1
02-20 21:44:04.158   924  1728 I libPerfService: perfGetPackName com.example.demo1
02-20 21:44:04.158   924  1728 E PerfService: com.example.demo1
02-20 21:44:04.158   924  1728 D PerfServiceManager: [PerfService] getPackName com.example.demo1 
02-20 21:44:04.158   924  1728 I libPerfService: perfGetPackName com.example.demo1
02-20 21:44:04.158   924  1728 I libPerfService: perfGetPackName com.example.demo1
02-20 21:44:04.158   924  1728 E PerfService: com.example.demo1
02-20 21:44:04.159  2479  2482 I PerfService: com.example.demo1
02-20 21:44:04.250   308   917 D SocketClient: SocketClient sendData done: 
02-20 21:44:04.277  5307  5332 I System.out: close [socket][/:::-1]
02-20 21:44:04.463   924  2195 D DhcpClient: Received packet: f0:b4:29:15:16:12 OFFER, ip /192.168.1.28, mask /255.255.255.0, DNS servers: /192.168.1.1 , gateway /192.168.1.1 lease time 86400, domain null
02-20 21:44:04.463   924  2188 D DhcpClient: DhcpBoundState -1ms CMD_RECEIVED_PACKET 0 0 f0:b4:29:15:16:12 OFFER, ip /192.168.1.28, mask /255.255.255.0, DNS servers: /192.168.1.1 , gateway /192.168.1.1 lease time 86400, domain null
02-20 21:44:04.463   924  2188 D DhcpClient: DhcpHaveAddressState -1ms CMD_RECEIVED_PACKET 0 0 f0:b4:29:15:16:12 OFFER, ip /192.168.1.28, mask /255.255.255.0, DNS servers: /192.168.1.1 , gateway /192.168.1.1 lease time 86400, domain null
02-20 21:44:04.463   924  2188 D DhcpClient: DhcpState -1ms CMD_RECEIVED_PACKET 0 0 f0:b4:29:15:16:12 OFFER, ip /192.168.1.28, mask /255.255.255.0, DNS servers: /192.168.1.1 , gateway /192.168.1.1 lease time 86400, domain null
02-20 21:44:04.554  1893  1900 I System  : FinalizerDaemon: finalize objects = 94
02-20 21:44:04.562  1804  1811 I System  : FinalizerDaemon: finalize objects = 104
02-20 21:44:04.768   297   571 I BufferQueueProducer: [StatusBar](this:0x7fa31a8c00,id:12,api:1,p:1346,c:297) queueBuffer: fps=2.51 dur=1193.78 max=409.64 min=391.94
02-20 21:44:04.783   297   297 I SurfaceFlinger: [Built-in Screen (type:0)] fps:2.512682,dur:1193.94,max:409.45,min:392.24
02-20 21:44:05.130   924   924 E WifiTrafficPoller: TRAFFIC_STATS_POLL true Token 14 num clients 13
02-20 21:44:05.130   924   924 E WifiTrafficPoller:  packet count Tx=1004 Rx=1557
02-20 21:44:05.160  2479  2482 I PerfService: PerfServiceNative_getPackName
02-20 21:44:05.160   924  1656 I libPerfService: perfGetPackName com.example.demo1
02-20 21:44:05.160   924  1656 I libPerfService: perfGetPackName com.example.demo1
02-20 21:44:05.160   924  1656 E PerfService: com.example.demo1
02-20 21:44:05.160   924  1656 D PerfServiceManager: [PerfService] getPackName com.example.demo1 
02-20 21:44:05.160   924  1656 I libPerfService: perfGetPackName com.example.demo1
02-20 21:44:05.160   924  1656 I libPerfService: perfGetPackName com.example.demo1
02-20 21:44:05.160   924  1656 E PerfService: com.example.demo1
02-20 21:44:05.160  2479  2482 I PerfService: com.example.demo1
02-20 21:44:05.262  2759  2759 D Music.Play.Tag-Service: register for next state check: 5500
02-20 21:44:05.711   303  2315 I MAL-Daemon:  (        ru_syssig_hndler,  246) [RDS-I][ru_syssig_hndler] Send Event: 688 ## 688 
02-20 21:44:05.711   303  2315 I MAL-Daemon:  (        ru_syssig_hndler,  247) [RDS-I][RDS][RU][ru_syssig_hndler] ru_check_ctx_ptr<0xf598f7a4, 0xf598f7a4>
02-20 21:44:05.711   303  2315 W MAL-Daemon:  (    mdfx_task_send_event,  636) mdfx_task_send_event(): [ACT] should NOT enter this leagcy API!!
02-20 21:44:05.712   303   726 I MAL-Daemon:  (             rds_ru_task,  413) [RDS-I][RU][rds_ru_task] RCV Event: 688 
02-20 21:44:05.712  1542  1542 D wpa_supplicant: wlan0: Control interface command 'SIGNAL_POLL'
02-20 21:44:05.736   303   726 D MAL-Daemon:  (rds_ru_ws_rssi_timer_exp,  499) [RDS_D][RU][rds_ru_ws_rssi_timer_expire_hdlr][RDS] get rssi = -49
02-20 21:44:05.736   303   726 I MAL-Daemon:  (  ru_wsl_wifi_status_ind,  483) [RDS-I][RDS][RU][ru_wsl_wifi_status_ind] ru_check_ctx_ptr<0xf598f7a4, 0xf598f7a4>
02-20 21:44:05.736   303   726 W MAL-Daemon:  (    mdfx_task_send_event,  636) mdfx_task_send_event(): [ACT] should NOT enter this leagcy API!!
02-20 21:44:05.737   303   726 I MAL-Daemon:  (          ru_get_netstat, 2461) [RDS-I][RU][ru_get_netstat] netstat <thrghpt, pkterrt>, wifi <3729, 0%>, mobile <344, 0%>
02-20 21:44:05.737   303   726 I MAL-Daemon:  (             rds_ru_task,  413) [RDS-I][RU][rds_ru_task] RCV Event: 604 
02-20 21:44:05.737   303   726 I MAL-Daemon:  (  rds_ru_wifi_status_ind,  760) [RDS-I][RU][EVENT_RU_WS_WIFI_STATUS_IND] fgwifi_en:1(no use) i4wifirssi:0xffffffcf
02-20 21:44:05.737   303   726 I MAL-Daemon:  (    rds_op_check_feature,  169) [RDS-I][RDS][OP][rds_op_check_feature] operator id(0) check feature<0>, curr_opmsk is <0>, sys_opmsk is <, 0>
02-20 21:44:05.737   303   726 I MAL-Daemon:  (          rds_ru_rpl_gen, 2124) [RDS-I][RU][rds_ru_rpl_gen][RDS] Current policy: fgimsolte_en<0>, fgwfc_en<0>, erdspolicy<3>, i4wifirssih<-75>, i4wifirssil<-85>, i4ltersrph<-106>, i4ltersrpl<-116>
02-20 21:44:05.737   303   726 I MAL-Daemon:  (          rds_ru_rpl_gen, 2127) [RDS-I][RU][rds_ru_rpl_gen][RDS] current rds ru status: i4wifirssi<-49>, i4ltersrp<-92>, u4active_ran<1> 
02-20 21:44:05.737   303   726 I MAL-Daemon:  (          rds_ru_rpl_gen, 2133) [RDS-I][RU][RDS IMS/MMS][rds_ru_rpl_gen] Ori:(255,255)/(255,255) New:(255,255)/(255,255)
02-20 21:44:05.979   297  1995 I BufferQueueProducer: [StatusBar](this:0x7fa31a8c00,id:12,api:1,p:1346,c:297) queueBuffer: fps=2.48 dur=1211.03 max=409.59 min=392.57
02-20 21:44:05.994   297   297 I SurfaceFlinger: [Built-in Screen (type:0)] fps:2.477346,dur:1210.97,max:409.35,min:392.43
02-20 21:44:06.132   924   924 E WifiTrafficPoller: TRAFFIC_STATS_POLL true Token 14 num clients 13
02-20 21:44:06.132   924   924 E WifiTrafficPoller:  packet count Tx=1004 Rx=1558
02-20 21:44:06.161  2479  2482 I PerfService: PerfServiceNative_getPackName
02-20 21:44:06.161   924  1743 I libPerfService: perfGetPackName com.example.demo1
02-20 21:44:06.161   924  1743 I libPerfService: perfGetPackName com.example.demo1
02-20 21:44:06.161   924  1743 E PerfService: com.example.demo1
02-20 21:44:06.161   924  1743 D PerfServiceManager: [PerfService] getPackName com.example.demo1 
02-20 21:44:06.161   924  1743 I libPerfService: perfGetPackName com.example.demo1
02-20 21:44:06.161   924  1743 I libPerfService: perfGetPackName com.example.demo1
02-20 21:44:06.161   924  1743 E PerfService: com.example.demo1
02-20 21:44:06.162  2479  2482 I PerfService: com.example.demo1
02-20 21:44:06.177   327   579 D AALLightSensor: newLux = 0, [0, 0] -> 0
02-20 21:44:06.292   361   361 I thermal_repeater: select timeout
02-20 21:44:07.091   924  1035 E WifiStateMachine:  ConnectedState (when=-3ms what=131155 arg1=4!CMD_RSSI_POLL  rt=422898/558788 4 0 "wukong_office" 0a:18:d6:47:27:40 rssi=-49 f=2462 sc=60 link=65 tx=3.3, 0.0, 0.0  rx=10.4 bcn=0 [on:0 tx:0 rx:0 period:3002] from screen [on:0 period:1539562675] gl hn rssi=-44 ag=0 hr ticks 0,0,0 ls-=0 [56,56,56,56,61] brc=0 lrc=0 offload-stopped
02-20 21:44:07.091   924  1035 E WifiStateMachine:  L2ConnectedState (when=-4ms what=131155 arg1=4!CMD_RSSI_POLL  rt=422899/558789 4 0 "wukong_office" 0a:18:d6:47:27:40 rssi=-49 f=2462 sc=60 link=65 tx=3.3, 0.0, 0.0  rx=10.4 bcn=0 [on:0 tx:0 rx:0 period:0] from screen [on:0 period:1539562675] gl hn rssi=-44 ag=0 hr ticks 0,0,0 ls-=0 [56,56,56,56,61] brc=0 lrc=0 offload-stopped
02-20 21:44:07.091   924  1035 D WifiStateMachine:  get link layer stats 0
02-20 21:44:07.093   924  1035 D WifiHW  : enter -->wifi_send_command cmd=IFNAME=wlan0 SIGNAL_POLL
02-20 21:44:07.093  1542  1542 D wpa_supplicant: wlan0: Control interface command 'SIGNAL_POLL'
02-20 21:44:07.116   924  1035 D WifiHW  : leave --> reply=RSSI=-49
02-20 21:44:07.116   924  1035 D WifiHW  : LINKSPEED=65
02-20 21:44:07.116   924  1035 D WifiHW  : NOISE=9999
02-20 21:44:07.116   924  1035 D WifiHW  : FREQUENCY=2462
02-20 21:44:07.116   924  1035 D WifiHW  : 
02-20 21:44:07.117   924  1035 I WifiStateMachine: fetchRssiLinkSpeedAndFrequencyNative, newRssi:-49, newLinkSpeed:65, SSID:"wukong_office"
02-20 21:44:07.117   924  1035 D WifiStateMachine: mLastSignalLevel:3, newSignalLevel:3
02-20 21:44:07.117   924  1035 E WifiConfigStore: updateConfiguration freq=2462 BSSID=0a:18:d6:47:27:40 RSSI=-49 "wukong_office"WPA_PSK
02-20 21:44:07.117   924  1035 V ActivityManager: Broadcast sticky: Intent { act=android.net.wifi.RSSI_CHANGED flg=0x4000010 mCallingUid=1000 (has extras) } ordered=false userid=-1 callerApp=ProcessRecord{a854fc0 924:system/1000, isShadow:false}
02-20 21:44:07.120   924  1266 D WifiWatchdogStateMachine: RSSI current: 3 new: -49, 3
02-20 21:44:07.120  1346  2093 I NetworkController: onReceive: intent=Intent { act=android.net.wifi.RSSI_CHANGED flg=0x4000010 mCallingUid=1000 (has extras) }
02-20 21:44:07.132   924   924 E WifiTrafficPoller: TRAFFIC_STATS_POLL true Token 14 num clients 13
02-20 21:44:07.133   924   924 E WifiTrafficPoller:  packet count Tx=1004 Rx=1561
02-20 21:44:07.162  2479  2482 I PerfService: PerfServiceNative_getPackName
02-20 21:44:07.163   924  1690 I libPerfService: perfGetPackName com.example.demo1
02-20 21:44:07.163   924  1690 I libPerfService: perfGetPackName com.example.demo1
02-20 21:44:07.163   924  1690 E PerfService: com.example.demo1
02-20 21:44:07.163   924  1690 D PerfServiceManager: [PerfService] getPackName com.example.demo1 
02-20 21:44:07.163   924  1690 I libPerfService: perfGetPackName com.example.demo1
02-20 21:44:07.163   924  1690 I libPerfService: perfGetPackName com.example.demo1
02-20 21:44:07.163   924  1690 E PerfService: com.example.demo1
02-20 21:44:07.165  2479  2482 I PerfService: com.example.demo1
02-20 21:44:07.173   297  4539 I BufferQueueProducer: [StatusBar](this:0x7fa31a8c00,id:12,api:1,p:1346,c:297) queueBuffer: fps=2.51 dur=1194.04 max=409.53 min=392.19
02-20 21:44:07.188   297   297 I SurfaceFlinger: [Built-in Screen (type:0)] fps:2.512717,dur:1193.93,max:409.37,min:392.26
02-20 21:44:07.532   924  2195 D DhcpClient: Received packet: f0:b4:29:15:16:12 OFFER, ip /192.168.1.28, mask /255.255.255.0, DNS servers: /192.168.1.1 , gateway /192.168.1.1 lease time 86400, domain null
02-20 21:44:07.533   924  2188 D DhcpClient: DhcpBoundState -1ms CMD_RECEIVED_PACKET 0 0 f0:b4:29:15:16:12 OFFER, ip /192.168.1.28, mask /255.255.255.0, DNS servers: /192.168.1.1 , gateway /192.168.1.1 lease time 86400, domain null
02-20 21:44:07.533   924  2188 D DhcpClient: DhcpHaveAddressState -1ms CMD_RECEIVED_PACKET 0 0 f0:b4:29:15:16:12 OFFER, ip /192.168.1.28, mask /255.255.255.0, DNS servers: /192.168.1.1 , gateway /192.168.1.1 lease time 86400, domain null
02-20 21:44:07.533   924  2188 D DhcpClient: DhcpState -1ms CMD_RECEIVED_PACKET 0 0 f0:b4:29:15:16:12 OFFER, ip /192.168.1.28, mask /255.255.255.0, DNS servers: /192.168.1.1 , gateway /192.168.1.1 lease time 86400, domain null
02-20 21:44:07.981  6912  6912 D AndroidRuntime: >>>>>> START com.android.internal.os.RuntimeInit uid 2000 <<<<<<
02-20 21:44:07.981  6912  6912 D AndroidRuntime: wait_boot_oat_32 : done
02-20 21:44:07.985  6912  6912 D AndroidRuntime: CheckJNI is OFF
02-20 21:44:08.025  6912  6912 D ICU     : No timezone override file found: /data/misc/zoneinfo/current/icu/icu_tzdata.dat
02-20 21:44:08.027   373   373 I sn      : Retry 42
02-20 21:44:08.027   373   373 I sn      : Fail to access err=2
02-20 21:44:08.027   373   373 I sn      : Fail to access err=2
02-20 21:44:08.027   373   373 I sn      : Fail to access err=2
02-20 21:44:08.027   373   373 I sn      : Check all possible paths
02-20 21:44:08.058  6912  6912 I Radio-JNI: register_android_hardware_Radio DONE
02-20 21:44:08.079  6912  6912 D AndroidRuntime: Calling main entry com.android.commands.am.Am
02-20 21:44:08.080   924  1763 I ActivityManager: Force stopping com.example.demo1 appid=10145 user=0: from pid 6912
02-20 21:44:08.081   924  1763 I ActivityManager: Killing 6868:com.example.demo1/u0a145, isShadow:false (adj 0): stop com.example.demo1
02-20 21:44:08.132   924  1656 D GraphicsStats: Buffer count: 6
02-20 21:44:08.133   297  1858 I BufferQueueProducer: [com.example.demo1/com.example.plokmju.testmutilecompile.MainActivity](this:0x7fa714b000,id:82,api:1,p:-1,c:297) disconnect(P): api 1
02-20 21:44:08.133   924  1656 I WindowState: WIN DEATH: Window{33dfc4d u0 com.example.demo1/com.example.plokmju.testmutilecompile.MainActivity}
02-20 21:44:08.133   924  1690 D DisplayManagerService: Display listener for pid 6868 died.
02-20 21:44:08.133   924  1656 V WindowManager: Remove Window{33dfc4d u0 com.example.demo1/com.example.plokmju.testmutilecompile.MainActivity} client=42bdfe4, surface=Surface(name=com.example.demo1/com.example.plokmju.testmutilecompile.MainActivity) Callers=com.android.server.wm.WindowState$DeathRecipient.binderDied:1239 android.os.BinderProxy.sendDeathNotice:566 <bottom of call stack> <bottom of call stack> 
02-20 21:44:08.133   297  1858 D IMGSRV  : gralloc_device_free:1226: ID=2829 ref=0
02-20 21:44:08.133   367   514 D GuiExt  : [GuiExtS] binder of dump tunnel(RB-0x7fab861b20) died
02-20 21:44:08.133   297  4539 I SurfaceFlinger: EventThread Client Pid (6868) disconnected by (297)
02-20 21:44:08.133   297  1858 D IMGSRV  : gralloc_device_free:1226: ID=2835 ref=0
02-20 21:44:08.133   297  4539 I SurfaceFlinger: EventThread Client Pid (6868) disconnected by (297)
02-20 21:44:08.134   297  1858 I BufferQueueConsumer: [com.example.demo1/com.example.plokmju.testmutilecompile.MainActivity](this:0x7fa714b000,id:82,api:1,p:-1,c:297) getReleasedBuffers: returning mask 0xffffffffffffffff
02-20 21:44:08.134   924  1656 D SettingsInterface:  from settings cache , name = accessibility_FACTORYTEST , value = null
02-20 21:44:08.134   924   924 E WifiTrafficPoller: TRAFFIC_STATS_POLL true Token 14 num clients 13
02-20 21:44:08.134   297  1858 D IMGSRV  : gralloc_device_free:1226: ID=2885 ref=0
02-20 21:44:08.134   297  1858 I SurfaceFlinger: [SF client] DEL(0x7fa7152480) for (924:system_server)
02-20 21:44:08.134   297  1858 D SurfaceFlinger:     remove: com.example.demo1/com.example.plokmju.testmutilecompile.MainActivity
02-20 21:44:08.134   924   924 E WifiTrafficPoller:  packet count Tx=1004 Rx=1566
02-20 21:44:08.135   924  1656 V WindowManager: findFocusedWindow: No focusable windows.
02-20 21:44:08.136   924  1656 V WindowManager: Changing focus from Window{33dfc4d u0 com.example.demo1/com.example.plokmju.testmutilecompile.MainActivity} to null Callers=com.android.server.wm.WindowManagerService.removeWindowLocked:3182 com.android.server.wm.WindowState$DeathRecipient.binderDied:1239 android.os.BinderProxy.sendDeathNotice:566 <bottom of call stack> 
02-20 21:44:08.136   924  1656 D SettingsInterface:  from settings cache , name = accessibility_FACTORYTEST , value = null
02-20 21:44:08.136   924  1656 I WindowManager: Input focus has changed to null oldFocusWindow=Window{33dfc4d u0 com.example.demo1/com.example.plokmju.testmutilecompile.MainActivity} updateInputWindow=true
02-20 21:44:08.137   924  1763 D ActivityManager: SVC-handleAppDiedLocked: app = ProcessRecord{b16c28b 6868:com.example.demo1/u0a145, isShadow:false}, app.pid = 6868
02-20 21:44:08.137   924  1763 D ActivityManager: cleanUpApplicationRecord -- 6868
02-20 21:44:08.138   924  1763 V BroadcastQueue: removeReceiverListLocked app = ProcessRecord{b16c28b 6868:com.example.demo1/u0a145, isShadow:false}
02-20 21:44:08.138   924  1763 V BroadcastQueue: removeReceiverListLocked app = ProcessRecord{b16c28b 6868:com.example.demo1/u0a145, isShadow:false}
02-20 21:44:08.138   924  1763 V BroadcastQueue: removeReceiverListLocked app = ProcessRecord{b16c28b 6868:com.example.demo1/u0a145, isShadow:false}
02-20 21:44:08.138   924  1763 D ActivityManager: SVC-mBroadcastQueues: com.android.server.am.BroadcastQueue@eec0ca6
02-20 21:44:08.138   924  1763 D ActivityManager: SVC-mBroadcastQueues: com.android.server.am.BroadcastQueue@4c026e7
02-20 21:44:08.138   924  1763 D ActivityManager: SVC-mBroadcastQueues: com.android.server.am.BroadcastQueue@f552294
02-20 21:44:08.138   924  1763 W ActivityManager: Force removing ActivityRecord{6d17325 u0 com.example.demo1/com.example.plokmju.testmutilecompile.MainActivity, isShadow:false t15}: app died, no saved state
02-20 21:44:08.139   924  1763 V WindowManager: Removing focused app token:AppWindowToken{67292ab token=Token{be17cfa ActivityRecord{6d17325 u0 com.example.demo1/com.example.plokmju.testmutilecompile.MainActivity, isShadow:false t15}}}
02-20 21:44:08.139   924  1763 V WindowManager: findFocusedWindow: No focusable windows.
02-20 21:44:08.139   924  1763 V WindowManager: findFocusedWindow: No focusable windows.
02-20 21:44:08.139   924  1763 D SettingsInterface:  from settings cache , name = accessibility_FACTORYTEST , value = null
02-20 21:44:08.141   924  1763 V WindowManager: Set focused app to: AppWindowToken{73788de token=Token{c727019 ActivityRecord{295d360 u0 com.android.launcher3/.Launcher, isShadow:false t1}}} old focus=null moveFocusNow=true
02-20 21:44:08.141   924  1763 I WindowManager: Set focused app to: AppWindowToken{73788de token=Token{c727019 ActivityRecord{295d360 u0 com.android.launcher3/.Launcher, isShadow:false t1}}} old focus=null moveFocusNow=true
02-20 21:44:08.141   924  1763 V WindowManager: findFocusedWindow: No focusable windows.
02-20 21:44:08.142   297   297 I BufferQueueConsumer: [com.example.demo1/com.example.plokmju.testmutilecompile.MainActivity](this:0x7fa714b000,id:82,api:1,p:-1,c:-1) disconnect(C)
02-20 21:44:08.142   924  1763 D AccessControlManager: checkAccessControlAllowd pkgName=com.android.launcher3
02-20 21:44:08.143   297   297 I BufferQueueConsumer: [DimLayer-12-AnimBg](this:0x7fa306a400,id:80,api:0,p:-1,c:-1) disconnect(C)
02-20 21:44:08.143   924  1763 I WindowManager: setAppVisibility(Token{c727019 ActivityRecord{295d360 u0 com.android.launcher3/.Launcher, isShadow:false t1}}, visible=true): mNextAppTransition=TRANSIT_ACTIVITY_OPEN hidden=true hiddenRequested=true
02-20 21:44:08.143   297   297 I BufferQueueConsumer: [DimLayer-12](this:0x7fa306b800,id:79,api:0,p:-1,c:-1) disconnect(C)
02-20 21:44:08.143   924  1259 I libPerfService: 1: set freq: 1950000
02-20 21:44:08.143   297   297 I BufferQueue: [DimLayer-12-AnimBg](this:0x7fa306a400,id:80,api:0,p:-1,c:-1) ~BufferQueueCore
02-20 21:44:08.143   297   297 I BufferQueue: [com.example.demo1/com.example.plokmju.testmutilecompile.MainActivity](this:0x7fa714b000,id:82,api:1,p:-1,c:-1) ~BufferQueueCore
02-20 21:44:08.143   924  1259 I libPerfService: 1: set: 4
02-20 21:44:08.144   297  4539 I BufferQueue: [DimLayer-12](this:0x7fa306b800,id:79,api:0,p:-1,c:-1) ~BufferQueueCore
02-20 21:44:08.146   924  1763 I libPerfService: perfSetFavorPid - pid:1804, 70c
02-20 21:44:08.146   297   297 D IMGSRV  : gralloc_device_free:1226: ID=2897 ref=0
02-20 21:44:08.147   924  1722 W PackageManager: checkUidPermission(): android.permission.STATUS_BAR of 10009 is denied.
02-20 21:44:08.147   924  1722 I WindowManager: Relayout Window{3a7f912 u0 com.android.launcher3/com.android.launcher3.Launcher}: viewVisibility=4 oldVisibility=8 mRelayoutCalled=true flagChanges=0x0 flags=0x81910100 receiveKey=false
02-20 21:44:08.147   924  1722 V WindowManager: findFocusedWindow: No focusable windows.
02-20 21:44:08.148   924  1722 D SettingsInterface:  from settings cache , name = accessibility_FACTORYTEST , value = null
02-20 21:44:08.149   924  1763 D InputReader: InputReader:: getSwitchState lock 
02-20 21:44:08.150   924  1763 D InputReader: InputReader::getStateLocked:: return 
02-20 21:44:08.150  1804  5071 I ActivityThreadEui: scheduleResumeActivity com.android.launcher3.Launcher
02-20 21:44:08.150   924  1763 D SettingsInterface:  from settings cache , name = accessibility_FACTORYTEST , value = null
02-20 21:44:08.150  1804  1804 V ActivityThread: Performing resume of ActivityRecord{7c8f03e token=android.os.BinderProxy@7b55e9f {com.android.launcher3/com.android.launcher3.Launcher}}
02-20 21:44:08.153   924  1763 D SettingsInterface:  from settings cache , name = accessibility_FACTORYTEST , value = null
02-20 21:44:08.154   924  1763 V ActivityManager: Broadcast: Intent { act=android.intent.action.PACKAGE_RESTARTED dat=package:com.example.demo1 flg=0x10 mCallingUid=1000 (has extras) } ordered=false userid=0 callerApp=null
02-20 21:44:08.154   924  1778 W ActivityManager: Spurious death for ProcessRecord{b16c28b 0:com.example.demo1/u0a145, isShadow:false}, curProc for 6868: null
02-20 21:44:08.154   924   941 W PackageManager: checkUidPermission(): android.permission.INTERNET of 10145 is denied.
02-20 21:44:08.154  6912  6912 D AndroidRuntime: Shutting down VM
02-20 21:44:08.154   924   946 I WindowManager: Focus moving from Window{33dfc4d u0 com.example.demo1/com.example.plokmju.testmutilecompile.MainActivity} to null
02-20 21:44:08.154   924   946 I WindowManager: Losing focus: Window{33dfc4d u0 com.example.demo1/com.example.plokmju.testmutilecompile.MainActivity}
02-20 21:44:08.154   924   941 D ConnectivityService: getActiveNetworkInfo networkInfo = [type: WIFI[], state: CONNECTED/CONNECTED, reason: (unspecified), extra: "wukong_office", roaming: false, failover: false, isAvailable: true]
02-20 21:44:08.155   924   939 W AppOps  : isskipsystem  code:43  uid:1000
02-20 21:44:08.155   924   941 V NetworkStats: setKernelCounterSet uid=10009 set=1
02-20 21:44:08.155  1760  3094 D PCtrlBgApp: remove : 10145, pkg=[com.example.demo1 ]
02-20 21:44:08.157  4574  4574 D ActivityThread: SVC-Calling onStartCommand: com.letv.android.usagestats.UsageStatsReportService@3d0268a, flags=0, startId=4
02-20 21:44:08.157  4574  4574 D ActivityThread: SVC-SERVICE_ARGS handled : 0 / ServiceArgsData{token=android.os.BinderProxy@6b188f5 startId=4 args=Intent { act=com.letv.android.usagestats.REPORT mCallingUid=1000 pkg=com.letv.android.usagestats (has extras) }}
02-20 21:44:08.158   924   924 D AlarmManager: UninstallReceiver  action = android.intent.action.PACKAGE_RESTARTED
02-20 21:44:08.159  2456  2504 I System.out: [CDS][DNS] getAllByNameImpl netId = 0
02-20 21:44:08.159   924   924 I NotificationService: action=android.intent.action.PACKAGE_RESTARTED queryReplace=false
02-20 21:44:08.159   924   924 D JobSchedulerService: Receieved: android.intent.action.PACKAGE_RESTARTED
02-20 21:44:08.159  2456  2504 D libc-netbsd: [getaddrinfo]: hostname=agnes.www.letv.com; servname=(null); netid=0; mark=0
02-20 21:44:08.159  2456  2504 D libc-netbsd: [getaddrinfo]: ai_addrlen=0; ai_canonname=(null); ai_flags=4; ai_family=0
02-20 21:44:08.159  2456  2504 D libc-netbsd: [getaddrinfo]: hostname=agnes.www.letv.com; servname=(null); netid=0; mark=0
02-20 21:44:08.159  2456  2504 D libc-netbsd: [getaddrinfo]: ai_addrlen=0; ai_canonname=(null); ai_flags=1024; ai_family=0
02-20 21:44:08.160   308   914 D FrameworkListener: dispatchCommand data = (getaddrinfo agnes.www.letv.com ^ 1024 0 1 0 0)
02-20 21:44:08.160  1804  1804 I SarrsFragment: [v3.0.2.267]onStart
02-20 21:44:08.160  1804  1804 I SarrsFragment: [v2.2.2.265]onStart
02-20 21:44:08.160  1804  1804 V Launcher: Launcher.onResume()
02-20 21:44:08.160  1804  1804 D Launcher: Time spent in onResume: 0
02-20 21:44:08.161   308  6921 D libc-netbsd: [getaddrinfo]: hostname=agnes.www.letv.com; servname=(null); netid=1000; mark=1000
02-20 21:44:08.161   308  6921 D libc-netbsd: [getaddrinfo]: ai_addrlen=0; ai_canonname=(null); ai_flags=1024; ai_family=0
02-20 21:44:08.161   308  6921 D libc-netbsd: getaddrinfo: agnes.www.letv.com get result from proxy gai_error = 11
02-20 21:44:08.162   308  6921 D libc-netbsd: default dns: query_ipv6=0, query_ipv4=1
02-20 21:44:08.162   308  6921 D libc-netbsd: res_queryN name = agnes.www.letv.com, class = 1, type = 1
02-20 21:44:08.162   308  6921 D libc-netbsd: res_queryN name = agnes.www.letv.com succeed
02-20 21:44:08.162   308  6921 D SocketClient: SocketClient sendData done: 222
02-20 21:44:08.162   308  6921 D SocketClient: SocketClient sendData done: 
02-20 21:44:08.162   308  6921 D SocketClient: SocketClient sendData done: 
