02-20 21:34:50.610   267   267 I auditd  : type=1403 audit(0.0:2): policy loaded auid=4294967295 ses=4294967295
02-20 21:34:50.610   267   267 I auditd  : type=1404 audit(0.0:3): enforcing=1 old_enforcing=0 auid=4294967295 ses=4294967295
02-20 21:34:51.510     1     1 I auditd  : type=1400 audit(0.0:4): avc: denied { write } for comm="init" name="tmp" dev="mmcblk0p23" ino=105458 scontext=u:r:init:s0 tcontext=u:object_r:shell_data_file:s0 tclass=dir permissive=0
02-20 21:34:52.150   340   340 I auditd  : type=1400 audit(0.0:5): avc: denied { execute } for comm="sh" name="busybox" dev="rootfs" ino=2129 scontext=u:r:nvram_daemon:s0 tcontext=u:object_r:rootfs:s0 tclass=file permissive=0
02-20 21:34:52.170   344   344 I auditd  : type=1400 audit(0.0:6): avc: denied { execute } for comm="sh" name="busybox" dev="rootfs" ino=2129 scontext=u:r:nvram_daemon:s0 tcontext=u:object_r:rootfs:s0 tclass=file permissive=0
02-20 21:34:52.480   360   360 I auditd  : type=1400 audit(0.0:7): avc: denied { write } for comm="thermal_manager" name="hispeed_freq" dev="sysfs" ino=10992 scontext=u:r:thermal_manager:s0 tcontext=u:object_r:sysfs_devices_system_cpu:s0 tclass=file permissive=0
02-20 21:34:52.480   360   360 I auditd  : type=1400 audit(0.0:8): avc: denied { write } for comm="thermal_manager" name="min_sample_time" dev="sysfs" ino=10994 scontext=u:r:thermal_manager:s0 tcontext=u:object_r:sysfs_devices_system_cpu:s0 tclass=file permissive=0
02-20 21:34:53.605   370   370 I boot_progress_start: 5044
02-20 21:34:54.465   371   371 I boot_progress_preload_start: 5904
02-20 21:34:54.537   370   370 I boot_progress_preload_start: 5976
02-20 21:34:56.821   370   370 I boot_progress_preload_end: 8259
02-20 21:34:56.953   371   371 I boot_progress_preload_end: 8392
02-20 21:34:57.014   924   924 I boot_progress_system_run: 8453
02-20 21:34:57.424   924   924 I boot_progress_pms_start: 8863
02-20 21:34:57.725   924   924 I pm_critical_info: Need to read from backup stopped packages file
02-20 21:34:57.741   924   924 I boot_progress_pms_system_scan_start: 9180
02-20 21:35:01.150   993   993 I auditd  : type=1400 audit(0.0:9): avc: denied { read write } for comm="mtkrild" name="mmcblk0p10" dev="tmpfs" ino=8448 scontext=u:r:mtkrild:s0 tcontext=u:object_r:frp_block_device:s0 tclass=blk_file permissive=0
02-20 21:35:02.399   924   924 I boot_progress_pms_data_scan_start: 13838
02-20 21:35:02.880   993   993 I auditd  : type=1400 audit(0.0:10): avc: denied { read write } for comm="mtkrild" name="mmcblk0p10" dev="tmpfs" ino=8448 scontext=u:r:mtkrild:s0 tcontext=u:object_r:frp_block_device:s0 tclass=blk_file permissive=0
02-20 21:35:03.238   924   924 I boot_progress_pms_scan_end: 14677
02-20 21:35:03.471   924   924 I boot_progress_pms_ready: 14910
02-20 21:35:03.802   924   924 I wm_stack_created: [0,0,0,0,0]
02-20 21:35:03.874   924   924 I configuration_changed: 7672
02-20 21:35:03.882   924   924 I configuration_changed: 1024
02-20 21:35:03.904   924   924 I configuration_changed: 512
02-20 21:35:04.304   924  1026 I configuration_changed: 8
02-20 21:35:04.470   924   924 I free_storage_left: [5508370432,285421568,421335040]
02-20 21:35:04.470   924   924 I free_storage_changed: 5508370432
02-20 21:35:04.781   924   924 I stream_devices_changed: [0,0,1]
02-20 21:35:04.782   924   924 I stream_devices_changed: [2,0,2]
02-20 21:35:04.782   924   924 I stream_devices_changed: [3,0,2]
02-20 21:35:04.783   924   924 I stream_devices_changed: [4,0,2]
02-20 21:35:04.783   924   924 I stream_devices_changed: [6,0,1]
02-20 21:35:05.060   924   924 I vibrator_source: vibrate from uid=1000 opPkg=android repeat =-1 pattern =[0, 1, 20, 21]
02-20 21:35:05.280   924   924 I boot_progress_ams_ready: 16719
02-20 21:35:05.281   924   924 I configuration_changed: 1073741824
02-20 21:35:05.284   924   924 I battery_status: [3,2,1,0,Li-poly]
02-20 21:35:05.284   924   924 I battery_level: [33,3732,390]
02-20 21:35:05.327   924   940 I am_proc_start: [0,1283,10089,com.mediatek.floatmenu,broadcast,com.mediatek.floatmenu/.FloatMenuReceiver]
02-20 21:35:05.342   924   940 I am_proc_start: [0,1297,10088,com.mediatek.mtklogger,broadcast,com.mediatek.mtklogger/.framework.LogReceiver]
02-20 21:35:05.343   924   935 I am_proc_bound: [0,1283,com.mediatek.floatmenu]
02-20 21:35:05.406   924   924 I am_proc_start: [0,1310,1037,WebViewLoader-armeabi-v7a,,]
02-20 21:35:05.406   924   938 I am_proc_bound: [0,1297,com.mediatek.mtklogger]
02-20 21:35:05.418   924   924 I am_proc_start: [0,1322,1037,WebViewLoader-arm64-v8a,,]
02-20 21:35:05.430   924  1309 I am_proc_start: [0,1334,10007,com.android.externalstorage,broadcast,com.android.externalstorage/.MountReceiver]
02-20 21:35:05.442   924   924 I am_proc_start: [0,1346,10032,com.android.systemui,service,com.android.systemui/.SystemUIService]
02-20 21:35:05.442   924   935 I am_proc_bound: [0,1334,com.android.externalstorage]
02-20 21:35:05.451   924   934 I am_proc_bound: [0,1346,com.android.systemui]
02-20 21:35:05.594   924   934 I am_proc_start: [0,1381,10006,android.process.media,broadcast,com.android.providers.media/.MtpReceiver]
02-20 21:35:05.604   924   935 I am_proc_bound: [0,1381,android.process.media]
02-20 21:35:06.477   924   940 I am_proc_start: [0,1526,10149,com.tencent.mm,broadcast,com.tencent.mm/.booter.BluetoothReceiver]
02-20 21:35:06.492   924  1309 I am_proc_bound: [0,1526,com.tencent.mm]
02-20 21:35:06.544   924   924 I am_proc_start: [0,1544,10032,com.android.systemui:imagewallpaper,service,com.android.systemui/.ImageWallpaper]
02-20 21:35:06.556   924   934 I am_proc_bound: [0,1544,com.android.systemui:imagewallpaper]
02-20 21:35:06.572   924   924 I am_proc_start: [0,1556,10038,com.baidu.input_letv,service,com.baidu.input_letv/.ImeService]
02-20 21:35:06.590   924   934 I am_proc_bound: [0,1556,com.baidu.input_letv]
02-20 21:35:06.722   924   924 I am_proc_start: [0,1578,10092,com.baidu.map.location,service,com.baidu.map.location/.BaiduNetworkLocationService]
02-20 21:35:06.735   924   935 I am_proc_bound: [0,1578,com.baidu.map.location]
02-20 21:35:06.815   924   924 I am_proc_start: [0,1599,1001,com.android.phone,added application,com.android.phone]
02-20 21:35:06.829   924   924 I am_proc_start: [0,1612,1001,com.mediatek.gba,added application,com.mediatek.gba]
02-20 21:35:06.842   924   924 I am_proc_start: [0,1619,1001,com.mediatek.ims,added application,com.mediatek.ims]
02-20 21:35:06.857   924   924 I am_proc_start: [0,1635,1001,com.mediatek.wfo.impl,added application,com.mediatek.wfo.impl]
02-20 21:35:06.871   924   924 I am_proc_start: [0,1651,10011,com.letv.android.freeflow,added application,com.letv.android.freeflow]
02-20 21:35:06.889   924   924 I am_proc_start: [0,1666,10016,com.android.mms,added application,com.android.mms]
02-20 21:35:06.903   924   924 I am_proc_start: [0,1681,1000,com.mediatek.voiceextension,added application,com.mediatek.voiceextension]
02-20 21:35:06.923   924   924 I am_proc_start: [0,1699,10111,com.stv.android.videochat,added application,com.stv.android.videochat]
02-20 21:35:06.939   924   924 I am_proc_start: [0,1709,10110,com.letv.gallery3d.syncservice,added application,com.letv.gallery3d.syncservice]
02-20 21:35:06.965   924   924 I am_proc_start: [0,1725,1000,com.mediatek.nlpservice,added application,com.mediatek.nlpservice]
02-20 21:35:06.985   924   924 I am_proc_start: [0,1741,10010,com.letv.domain,added application,com.letv.domain]
02-20 21:35:07.009   924   924 I am_proc_start: [0,1760,10018,com.letv.android.phonecontrol,added application,com.letv.android.phonecontrol]
02-20 21:35:07.024   924   924 I am_proc_start: [0,1774,1000,com.dolby,added application,com.dolby]
02-20 21:35:07.036   924   924 I am_proc_start: [0,1789,10071,com.letv.android.privacydata,added application,com.letv.android.privacydata]
02-20 21:35:07.048   924   924 I am_create_task: [0,1]
02-20 21:35:07.049   924   924 I am_create_activity: [0,43373408,1,com.android.launcher3/.Launcher,android.intent.action.MAIN,NULL,NULL,268435456]
02-20 21:35:07.050   924   924 I wm_task_created: [1,0]
02-20 21:35:07.051   924   924 I wm_task_moved: [1,1,0]
02-20 21:35:07.063   924   924 I am_proc_start: [0,1804,10009,com.android.launcher3,activity,com.android.launcher3/.Launcher]
02-20 21:35:07.064   924   924 I wm_task_moved: [1,1,0]
02-20 21:35:07.066   924   924 I am_focused_activity: [0,com.android.launcher3/.Launcher]
02-20 21:35:07.111   924   939 I am_proc_start: [0,1816,10098,com.android.printspooler,service,com.android.printspooler/.model.PrintSpoolerService]
02-20 21:35:07.111   924   938 I am_proc_bound: [0,1599,com.android.phone]
02-20 21:35:07.114   924  1309 I am_proc_bound: [0,1612,com.mediatek.gba]
02-20 21:35:07.116   924  1627 I am_proc_bound: [0,1619,com.mediatek.ims]
02-20 21:35:07.118   924   934 I am_proc_bound: [0,1635,com.mediatek.wfo.impl]
02-20 21:35:07.119   924  1656 I am_proc_bound: [0,1651,com.letv.android.freeflow]
02-20 21:35:07.121   924  1665 I am_proc_bound: [0,1666,com.android.mms]
02-20 21:35:07.123   924  1690 I am_proc_bound: [0,1681,com.mediatek.voiceextension]
02-20 21:35:07.126   924  1694 I am_proc_bound: [0,1709,com.letv.gallery3d.syncservice]
02-20 21:35:07.128   924  1658 I am_proc_bound: [0,1699,com.stv.android.videochat]
02-20 21:35:07.131   924  1728 I am_proc_bound: [0,1725,com.mediatek.nlpservice]
02-20 21:35:07.134   924  1722 I am_proc_bound: [0,1741,com.letv.domain]
02-20 21:35:07.136   924  1763 I am_proc_bound: [0,1760,com.letv.android.phonecontrol]
02-20 21:35:07.137   924  1743 I am_proc_bound: [0,1774,com.dolby]
02-20 21:35:07.139   924  1787 I am_proc_bound: [0,1789,com.letv.android.privacydata]
02-20 21:35:07.144   924   935 I am_proc_bound: [0,1816,com.android.printspooler]
02-20 21:35:07.151   924  1778 I am_proc_bound: [0,1804,com.android.launcher3]
02-20 21:35:07.155   924  1778 I am_restart_activity: [0,43373408,1,com.android.launcher3/.Launcher]
02-20 21:35:07.814   924   938 I force_gc: Binder
02-20 21:35:07.984   924  1728 I am_proc_start: [0,1893,10078,com.letv.app.appstore,service,com.letv.app.appstore/.thirdGetDownloadInfo.ThirdGetDownloadInfoService]
02-20 21:35:07.992   924  1694 I am_proc_bound: [0,1893,com.letv.app.appstore]
02-20 21:35:08.085   924  1910 I am_proc_start: [0,1911,10002,android.process.acore,content provider,com.android.providers.contacts/.CallLogProvider]
02-20 21:35:08.091   924   924 I notification_cancel: [1000,924,android,134545536,NULL,-1,0,0,8,NULL]
02-20 21:35:08.093   924   935 I am_proc_bound: [0,1911,android.process.acore]
02-20 21:35:08.362   924   935 I force_gc: Binder
02-20 21:35:08.433  1346  1975 I sysui_action: [213,1]
02-20 21:35:08.647   924   940 I am_proc_start: [0,1981,10046,com.android.deskclock,broadcast,com.android.deskclock/.provider.DigitalClockWidgetProvider]
02-20 21:35:08.663   924  1656 I am_proc_bound: [0,1981,com.android.deskclock]
02-20 21:35:08.830   924  1722 I am_proc_start: [0,2007,10065,com.letv.android.emojistore,content provider,com.letv.android.emojistore/.provider.EmojiStoreProvider]
02-20 21:35:08.845   924   924 I notification_cancel: [1000,924,android,134348888,NULL,0,0,0,8,NULL]
02-20 21:35:08.858   924  1690 I am_proc_bound: [0,2007,com.letv.android.emojistore]
02-20 21:35:08.913  1599  1599 I gsm_service_state_change: [1,1,3,3]
02-20 21:35:09.000   924  1728 I am_proc_start: [0,2031,10043,com.android.calendar,service,com.android.calendar/.IClockService]
02-20 21:35:09.009   924  1694 I am_proc_bound: [0,2031,com.android.calendar]
02-20 21:35:09.025  1599  1599 I force_gc: Binder
02-20 21:35:09.038  1599  1599 I gsm_service_state_change: [1,1,3,3]
02-20 21:35:09.213  1804  1804 I am_on_resume_called: [0,com.android.launcher3.Launcher]
02-20 21:35:09.214   924  1627 I am_proc_start: [0,2061,10001,com.android.providers.calendar,content provider,com.android.providers.calendar/.CalendarProvider2]
02-20 21:35:09.225   924  1763 I am_proc_bound: [0,2061,com.android.providers.calendar]
02-20 21:35:09.508   924   946 I am_activity_launch_time: [0,43373408,com.android.launcher3/.Launcher,2455,2455]
02-20 21:35:09.526   924   940 I boot_progress_enable_screen: 20965
02-20 21:35:09.528   924   940 I screen_toggled: 1
02-20 21:35:09.678   924  1778 I am_proc_start: [0,2097,10108,sina.mobile.tianqitongletv,content provider,sina.mobile.tianqitongletv/com.sina.tianqitong.provider.callweather.LetvWeatherInfoProvider]
02-20 21:35:09.679   924   924 I notification_cancel: [10032,1346,com.android.systemui,2131492888,low_battery,-1,0,64,8,NULL]
02-20 21:35:09.680   924   924 I notification_cancel: [10032,1346,com.android.systemui,2131492891,NULL,0,0,64,8,NULL]
02-20 21:35:09.690   924   935 I am_proc_bound: [0,2097,sina.mobile.tianqitongletv]
02-20 21:35:09.943   924   924 I notification_cancel: [1001,1599,com.android.phone,8903,NULL,0,0,64,8,NULL]
02-20 21:35:09.944   924   924 I notification_cancel: [1001,1599,com.android.phone,8903,NULL,0,0,64,8,NULL]
02-20 21:35:09.945   924   924 I notification_cancel: [10032,1346,com.android.systemui,2131492888,low_battery,-1,0,64,8,NULL]
02-20 21:35:10.345  1599  1599 I gsm_service_state_change: [3,3,1,1]
02-20 21:35:10.473   924   924 I notification_cancel: [1001,1599,com.android.phone,8903,NULL,0,0,64,8,NULL]
02-20 21:35:10.473   924   924 I notification_cancel: [1001,1599,com.android.phone,8903,NULL,0,0,64,8,NULL]
02-20 21:35:10.794   924  1690 I am_proc_start: [0,2196,10025,com.letv.android.wallpaperonline,service,com.letv.android.wallpaperonline/com.letv.android.wallpaper.service.HandleLockActionsService]
02-20 21:35:10.805   924  1309 I am_proc_bound: [0,2196,com.letv.android.wallpaperonline]
02-20 21:35:10.858  1346  1346 I sysui_status_bar_state: [1,1,0,1,1,0]
02-20 21:35:10.862   924  1778 I am_pause_activity: [0,43373408,com.android.launcher3/.Launcher]
02-20 21:35:10.864  1804  1804 I am_on_paused_called: [0,com.android.launcher3.Launcher]
02-20 21:35:10.893   924  1763 I am_proc_start: [0,2212,10051,com.android.exchange,content provider,com.android.exchange/.provider.ExchangeDirectoryProvider]
02-20 21:35:10.902   924   935 I am_proc_bound: [0,2212,com.android.exchange]
02-20 21:35:11.044   924  1690 I am_proc_start: [0,2236,10050,com.android.email,content provider,com.android.email/.provider.EmailProvider]
02-20 21:35:11.054   924   934 I am_proc_bound: [0,2236,com.android.email]
02-20 21:35:11.163   924   940 I am_focused_activity: [0,com.android.launcher3/.Launcher]
02-20 21:35:11.366   297   297 I sf_frame_dur: [com.android.launcher3/com.android.launcher3.Launcher,86,1,0,0,0,0,0]
02-20 21:35:12.083   924  1038 I netstats_mobile_sample: [0,0,0,0,0,0,0,0,0,0,0,0,-1]
02-20 21:35:12.083   924  1038 I netstats_wifi_sample: [0,0,0,0,0,0,0,0,0,0,0,0,-1]
02-20 21:35:12.088   924  1038 I netstats_mobile_sample: [0,0,0,0,0,0,0,0,0,0,0,0,-1]
02-20 21:35:12.088   924  1038 I netstats_wifi_sample: [0,0,0,0,0,0,0,0,0,0,0,0,-1]
02-20 21:35:12.169   924   924 I am_proc_start: [0,2348,10116,com.letv.android.mobileactivation,service,com.letv.android.mobileactivation/.job.SupportJobService]
02-20 21:35:12.181   924  1787 I am_proc_bound: [0,2348,com.letv.android.mobileactivation]
02-20 21:35:12.658   924  1032 I netstats_mobile_sample: [0,0,0,0,0,0,0,0,0,0,0,0,-1]
02-20 21:35:12.659   924  1032 I netstats_wifi_sample: [480,8,437,6,0,0,325,5,0,0,325,5,-1]
02-20 21:35:12.671   924  1032 I am_proc_start: [0,2377,2000,com.letv.bugpostbox,broadcast,com.letv.bugpostbox/.receiver.BugReceiver]
02-20 21:35:12.680   924  1665 I am_proc_bound: [0,2377,com.letv.bugpostbox]
02-20 21:35:12.730   297   297 I sf_frame_dur: [BootAnimation,32,430,0,0,0,1,3]
02-20 21:35:12.842   924  1694 I am_proc_start: [0,2392,1000,com.android.settings,broadcast,com.android.settings/.widget.SettingsAppWidgetProvider]
02-20 21:35:12.852   924  1778 I am_proc_bound: [0,2392,com.android.settings]
02-20 21:35:12.886   924  1763 I am_proc_start: [0,2408,10012,com.stv.stvpush,service,com.stv.stvpush/.service.StvPushService]
02-20 21:35:12.893   924  1658 I am_proc_bound: [0,2408,com.stv.stvpush]
02-20 21:35:13.023   924   935 I am_proc_start: [0,2431,1001,com.mediatek.engineermode,broadcast,com.mediatek.engineermode/.wifi.WifiStateReceiver]
02-20 21:35:13.037   924   946 I am_proc_start: [0,2444,10081,com.letv.android.usagestats,on-hold,]
02-20 21:35:13.047   924   946 I am_proc_start: [0,2456,10103,com.letv.agnes,on-hold,]
02-20 21:35:13.058   924   946 I am_proc_start: [0,2468,10113,com.letv.leui.widget.leclipboardapp,on-hold,]
02-20 21:35:13.063   924  1694 I am_proc_bound: [0,2431,com.mediatek.engineermode]
02-20 21:35:13.066   924   934 I am_proc_bound: [0,2444,com.letv.android.usagestats]
02-20 21:35:13.068   924  1743 I am_proc_bound: [0,2456,com.letv.agnes]
02-20 21:35:13.070   924  1787 I am_proc_bound: [0,2468,com.letv.leui.widget.leclipboardapp]
02-20 21:35:13.117   924  1694 I am_broadcast_discard_app: [0,86187931,android.net.wifi.WIFI_STATE_CHANGED,4,ResolveInfo{77df38 com.tencent.mtt/.browser.engine.ServiceProcessReceiver m=0x108000}]
02-20 21:35:13.142   924  1627 I am_proc_start: [0,2491,10068,com.letv.android.filemanager,broadcast,com.letv.android.filemanager/.receivers.OTGReceiver]
02-20 21:35:13.152   924   938 I am_proc_bound: [0,2491,com.letv.android.filemanager]
02-20 21:35:13.204   924  1627 I am_broadcast_discard_app: [0,118979662,android.intent.action.MEDIA_MOUNTED,5,ResolveInfo{f33e16f com.ss.android.article.news/com.ss.android.download.DownloadReceiver m=0x208000}]
02-20 21:35:13.429   924   924 I am_proc_start: [0,2525,10002,com.android.contacts,broadcast,com.android.contacts/com.mediatek.contacts.simcontact.BootCmpReceiver]
02-20 21:35:13.441   924  1665 I am_proc_bound: [0,2525,com.android.contacts]
02-20 21:35:13.702   924  1309 I am_broadcast_discard_app: [0,219563721,android.net.wifi.WIFI_STATE_CHANGED,4,ResolveInfo{48391ce com.tencent.mtt/.browser.engine.ServiceProcessReceiver m=0x108000}]
02-20 21:35:13.703   924  1309 I am_kill : [0,1283,com.mediatek.floatmenu,15,empty #17]
02-20 21:35:13.793   924   940 I am_broadcast_discard_app: [0,96864495,android.net.wifi.STATE_CHANGE,0,ResolveInfo{3e4cffc com.tencent.mtt/.browser.engine.ServiceProcessReceiver m=0x108000}]
02-20 21:35:13.804   924   940 I am_proc_start: [0,2579,1000,com.fw.upgrade.sysoper,broadcast,com.fw.upgrade.sysoper/com.adups.fota.sysoper.TaskReceiver]
02-20 21:35:13.806   924  1627 I am_proc_died: [0,1283,com.mediatek.floatmenu]
02-20 21:35:13.809   924  1656 I am_kill : [0,1334,com.android.externalstorage,15,empty #17]
02-20 21:35:13.887   924  1728 I am_proc_died: [0,1334,com.android.externalstorage]
02-20 21:35:13.888   924  1665 I am_proc_bound: [0,2579,com.fw.upgrade.sysoper]
02-20 21:35:13.930   924  1656 I am_proc_start: [0,2596,10106,com.letv.android.letvlive:pushservice,broadcast,com.letv.android.letvlive/com.letv.push.receiver.LetvPushServiceReceiver]
02-20 21:35:13.939   924  1694 I am_proc_bound: [0,2596,com.letv.android.letvlive:pushservice]
02-20 21:35:14.022   924  1665 I am_proc_died: [0,2579,com.fw.upgrade.sysoper]
02-20 21:35:14.203   924  1778 I am_broadcast_discard_app: [0,2018486,android.intent.action.ACTION_POWER_DISCONNECTED,2,ResolveInfo{a40cdb7 com.tencent.mtt/.browser.push.service.ConnectivityReceiver m=0x108000}]
02-20 21:35:14.205   924  1778 I am_kill : [0,1911,android.process.acore,15,empty #17]
02-20 21:35:14.283   924   940 I am_broadcast_discard_app: [0,2018486,android.intent.action.ACTION_POWER_DISCONNECTED,3,ResolveInfo{ecf8924 com.ss.android.article.news/com.ss.android.message.MessageReceiver m=0x108000}]
02-20 21:35:14.295   924   940 I am_proc_start: [0,2614,1000,com.mediatek.ppl,broadcast,com.mediatek.ppl/.PplReceiver]
02-20 21:35:14.295   924  1787 I am_proc_died: [0,1911,android.process.acore]
02-20 21:35:14.304   924  1690 I am_proc_bound: [0,2614,com.mediatek.ppl]
02-20 21:35:14.340   924  1787 I am_proc_start: [0,2626,10002,android.process.acore,broadcast,com.android.providers.contacts/.SimStateChangedReceiver]
02-20 21:35:14.347   924   924 I notification_enqueue: [1000,2614,com.mediatek.ppl,1,NULL,0,Notification(pri=0 contentView=com.mediatek.ppl/0x109010c vibrate=null sound=null isShadow = false isOriginalStyle = false defaults=0x0 flags=0x10000040 color=0x00000000 vis=PRIVATE),0]
02-20 21:35:14.351   924   924 I notification_cancel: [1000,924,com.mediatek.ppl,1,NULL,0,0,0,8,NULL]
02-20 21:35:14.352   924   924 I notification_canceled: [0|com.mediatek.ppl|1|null|1000,8,6,6,0]
02-20 21:35:14.352   924   935 I am_proc_bound: [0,2626,android.process.acore]
02-20 21:35:14.357   924  1309 I am_kill : [0,1981,com.android.deskclock,15,empty #17]
02-20 21:35:14.456   924  1728 I am_proc_died: [0,1981,com.android.deskclock]
02-20 21:35:14.492   924  1728 I am_kill : [0,2031,com.android.calendar,15,empty #17]
02-20 21:35:14.555   924  1778 I am_proc_died: [0,2031,com.android.calendar]
02-20 21:35:14.705   924  1658 I am_broadcast_discard_app: [0,188899857,android.net.wifi.STATE_CHANGE,0,ResolveInfo{f4b1f76 com.tencent.mtt/.browser.engine.ServiceProcessReceiver m=0x108000}]
02-20 21:35:14.706   924   940 I am_broadcast_discard_app: [0,30837111,android.net.wifi.STATE_CHANGE,0,ResolveInfo{f44f9e4 com.tencent.mtt/.browser.engine.ServiceProcessReceiver m=0x108000}]
02-20 21:35:14.715   924   924 I notification_enqueue: [1000,2614,com.mediatek.ppl,1,NULL,0,Notification(pri=0 contentView=com.mediatek.ppl/0x109010c vibrate=null sound=null isShadow = false isOriginalStyle = false defaults=0x0 flags=0x10000040 color=0x00000000 vis=PRIVATE),0]
02-20 21:35:14.722   924   924 I notification_cancel: [1000,924,com.mediatek.ppl,1,NULL,0,0,0,8,NULL]
02-20 21:35:14.723   924   924 I notification_canceled: [0|com.mediatek.ppl|1|null|1000,8,8,8,0]
02-20 21:35:14.759   924  1743 I am_proc_start: [0,2650,10005,com.android.dialer,broadcast,com.android.dialer/.calllog.CallLogReceiver]
02-20 21:35:14.769   924   934 I am_proc_bound: [0,2650,com.android.dialer]
02-20 21:35:15.042   924   924 I notification_cancel: [1000,924,android,1000,CaptivePortal.Notification,0,0,0,8,NULL]
02-20 21:35:15.222   924   924 I notification_cancel: [1000,2392,com.android.settings,1001,NULL,0,0,0,8,NULL]
02-20 21:35:15.253   924   924 I notification_cancel: [1000,2392,com.android.settings,1001,NULL,0,0,0,8,NULL]
02-20 21:35:15.276   924  1778 I am_proc_start: [0,2668,10013,com.android.cellbroadcastreceiver,broadcast,com.android.cellbroadcastreceiver/.CellBroadcastReceiver]
02-20 21:35:15.287   924  1665 I am_proc_bound: [0,2668,com.android.cellbroadcastreceiver]
02-20 21:35:15.365   924   924 I notification_cancel: [1000,2392,com.android.settings,1001,NULL,0,0,0,8,NULL]
02-20 21:35:15.386   924  1743 I am_proc_start: [0,2683,10046,com.android.deskclock,broadcast,com.android.deskclock/.provider.DigitalClockWidgetProvider]
02-20 21:35:15.395   924  1722 I am_proc_bound: [0,2683,com.android.deskclock]
02-20 21:35:15.455   924  1694 I am_proc_start: [0,2707,10043,com.android.calendar,service,com.android.calendar/.IClockService]
02-20 21:35:15.500   924  1778 I am_kill : [0,2061,com.android.providers.calendar,15,empty #17]
02-20 21:35:15.524   924   924 I notification_cancel: [10078,1893,com.letv.app.appstore,10000,NULL,0,0,64,8,NULL]
02-20 21:35:15.564   924  1728 I am_proc_bound: [0,2707,com.android.calendar]
02-20 21:35:15.568   924   924 I notification_cancel: [10078,1893,com.letv.app.appstore,10006,NULL,0,0,64,8,NULL]
02-20 21:35:15.569   924  1787 I am_proc_died: [0,2061,com.android.providers.calendar]
02-20 21:35:15.574   924  1778 I am_kill : [0,2212,com.android.exchange,15,empty #17]
02-20 21:35:15.652   924  1787 I am_proc_died: [0,2212,com.android.exchange]
02-20 21:35:15.679   924   924 I notification_cancel: [1000,2392,com.android.settings,1001,NULL,0,0,0,8,NULL]
02-20 21:35:15.697   924  1658 I am_proc_start: [0,2747,10001,com.android.providers.calendar,content provider,com.android.providers.calendar/.CalendarProvider2]
02-20 21:35:15.713   924   934 I am_proc_bound: [0,2747,com.android.providers.calendar]
02-20 21:35:15.715   924   934 I am_kill : [0,2236,com.android.email,13,empty #17]
02-20 21:35:15.763   924  1309 I am_proc_died: [0,2236,com.android.email]
02-20 21:35:15.775   924   924 I notification_cancel: [1000,2392,com.android.settings,1001,NULL,0,0,0,8,NULL]
02-20 21:35:15.806   924  1722 I am_proc_start: [0,2759,10090,com.android.music,broadcast,com.android.music/.receiver.MediaControllerIntentReceiver]
02-20 21:35:15.807   924  1722 I am_kill : [0,2491,com.letv.android.filemanager,13,empty #17]
02-20 21:35:15.844   924  1778 I am_proc_bound: [0,2759,com.android.music]
02-20 21:35:15.846   924  1743 I am_proc_died: [0,2491,com.letv.android.filemanager]
02-20 21:35:16.048   924   924 I notification_enqueue: [1000,2614,com.mediatek.ppl,1,NULL,0,Notification(pri=0 contentView=com.mediatek.ppl/0x109010c vibrate=null sound=null isShadow = false isOriginalStyle = false defaults=0x0 flags=0x10000040 color=0x00000000 vis=PRIVATE),0]
02-20 21:35:16.056   924   924 I notification_cancel: [1000,924,com.mediatek.ppl,1,NULL,0,0,0,8,NULL]
02-20 21:35:16.056   924   924 I notification_canceled: [0|com.mediatek.ppl|1|null|1000,8,9,9,0]
02-20 21:35:16.086   924   924 I notification_enqueue: [1000,2614,com.mediatek.ppl,1,NULL,0,Notification(pri=0 contentView=com.mediatek.ppl/0x109010c vibrate=null sound=null isShadow = false isOriginalStyle = false defaults=0x0 flags=0x10000040 color=0x00000000 vis=PRIVATE),0]
02-20 21:35:16.093   924   934 I am_broadcast_discard_app: [0,224903330,android.net.wifi.STATE_CHANGE,0,ResolveInfo{12a9133 com.tencent.mtt/.browser.engine.ServiceProcessReceiver m=0x108000}]
02-20 21:35:16.094   924   940 I am_broadcast_discard_app: [0,131042544,android.net.wifi.STATE_CHANGE,0,ResolveInfo{1f05269 com.tencent.mtt/.browser.engine.ServiceProcessReceiver m=0x108000}]
02-20 21:35:16.094   924   940 I am_broadcast_discard_app: [0,44385518,android.net.wifi.STATE_CHANGE,0,ResolveInfo{9730d8f com.tencent.mtt/.browser.engine.ServiceProcessReceiver m=0x108000}]
02-20 21:35:16.098   924   934 I am_broadcast_discard_app: [0,185285341,android.net.wifi.STATE_CHANGE,0,ResolveInfo{3a59652 com.tencent.mtt/.browser.engine.ServiceProcessReceiver m=0x108000}]
02-20 21:35:16.100   924   940 I am_broadcast_discard_app: [0,51909152,android.net.wifi.STATE_CHANGE,0,ResolveInfo{b85a7d9 com.tencent.mtt/.browser.engine.ServiceProcessReceiver m=0x108000}]
02-20 21:35:16.101   924   940 I am_broadcast_discard_app: [0,199411102,android.net.wifi.STATE_CHANGE,0,ResolveInfo{df8787f com.tencent.mtt/.browser.engine.ServiceProcessReceiver m=0x108000}]
02-20 21:35:16.104   924   924 I notification_cancel: [1000,924,com.mediatek.ppl,1,NULL,0,0,0,8,NULL]
02-20 21:35:16.104   924   924 I notification_canceled: [0|com.mediatek.ppl|1|null|1000,8,18,18,0]
02-20 21:35:16.127   924   924 I notification_cancel: [1000,2392,com.android.settings,1001,NULL,0,0,0,8,NULL]
02-20 21:35:16.157   924   924 I notification_cancel: [1000,2392,com.android.settings,1001,NULL,0,0,0,8,NULL]
02-20 21:35:16.219   924  1728 I am_broadcast_discard_app: [0,234596856,android.net.wifi.STATE_CHANGE,0,ResolveInfo{fc11ed1 com.tencent.mtt/.browser.engine.ServiceProcessReceiver m=0x108000}]
02-20 21:35:16.220   924   940 I am_broadcast_discard_app: [0,54787382,android.net.wifi.STATE_CHANGE,0,ResolveInfo{8dd7437 com.tencent.mtt/.browser.engine.ServiceProcessReceiver m=0x108000}]
02-20 21:35:16.220   924   940 I am_broadcast_discard_app: [0,155020708,android.net.conn.CONNECTIVITY_CHANGE,0,ResolveInfo{767d70d com.lesports.glivesports/com.f1llib.receiver.ConnectionChangeReceiver p=2147483647 m=0x108000}]
02-20 21:35:16.221   924   940 I am_broadcast_discard_app: [0,155020708,android.net.conn.CONNECTIVITY_CHANGE,1,ResolveInfo{bcab6c2 com.wukongtv.wkhelper/.receiver.BootReceiver m=0x108000}]
02-20 21:35:16.221   924   940 I am_broadcast_discard_app: [0,155020708,android.net.conn.CONNECTIVITY_CHANGE,2,ResolveInfo{50b1cd3 com.wukongtv.wkremote.client/com.xiaomi.push.service.receivers.NetworkStatusReceiver m=0x108000}]
02-20 21:35:16.222   924   940 I am_broadcast_discard_app: [0,155020708,android.net.conn.CONNECTIVITY_CHANGE,3,ResolveInfo{6b5c010 com.smzdm.client.android/com.xiaomi.push.service.receivers.NetworkStatusReceiver m=0x108000}]
02-20 21:35:16.222   924   940 I am_broadcast_discard_app: [0,155020708,android.net.conn.CONNECTIVITY_CHANGE,4,ResolveInfo{847d709 com.ss.android.article.news/com.xiaomi.push.service.receivers.NetworkStatusReceiver m=0x108000}]
02-20 21:35:16.260   924  1690 I am_proc_start: [0,2791,10015,com.letv.android.ecoProvider,broadcast,com.letv.android.ecoProvider/.syncData.AccountChangeReceiver]
02-20 21:35:16.272   924  1627 I am_proc_bound: [0,2791,com.letv.android.ecoProvider]
02-20 21:35:16.329   924   938 I am_proc_start: [0,2806,10017,com.letv.android.note,broadcast,com.letv.android.note/.stationery.StationeryNetChangeReceiver]
02-20 21:35:16.342   924  1309 I am_proc_bound: [0,2806,com.letv.android.note]
02-20 21:35:16.463   924  1787 I am_kill : [0,1526,com.tencent.mm,15,empty #17]
02-20 21:35:16.537   924  1309 I am_proc_died: [0,1526,com.tencent.mm]
02-20 21:35:16.539   924  1694 I am_broadcast_discard_app: [0,155020708,android.net.conn.CONNECTIVITY_CHANGE,12,ResolveInfo{8288e04 com.letv.android.client/com.letv.push.receiver.LetvPushServiceReceiver m=0x108000}]
02-20 21:35:16.552   924   940 I am_proc_start: [0,2822,10024,com.letv.walletbiz,broadcast,com.letv.walletbiz/com.letv.wallet.common.receiver.ConnectivityStateChangedReceiver]
02-20 21:35:16.557   924  1787 I am_kill : [0,2431,com.mediatek.engineermode,15,empty #17]
02-20 21:35:16.604   924  1656 I am_proc_bound: [0,2822,com.letv.walletbiz]
02-20 21:35:16.606   924  1728 I am_proc_died: [0,2431,com.mediatek.engineermode]
02-20 21:35:16.731   924  1656 I am_kill : [0,2097,sina.mobile.tianqitongletv,15,empty #17]
02-20 21:35:16.806   924  1743 I am_proc_died: [0,2097,sina.mobile.tianqitongletv]
02-20 21:35:16.836   924  1694 I am_proc_start: [0,2841,10049,com.mediatek.providers.drm,broadcast,com.mediatek.providers.drm/.ConnectionChangeReceiver]
02-20 21:35:16.838   924  1694 I am_kill : [0,1816,com.android.printspooler,15,empty #17]
02-20 21:35:16.906   924  1763 I am_proc_bound: [0,2841,com.mediatek.providers.drm]
02-20 21:35:16.909   924   938 I am_proc_died: [0,1816,com.android.printspooler]
02-20 21:35:16.945   924  1656 I am_proc_start: [0,2855,10050,com.android.email,broadcast,com.android.email/com.android.mail.browse.NetWorkReceiver]
02-20 21:35:16.946   924  1656 I am_kill : [0,2596,com.letv.android.letvlive:pushservice,13,empty #17]
02-20 21:35:17.014   924  1694 I am_proc_died: [0,2596,com.letv.android.letvlive:pushservice]
02-20 21:35:17.015   924  1778 I am_proc_bound: [0,2855,com.android.email]
02-20 21:35:17.144   924  1722 I am_broadcast_discard_app: [0,155020708,android.net.conn.CONNECTIVITY_CHANGE,19,ResolveInfo{4fe5485 com.letv.lesophoneclient/com.letv.component.upgrade.core.receiver.NetChangeReceiver m=0x108000}]
02-20 21:35:17.145   924  1722 I am_kill : [0,2747,com.android.providers.calendar,13,empty #17]
02-20 21:35:17.203   924   940 I am_broadcast_discard_app: [0,155020708,android.net.conn.CONNECTIVITY_CHANGE,20,ResolveInfo{1e8b2da com.letv.lesophoneclient/com.soundink.lib.ConnectionChangeReceiver m=0x108000}]
02-20 21:35:17.204   924  1787 I am_proc_died: [0,2747,com.android.providers.calendar]
02-20 21:35:17.218   924   940 I am_proc_start: [0,2881,10062,com.letv.android.accountinfo,broadcast,com.letv.android.accountinfo/.receiver.AccountInfoNetWorkChangeReceiver]
02-20 21:35:17.230   924  1743 I am_proc_start: [0,2893,10051,com.android.exchange,service,com.android.exchange/.service.EasService]
02-20 21:35:17.231   924   935 I am_proc_bound: [0,2881,com.letv.android.accountinfo]
02-20 21:35:17.255   924  1763 I am_proc_bound: [0,2893,com.android.exchange]
02-20 21:35:17.280   924   939 I am_pss  : [1804,10009,com.android.launcher3,100039680,85834752]
02-20 21:35:17.330   924  1658 I am_proc_start: [0,2916,10063,com.letv.android.cloudservice,broadcast,com.letv.android.cloudservice/.account.UpgradeConnectReceiver]
02-20 21:35:17.339   924  1763 I am_kill : [0,2614,com.mediatek.ppl,13,empty #17]
02-20 21:35:17.397   924  1728 I am_proc_bound: [0,2916,com.letv.android.cloudservice]
02-20 21:35:17.399   924  1658 I am_proc_died: [0,2614,com.mediatek.ppl]
02-20 21:35:17.404   924  1690 I am_kill : [0,2525,com.android.contacts,13,empty #17]
02-20 21:35:17.467   924  1694 I am_proc_died: [0,2525,com.android.contacts]
02-20 21:35:17.468   924  1690 I am_broadcast_discard_app: [0,155020708,android.net.conn.CONNECTIVITY_CHANGE,23,ResolveInfo{2ee9873 com.letv.letvshop/com.umeng.message.SystemReceiver m=0x108000}]
02-20 21:35:17.470   924  1690 I am_kill : [0,2626,android.process.acore,13,empty #17]
02-20 21:35:17.524   924   934 I force_gc: Binder
02-20 21:35:17.553   924   940 I am_broadcast_discard_app: [0,155020708,android.net.conn.CONNECTIVITY_CHANGE,24,ResolveInfo{dfc2330 com.letv.letvshop/com.easy.android.framework.util.netstate.EANetworkStateReceiver m=0x108000}]
02-20 21:35:17.553   924  1763 I am_proc_died: [0,2626,android.process.acore]
02-20 21:35:17.574   924   924 I notification_cancel: [10078,1893,com.letv.app.appstore,10000,NULL,0,0,64,8,NULL]
02-20 21:35:17.584   924  1763 I am_proc_start: [0,2936,10080,com.letv.android.themestore,broadcast,com.letv.android.themestore/.broadcast.ConnectivityStateChangedReceiver]
02-20 21:35:17.597   924   924 I notification_cancel: [10078,1893,com.letv.app.appstore,10006,NULL,0,0,64,8,NULL]
02-20 21:35:17.600   924  1763 I am_proc_bound: [0,2936,com.letv.android.themestore]
02-20 21:35:17.805   924  1728 I am_broadcast_discard_app: [0,155020708,android.net.conn.CONNECTIVITY_CHANGE,28,ResolveInfo{ce61cdb com.letv.games/com.letv.app.downloadprovider.download.DownloadReceiver m=0x108000}]
02-20 21:35:17.806   924   940 I am_broadcast_discard_app: [0,155020708,android.net.conn.CONNECTIVITY_CHANGE,29,ResolveInfo{7273378 com.letv.games/.receiver.GameCenterReceiver m=0x108000}]
02-20 21:35:17.819   924   940 I am_proc_start: [0,2956,10106,com.letv.android.letvlive:pushservice,broadcast,com.letv.android.letvlive/com.letv.push.receiver.LetvPushServiceReceiver]
02-20 21:35:17.824   924  1665 I am_kill : [0,2650,com.android.dialer,13,empty #17]
02-20 21:35:17.892   924  1743 I am_proc_bound: [0,2956,com.letv.android.letvlive:pushservice]
02-20 21:35:17.894   924  1694 I am_proc_died: [0,2650,com.android.dialer]
02-20 21:35:17.897   924  1690 I force_gc: Binder
02-20 21:35:17.946   924   954 I am_proc_start: [0,2968,10004,com.android.defcontainer,service,com.android.defcontainer/.DefaultContainerService]
02-20 21:35:17.957   924  1690 I am_proc_bound: [0,2968,com.android.defcontainer]
02-20 21:35:18.054   924  1763 I am_proc_start: [0,2984,10108,sina.mobile.tianqitongletv,broadcast,sina.mobile.tianqitongletv/.appwidget.TQTReciever]
02-20 21:35:18.055   924  1763 I am_kill : [0,2392,com.android.settings,13,empty #17]
02-20 21:35:18.123   924  1743 I am_proc_bound: [0,2984,sina.mobile.tianqitongletv]
02-20 21:35:18.126   924  1722 I am_proc_died: [0,2392,com.android.settings]
02-20 21:35:18.197   924  1787 I force_gc: Binder
02-20 21:35:18.325   924  1658 I am_kill : [0,2348,com.letv.android.mobileactivation,15,empty #17]
02-20 21:35:18.354  1381  2730 I force_gc: Binder
02-20 21:35:18.377   924  1627 I am_proc_died: [0,2348,com.letv.android.mobileactivation]
02-20 21:35:18.417   924  1665 I am_proc_start: [0,3008,10116,com.letv.android.mobileactivation,broadcast,com.letv.android.mobileactivation/.receiver.NetworkBroadcastReceiver]
02-20 21:35:18.428   924  1694 I am_proc_bound: [0,3008,com.letv.android.mobileactivation]
02-20 21:35:18.443   924  1763 I am_broadcast_discard_app: [0,155020708,android.net.conn.CONNECTIVITY_CHANGE,35,ResolveInfo{f898f95 com.letv.bbs/com.stv.stvpush.receiver.StvPushReceiver m=0x108000}]
02-20 21:35:18.444   924  1763 I am_kill : [0,2668,com.android.cellbroadcastreceiver,15,empty #17]
02-20 21:35:18.485   924  1728 I force_gc: Binder
02-20 21:35:18.543   924   940 I am_broadcast_discard_app: [0,155020708,android.net.conn.CONNECTIVITY_CHANGE,36,ResolveInfo{98fb8aa com.tencent.mtt/.browser.push.service.ConnectivityReceiver m=0x108000}]
02-20 21:35:18.543   924  1665 I am_proc_died: [0,2668,com.android.cellbroadcastreceiver]
02-20 21:35:18.545   924   940 I am_broadcast_discard_app: [0,155020708,android.net.conn.CONNECTIVITY_CHANGE,37,ResolveInfo{588b576 com.wukongtv.wkremote.client/.receiver.NetworkChangedReceiver m=0x108000}]
02-20 21:35:18.557   924   940 I am_proc_start: [0,3020,10149,com.tencent.mm:push,broadcast,com.tencent.mm/.booter.MMReceivers$ConnectionReceiver]
02-20 21:35:18.566   924   938 I am_proc_bound: [0,3020,com.tencent.mm:push]
02-20 21:35:18.767   924  1309 I force_gc: Binder
02-20 21:35:18.785  1381  2730 I force_gc: Binder
02-20 21:35:18.970  3020  3020 I auditd  : type=1400 audit(0.0:11): avc: denied { read } for comm="tencent.mm:push" name="anr" dev="mmcblk0p23" ino=697633 scontext=u:r:untrusted_app:s0:c512,c768 tcontext=u:object_r:anr_data_file:s0 tclass=dir permissive=0
02-20 21:35:19.076   924  1690 I force_gc: Binder
02-20 21:35:19.186   924  1743 I am_broadcast_discard_app: [0,155020708,android.net.conn.CONNECTIVITY_CHANGE,39,ResolveInfo{d2ab650 com.wandoujia.phoenix2/com.wandoujia.push_loader.PushReceiver m=0x108000}]
02-20 21:35:19.187   924   940 I am_broadcast_discard_app: [0,155020708,android.net.conn.CONNECTIVITY_CHANGE,40,ResolveInfo{9c3049 com.wandoujia.phoenix2/com.wandoujia.jupiter.floatwindow.KeepLiveReceiver m=0x108000}]
02-20 21:35:19.187   924   940 I am_broadcast_discard_app: [0,155020708,android.net.conn.CONNECTIVITY_CHANGE,41,ResolveInfo{aacfd4e com.wandoujia.phoenix2/com.taobao.accs.EventReceiver m=0x108000}]
02-20 21:35:19.188   924   940 I am_broadcast_discard_app: [0,155020708,android.net.conn.CONNECTIVITY_CHANGE,42,ResolveInfo{929ce6f com.ss.android.article.news/com.bytedance.common.wschannel.server.WsChannelReceiver m=0x108000}]
02-20 21:35:19.189   924   940 I am_broadcast_discard_app: [0,155020708,android.net.conn.CONNECTIVITY_CHANGE,43,ResolveInfo{c8ce77c com.ss.android.article.news/com.ss.android.message.MessageReceiver m=0x108000}]
02-20 21:35:19.194   924   924 I notification_enqueue: [10149,3020,com.tencent.mm,-1213,NULL,0,Notification(pri=-2 contentView=com.tencent.mm/0x109010c vibrate=null sound=null isShadow = false isOriginalStyle = false defaults=0x0 flags=0x40 color=0xff607d8b vis=PRIVATE),0]
02-20 21:35:19.194   924   940 I am_broadcast_discard_app: [0,155020708,android.net.conn.CONNECTIVITY_CHANGE,44,ResolveInfo{77eff68 com.ss.android.article.news/com.taobao.accs.EventReceiver m=0x108000}]
02-20 21:35:19.194   924   940 I am_broadcast_discard_app: [0,155020708,android.net.conn.CONNECTIVITY_CHANGE,45,ResolveInfo{c676826 com.ss.android.article.news/com.huawei.android.pushagent.PushBootReceiver m=0x108000}]
02-20 21:35:19.195   924   940 I am_broadcast_discard_app: [0,155020708,android.net.conn.CONNECTIVITY_CHANGE,46,ResolveInfo{d271c67 com.ss.android.article.news/com.ss.android.download.DownloadReceiver m=0x108000}]
02-20 21:35:19.252   924  1690 I notification_expansion: [0|com.tencent.mm|-1213|null|10149,0,1,58,58,0]
02-20 21:35:19.253   924  1627 I notification_expansion: [0|com.tencent.mm|-1213|null|10149,0,0,59,59,0]
02-20 21:35:19.360   924   924 I notification_enqueue: [10149,3020,com.tencent.mm,-1213,NULL,0,Notification(pri=-2 contentView=com.tencent.mm/0x109010c vibrate=null sound=null isShadow = false isOriginalStyle = false defaults=0x0 flags=0x40 color=0xff607d8b vis=PRIVATE),1]
02-20 21:35:19.361   924   924 I notification_cancel: [1000,924,com.tencent.mm,-1213,NULL,0,0,0,8,NULL]
02-20 21:35:19.362   924   924 I notification_canceled: [0|com.tencent.mm|-1213|null|10149,8,168,2,0]
02-20 21:35:19.396  1381  2730 I force_gc: Binder
02-20 21:35:19.458   924  1690 I force_gc: Binder
02-20 21:35:19.538   924   940 I am_proc_start: [0,3064,1000,com.mediatek.ppl,broadcast,com.mediatek.ppl/.PplReceiver]
02-20 21:35:19.548   924  1787 I am_proc_bound: [0,3064,com.mediatek.ppl]
02-20 21:35:19.580   924   924 I notification_enqueue: [1000,3064,com.mediatek.ppl,1,NULL,0,Notification(pri=0 contentView=com.mediatek.ppl/0x109010c vibrate=null sound=null isShadow = false isOriginalStyle = false defaults=0x0 flags=0x10000040 color=0x00000000 vis=PRIVATE),0]
02-20 21:35:19.589   924   924 I notification_cancel: [1000,924,com.mediatek.ppl,1,NULL,0,0,0,8,NULL]
02-20 21:35:19.590   924   924 I notification_canceled: [0|com.mediatek.ppl|1|null|1000,8,10,10,0]
02-20 21:35:19.592   924  1627 I am_kill : [0,2377,com.letv.bugpostbox,15,empty #17]
02-20 21:35:19.699   924  1722 I am_proc_died: [0,2377,com.letv.bugpostbox]
02-20 21:35:19.737   924  1656 I force_gc: Binder
02-20 21:35:19.751   924  3077 I am_proc_start: [0,3079,1000,com.android.keychain,service,com.android.keychain/.KeyChainService]
02-20 21:35:19.752   924  1658 I am_proc_bound: [0,3079,com.android.keychain]
02-20 21:35:19.792   924   935 I am_kill : [0,2791,com.letv.android.ecoProvider,15,empty #17]
02-20 21:35:19.847   924   924 I notification_cancel: [10032,1346,com.android.systemui,199008,HeadSetStatusWatcher,0,0,64,8,NULL]
02-20 21:35:19.876   924  1656 I am_proc_died: [0,2791,com.letv.android.ecoProvider]
02-20 21:35:19.880   924   924 I notification_enqueue: [1000,924,android,17039593,NULL,0,Notification(pri=1 contentView=null vibrate=null sound=null isShadow = false isOriginalStyle = false defaults=0x0 flags=0x0 color=0xff607d8b vis=PRIVATE),0]
02-20 21:35:19.898   924  1658 I am_proc_start: [0,3098,10005,com.android.dialer,broadcast,com.android.dialer/.calllog.CallLogReceiver]
02-20 21:35:19.908  1381  2730 I force_gc: Binder
02-20 21:35:19.914   924  1722 I am_proc_bound: [0,3098,com.android.dialer]
02-20 21:35:19.923   924  1658 I notification_expansion: [0|android|17039593|null|1000,0,1,43,43,0]
02-20 21:35:20.026   924  1627 I am_proc_start: [0,3115,1001,com.softsim.control,broadcast,com.softsim.control/.SoftSIMControlLaunch]
02-20 21:35:20.029   924  1656 I force_gc: Binder
02-20 21:35:20.039   924  1665 I am_proc_start: [0,3125,10002,android.process.acore,content provider,com.android.providers.contacts/.CallLogProvider]
02-20 21:35:20.045   924  1728 I am_proc_bound: [0,3115,com.softsim.control]
02-20 21:35:20.052   924  1722 I am_proc_bound: [0,3125,android.process.acore]
02-20 21:35:20.175   924   924 I notification_cancel: [10005,3098,com.android.dialer,1,DefaultVoicemailNotifier,0,0,64,8,NULL]
02-20 21:35:20.175   924   934 I am_kill : [0,2806,com.letv.android.note,15,empty #17]
02-20 21:35:20.233   924   935 I am_kill : [0,3115,com.softsim.control,0,stop com.softsim.control]
02-20 21:35:20.306   924   935 I am_broadcast_discard_app: [0,210809831,android.intent.action.BOOT_COMPLETED,14,ResolveInfo{c172b94 com.softsim.control/.SoftSIMControlLaunch p=100 m=0x108000}]
02-20 21:35:20.309   924   924 I notification_cancel_all: [1000,924,com.softsim.control,0,0,0,5,NULL]
02-20 21:35:20.311   924   934 I am_kill : [0,2822,com.letv.walletbiz,15,empty #17]
02-20 21:35:20.383   924  1728 I am_proc_died: [0,2806,com.letv.android.note]
02-20 21:35:20.385   924  1763 I am_proc_died: [0,2822,com.letv.walletbiz]
02-20 21:35:20.395   924   924 I notification_cancel: [1000,924,android,134348888,NULL,0,0,0,8,NULL]
02-20 21:35:20.407   924  1665 I am_proc_start: [0,3152,10017,com.letv.android.note,broadcast,com.letv.android.note/.alarm.AlarmInitReceiver]
02-20 21:35:20.416   924   939 I am_pss  : [1893,10078,com.letv.app.appstore,31942656,27676672]
02-20 21:35:20.417   924  1658 I am_proc_bound: [0,3152,com.letv.android.note]
02-20 21:35:20.525   924   935 I am_kill : [0,2707,com.android.calendar,15,empty #17]
02-20 21:35:20.603   924  1787 I am_proc_died: [0,2707,com.android.calendar]
02-20 21:35:20.604   924  1787 I am_schedule_service_restart: [0,com.android.calendar/.IClockService,1000]
02-20 21:35:20.644   924   940 I am_proc_start: [0,3168,2000,com.letv.bugpostbox,broadcast,com.letv.bugpostbox/.receiver.BugReceiver]
02-20 21:35:20.657   924  1743 I am_proc_bound: [0,3168,com.letv.bugpostbox]
02-20 21:35:20.748   924   934 I am_proc_start: [0,3182,10001,com.android.providers.calendar,broadcast,com.android.providers.calendar/.CalendarReceiver]
02-20 21:35:20.759   924  1787 I am_proc_bound: [0,3182,com.android.providers.calendar]
02-20 21:35:20.808   924  1728 I am_kill : [0,2683,com.android.deskclock,15,empty #17]
02-20 21:35:20.865   924  1658 I am_proc_died: [0,2683,com.android.deskclock]
02-20 21:35:20.870   924  1309 I am_kill : [0,2841,com.mediatek.providers.drm,15,empty #17]
02-20 21:35:20.934   924  1763 I am_proc_died: [0,2841,com.mediatek.providers.drm]
02-20 21:35:20.963   924  1627 I am_proc_start: [0,3203,1000,com.letv.bsp.crashhandler,broadcast,com.letv.bsp.crashhandler/.UserSubmitReceiver]
02-20 21:35:20.975   924  1728 I am_proc_bound: [0,3203,com.letv.bsp.crashhandler]
02-20 21:35:21.145   924  1627 I am_proc_start: [0,3229,10026,com.android.managedprovisioning,broadcast,com.android.managedprovisioning/.BootReminder]
02-20 21:35:21.156   924   935 I am_proc_bound: [0,3229,com.android.managedprovisioning]
02-20 21:35:21.188   924   934 I am_kill : [0,2881,com.letv.android.accountinfo,15,empty #17]
02-20 21:35:21.256   924   935 I am_proc_died: [0,2881,com.letv.android.accountinfo]
02-20 21:35:21.276   924   935 I am_proc_start: [0,3246,10027,com.android.onetimeinitializer,broadcast,com.android.onetimeinitializer/.OneTimeInitializerReceiver]
02-20 21:35:21.287   924  1665 I am_proc_bound: [0,3246,com.android.onetimeinitializer]
02-20 21:35:21.316   924  1728 I am_proc_start: [0,3260,1000,com.android.settings,broadcast,com.android.settings/com.mediatek.settings.RestoreRotationReceiver]
02-20 21:35:21.321   924  1658 I am_kill : [0,2855,com.android.email,15,empty #17]
02-20 21:35:21.394   924  1743 I am_proc_died: [0,2855,com.android.email]
02-20 21:35:21.396   924   938 I am_proc_bound: [0,3260,com.android.settings]
02-20 21:35:21.436   924  1763 I am_kill : [0,2893,com.android.exchange,15,empty #17]
02-20 21:35:21.535   924  1309 I am_proc_died: [0,2893,com.android.exchange]
02-20 21:35:21.574   924  1728 I am_proc_start: [0,3281,1000,com.letv.android.systemreport,broadcast,com.letv.android.systemreport/.receiver.SystemReportReceiver]
02-20 21:35:21.584   924  1658 I am_proc_bound: [0,3281,com.letv.android.systemreport]
02-20 21:35:21.618   924   924 I am_proc_start: [0,3293,1000,com.mediatek.atci.service,broadcast,com.mediatek.atci.service/.AtciIntentReceiver]
02-20 21:35:21.628   924  1690 I am_kill : [0,2007,com.letv.android.emojistore,15,empty #17]
02-20 21:35:21.695   924   938 I am_proc_died: [0,2007,com.letv.android.emojistore]
02-20 21:35:21.697   924  1656 I am_proc_bound: [0,3293,com.mediatek.atci.service]
02-20 21:35:21.712   924  1658 I am_kill : [0,2936,com.letv.android.themestore,15,empty #17]
02-20 21:35:21.826   924   940 I am_proc_start: [0,3308,1000,com.mediatek.batterywarning,broadcast,com.mediatek.batterywarning/.BatteryWarningReceiver]
02-20 21:35:21.826   924  1309 I am_proc_died: [0,2936,com.letv.android.themestore]
02-20 21:35:21.837   924  1665 I am_proc_bound: [0,3308,com.mediatek.batterywarning]
02-20 21:35:21.865   924  1778 I am_proc_start: [0,3322,10043,com.android.calendar,broadcast,com.android.calendar/.alerts.AlertReceiver]
02-20 21:35:21.866   924  1778 I am_kill : [0,2956,com.letv.android.letvlive:pushservice,15,empty #17]
02-20 21:35:21.944   924  1743 I am_proc_bound: [0,3322,com.android.calendar]
02-20 21:35:21.946   924   935 I am_proc_died: [0,2956,com.letv.android.letvlive:pushservice]
02-20 21:35:21.996   924  1694 I am_proc_start: [0,3340,10046,com.android.deskclock,broadcast,com.android.deskclock/.AlarmInitReceiver]
02-20 21:35:22.006   924  1309 I am_proc_bound: [0,3340,com.android.deskclock]
02-20 21:35:22.043   924  1656 I am_proc_start: [0,3359,10065,com.letv.android.emojistore,content provider,com.letv.android.emojistore/.provider.EmojiStoreProvider]
02-20 21:35:22.055   924  1763 I am_proc_bound: [0,3359,com.letv.android.emojistore]
02-20 21:35:22.073   924  1309 I force_gc: Binder
02-20 21:35:22.176   924  1728 I am_proc_start: [0,3389,10050,com.android.email,broadcast,com.android.email/.service.EmailBroadcastReceiver]
02-20 21:35:22.178   924  1728 I am_kill : [0,3008,com.letv.android.mobileactivation,15,empty #17]
02-20 21:35:22.273   924   924 I notification_cancel: [10078,1893,com.letv.app.appstore,10001,NULL,0,0,64,8,NULL]
02-20 21:35:22.303   924  1728 I am_kill : [0,2984,sina.mobile.tianqitongletv,15,empty #18]
02-20 21:35:22.398   924  1763 I am_proc_bound: [0,3389,com.android.email]
02-20 21:35:22.400   924  1743 I am_proc_died: [0,3008,com.letv.android.mobileactivation]
02-20 21:35:22.402   924  1309 I am_proc_died: [0,2984,sina.mobile.tianqitongletv]
02-20 21:35:22.414   924   924 I notification_enqueue: [10078,1893,com.letv.app.appstore,10001,NULL,0,Notification(pri=0 contentView=com.letv.app.appstore/0x7f030122 vibrate=null sound=null isShadow = false isOriginalStyle = false defaults=0x0 flags=0x10 color=0x00000000 vis=PRIVATE),0]
02-20 21:35:22.533   924  1694 I am_proc_start: [0,3424,1001,com.mediatek.engineermode,broadcast,com.mediatek.engineermode/.boot.EmBootupReceiver]
02-20 21:35:22.544   924   935 I am_proc_bound: [0,3424,com.mediatek.engineermode]
02-20 21:35:22.568   924  1690 I am_proc_start: [0,3438,10051,com.android.exchange,service,com.android.exchange/.service.EasService]
02-20 21:35:22.579   924   938 I am_proc_bound: [0,3438,com.android.exchange]
02-20 21:35:22.596   924  1658 I am_kill : [0,3064,com.mediatek.ppl,15,empty #17]
02-20 21:35:22.674   924   940 I am_proc_start: [0,3453,10062,com.letv.android.accountinfo,broadcast,com.letv.android.accountinfo/.receiver.AccountInfoBootCompleteReceiver]
02-20 21:35:22.675   924  1690 I am_proc_died: [0,3064,com.mediatek.ppl]
