02-20 21:43:38.908   924   940 I am_broadcast_discard_app: [0,101702430,android.intent.action.PACKAGE_REMOVED,21,ResolveInfo{9e3a918 com.ss.android.article.news/com.ss.android.message.MessageReceiver m=0x208000}]
02-20 21:43:38.908   924   940 I am_broadcast_discard_app: [0,101702430,android.intent.action.PACKAGE_REMOVED,22,ResolveInfo{4047f71 com.ss.android.article.news/com.baidu.android.pushservice.RegistrationReceiver m=0x208000}]
02-20 21:43:38.908   924   940 I am_broadcast_discard_app: [0,101702430,android.intent.action.PACKAGE_REMOVED,23,ResolveInfo{724e156 com.ss.android.article.news/com.taobao.accs.EventReceiver m=0x208000}]
02-20 21:43:38.908   924   940 I am_broadcast_discard_app: [0,101702430,android.intent.action.PACKAGE_REMOVED,24,ResolveInfo{5e055d7 com.ss.android.article.news/com.taobao.agoo.AgooCommondReceiver m=0x208000}]
02-20 21:43:38.909   924   940 I am_broadcast_discard_app: [0,101702430,android.intent.action.PACKAGE_REMOVED,25,ResolveInfo{5f63ec4 com.ss.android.article.news/com.huawei.android.pushagent.PushEventReceiver m=0x208000}]
02-20 21:43:38.956   924   938 I am_broadcast_discard_app: [0,128302306,android.intent.action.PACKAGE_ADDED,6,ResolveInfo{9ea7873 com.letv.lesophoneclient/.receiver.LetvAppReceiver m=0x208000}]
02-20 21:43:38.990   924  1763 I am_broadcast_discard_app: [0,128302306,android.intent.action.PACKAGE_ADDED,10,ResolveInfo{42aba9 com.letv.games/.receiver.SelfPackageChangedReceiver m=0x208000}]
02-20 21:43:39.000   924  1658 I am_broadcast_discard_app: [0,128302306,android.intent.action.PACKAGE_ADDED,13,ResolveInfo{d6a28cf com.wukongtv.wkhelper/.receiver.SystemEventReceiver m=0x208000}]
02-20 21:43:39.001   924   940 I am_broadcast_discard_app: [0,128302306,android.intent.action.PACKAGE_ADDED,14,ResolveInfo{dbca25c com.wukongtv.wkremote.client/.receiver.PackageAddedReceiver m=0x208000}]
02-20 21:43:39.001   924   940 I am_broadcast_discard_app: [0,128302306,android.intent.action.PACKAGE_ADDED,15,ResolveInfo{1f15965 com.wandoujia.phoenix2/com.wandoujia.ripple_framework.installer.install.impl.PackageChangeReceiver m=0x208000}]
02-20 21:43:39.001   924   940 I am_broadcast_discard_app: [0,128302306,android.intent.action.PACKAGE_ADDED,16,ResolveInfo{61e063a com.wandoujia.phoenix2/com.wandoujia.jupiter.downloadreminder.NotInstallAppReceiver m=0x208000}]
02-20 21:43:39.002   924   940 I am_broadcast_discard_app: [0,128302306,android.intent.action.PACKAGE_ADDED,17,ResolveInfo{b8a82eb com.wandoujia.phoenix2/com.wandoujia.p4.receiver.AppChangedReceiver m=0x208000}]
02-20 21:43:39.002   924   940 I am_broadcast_discard_app: [0,128302306,android.intent.action.PACKAGE_ADDED,18,ResolveInfo{a9f8848 com.ss.android.article.news/com.ss.android.message.MessageReceiver m=0x208000}]
02-20 21:43:39.002   924   940 I am_broadcast_discard_app: [0,128302306,android.intent.action.PACKAGE_ADDED,19,ResolveInfo{12326e1 com.ss.android.article.news/com.huawei.android.pushagent.PushEventReceiver m=0x208000}]
02-20 21:43:39.002   924   940 I am_broadcast_discard_app: [0,128302306,android.intent.action.PACKAGE_ADDED,20,ResolveInfo{4d64c06 com.ss.android.article.news/com.ss.android.download.DownloadReceiver m=0x208000}]
02-20 21:43:39.024   924  1743 I am_broadcast_discard_app: [0,199386211,android.intent.action.PACKAGE_REPLACED,3,ResolveInfo{18d1860 com.letv.games/.receiver.SelfPackageChangedReceiver m=0x208000}]
02-20 21:43:39.031   924  1787 I am_broadcast_discard_app: [0,199386211,android.intent.action.PACKAGE_REPLACED,5,ResolveInfo{424d5de com.wukongtv.wkhelper/.receiver.SystemEventReceiver m=0x208000}]
02-20 21:43:39.032   924   940 I am_broadcast_discard_app: [0,199386211,android.intent.action.PACKAGE_REPLACED,6,ResolveInfo{48ce3bf com.wandoujia.phoenix2/com.wandoujia.ripple_framework.installer.install.impl.PackageChangeReceiver m=0x208000}]
02-20 21:43:39.032   924   940 I am_broadcast_discard_app: [0,199386211,android.intent.action.PACKAGE_REPLACED,7,ResolveInfo{21b5a8c com.wandoujia.phoenix2/com.wandoujia.p4.receiver.AppChangedReceiver m=0x208000}]
02-20 21:43:39.033   924   940 I am_broadcast_discard_app: [0,199386211,android.intent.action.PACKAGE_REPLACED,8,ResolveInfo{f8465d5 com.ss.android.article.news/com.ss.android.download.DownloadReceiver m=0x208000}]
02-20 21:43:40.218   924   924 I notification_cancel_all: [1000,924,com.example.demo1,0,0,0,5,NULL]
02-20 21:43:44.759   924  1656 I wm_stack_created: [11,0,0,0,0]
02-20 21:43:44.791   924  1656 I am_home_stack_moved: [0,0,11,11,startingNewTask]
02-20 21:43:44.791   924  1656 I am_create_task: [0,14]
02-20 21:43:44.791   924  1656 I am_create_activity: [0,197613968,14,com.example.demo1/com.example.plokmju.testmutilecompile.MainActivity,android.intent.action.MAIN,NULL,NULL,270532608]
02-20 21:43:44.792   924  1656 I wm_task_created: [14,11]
02-20 21:43:44.792   924  1656 I wm_task_moved: [14,1,0]
02-20 21:43:44.813   924  1656 I am_pause_activity: [0,43373408,com.android.launcher3/.Launcher]
02-20 21:43:44.815  1804  1804 I am_on_paused_called: [0,com.android.launcher3.Launcher]
02-20 21:43:44.817   924  1656 I am_home_stack_moved: [0,0,11,11,startedActivity setFocusedActivity]
02-20 21:43:44.830   924  1656 I wm_task_moved: [14,1,0]
02-20 21:43:44.836   924  1656 I am_focused_activity: [0,com.example.demo1/com.example.plokmju.testmutilecompile.MainActivity]
02-20 21:43:44.853   924  1309 I am_proc_start: [0,6783,10145,com.example.demo1,activity,com.example.demo1/com.example.plokmju.testmutilecompile.MainActivity]
02-20 21:43:44.874   924  1690 I am_proc_bound: [0,6783,com.example.demo1]
02-20 21:43:44.878   924  1690 I am_restart_activity: [0,197613968,14,com.example.demo1/com.example.plokmju.testmutilecompile.MainActivity]
02-20 21:43:45.000  6783  6783 I am_on_resume_called: [0,com.example.plokmju.testmutilecompile.MainActivity]
02-20 21:43:45.130   924   946 I am_activity_launch_time: [0,197613968,com.example.demo1/com.example.plokmju.testmutilecompile.MainActivity,290,290]
02-20 21:43:45.166   924  1728 I am_home_stack_moved: [0,0,11,11,intentActivityFound]
02-20 21:43:45.166   924  1728 I wm_task_moved: [14,1,0]
02-20 21:43:45.220   297   297 I sf_frame_dur: [com.android.launcher3/com.android.launcher3.Launcher,2,2,1,0,0,0,2]
02-20 21:43:45.377   924  1763 I am_home_stack_moved: [0,0,11,11,intentActivityFound]
02-20 21:43:45.377   924  1763 I wm_task_moved: [14,1,0]
02-20 21:43:54.117   924  1728 I am_kill : [0,6783,com.example.demo1,0,stop com.example.demo1]
02-20 21:43:54.175   924  1728 I am_finish_activity: [0,197613968,14,com.example.demo1/com.example.plokmju.testmutilecompile.MainActivity,proc died without state saved]
02-20 21:43:54.175   924  1728 I am_focused_activity: [-1,NULL]
02-20 21:43:54.178   924  1728 I wm_task_removed: [14,removeAppToken: last token]
02-20 21:43:54.179   924  1728 I am_home_stack_moved: [0,1,0,0,appDied setFocusedActivity]
02-20 21:43:54.179   924  1728 I wm_task_moved: [1,1,0]
02-20 21:43:54.181   924  1728 I am_focused_activity: [0,com.android.launcher3/.Launcher]
02-20 21:43:54.181   924  1728 I wm_task_removed: [14,removeTask]
02-20 21:43:54.181   924  1728 I am_home_stack_moved: [0,1,0,0,appDied leftTaskHistoryEmpty]
02-20 21:43:54.181   924  1728 I wm_stack_removed: 11
02-20 21:43:54.186   924  1728 I am_resume_activity: [0,43373408,1,com.android.launcher3/.Launcher]
02-20 21:43:54.192   297   297 I sf_frame_dur: [com.example.demo1/com.example.plokmju.testmutilecompile.MainActivity,1,0,0,0,0,0,0]
02-20 21:43:54.197   924   924 I notification_cancel_all: [1000,924,com.example.demo1,0,0,0,5,NULL]
02-20 21:43:54.202  1804  1804 I am_on_resume_called: [0,com.android.launcher3.Launcher]
02-20 21:43:58.892   924  1656 I wm_stack_created: [12,0,0,0,0]
02-20 21:43:58.923   924  1656 I am_home_stack_moved: [0,0,12,12,startingNewTask]
02-20 21:43:58.923   924  1656 I am_create_task: [0,15]
02-20 21:43:58.924   924  1656 I am_create_activity: [0,114389797,15,com.example.demo1/com.example.plokmju.testmutilecompile.MainActivity,android.intent.action.MAIN,NULL,NULL,270532608]
02-20 21:43:58.924   924  1656 I wm_task_created: [15,12]
02-20 21:43:58.924   924  1656 I wm_task_moved: [15,1,0]
02-20 21:43:58.939   924  1656 I am_pause_activity: [0,43373408,com.android.launcher3/.Launcher]
02-20 21:43:58.941  1804  1804 I am_on_paused_called: [0,com.android.launcher3.Launcher]
02-20 21:43:58.952   924  1656 I am_home_stack_moved: [0,0,12,12,startedActivity setFocusedActivity]
02-20 21:43:58.964   924  1656 I wm_task_moved: [15,1,0]
02-20 21:43:58.971   924  1656 I am_focused_activity: [0,com.example.demo1/com.example.plokmju.testmutilecompile.MainActivity]
02-20 21:43:58.988   924   935 I am_proc_start: [0,6868,10145,com.example.demo1,activity,com.example.demo1/com.example.plokmju.testmutilecompile.MainActivity]
02-20 21:43:59.004   924  1690 I am_proc_bound: [0,6868,com.example.demo1]
02-20 21:43:59.008   924  1690 I am_restart_activity: [0,114389797,15,com.example.demo1/com.example.plokmju.testmutilecompile.MainActivity]
02-20 21:43:59.119  6868  6868 I am_on_resume_called: [0,com.example.plokmju.testmutilecompile.MainActivity]
02-20 21:43:59.183   924  1722 I am_home_stack_moved: [0,0,12,12,intentActivityFound]
02-20 21:43:59.183   924  1722 I wm_task_moved: [15,1,0]
02-20 21:43:59.250   924   946 I am_activity_launch_time: [0,114389797,com.example.demo1/com.example.plokmju.testmutilecompile.MainActivity,275,275]
02-20 21:43:59.287   924  1665 I am_home_stack_moved: [0,0,12,12,intentActivityFound]
02-20 21:43:59.287   924  1665 I wm_task_moved: [15,1,0]
02-20 21:43:59.342   297   297 I sf_frame_dur: [com.android.launcher3/com.android.launcher3.Launcher,0,0,0,1,0,0,0]
02-20 21:43:59.399  1346  1975 I sysui_action: [210,2]
02-20 21:43:59.400  1346  1975 I sysui_action: [211,14]
02-20 21:43:59.408  1346  1346 I sysui_view_visibility: [207,100]
02-20 21:43:59.408  1346  1346 I sysui_histogram: [volume_from_keyguard,0]
02-20 21:44:02.502  1346  1346 I sysui_view_visibility: [207,0]
02-20 21:44:02.503  1346  1975 I sysui_action: [210,-1]
02-20 21:44:02.839   297   297 I sf_frame_dur: [VolumeDialog,22,1,0,1,0,0,1]
02-20 21:44:08.081   924  1763 I am_kill : [0,6868,com.example.demo1,0,stop com.example.demo1]
02-20 21:44:08.138   924  1763 I am_finish_activity: [0,114389797,15,com.example.demo1/com.example.plokmju.testmutilecompile.MainActivity,proc died without state saved]
02-20 21:44:08.139   924  1763 I am_focused_activity: [-1,NULL]
02-20 21:44:08.139   924  1763 I wm_task_removed: [15,removeAppToken: last token]
02-20 21:44:08.139   924  1763 I am_home_stack_moved: [0,1,0,0,appDied setFocusedActivity]
02-20 21:44:08.139   924  1763 I wm_task_moved: [1,1,0]
02-20 21:44:08.141   924  1763 I am_focused_activity: [0,com.android.launcher3/.Launcher]
02-20 21:44:08.141   924  1763 I wm_task_removed: [15,removeTask]
02-20 21:44:08.141   924  1763 I am_home_stack_moved: [0,1,0,0,appDied leftTaskHistoryEmpty]
02-20 21:44:08.141   924  1763 I wm_stack_removed: 12
02-20 21:44:08.150   924  1763 I am_resume_activity: [0,43373408,1,com.android.launcher3/.Launcher]
02-20 21:44:08.159   924   924 I notification_cancel_all: [1000,924,com.example.demo1,0,0,0,5,NULL]
02-20 21:44:08.163  1804  1804 I am_on_resume_called: [0,com.android.launcher3.Launcher]
02-20 21:44:08.191   924   939 I am_pss  : [4574,10081,com.letv.android.usagestats,6450176,4673536]
02-20 21:44:12.757   924  1627 I wm_stack_created: [13,0,0,0,0]
02-20 21:44:12.778   924  1627 I am_home_stack_moved: [0,0,13,13,startingNewTask]
02-20 21:44:12.778   924  1627 I am_create_task: [0,16]
02-20 21:44:12.778   924  1627 I am_create_activity: [0,116998322,16,com.example.demo1/com.example.plokmju.testmutilecompile.MainActivity,android.intent.action.MAIN,NULL,NULL,270532608]
02-20 21:44:12.779   924  1627 I wm_task_created: [16,13]
02-20 21:44:12.779   924  1627 I wm_task_moved: [16,1,0]
02-20 21:44:12.808   924  1627 I am_pause_activity: [0,43373408,com.android.launcher3/.Launcher]
02-20 21:44:12.810  1804  1804 I am_on_paused_called: [0,com.android.launcher3.Launcher]
02-20 21:44:12.818   924  1627 I am_home_stack_moved: [0,0,13,13,startedActivity setFocusedActivity]
02-20 21:44:12.831   924  1627 I wm_task_moved: [16,1,0]
02-20 21:44:12.838   924  1627 I am_focused_activity: [0,com.example.demo1/com.example.plokmju.testmutilecompile.MainActivity]
02-20 21:44:12.853   924  1763 I am_proc_start: [0,6946,10145,com.example.demo1,activity,com.example.demo1/com.example.plokmju.testmutilecompile.MainActivity]
02-20 21:44:12.870   924  1694 I am_proc_bound: [0,6946,com.example.demo1]
02-20 21:44:12.876   924  1694 I am_restart_activity: [0,116998322,16,com.example.demo1/com.example.plokmju.testmutilecompile.MainActivity]
02-20 21:44:12.904   924   939 I am_pss  : [4836,10024,com.letv.walletbiz,23879680,20603904]
02-20 21:44:12.930   924   939 I am_pss  : [4782,10068,com.letv.android.filemanager,9333760,7315456]
02-20 21:44:12.962   924   939 I am_pss  : [4296,10021,com.letv.android.supermanager,24057856,22188032]
02-20 21:44:12.984   924   939 I am_pss  : [4769,1000,com.android.keychain,5736448,4059136]
02-20 21:44:12.991  6946  6946 I am_on_resume_called: [0,com.example.plokmju.testmutilecompile.MainActivity]
02-20 21:44:13.115   924   946 I am_activity_launch_time: [0,116998322,com.example.demo1/com.example.plokmju.testmutilecompile.MainActivity,274,274]
02-20 21:44:13.207   297   297 I sf_frame_dur: [com.android.launcher3/com.android.launcher3.Launcher,0,0,0,1,0,0,0]
02-20 21:44:13.322   924  1309 I am_home_stack_moved: [0,0,13,13,intentActivityFound]
02-20 21:44:13.322   924  1309 I wm_task_moved: [16,1,0]
02-20 21:44:13.529   924  1656 I am_home_stack_moved: [0,0,13,13,intentActivityFound]
02-20 21:44:13.529   924  1656 I wm_task_moved: [16,1,0]
02-20 21:44:14.593   924   924 I notification_cancel: [10032,1346,com.android.systemui,2131492888,low_battery,-1,0,64,8,NULL]
[logcat: 0.050s elapsed]

