02-20 21:35:22.685   924  1787 I am_proc_bound: [0,3453,com.letv.android.accountinfo]
02-20 21:35:22.717   924  1694 I am_kill : [0,3079,com.android.keychain,15,empty #17]
02-20 21:35:22.847   924   938 I am_proc_start: [0,3478,10063,com.letv.android.backup,broadcast,com.letv.android.backup/.policy.receiver.SystemReceiver]
02-20 21:35:22.848   924   938 I am_kill : [0,3098,com.android.dialer,15,empty #17]
02-20 21:35:22.927   924  1309 I am_proc_died: [0,3079,com.android.keychain]
02-20 21:35:22.928   924  1690 I am_proc_bound: [0,3478,com.letv.android.backup]
02-20 21:35:22.930   924   935 I am_proc_died: [0,3098,com.android.dialer]
02-20 21:35:22.933   924  1694 I am_kill : [0,3125,android.process.acore,15,empty #17]
02-20 21:35:22.945   924   949 I power_sleep_requested: 0
02-20 21:35:23.018   924  1665 I am_proc_died: [0,3125,android.process.acore]
02-20 21:35:23.072   924  1787 I am_proc_start: [0,3497,10068,com.letv.android.filemanager,broadcast,com.letv.android.filemanager/.receivers.ReBootReceiver]
02-20 21:35:23.088   924  1743 I am_proc_bound: [0,3497,com.letv.android.filemanager]
02-20 21:35:23.150   924  1743 I am_proc_start: [0,3515,10069,com.letv.android.ota,broadcast,com.letv.android.ota/.receiver.BootReceiver]
02-20 21:35:23.168   924  1658 I am_proc_bound: [0,3515,com.letv.android.ota]
02-20 21:35:23.175   924   924 I power_screen_state: [0,3,0,0]
02-20 21:35:23.175   924   924 I screen_toggled: 0
02-20 21:35:23.175   924   924 I sysui_histogram: [screen_timeout,1800]
02-20 21:35:23.176   924   924 I power_screen_broadcast_send: 1
02-20 21:35:23.220   924   924 I notification_cancel: [10032,1346,com.android.systemui,199008,HeadSetStatusWatcher,0,0,64,8,NULL]
02-20 21:35:23.231   924   924 I power_screen_broadcast_done: [1,55,1]
02-20 21:35:23.231   924   924 I power_screen_broadcast_send: 1
02-20 21:35:23.260   924  1627 I am_proc_start: [0,3538,10070,com.letv.android.personalized,broadcast,com.letv.android.personalized/.policy.receiver.AutoBootReceiver]
02-20 21:35:23.281   924   935 I am_proc_bound: [0,3538,com.letv.android.personalized]
02-20 21:35:23.288   924   924 I power_screen_broadcast_done: [0,57,1]
02-20 21:35:23.362   924  1627 I am_kill : [0,3152,com.letv.android.note,15,empty #17]
02-20 21:35:23.435   924  1665 I am_proc_died: [0,3152,com.letv.android.note]
02-20 21:35:23.450   924  1658 I am_proc_start: [0,3561,10075,com.letv.leui.schpwronoff,broadcast,com.letv.leui.schpwronoff/.AlarmInitReceiver]
02-20 21:35:23.462   924  1694 I am_proc_bound: [0,3561,com.letv.leui.schpwronoff]
02-20 21:35:23.504   924   924 I notification_cancel: [10078,1893,com.letv.app.appstore,10000,NULL,0,0,64,8,NULL]
02-20 21:35:23.510   924  1627 I am_proc_start: [0,3585,1000,com.letv.android.theme,broadcast,com.letv.android.theme/.BootupReceiver]
02-20 21:35:23.511   924   924 I notification_cancel: [10078,1893,com.letv.app.appstore,10006,NULL,0,0,64,8,NULL]
02-20 21:35:23.522   924  1658 I am_proc_bound: [0,3585,com.letv.android.theme]
02-20 21:35:23.530   924  1690 I am_kill : [0,2916,com.letv.android.cloudservice,15,empty #17]
02-20 21:35:23.613   924  1763 I am_proc_died: [0,2916,com.letv.android.cloudservice]
02-20 21:35:23.631   924  1665 I am_proc_start: [0,3598,1000,com.mediatek.thermalmanager,broadcast,com.mediatek.thermalmanager/.ServiceStarter]
02-20 21:35:23.639   924  1743 I am_proc_bound: [0,3598,com.mediatek.thermalmanager]
02-20 21:35:23.654   924  1658 I am_kill : [0,3168,com.letv.bugpostbox,15,empty #17]
02-20 21:35:23.738   924   935 I am_proc_died: [0,3168,com.letv.bugpostbox]
02-20 21:35:23.741   924  1309 I am_kill : [0,3229,com.android.managedprovisioning,15,empty #17]
02-20 21:35:23.876   924  1309 I am_proc_start: [0,3613,10094,com.mediatek.omacp,broadcast,com.mediatek.omacp/.message.OmacpReceiver]
02-20 21:35:23.877   924  1656 I am_proc_died: [0,3229,com.android.managedprovisioning]
02-20 21:35:23.887   924  1694 I am_proc_bound: [0,3613,com.mediatek.omacp]
02-20 21:35:23.918   924  1656 I am_proc_start: [0,3626,1000,com.mediatek.schpwronoff,broadcast,com.mediatek.schpwronoff/.AlarmInitReceiver]
02-20 21:35:23.920   924   924 I notification_cancel: [10094,3613,com.mediatek.omacp,126,NULL,0,0,64,8,NULL]
02-20 21:35:23.923   924  1743 I am_kill : [0,3246,com.android.onetimeinitializer,15,empty #17]
02-20 21:35:24.006   924  1665 I am_proc_bound: [0,3626,com.mediatek.schpwronoff]
02-20 21:35:24.008   924  1778 I am_proc_died: [0,3246,com.android.onetimeinitializer]
02-20 21:35:24.038   924   940 I am_proc_start: [0,3641,10106,com.letv.android.letvlive,broadcast,com.letv.android.letvlive/.receiver.BootReceiver]
02-20 21:35:24.045   924  1627 I force_gc: Binder
02-20 21:35:24.046   924  1627 I am_proc_bound: [0,3641,com.letv.android.letvlive]
02-20 21:35:24.053   924  1728 I am_kill : [0,3260,com.android.settings,15,empty #17]
02-20 21:35:24.126   924  1658 I am_proc_died: [0,3260,com.android.settings]
02-20 21:35:24.137   924  1763 I am_kill : [0,3281,com.letv.android.systemreport,15,empty #17]
02-20 21:35:24.215   924  1656 I am_proc_died: [0,3281,com.letv.android.systemreport]
02-20 21:35:24.237   924  1627 I am_proc_start: [0,3657,10106,com.letv.android.letvlive:pushservice,broadcast,com.letv.android.letvlive/com.letv.push.receiver.LetvPushServiceReceiver]
02-20 21:35:24.238   924  1627 I am_kill : [0,3293,com.mediatek.atci.service,15,empty #17]
02-20 21:35:24.285   924  1690 I am_proc_died: [0,3293,com.mediatek.atci.service]
02-20 21:35:24.286   924  1722 I am_proc_bound: [0,3657,com.letv.android.letvlive:pushservice]
02-20 21:35:24.358   924  1656 I am_proc_start: [0,3670,10108,sina.mobile.tianqitongletv,broadcast,sina.mobile.tianqitongletv/.appwidget.TQTReciever]
02-20 21:35:24.359   924  1656 I am_kill : [0,3308,com.mediatek.batterywarning,15,empty #17]
02-20 21:35:24.462   924  1658 I am_proc_bound: [0,3670,sina.mobile.tianqitongletv]
02-20 21:35:24.465   924  1694 I am_proc_died: [0,3308,com.mediatek.batterywarning]
02-20 21:35:24.636   924  1743 I am_kill : [0,3340,com.android.deskclock,15,empty #17]
02-20 21:35:24.714   924  1658 I am_proc_died: [0,3340,com.android.deskclock]
02-20 21:35:24.731   924  1694 I am_proc_start: [0,3694,10112,com.android.inputmethod.latin,broadcast,com.android.inputmethod.latin/.SystemBroadcastReceiver]
02-20 21:35:24.740   924  1658 I am_proc_bound: [0,3694,com.android.inputmethod.latin]
02-20 21:35:24.861   924  1728 I am_proc_died: [0,3694,com.android.inputmethod.latin]
02-20 21:35:24.862   924  1728 I am_broadcast_discard_app: [0,210809831,android.intent.action.BOOT_COMPLETED,83,ResolveInfo{8b61621 com.android.inputmethod.latin/.SystemBroadcastReceiver m=0x108000}]
02-20 21:35:24.873   924   940 I am_proc_start: [0,3708,10114,com.letv.android.bugreporter,broadcast,com.letv.android.bugreporter/com.letv.bugservices.receiver.BootCompletedReceiver]
02-20 21:35:24.880   924  1656 I am_proc_bound: [0,3708,com.letv.android.bugreporter]
02-20 21:35:24.939   924  1728 I am_proc_start: [0,3720,2000,com.letv.bugpostbox,service,com.letv.bugpostbox/.ExceptionSendService]
02-20 21:35:24.946   924  1787 I am_proc_bound: [0,3720,com.letv.bugpostbox]
02-20 21:35:24.978   924  1658 I am_proc_start: [0,3734,10116,com.letv.android.mobileactivation,broadcast,com.letv.android.mobileactivation/.receiver.BootBroadcastReceiver]
02-20 21:35:24.979   924  1658 I am_kill : [0,3182,com.android.providers.calendar,15,empty #17]
02-20 21:35:25.083   924   934 I am_proc_bound: [0,3734,com.letv.android.mobileactivation]
02-20 21:35:25.085   924  1728 I am_proc_died: [0,3182,com.android.providers.calendar]
02-20 21:35:25.105   924  1722 I am_kill : [0,3359,com.letv.android.emojistore,15,empty #17]
02-20 21:35:25.194   924  1627 I am_proc_died: [0,3359,com.letv.android.emojistore]
02-20 21:35:25.210   924   940 I am_proc_start: [0,3753,10149,com.tencent.mm:exdevice,broadcast,com.tencent.mm/.booter.MMReceivers$ExdeviceProcessReceiver]
02-20 21:35:25.221   924  1787 I am_proc_bound: [0,3753,com.tencent.mm:exdevice]
02-20 21:35:25.227   924  1656 I am_kill : [0,3424,com.mediatek.engineermode,15,empty #17]
02-20 21:35:25.306   924  1690 I am_proc_died: [0,3424,com.mediatek.engineermode]
02-20 21:35:26.026   924   939 I am_pss  : [1297,10088,com.mediatek.mtklogger,4951040,3342336]
02-20 21:35:26.061   924  1665 I am_kill : [0,3389,com.android.email,15,empty #17]
02-20 21:35:26.187   924  1778 I am_proc_died: [0,3389,com.android.email]
02-20 21:35:26.203   924  1763 I force_gc: Binder
02-20 21:35:26.209   924   940 I am_proc_start: [0,3788,10149,com.tencent.mm,broadcast,com.tencent.mm/.booter.MountReceiver]
02-20 21:35:26.222   924   938 I am_proc_bound: [0,3788,com.tencent.mm]
02-20 21:35:26.495   924   939 I am_meminfo: [971472896,401600512,4096,452685824,321899520]
02-20 21:35:26.641   924  1656 I force_gc: Binder
02-20 21:35:26.753  1381  3787 I force_gc: Binder
02-20 21:35:27.066   924  1690 I force_gc: Binder
02-20 21:35:27.072   924  1787 I am_proc_start: [0,3816,10001,com.android.providers.calendar,content provider,com.android.providers.calendar/.CalendarProvider2]
02-20 21:35:27.094   924   938 I am_proc_bound: [0,3816,com.android.providers.calendar]
02-20 21:35:27.123   924   939 I am_pss  : [1578,10092,com.baidu.map.location,7421952,5148672]
02-20 21:35:27.151   924   939 I am_pss  : [1556,10038,com.baidu.input_letv,29930496,24821760]
02-20 21:35:27.174   924   939 I am_pss  : [1544,10032,com.android.systemui:imagewallpaper,23945216,20734976]
02-20 21:35:27.203   924   924 I notification_cancel: [10043,3322,com.android.calendar,0,NULL,0,0,64,8,NULL]
02-20 21:35:27.203   924   935 I am_kill : [0,3453,com.letv.android.accountinfo,15,empty #17]
02-20 21:35:27.303   924  1658 I am_proc_died: [0,3453,com.letv.android.accountinfo]
02-20 21:35:27.304   924   924 I notification_cancel: [10043,3322,com.android.calendar,1,NULL,0,0,64,8,NULL]
02-20 21:35:27.307   924   924 I notification_cancel: [10043,3322,com.android.calendar,2,NULL,0,0,64,8,NULL]
02-20 21:35:27.307   924   924 I notification_cancel: [10043,3322,com.android.calendar,3,NULL,0,0,64,8,NULL]
02-20 21:35:27.307   924   924 I notification_cancel: [10043,3322,com.android.calendar,4,NULL,0,0,64,8,NULL]
02-20 21:35:27.308   924   924 I notification_cancel: [10043,3322,com.android.calendar,5,NULL,0,0,64,8,NULL]
02-20 21:35:27.308   924   924 I notification_cancel: [10043,3322,com.android.calendar,6,NULL,0,0,64,8,NULL]
02-20 21:35:27.308   924   924 I notification_cancel: [10043,3322,com.android.calendar,7,NULL,0,0,64,8,NULL]
02-20 21:35:27.308   924   924 I notification_cancel: [10043,3322,com.android.calendar,8,NULL,0,0,64,8,NULL]
02-20 21:35:27.308   924   924 I notification_cancel: [10043,3322,com.android.calendar,9,NULL,0,0,64,8,NULL]
02-20 21:35:27.308   924   924 I notification_cancel: [10043,3322,com.android.calendar,10,NULL,0,0,64,8,NULL]
02-20 21:35:27.308   924   924 I notification_cancel: [10043,3322,com.android.calendar,11,NULL,0,0,64,8,NULL]
02-20 21:35:27.308   924   924 I notification_cancel: [10043,3322,com.android.calendar,12,NULL,0,0,64,8,NULL]
02-20 21:35:27.308   924   924 I notification_cancel: [10043,3322,com.android.calendar,13,NULL,0,0,64,8,NULL]
02-20 21:35:27.308   924   924 I notification_cancel: [10043,3322,com.android.calendar,14,NULL,0,0,64,8,NULL]
02-20 21:35:27.308   924   924 I notification_cancel: [10043,3322,com.android.calendar,15,NULL,0,0,64,8,NULL]
02-20 21:35:27.308   924   924 I notification_cancel: [10043,3322,com.android.calendar,16,NULL,0,0,64,8,NULL]
02-20 21:35:27.308   924   924 I notification_cancel: [10043,3322,com.android.calendar,17,NULL,0,0,64,8,NULL]
02-20 21:35:27.308   924   924 I notification_cancel: [10043,3322,com.android.calendar,18,NULL,0,0,64,8,NULL]
02-20 21:35:27.308   924   924 I notification_cancel: [10043,3322,com.android.calendar,19,NULL,0,0,64,8,NULL]
02-20 21:35:27.308   924   924 I notification_cancel: [10043,3322,com.android.calendar,20,NULL,0,0,64,8,NULL]
02-20 21:35:27.467  1381  3787 I force_gc: Binder
02-20 21:35:27.510   924  1743 I force_gc: Binder
02-20 21:35:27.944   924  1743 I force_gc: Binder
02-20 21:35:28.001   924  1694 I am_proc_start: [0,3844,10022,com.letv.android.usermanual,broadcast,com.letv.android.usermanual/.receiver.PushStateReceiver]
02-20 21:35:28.003   924  1694 I am_kill : [0,3438,com.android.exchange,15,empty #17]
02-20 21:35:28.114   924  1627 I am_proc_bound: [0,3844,com.letv.android.usermanual]
02-20 21:35:28.117   924  1778 I am_proc_died: [0,3438,com.android.exchange]
02-20 21:35:28.136  1381  3787 I force_gc: Binder
02-20 21:35:28.196   924  1722 I am_proc_start: [0,3857,10023,com.letv.android.client:push,broadcast,com.letv.android.client/com.letv.android.letvpushlib.receiver.PushStartedReceiver]
02-20 21:35:28.198   924  1722 I am_kill : [0,3497,com.letv.android.filemanager,15,empty #17]
02-20 21:35:28.315   924  1627 I am_proc_bound: [0,3857,com.letv.android.client:push]
02-20 21:35:28.319   924  1787 I am_proc_died: [0,3497,com.letv.android.filemanager]
02-20 21:35:28.353   924   935 I force_gc: Binder
02-20 21:35:28.505   924  1778 I am_kill : [0,3538,com.letv.android.personalized,15,empty #17]
02-20 21:35:28.605   924  1787 I am_proc_died: [0,3538,com.letv.android.personalized]
02-20 21:35:28.626   924  1627 I am_proc_start: [0,3870,10046,com.android.deskclock,broadcast,com.android.deskclock/.push.PushStateReceiver]
02-20 21:35:28.628   924  1627 I am_kill : [0,3561,com.letv.leui.schpwronoff,15,empty #17]
02-20 21:35:28.696   924  1658 I am_proc_bound: [0,3870,com.android.deskclock]
02-20 21:35:28.698   924  1690 I am_proc_died: [0,3561,com.letv.leui.schpwronoff]
02-20 21:35:28.744   924  1690 I am_proc_start: [0,3884,10065,com.letv.android.emojistore,content provider,com.letv.android.emojistore/.provider.EmojiStoreProvider]
02-20 21:35:28.753   924  1694 I force_gc: Binder
02-20 21:35:28.761   924  1665 I am_proc_bound: [0,3884,com.letv.android.emojistore]
02-20 21:35:28.798   924   935 I am_proc_start: [0,3902,10060,com.letv.android.account,broadcast,com.letv.android.account/.push.LetvAccountStateReceiver]
02-20 21:35:28.801   924   935 I am_kill : [0,3598,com.mediatek.thermalmanager,15,empty #17]
02-20 21:35:28.826  1381  3787 I force_gc: Binder
02-20 21:35:28.896   924   935 I am_kill : [0,3585,com.letv.android.theme,15,empty #18]
02-20 21:35:28.987   924  1722 I am_proc_bound: [0,3902,com.letv.android.account]
02-20 21:35:28.991   924  1694 I am_proc_died: [0,3598,com.mediatek.thermalmanager]
02-20 21:35:28.993   924  1787 I am_proc_died: [0,3585,com.letv.android.theme]
02-20 21:35:29.297   924  1690 I am_proc_start: [0,3941,10063,com.letv.android.cloudservice,broadcast,com.letv.android.cloudservice/.account.PushManagerStatusReceiver]
02-20 21:35:29.300   924  1690 I am_kill : [0,3613,com.mediatek.omacp,15,empty #17]
02-20 21:35:29.332   924   934 I force_gc: Binder
02-20 21:35:29.385   924  1665 I am_proc_bound: [0,3941,com.letv.android.cloudservice]
02-20 21:35:29.388   924  1728 I am_proc_died: [0,3613,com.mediatek.omacp]
02-20 21:35:29.467   924  1656 I am_proc_start: [0,3960,10067,com.letv.android.fannation,broadcast,com.letv.android.fannation/.receiver.PushStateReceiver]
02-20 21:35:29.469   924  1656 I am_kill : [0,3626,com.mediatek.schpwronoff,15,empty #17]
02-20 21:35:29.553   924  1778 I am_proc_died: [0,3626,com.mediatek.schpwronoff]
02-20 21:35:29.555   924   935 I am_proc_bound: [0,3960,com.letv.android.fannation]
02-20 21:35:29.709   924  1722 I am_proc_start: [0,3974,10073,com.letv.leui.sdk.data,broadcast,com.letv.leui.sdk.data/com.letv.leui.star.model.push.PushStateReceiver]
02-20 21:35:29.711   924  1722 I am_kill : [0,3641,com.letv.android.letvlive,15,empty #17]
02-20 21:35:29.718  1381  3787 I force_gc: Binder
02-20 21:35:29.769   924  1787 I force_gc: Binder
02-20 21:35:29.785   924  1309 I am_proc_bound: [0,3974,com.letv.leui.sdk.data]
02-20 21:35:29.788   924  1656 I am_proc_died: [0,3641,com.letv.android.letvlive]
02-20 21:35:30.030   924   935 I am_proc_start: [0,3990,10080,com.letv.android.themestore,broadcast,com.letv.android.themestore/.broadcast.PushStateReceiver]
02-20 21:35:30.031   924   935 I am_kill : [0,3657,com.letv.android.letvlive:pushservice,15,empty #17]
02-20 21:35:30.115   924  1722 I am_proc_bound: [0,3990,com.letv.android.themestore]
02-20 21:35:30.120   924  1743 I am_proc_died: [0,3657,com.letv.android.letvlive:pushservice]
02-20 21:35:30.278   924  1690 I am_proc_start: [0,4008,10104,com.lesports.glivesports,broadcast,com.lesports.glivesports/.push.PushReceiver]
02-20 21:35:30.289   924  1658 I am_kill : [0,3670,sina.mobile.tianqitongletv,15,empty #17]
02-20 21:35:30.394   924   935 I am_proc_bound: [0,4008,com.lesports.glivesports]
02-20 21:35:30.399   924  1743 I am_proc_died: [0,3670,sina.mobile.tianqitongletv]
02-20 21:35:30.546   924  1656 I am_proc_start: [0,4021,10105,com.letv.games,broadcast,com.letv.games/com.letv.extra.push.LetvPushReceiver]
02-20 21:35:30.547   924  1656 I am_kill : [0,3708,com.letv.android.bugreporter,15,empty #17]
02-20 21:35:30.617   924  1694 I am_proc_bound: [0,4021,com.letv.games]
02-20 21:35:30.621   924  1728 I am_proc_died: [0,3708,com.letv.android.bugreporter]
02-20 21:35:30.825   924  1309 I am_proc_start: [0,4034,10114,com.letv.android.bugreporter,broadcast,com.letv.android.bugreporter/com.letv.bugservices.receiver.PushStateReceiver]
02-20 21:35:30.827   924  1309 I am_kill : [0,3734,com.letv.android.mobileactivation,15,empty #17]
02-20 21:35:30.916   924  1665 I am_proc_bound: [0,4034,com.letv.android.bugreporter]
02-20 21:35:30.920   924  1763 I am_proc_died: [0,3734,com.letv.android.mobileactivation]
02-20 21:35:30.947   924   939 I am_pss  : [2196,10025,com.letv.android.wallpaperonline,13434880,11423744]
02-20 21:35:30.988   924  1787 I am_proc_start: [0,4047,10002,com.android.contacts,broadcast,com.android.contacts/com.mediatek.contacts.simcontact.BootCmpReceiver]
02-20 21:35:30.990   924  1787 I am_kill : [0,3753,com.tencent.mm:exdevice,13,empty #17]
02-20 21:35:31.065   924  1694 I am_proc_bound: [0,4047,com.android.contacts]
02-20 21:35:31.068   924  1728 I am_proc_died: [0,3753,com.tencent.mm:exdevice]
02-20 21:35:31.119   924  1690 I am_proc_start: [0,4062,10002,android.process.acore,content provider,com.android.providers.contacts/.ContactsProvider2]
02-20 21:35:31.137   924  1658 I am_proc_bound: [0,4062,android.process.acore]
02-20 21:35:31.212   924  1658 I am_kill : [0,3788,com.tencent.mm,15,empty #17]
02-20 21:35:31.309   924  1778 I am_proc_died: [0,3788,com.tencent.mm]
02-20 21:35:31.339   924   924 I am_proc_start: [0,4083,10149,com.tencent.mm,broadcast,com.tencent.mm/.booter.MountReceiver]
02-20 21:35:31.363   924   924 I am_proc_start: [0,4095,10116,com.letv.android.mobileactivation,service,com.letv.android.mobileactivation/.job.FirstJobService]
02-20 21:35:31.366   924  1722 I am_proc_bound: [0,4083,com.tencent.mm]
02-20 21:35:31.376   924  1690 I am_kill : [0,3816,com.android.providers.calendar,15,empty #17]
02-20 21:35:31.465   924  1665 I am_proc_bound: [0,4095,com.letv.android.mobileactivation]
02-20 21:35:31.470   924  1722 I am_proc_died: [0,3816,com.android.providers.calendar]
02-20 21:35:31.520   924  1763 I am_kill : [0,2968,com.android.defcontainer,15,empty #17]
02-20 21:35:31.594   924  1787 I am_proc_died: [0,2968,com.android.defcontainer]
02-20 21:35:31.711   924  1763 I am_proc_start: [0,4108,10051,com.android.exchange,content provider,com.android.exchange/.provider.ExchangeDirectoryProvider]
02-20 21:35:31.740   924  1787 I am_proc_bound: [0,4108,com.android.exchange]
02-20 21:35:31.743   924  1787 I am_kill : [0,3844,com.letv.android.usermanual,13,empty #17]
02-20 21:35:31.796   924  1690 I am_proc_died: [0,3844,com.letv.android.usermanual]
02-20 21:35:31.866   924  1778 I am_proc_start: [0,4123,10050,com.android.email,content provider,com.android.email/.provider.EmailProvider]
02-20 21:35:31.886   924  1665 I am_proc_bound: [0,4123,com.android.email]
02-20 21:35:31.888   924  1665 I am_kill : [0,4062,android.process.acore,13,empty #17]
02-20 21:35:31.980   924  1722 I am_proc_died: [0,4062,android.process.acore]
02-20 21:35:33.756   924   924 I notification_enqueue: [10149,4083,com.tencent.mm,-1212,NULL,0,Notification(pri=-2 contentView=com.tencent.mm/0x109010c vibrate=null sound=null isShadow = false isOriginalStyle = false defaults=0x0 flags=0x40 color=0xff607d8b vis=PRIVATE),0]
02-20 21:35:33.781   924  1627 I am_proc_start: [0,4191,10001,com.android.providers.calendar,broadcast,com.android.providers.calendar/.CalendarProviderBroadcastReceiver]
02-20 21:35:33.783   924   939 I am_pss  : [2456,10103,com.letv.agnes,9572352,7467008]
02-20 21:35:33.798   924   934 I force_gc: Binder
02-20 21:35:33.798   924   934 I am_proc_bound: [0,4191,com.android.providers.calendar]
02-20 21:35:33.817   924   938 I notification_expansion: [0|com.tencent.mm|-1212|null|10149,0,1,61,61,0]
02-20 21:35:33.818   924  1665 I notification_expansion: [0|android|17039593|null|1000,0,0,13938,13938,0]
02-20 21:35:33.818   924   934 I notification_expansion: [0|com.tencent.mm|-1212|null|10149,0,0,62,62,0]
02-20 21:35:33.837   924   939 I am_pss  : [2444,10081,com.letv.android.usagestats,4385792,2662400]
02-20 21:35:33.866   924   939 I am_pss  : [2408,10012,com.stv.stvpush,10952704,8785920]
02-20 21:35:33.896   924   939 I am_pss  : [2468,10113,com.letv.leui.widget.leclipboardapp,6373376,3858432]
02-20 21:35:33.940   924  1690 I am_kill : [0,3857,com.letv.android.client:push,15,empty #17]
02-20 21:35:34.017   924  1778 I am_proc_died: [0,3857,com.letv.android.client:push]
02-20 21:35:34.471   924   924 I free_storage_changed: 5504081920
02-20 21:35:37.494   924  1627 I am_kill : [0,1381,android.process.media,15,empty #17]
02-20 21:35:37.578   924   935 I am_proc_died: [0,1381,android.process.media]
02-20 21:35:37.594   924   924 I notification_cancel: [10149,4083,com.tencent.mm,44,NULL,0,0,64,8,NULL]
02-20 21:35:37.605   924   939 I am_pss  : [2759,10090,com.android.music,16757760,12263424]
02-20 21:35:38.281   924   924 I notification_cancel: [10149,4083,com.tencent.mm,40,NULL,0,0,64,8,NULL]
02-20 21:35:38.367   924   924 I notification_enqueue: [10149,4083,com.tencent.mm,-1212,NULL,0,Notification(pri=-2 contentView=com.tencent.mm/0x109010c vibrate=null sound=null isShadow = false isOriginalStyle = false defaults=0x0 flags=0x40 color=0xff607d8b vis=PRIVATE),1]
02-20 21:35:38.368   924   924 I notification_cancel: [1000,924,com.tencent.mm,-1212,NULL,0,0,0,8,NULL]
02-20 21:35:38.369   924   924 I notification_canceled: [0|com.tencent.mm|-1212|null|10149,8,4613,2,0]
02-20 21:35:38.380   924  1309 I notification_expansion: [0|android|17039593|null|1000,0,1,18500,18500,0]
02-20 21:35:52.097   924  1690 I am_kill : [0,3322,com.android.calendar,13,empty #17]
02-20 21:35:52.342   924   934 I am_proc_died: [0,3322,com.android.calendar]
02-20 21:35:52.343   924   934 I am_schedule_service_restart: [0,com.android.calendar/.IClockService,1000]
02-20 21:35:52.448   924   939 I am_pss  : [3203,1000,com.letv.bsp.crashhandler,4112384,2424832]
02-20 21:35:52.497   924   939 I am_pss  : [3515,10069,com.letv.android.ota,5867520,3846144]
02-20 21:35:52.544   924   939 I am_pss  : [3478,10063,com.letv.android.backup,6173696,4403200]
02-20 21:35:53.416   924   940 I am_proc_start: [0,4270,10043,com.android.calendar,service,com.android.calendar/.IClockService]
02-20 21:35:53.651   924  1743 I am_kill : [0,3478,com.letv.android.backup,15,empty #17]
02-20 21:35:53.725   924  1763 I am_proc_bound: [0,4270,com.android.calendar]
02-20 21:35:53.736   924  1309 I am_proc_died: [0,3478,com.letv.android.backup]
02-20 21:35:53.917   924  1309 I am_kill : [0,3870,com.android.deskclock,15,empty #17]
02-20 21:35:54.001   924  1763 I am_proc_died: [0,3870,com.android.deskclock]
02-20 21:35:55.119   924  1690 I am_proc_start: [0,4296,10021,com.letv.android.supermanager,service,com.letv.android.supermanager/.aidl.SuperManagerService]
02-20 21:35:55.163   924  1722 I am_proc_bound: [0,4296,com.letv.android.supermanager]
02-20 21:35:56.194   924  1665 I am_kill : [0,3902,com.letv.android.account,15,empty #17]
02-20 21:35:56.267   924  1743 I am_proc_died: [0,3902,com.letv.android.account]
02-20 21:35:59.803   924   935 I am_proc_start: [0,4314,10006,android.process.media,content provider,com.android.providers.media/.MediaProvider]
02-20 21:35:59.828   924   934 I am_proc_bound: [0,4314,android.process.media]
02-20 21:35:59.872   924   939 I am_pss  : [3974,10073,com.letv.leui.sdk.data,6463488,4784128]
02-20 21:35:59.910   924   939 I am_pss  : [3960,10067,com.letv.android.fannation,6739968,5111808]
02-20 21:35:59.948   924   939 I am_pss  : [3941,10063,com.letv.android.cloudservice,5592064,3981312]
02-20 21:36:00.057   924  1627 I am_kill : [0,3941,com.letv.android.cloudservice,15,empty #17]
02-20 21:36:00.117   924  1690 I am_proc_died: [0,3941,com.letv.android.cloudservice]
02-20 21:36:02.378   924   924 I notification_cancel: [10032,1346,com.android.systemui,2131492888,low_battery,-1,0,64,8,NULL]
02-20 21:36:03.146   924   924 I notification_cancel: [1000,924,com.tencent.mm,-1213,NULL,0,0,0,8,NULL]
02-20 21:36:03.359   924  1694 I am_proc_died: [0,3020,com.tencent.mm:push]
02-20 21:36:03.359   924  1694 I am_schedule_service_restart: [0,com.tencent.mm/.booter.CoreService,1000]
02-20 21:36:03.377   924   939 I am_pss  : [4083,10149,com.tencent.mm,70282240,58208256]
02-20 21:36:03.425   924   939 I am_pss  : [4108,10051,com.android.exchange,5365760,3702784]
02-20 21:36:03.509   924   939 I am_pss  : [4123,10050,com.android.email,11968512,9879552]
02-20 21:36:03.557   924   939 I am_pss  : [4095,10116,com.letv.android.mobileactivation,3902464,2269184]
02-20 21:36:03.605   924   939 I am_pss  : [4047,10002,com.android.contacts,6338560,4567040]
02-20 21:36:03.651   924   939 I am_pss  : [4034,10114,com.letv.android.bugreporter,4963328,3350528]
02-20 21:36:03.705   924   939 I am_pss  : [4021,10105,com.letv.games,8248320,3219456]
02-20 21:36:03.787   924   939 I am_pss  : [3720,2000,com.letv.bugpostbox,6806528,4866048]
02-20 21:36:03.842   924   939 I am_pss  : [4008,10104,com.lesports.glivesports,9829376,4665344]
02-20 21:36:03.891   924   939 I am_pss  : [3990,10080,com.letv.android.themestore,14624768,12587008]
02-20 21:36:03.925   924   939 I am_pss  : [3884,10065,com.letv.android.emojistore,13454336,11661312]
02-20 21:36:04.381   924   940 I am_proc_start: [0,4331,10149,com.tencent.mm:push,service,com.tencent.mm/.booter.CoreService]
02-20 21:36:04.403   924  1787 I am_proc_bound: [0,4331,com.tencent.mm:push]
02-20 21:36:04.940  4331  4331 I auditd  : type=1400 audit(0.0:12): avc: denied { read } for comm="tencent.mm:push" name="anr" dev="mmcblk0p23" ino=697633 scontext=u:r:untrusted_app:s0:c512,c768 tcontext=u:object_r:anr_data_file:s0 tclass=dir permissive=0
02-20 21:36:05.177   924   924 I notification_enqueue: [10149,4331,com.tencent.mm,-1213,NULL,0,Notification(pri=-2 contentView=com.tencent.mm/0x109010c vibrate=null sound=null isShadow = false isOriginalStyle = false defaults=0x0 flags=0x40 color=0xff607d8b vis=PRIVATE),0]
02-20 21:36:05.229   924  1728 I notification_expansion: [0|com.tencent.mm|-1213|null|10149,0,1,53,53,0]
02-20 21:36:05.231   924  1722 I notification_expansion: [0|android|17039593|null|1000,0,0,45351,45351,0]
02-20 21:36:05.232   924  1309 I notification_expansion: [0|com.tencent.mm|-1213|null|10149,0,0,56,56,0]
02-20 21:36:05.338   924   924 I notification_enqueue: [10149,4331,com.tencent.mm,-1213,NULL,0,Notification(pri=-2 contentView=com.tencent.mm/0x109010c vibrate=null sound=null isShadow = false isOriginalStyle = false defaults=0x0 flags=0x40 color=0xff607d8b vis=PRIVATE),1]
02-20 21:36:05.339   924   924 I notification_cancel: [1000,924,com.tencent.mm,-1213,NULL,0,0,0,8,NULL]
02-20 21:36:05.339   924   924 I notification_canceled: [0|com.tencent.mm|-1213|null|10149,8,163,2,0]
02-20 21:36:05.369   924  1656 I notification_expansion: [0|android|17039593|null|1000,0,1,45489,45489,0]
02-20 21:36:13.218   924  1309 I am_kill : [0,2444,com.letv.android.usagestats,15,empty #17]
02-20 21:36:13.307   924  1722 I am_proc_died: [0,2444,com.letv.android.usagestats]
02-20 21:36:33.050   924   939 I am_pss  : [4331,10149,com.tencent.mm:push,20143104,9318400]
02-20 21:36:33.121   924   939 I am_pss  : [4314,10006,android.process.media,6472704,4571136]
02-20 21:36:33.171   924   939 I am_pss  : [4296,10021,com.letv.android.supermanager,21923840,20062208]
02-20 21:36:33.218   924   939 I am_pss  : [4191,10001,com.android.providers.calendar,5367808,3522560]
02-20 21:36:33.267   924   939 I am_pss  : [4270,10043,com.android.calendar,13260800,11137024]
02-20 21:36:36.333   924   940 I am_proc_start: [0,4380,10017,com.letv.android.note,broadcast,com.letv.android.note/.widget.NoteWidgetProvider$UpdateWidgetReciver]
02-20 21:36:36.389   924  1722 I am_proc_bound: [0,4380,com.letv.android.note]
02-20 21:36:36.730   924  1665 I am_proc_start: [0,4395,10046,com.android.deskclock,broadcast,com.android.deskclock/.AlarmInitReceiver]
02-20 21:36:36.768   924  1743 I am_proc_bound: [0,4395,com.android.deskclock]
02-20 21:36:36.791   924  1787 I am_kill : [0,3884,com.letv.android.emojistore,15,empty #17]
02-20 21:36:36.924   924  1694 I am_proc_died: [0,3884,com.letv.android.emojistore]
02-20 21:36:42.309   924  1309 I am_proc_start: [0,4410,10065,com.letv.android.emojistore,content provider,com.letv.android.emojistore/.provider.EmojiStoreProvider]
02-20 21:36:42.348   924  1658 I am_proc_bound: [0,4410,com.letv.android.emojistore]
02-20 21:36:43.149   924  1743 I am_proc_start: [0,4445,10049,com.mediatek.providers.drm,broadcast,com.mediatek.providers.drm/.TimeChangedReceiver]
02-20 21:36:43.153   924  1743 I am_kill : [0,3974,com.letv.leui.sdk.data,13,empty #17]
02-20 21:36:43.242   924  1743 I am_kill : [0,3960,com.letv.android.fannation,13,empty #18]
02-20 21:36:43.332   924   939 I am_pss  : [4083,10149,com.tencent.mm,69695488,57810944]
02-20 21:36:43.333   924  1722 I am_proc_bound: [0,4445,com.mediatek.providers.drm]
02-20 21:36:43.339   924   938 I am_proc_died: [0,3974,com.letv.leui.sdk.data]
02-20 21:36:43.341   924  1690 I am_proc_died: [0,3960,com.letv.android.fannation]
02-20 21:36:43.431   924   934 I am_proc_start: [0,4457,10075,com.letv.leui.schpwronoff,broadcast,com.letv.leui.schpwronoff/.AlarmInitReceiver]
02-20 21:36:43.473   924   935 I am_proc_bound: [0,4457,com.letv.leui.schpwronoff]
02-20 21:36:43.549   924  1787 I am_kill : [0,3990,com.letv.android.themestore,13,empty #17]
02-20 21:36:43.654   924  1656 I am_proc_died: [0,3990,com.letv.android.themestore]
02-20 21:36:43.681   924   935 I am_proc_start: [0,4473,1000,com.mediatek.schpwronoff,broadcast,com.mediatek.schpwronoff/.AlarmInitReceiver]
02-20 21:36:43.700   924  1658 I am_proc_bound: [0,4473,com.mediatek.schpwronoff]
02-20 21:36:43.753   924  1627 I am_kill : [0,4008,com.lesports.glivesports,13,empty #17]
02-20 21:36:43.801   924  1658 I am_proc_died: [0,4008,com.lesports.glivesports]
02-20 21:36:43.827   924  1763 I am_proc_start: [0,4486,10108,sina.mobile.tianqitongletv,broadcast,sina.mobile.tianqitongletv/.appwidget.TQTReciever]
02-20 21:36:43.853   924  1743 I am_proc_bound: [0,4486,sina.mobile.tianqitongletv]
02-20 21:36:43.881   924   934 I am_kill : [0,3720,com.letv.bugpostbox,13,empty #17]
02-20 21:36:43.935   924  1694 I am_proc_died: [0,3720,com.letv.bugpostbox]
02-20 21:36:43.936   924  1694 I am_schedule_service_restart: [0,com.letv.bugpostbox/.ExceptionSendService,1000]
02-20 21:36:44.951   924   940 I am_proc_start: [0,4510,2000,com.letv.bugpostbox,service,com.letv.bugpostbox/.ExceptionSendService]
02-20 21:36:44.969   924  1656 I am_proc_bound: [0,4510,com.letv.bugpostbox]
02-20 21:36:45.135   924  1656 I am_kill : [0,4021,com.letv.games,15,empty #17]
02-20 21:36:45.192   924  1728 I am_proc_died: [0,4021,com.letv.games]
02-20 21:36:59.073   924  1309 I battery_level: [32,3726,380]
02-20 21:36:59.097   924   924 I notification_cancel: [10032,1346,com.android.systemui,2131492888,low_battery,-1,0,64,8,NULL]
02-20 21:38:18.259   924   939 I am_pss  : [4486,10108,sina.mobile.tianqitongletv,9357312,4259840]
02-20 21:38:18.445   924   939 I am_pss  : [924,1000,system,136727552,127997952]
02-20 21:38:18.508   924   939 I am_pss  : [4395,10046,com.android.deskclock,19101696,12808192]
02-20 21:38:18.555   924   939 I am_pss  : [4380,10017,com.letv.android.note,6963200,5185536]
02-20 21:38:18.600   924   939 I am_pss  : [1789,10071,com.letv.android.privacydata,3505152,1896448]
02-20 21:38:18.646   924   939 I am_pss  : [1774,1000,com.dolby,7490560,5746688]
02-20 21:38:18.697   924   939 I am_pss  : [1760,10018,com.letv.android.phonecontrol,13989888,10842112]
02-20 21:38:18.746   924   939 I am_pss  : [1741,10010,com.letv.domain,9019392,6758400]
02-20 21:38:18.792   924   939 I am_pss  : [1725,1000,com.mediatek.nlpservice,3802112,2150400]
02-20 21:38:18.837   924   939 I am_pss  : [1709,10110,com.letv.gallery3d.syncservice,3642368,2035712]
02-20 21:38:18.902   924   939 I am_pss  : [1699,10111,com.stv.android.videochat,36359168,28286976]
02-20 21:38:18.926   924   939 I am_pss  : [1681,1000,com.mediatek.voiceextension,7044096,2424832]
02-20 21:38:18.950   924   939 I am_pss  : [1666,10016,com.android.mms,16499712,13864960]
02-20 21:38:18.972   924   939 I am_pss  : [1651,10011,com.letv.android.freeflow,4823040,3129344]
02-20 21:38:18.995   924   939 I am_pss  : [1635,1001,com.mediatek.wfo.impl,4775936,2949120]
02-20 21:38:19.015   924   939 I am_pss  : [1619,1001,com.mediatek.ims,4782080,2990080]
02-20 21:38:19.034   924   939 I am_pss  : [1612,1001,com.mediatek.gba,3556352,1961984]
02-20 21:38:19.063   924   939 I am_pss  : [1599,1001,com.android.phone,48323584,44793856]
02-20 21:38:19.092   924   939 I am_pss  : [1346,10032,com.android.systemui,81361920,73778176]
02-20 21:39:32.154   924   924 I power_screen_state: [1,0,0,0]
02-20 21:39:32.154   924   924 I screen_toggled: 1
02-20 21:39:32.155   924   924 I power_screen_broadcast_send: 1
02-20 21:39:32.567   924   939 I am_pss  : [4510,2000,com.letv.bugpostbox,6591488,4632576]
02-20 21:39:32.585   924   939 I am_pss  : [4191,10001,com.android.providers.calendar,5403648,3604480]
02-20 21:39:32.604   924   924 I [36100] : AntiInadevertentlyRelease
02-20 21:39:32.619   924   939 I am_pss  : [4473,1000,com.mediatek.schpwronoff,4019200,2326528]
02-20 21:39:32.667   924   939 I am_pss  : [4457,10075,com.letv.leui.schpwronoff,4039680,2367488]
02-20 21:39:32.700   924   939 I am_pss  : [4445,10049,com.mediatek.providers.drm,3926016,2224128]
02-20 21:39:32.730   924   939 I am_pss  : [4270,10043,com.android.calendar,13614080,11505664]
02-20 21:39:32.752   924   939 I am_pss  : [4410,10065,com.letv.android.emojistore,12823552,10981376]
02-20 21:39:32.774   924   924 I notification_cancel: [10032,1346,com.android.systemui,199008,HeadSetStatusWatcher,0,0,64,8,NULL]
02-20 21:39:32.808   924   924 I power_screen_broadcast_done: [1,652,1]
02-20 21:39:33.664   924   934 I battery_status: [2,2,1,0,Li-poly]
02-20 21:39:33.671   924   924 I notification_cancel: [10032,1346,com.android.systemui,2131492888,low_battery,-1,0,64,8,NULL]
02-20 21:39:34.218   924  1690 I battery_status: [2,2,1,2,Li-poly]
02-20 21:39:34.218   924  1690 I battery_level: [33,3727,380]
02-20 21:39:34.237   924   949 I vibrator_source: vibrate from uid=1000 opPkg=android time =150
02-20 21:39:34.256   924   924 I notification_cancel: [10032,1346,com.android.systemui,2131492888,low_battery,-1,0,64,8,NULL]
02-20 21:39:34.327   924   940 I am_proc_start: [0,4545,10106,com.letv.android.letvlive:pushservice,broadcast,com.letv.android.letvlive/com.letv.push.receiver.LetvPushServiceReceiver]
02-20 21:39:34.335   924  1743 I am_proc_bound: [0,4545,com.letv.android.letvlive:pushservice]
02-20 21:39:34.493   924  1665 I am_broadcast_discard_app: [0,98297991,android.intent.action.ACTION_POWER_CONNECTED,1,ResolveInfo{ee553b4 com.tencent.mtt/.browser.push.service.ConnectivityReceiver m=0x108000}]
02-20 21:39:34.494   924  1665 I am_kill : [0,4034,com.letv.android.bugreporter,15,empty #17]
02-20 21:39:34.617   924   940 I am_broadcast_discard_app: [0,98297991,android.intent.action.ACTION_POWER_CONNECTED,2,ResolveInfo{85dabdd com.ss.android.article.news/com.ss.android.message.MessageReceiver m=0x108000}]
02-20 21:39:34.618   924  1743 I am_proc_died: [0,4034,com.letv.android.bugreporter]
02-20 21:39:34.620   924   924 I notification_enqueue: [1000,924,android,17040350,NULL,-1,Notification(pri=0 contentView=null vibrate=null sound=null tick isShadow = false isOriginalStyle = false defaults=0x0 flags=0x2 color=0xff607d8b vis=PUBLIC),0]
02-20 21:39:34.684  1346  1346 I sysui_fullscreen_notification: -1|android|17040350|null|1000
02-20 21:39:34.695   924  1787 I wm_stack_created: [1,0,0,0,0]
02-20 21:39:34.699   924  1787 I am_home_stack_moved: [0,0,1,1,startingNewTask]
02-20 21:39:34.699   924  1787 I am_create_task: [0,2]
02-20 21:39:34.699   924  1787 I am_create_activity: [0,70103890,2,com.android.settings/.UsbSettings,android.intent.action.MAIN,NULL,NULL,1551892480]
02-20 21:39:34.700   924  1787 I wm_task_created: [2,1]
02-20 21:39:34.700   924  1787 I wm_task_moved: [2,1,0]
02-20 21:39:34.714   924  1787 I am_proc_start: [0,4560,1000,com.android.settings,activity,com.android.settings/.UsbSettings]
02-20 21:39:34.714   924  1787 I am_home_stack_moved: [0,0,1,1,startedActivity setFocusedActivity]
02-20 21:39:34.714   924  1787 I wm_task_moved: [2,1,0]
02-20 21:39:34.715   924  1787 I am_focused_activity: [0,com.android.settings/.UsbSettings]
02-20 21:39:34.716  1346  1346 I sysui_count: [note_fullscreen,1]
02-20 21:39:34.717   924  1694 I notification_expansion: [-1|android|17040350|null|1000,0,1,97,97,0]
02-20 21:39:34.718   924  1656 I notification_expansion: [0|android|17039593|null|1000,0,0,254838,254838,0]
02-20 21:39:34.727   924  1763 I am_proc_bound: [0,4560,com.android.settings]
02-20 21:39:34.731   924  1763 I am_restart_activity: [0,70103890,2,com.android.settings/.UsbSettings]
02-20 21:39:34.933  1346  1346 I sysui_panelholder_touch: [0,761,1390]
02-20 21:39:35.033   924  1763 I am_pause_activity: [0,70103890,com.android.settings/.UsbSettings]
02-20 21:39:35.082   924   939 I am_proc_start: [0,4574,10081,com.letv.android.usagestats,service,com.letv.android.usagestats/.UsageStatsReportService]
02-20 21:39:35.084   924  1309 I am_proc_bound: [0,4574,com.letv.android.usagestats]
02-20 21:39:35.091   297   297 I sf_frame_dur: [com.android.launcher3/com.android.launcher3.Launcher,0,0,0,0,0,1,1]
02-20 21:39:35.305   924   939 I sync    : [com.tencent.mtt.account.sync,0,4,105225487]
02-20 21:39:35.322   924   939 I sync    : [com.ss.android.account.AccountProvider,0,4,626686536]
02-20 21:39:35.358  4560  4560 I sysui_view_visibility: [1011,100]
02-20 21:39:35.377  4560  4560 I am_on_resume_called: [0,com.android.settings.UsbSettings]
02-20 21:39:35.403  4560  4560 I sysui_view_visibility: [1011,0]
02-20 21:39:35.407  4560  4560 I am_on_paused_called: [0,com.android.settings.UsbSettings]
02-20 21:39:35.408   924   940 I am_focused_activity: [0,com.android.settings/.UsbSettings]
02-20 21:39:35.649   924   946 I am_activity_launch_time: [0,70103890,com.android.settings/.UsbSettings,616,946]
02-20 21:39:36.347  1346  1346 I sysui_panelholder_touch: [0,399,1278]
02-20 21:39:36.351   924  1778 I vibrator_source: vibrate from uid=10032 opPkg=com.android.systemui repeat =-1 pattern =[0, 10, 20, 30]
02-20 21:39:36.440   924  1787 I vibrator_source: vibrate from uid=10032 opPkg=com.android.systemui repeat =-1 pattern =[0, 10, 20, 30]
02-20 21:39:36.476   924  1665 I vibrator_source: vibrate from uid=10032 opPkg=com.android.systemui repeat =-1 pattern =[0, 10, 20, 30]
02-20 21:39:36.678   924  1627 I vibrator_source: vibrate from uid=10032 opPkg=com.android.systemui repeat =-1 pattern =[0, 10, 20, 30]
02-20 21:39:36.895  1346  1346 I screen_toggled: 2
02-20 21:39:37.029   924  1778 I am_resume_activity: [0,70103890,2,com.android.settings/.UsbSettings]
02-20 21:39:37.049  4560  4560 I sysui_view_visibility: [1011,100]
02-20 21:39:37.057  4560  4560 I am_on_resume_called: [0,com.android.settings.UsbSettings]
02-20 21:39:37.085  1346  1346 I sysui_status_bar_state: [0,0,0,0,1,0]
02-20 21:39:37.157   924   934 I am_broadcast_discard_app: [0,58307262,android.intent.action.USER_PRESENT,2,ResolveInfo{c3b2f1f com.wandoujia.phoenix2/com.wandoujia.jupiter.floatwindow.KeepLiveReceiver m=0x108000}]
02-20 21:39:37.158   924   940 I am_broadcast_discard_app: [0,58307262,android.intent.action.USER_PRESENT,3,ResolveInfo{e88b26c com.wandoujia.phoenix2/com.taobao.accs.EventReceiver m=0x108000}]
02-20 21:39:37.158   924   940 I am_broadcast_discard_app: [0,58307262,android.intent.action.USER_PRESENT,4,ResolveInfo{2191035 com.ss.android.article.news/com.ss.android.message.MessageReceiver m=0x108000}]
02-20 21:39:37.159   924   940 I am_broadcast_discard_app: [0,58307262,android.intent.action.USER_PRESENT,5,ResolveInfo{59a3cca com.ss.android.article.news/com.ss.android.message.sswo.SswoReceiver m=0x108000}]
02-20 21:39:37.159   924   940 I am_broadcast_discard_app: [0,58307262,android.intent.action.USER_PRESENT,6,ResolveInfo{f6d9e3b com.ss.android.article.news/com.taobao.accs.EventReceiver m=0x108000}]
02-20 21:39:44.673   924   935 I notification_expansion: [0|android|17039593|null|1000,0,1,264793,264793,0]
02-20 21:39:44.675   924  1778 I notification_expansion: [-1|android|17040350|null|1000,0,0,10055,10055,0]
02-20 21:39:51.016   924   954 I am_proc_start: [0,4715,10004,com.android.defcontainer,service,com.android.defcontainer/.DefaultContainerService]
02-20 21:39:51.030   924  1778 I am_proc_bound: [0,4715,com.android.defcontainer]
02-20 21:39:52.895   924   954 I unknown_sources_enabled: 1
02-20 21:39:53.019  1893  1893 I force_gc: bg
02-20 21:39:53.019  1804  1804 I force_gc: bg
02-20 21:39:53.022   924   924 I notification_cancel_all: [1000,924,com.example.demo1,0,0,0,5,NULL]
02-20 21:39:53.048   924  1627 I am_proc_start: [0,4746,10002,android.process.acore,broadcast,com.android.providers.contacts/.PackageIntentReceiver]
02-20 21:39:53.059   924  1743 I am_proc_bound: [0,4746,android.process.acore]
02-20 21:39:53.083   924   939 I am_pss  : [4083,10149,com.tencent.mm,69497856,57700352]
02-20 21:39:53.440   924  1694 I am_kill : [0,4047,com.android.contacts,15,empty #17]
02-20 21:39:53.450   924   924 I notification_cancel_all: [1000,924,com.example.demo1,0,0,0,5,NULL]
02-20 21:39:53.556   924   938 I am_proc_died: [0,4047,com.android.contacts]
02-20 21:39:53.595   924  1690 I am_proc_start: [0,4769,1000,com.android.keychain,broadcast,com.android.keychain/.KeyChainBroadcastReceiver]
02-20 21:39:53.606   924  1658 I am_proc_bound: [0,4769,com.android.keychain]
02-20 21:39:53.635   924  1656 I am_broadcast_discard_app: [0,126263816,android.intent.action.PACKAGE_REMOVED,7,ResolveInfo{3e19da1 com.letv.lesophoneclient/.receiver.LetvAppReceiver m=0x208000}]
02-20 21:39:53.647   924   940 I am_proc_start: [0,4782,10068,com.letv.android.filemanager,broadcast,com.letv.android.filemanager/.receivers.ApkStatusReceiver]
02-20 21:39:53.653   924  1665 I am_kill : [0,4095,com.letv.android.mobileactivation,15,empty #17]
02-20 21:39:53.736   924  1743 I am_proc_bound: [0,4782,com.letv.android.filemanager]
02-20 21:39:53.739   924  1722 I am_proc_died: [0,4095,com.letv.android.mobileactivation]
02-20 21:39:53.797   924  1728 I am_broadcast_discard_app: [0,126263816,android.intent.action.PACKAGE_REMOVED,9,ResolveInfo{914f07f com.letv.letvshop/com.umeng.message.SystemReceiver m=0x208000}]
02-20 21:39:53.798   924   940 I am_broadcast_discard_app: [0,126263816,android.intent.action.PACKAGE_REMOVED,10,ResolveInfo{6b484c com.letv.games/.receiver.SelfPackageChangedReceiver m=0x208000}]
02-20 21:39:53.810   924   940 I am_proc_start: [0,4799,10107,com.letv.android.quicksearchbox,broadcast,com.letv.android.quicksearchbox/.panosearch.sources.qualcomm.AppAlterReceiver]
02-20 21:39:53.820   924  1309 I am_proc_bound: [0,4799,com.letv.android.quicksearchbox]
02-20 21:39:54.335   924  1665 I am_broadcast_discard_app: [0,126263816,android.intent.action.PACKAGE_REMOVED,13,ResolveInfo{70c33d6 com.letv.bbs/com.stv.stvpush.receiver.StvPushReceiver m=0x208000}]
02-20 21:39:54.336   924   940 I am_broadcast_discard_app: [0,126263816,android.intent.action.PACKAGE_REMOVED,14,ResolveInfo{5817657 com.wandoujia.phoenix2.usbproxy/com.wandoujia.pmp.receivers.AppChangedReceiver m=0x208000}]
02-20 21:39:54.337   924   940 I am_broadcast_discard_app: [0,126263816,android.intent.action.PACKAGE_REMOVED,15,ResolveInfo{8781544 com.wukongtv.wkhelper/.receiver.SystemEventReceiver m=0x208000}]
02-20 21:39:54.337   924   940 I am_broadcast_discard_app: [0,126263816,android.intent.action.PACKAGE_REMOVED,16,ResolveInfo{833f62d com.wandoujia.phoenix2/com.wandoujia.ripple_framework.installer.install.impl.PackageChangeReceiver m=0x208000}]
02-20 21:39:54.337   924   940 I am_broadcast_discard_app: [0,126263816,android.intent.action.PACKAGE_REMOVED,17,ResolveInfo{6efb762 com.wandoujia.phoenix2/com.wandoujia.jupiter.downloadreminder.NotInstallAppReceiver m=0x208000}]
02-20 21:39:54.337   924   940 I am_broadcast_discard_app: [0,126263816,android.intent.action.PACKAGE_REMOVED,18,ResolveInfo{5bd20f3 com.wandoujia.phoenix2/com.wandoujia.p4.receiver.AppChangedReceiver m=0x208000}]
02-20 21:39:54.338   924   940 I am_broadcast_discard_app: [0,126263816,android.intent.action.PACKAGE_REMOVED,19,ResolveInfo{8341b0 com.wandoujia.phoenix2/com.taobao.accs.EventReceiver m=0x208000}]
02-20 21:39:54.338   924   940 I am_broadcast_discard_app: [0,126263816,android.intent.action.PACKAGE_REMOVED,20,ResolveInfo{406c829 com.wandoujia.phoenix2/com.taobao.agoo.AgooCommondReceiver m=0x208000}]
02-20 21:39:54.338   924   940 I am_broadcast_discard_app: [0,126263816,android.intent.action.PACKAGE_REMOVED,21,ResolveInfo{95e7ae com.ss.android.article.news/com.ss.android.message.MessageReceiver m=0x208000}]
02-20 21:39:54.338   924   940 I am_broadcast_discard_app: [0,126263816,android.intent.action.PACKAGE_REMOVED,22,ResolveInfo{afed94f com.ss.android.article.news/com.baidu.android.pushservice.RegistrationReceiver m=0x208000}]
02-20 21:39:54.339   924   940 I am_broadcast_discard_app: [0,126263816,android.intent.action.PACKAGE_REMOVED,23,ResolveInfo{6d2c8dc com.ss.android.article.news/com.taobao.accs.EventReceiver m=0x208000}]
02-20 21:39:54.339   924   940 I am_broadcast_discard_app: [0,126263816,android.intent.action.PACKAGE_REMOVED,24,ResolveInfo{71abde5 com.ss.android.article.news/com.taobao.agoo.AgooCommondReceiver m=0x208000}]
02-20 21:39:54.339   924   940 I am_broadcast_discard_app: [0,126263816,android.intent.action.PACKAGE_REMOVED,25,ResolveInfo{5cd0ba com.ss.android.article.news/com.huawei.android.pushagent.PushEventReceiver m=0x208000}]
02-20 21:39:54.373   924  1658 I am_proc_start: [0,4836,10024,com.letv.walletbiz,broadcast,com.letv.walletbiz/.update.receiver.UpgradeApkInstallReceiver]
02-20 21:39:54.387   924  1690 I am_proc_bound: [0,4836,com.letv.walletbiz]
02-20 21:39:54.566   924  1743 I am_broadcast_discard_app: [0,212583581,android.intent.action.PACKAGE_ADDED,6,ResolveInfo{978bd12 com.letv.lesophoneclient/.receiver.LetvAppReceiver m=0x208000}]
02-20 21:39:54.585   924   934 I am_proc_start: [0,4850,10097,com.svox.pico,broadcast,com.svox.pico/.VoiceDataInstallerReceiver]
02-20 21:39:54.598   924   935 I am_proc_bound: [0,4850,com.svox.pico]
02-20 21:39:54.646   924  1743 I am_broadcast_discard_app: [0,212583581,android.intent.action.PACKAGE_ADDED,10,ResolveInfo{2eeb43f com.letv.games/.receiver.SelfPackageChangedReceiver m=0x208000}]
02-20 21:39:54.651   924  1627 I am_kill : [0,4123,com.android.email,15,empty #17]
02-20 21:39:54.725   924  1787 I am_proc_died: [0,4123,com.android.email]
02-20 21:39:54.727   924  1627 I am_broadcast_discard_app: [0,212583581,android.intent.action.PACKAGE_ADDED,12,ResolveInfo{848ec37 com.wandoujia.phoenix2.usbproxy/com.wandoujia.pmp.receivers.AppChangedReceiver m=0x208000}]
02-20 21:39:54.730   924   924 I notification_cancel_all: [1000,924,com.example.demo1,0,0,0,5,NULL]
02-20 21:39:54.731   924   940 I am_broadcast_discard_app: [0,212583581,android.intent.action.PACKAGE_ADDED,13,ResolveInfo{88f85a4 com.wukongtv.wkhelper/.receiver.SystemEventReceiver m=0x208000}]
02-20 21:39:54.733   924   940 I am_broadcast_discard_app: [0,212583581,android.intent.action.PACKAGE_ADDED,14,ResolveInfo{ac0f0d com.wukongtv.wkremote.client/.receiver.PackageAddedReceiver m=0x208000}]
02-20 21:39:54.733   924   940 I am_broadcast_discard_app: [0,212583581,android.intent.action.PACKAGE_ADDED,15,ResolveInfo{6e68ec2 com.wandoujia.phoenix2/com.wandoujia.ripple_framework.installer.install.impl.PackageChangeReceiver m=0x208000}]
02-20 21:39:54.734   924   940 I am_broadcast_discard_app: [0,212583581,android.intent.action.PACKAGE_ADDED,16,ResolveInfo{bb614d3 com.wandoujia.phoenix2/com.wandoujia.jupiter.downloadreminder.NotInstallAppReceiver m=0x208000}]
02-20 21:39:54.734   924   940 I am_broadcast_discard_app: [0,212583581,android.intent.action.PACKAGE_ADDED,17,ResolveInfo{5115810 com.wandoujia.phoenix2/com.wandoujia.p4.receiver.AppChangedReceiver m=0x208000}]
02-20 21:39:54.734   924   940 I am_broadcast_discard_app: [0,212583581,android.intent.action.PACKAGE_ADDED,18,ResolveInfo{d978f09 com.ss.android.article.news/com.ss.android.message.MessageReceiver m=0x208000}]
02-20 21:39:54.735   924   940 I am_broadcast_discard_app: [0,212583581,android.intent.action.PACKAGE_ADDED,19,ResolveInfo{112d50e com.ss.android.article.news/com.huawei.android.pushagent.PushEventReceiver m=0x208000}]
02-20 21:39:54.735   924   940 I am_broadcast_discard_app: [0,212583581,android.intent.action.PACKAGE_ADDED,20,ResolveInfo{8c32b2f com.ss.android.article.news/com.ss.android.download.DownloadReceiver m=0x208000}]
