02-20 21:39:54.762   924   939 I am_pss  : [4560,1000,com.android.settings,48405504,43935744]
02-20 21:39:54.769   924  1778 I am_broadcast_discard_app: [0,98572584,android.intent.action.PACKAGE_REPLACED,3,ResolveInfo{5051641 com.letv.games/.receiver.SelfPackageChangedReceiver m=0x208000}]
02-20 21:39:54.771   924   940 I am_broadcast_discard_app: [0,98572584,android.intent.action.PACKAGE_REPLACED,4,ResolveInfo{73877e6 com.wandoujia.phoenix2.usbproxy/com.wandoujia.pmp.receivers.AppChangedReceiver m=0x208000}]
02-20 21:39:54.771   924   940 I am_broadcast_discard_app: [0,98572584,android.intent.action.PACKAGE_REPLACED,5,ResolveInfo{9775127 com.wukongtv.wkhelper/.receiver.SystemEventReceiver m=0x208000}]
02-20 21:39:54.771   924   940 I am_broadcast_discard_app: [0,98572584,android.intent.action.PACKAGE_REPLACED,6,ResolveInfo{db19fd4 com.wandoujia.phoenix2/com.wandoujia.ripple_framework.installer.install.impl.PackageChangeReceiver m=0x208000}]
02-20 21:39:54.772   924   940 I am_broadcast_discard_app: [0,98572584,android.intent.action.PACKAGE_REPLACED,7,ResolveInfo{54bd57d com.wandoujia.phoenix2/com.wandoujia.p4.receiver.AppChangedReceiver m=0x208000}]
02-20 21:39:54.772   924   940 I am_broadcast_discard_app: [0,98572584,android.intent.action.PACKAGE_REPLACED,8,ResolveInfo{8042c72 com.ss.android.article.news/com.ss.android.download.DownloadReceiver m=0x208000}]
02-20 21:39:54.809   924   939 I am_pss  : [1893,10078,com.letv.app.appstore,37986304,32583680]
02-20 21:39:56.770   924   924 I am_kill : [0,4108,com.android.exchange,15,empty #17]
02-20 21:39:56.847   924  1728 I am_proc_died: [0,4108,com.android.exchange]
02-20 21:39:56.950   924   939 I am_pss  : [4574,10081,com.letv.android.usagestats,4272128,2650112]
02-20 21:39:56.969   924   939 I am_pss  : [4314,10006,android.process.media,6865920,5124096]
02-20 21:39:57.614   924  1690 I am_kill : [0,4380,com.letv.android.note,15,empty #17]
02-20 21:39:57.686   924  1743 I am_proc_died: [0,4380,com.letv.android.note]
02-20 21:39:57.706   924   939 I am_pss  : [2456,10103,com.letv.agnes,9722880,7782400]
02-20 21:39:59.388   924  1694 I am_home_stack_moved: [0,0,1,1,startingNewTask]
02-20 21:39:59.389   924  1694 I am_create_task: [0,3]
02-20 21:39:59.389   924  1694 I am_create_activity: [0,58095795,3,com.example.demo1/com.example.plokmju.testmutilecompile.MainActivity,android.intent.action.MAIN,NULL,NULL,270532608]
02-20 21:39:59.389   924  1694 I wm_task_created: [3,1]
02-20 21:39:59.389   924  1694 I wm_task_moved: [3,1,1]
02-20 21:39:59.422   924  1694 I am_pause_activity: [0,70103890,com.android.settings/.UsbSettings]
02-20 21:39:59.423  4560  4560 I sysui_view_visibility: [1011,0]
02-20 21:39:59.431   924  1694 I am_home_stack_moved: [0,0,1,1,startedActivity setFocusedActivity]
02-20 21:39:59.431   924  1694 I wm_task_moved: [3,1,1]
02-20 21:39:59.436   924  1694 I am_focused_activity: [0,com.example.demo1/com.example.plokmju.testmutilecompile.MainActivity]
02-20 21:39:59.444  4560  4560 I am_on_paused_called: [0,com.android.settings.UsbSettings]
02-20 21:39:59.461   924   935 I am_proc_start: [0,4905,10145,com.example.demo1,activity,com.example.demo1/com.example.plokmju.testmutilecompile.MainActivity]
02-20 21:39:59.478   924  1665 I am_proc_bound: [0,4905,com.example.demo1]
02-20 21:39:59.481   924  1665 I am_restart_activity: [0,58095795,3,com.example.demo1/com.example.plokmju.testmutilecompile.MainActivity]
02-20 21:39:59.603  4905  4905 I am_on_resume_called: [0,com.example.plokmju.testmutilecompile.MainActivity]
02-20 21:39:59.760   924   946 I am_activity_launch_time: [0,58095795,com.example.demo1/com.example.plokmju.testmutilecompile.MainActivity,316,316]
02-20 21:40:00.230   297   297 I sf_frame_dur: [com.android.settings/com.android.settings.UsbSettings,1,1,0,0,1,0,0]
02-20 21:40:00.231   924   940 I am_finish_activity: [0,70103890,2,com.android.settings/.UsbSettings,stop-no-history]
02-20 21:40:00.234   924   940 I am_destroy_activity: [0,70103890,2,com.android.settings/.UsbSettings,finish-imm]
02-20 21:40:00.235   924   940 I am_kill : [0,4410,com.letv.android.emojistore,15,empty #17]
02-20 21:40:00.364   924  1722 I am_proc_died: [0,4410,com.letv.android.emojistore]
02-20 21:40:00.368   924  1778 I wm_task_removed: [2,removeAppToken: last token]
02-20 21:40:00.369   924  1778 I wm_task_removed: [2,removeTask]
02-20 21:40:03.685   924  1665 I am_kill : [0,4270,com.android.calendar,15,empty #17]
02-20 21:40:03.728   924  1722 I am_proc_died: [0,4270,com.android.calendar]
02-20 21:40:03.728   924  1722 I am_schedule_service_restart: [0,com.android.calendar/.IClockService,1000]
02-20 21:40:04.601   924   924 I notification_cancel: [10032,1346,com.android.systemui,2131492888,low_battery,-1,0,64,8,NULL]
02-20 21:40:04.746   924   940 I am_proc_start: [0,4945,10043,com.android.calendar,service,com.android.calendar/.IClockService]
02-20 21:40:04.775   924  1778 I am_proc_bound: [0,4945,com.android.calendar]
02-20 21:40:04.908   924  1694 I am_kill : [0,4395,com.android.deskclock,15,empty #17]
02-20 21:40:04.965   924   939 I am_pss  : [4545,10106,com.letv.android.letvlive:pushservice,8836096,4222976]
02-20 21:40:04.966   924  1728 I am_proc_died: [0,4395,com.android.deskclock]
02-20 21:40:04.988   924   939 I am_pss  : [4510,2000,com.letv.bugpostbox,6516736,4710400]
02-20 21:40:05.021   924   939 I am_pss  : [1804,10009,com.android.launcher3,70523904,60775424]
02-20 21:40:05.947   924  1778 I am_proc_start: [0,4980,10065,com.letv.android.emojistore,content provider,com.letv.android.emojistore/.provider.EmojiStoreProvider]
02-20 21:40:05.964   924  1658 I am_proc_bound: [0,4980,com.letv.android.emojistore]
02-20 21:40:07.874   924   939 I am_pss  : [2196,10025,com.letv.android.wallpaperonline,12696576,10915840]
02-20 21:40:08.610   924  1763 I am_kill : [0,4905,com.example.demo1,0,stop com.example.demo1]
02-20 21:40:08.658   924  1763 I am_finish_activity: [0,58095795,3,com.example.demo1/com.example.plokmju.testmutilecompile.MainActivity,proc died without state saved]
02-20 21:40:08.658   924  1763 I am_focused_activity: [-1,NULL]
02-20 21:40:08.664   924  1763 I wm_task_removed: [3,removeAppToken: last token]
02-20 21:40:08.664   924  1763 I am_home_stack_moved: [0,1,0,0,appDied setFocusedActivity]
02-20 21:40:08.664   924  1763 I wm_task_moved: [1,1,0]
02-20 21:40:08.666   924  1763 I am_focused_activity: [0,com.android.launcher3/.Launcher]
02-20 21:40:08.666   924  1763 I wm_task_removed: [3,removeTask]
02-20 21:40:08.667   924  1763 I am_home_stack_moved: [0,1,0,0,appDied leftTaskHistoryEmpty]
02-20 21:40:08.667   924  1763 I wm_stack_removed: 1
02-20 21:40:08.673   924  1763 I am_resume_activity: [0,43373408,1,com.android.launcher3/.Launcher]
02-20 21:40:08.684   924   924 I notification_cancel_all: [1000,924,com.example.demo1,0,0,0,5,NULL]
02-20 21:40:09.093  1804  1804 I am_on_resume_called: [0,com.android.launcher3.Launcher]
02-20 21:40:13.301   924  1694 I wm_stack_created: [2,0,0,0,0]
02-20 21:40:13.339   924  1694 I am_home_stack_moved: [0,0,2,2,startingNewTask]
02-20 21:40:13.339   924  1694 I am_create_task: [0,4]
02-20 21:40:13.339   924  1694 I am_create_activity: [0,150960381,4,com.example.demo1/com.example.plokmju.testmutilecompile.MainActivity,android.intent.action.MAIN,NULL,NULL,270532608]
02-20 21:40:13.340   924  1694 I wm_task_created: [4,2]
02-20 21:40:13.340   924  1694 I wm_task_moved: [4,1,0]
02-20 21:40:13.357   924  1694 I am_pause_activity: [0,43373408,com.android.launcher3/.Launcher]
02-20 21:40:13.359  1804  1804 I am_on_paused_called: [0,com.android.launcher3.Launcher]
02-20 21:40:13.365   924  1694 I am_home_stack_moved: [0,0,2,2,startedActivity setFocusedActivity]
02-20 21:40:13.377   924  1694 I wm_task_moved: [4,1,0]
02-20 21:40:13.384   924  1694 I am_focused_activity: [0,com.example.demo1/com.example.plokmju.testmutilecompile.MainActivity]
02-20 21:40:13.399   924  1658 I am_proc_start: [0,5043,10145,com.example.demo1,activity,com.example.demo1/com.example.plokmju.testmutilecompile.MainActivity]
02-20 21:40:13.415   924  1665 I am_proc_bound: [0,5043,com.example.demo1]
02-20 21:40:13.418   924  1665 I am_restart_activity: [0,150960381,4,com.example.demo1/com.example.plokmju.testmutilecompile.MainActivity]
02-20 21:40:13.528  5043  5043 I am_on_resume_called: [0,com.example.plokmju.testmutilecompile.MainActivity]
02-20 21:40:13.654   924   946 I am_activity_launch_time: [0,150960381,com.example.demo1/com.example.plokmju.testmutilecompile.MainActivity,267,267]
02-20 21:40:13.715  1346  1975 I sysui_action: [210,2]
02-20 21:40:13.718  1346  1975 I sysui_action: [211,14]
02-20 21:40:13.727  1346  1346 I sysui_view_visibility: [207,100]
02-20 21:40:13.727  1346  1346 I sysui_histogram: [volume_from_keyguard,0]
02-20 21:40:13.755   297   297 I sf_frame_dur: [com.android.launcher3/com.android.launcher3.Launcher,0,0,0,1,0,0,0]
02-20 21:40:14.032  1346  1346 I sysui_view_visibility: [207,0]
02-20 21:40:14.033  1346  1975 I sysui_action: [210,-1]
02-20 21:40:14.387   297   297 I sf_frame_dur: [VolumeDialog,21,1,1,0,0,0,0]
02-20 21:40:15.734   924  1778 I am_kill : [0,4445,com.mediatek.providers.drm,15,empty #17]
02-20 21:40:15.809   924  1728 I am_proc_died: [0,4445,com.mediatek.providers.drm]
02-20 21:40:15.871   924   939 I am_pss  : [4799,10107,com.letv.android.quicksearchbox,18379776,16375808]
02-20 21:40:22.578   924  1743 I am_kill : [0,5043,com.example.demo1,0,stop com.example.demo1]
02-20 21:40:22.626   924  1743 I am_finish_activity: [0,150960381,4,com.example.demo1/com.example.plokmju.testmutilecompile.MainActivity,proc died without state saved]
02-20 21:40:22.626   924  1743 I am_focused_activity: [-1,NULL]
02-20 21:40:22.627   297   297 I sf_frame_dur: [com.example.demo1/com.example.plokmju.testmutilecompile.MainActivity,1,0,0,0,0,0,0]
02-20 21:40:22.633   924  1743 I wm_task_removed: [4,removeAppToken: last token]
02-20 21:40:22.633   924  1743 I am_home_stack_moved: [0,1,0,0,appDied setFocusedActivity]
02-20 21:40:22.633   924  1743 I wm_task_moved: [1,1,0]
02-20 21:40:22.637   924  1743 I am_focused_activity: [0,com.android.launcher3/.Launcher]
02-20 21:40:22.637   924  1743 I wm_task_removed: [4,removeTask]
02-20 21:40:22.637   924  1743 I am_home_stack_moved: [0,1,0,0,appDied leftTaskHistoryEmpty]
02-20 21:40:22.637   924  1743 I wm_stack_removed: 2
02-20 21:40:22.645   924  1743 I am_resume_activity: [0,43373408,1,com.android.launcher3/.Launcher]
02-20 21:40:22.653   924   924 I notification_cancel_all: [1000,924,com.example.demo1,0,0,0,5,NULL]
02-20 21:40:22.655  1804  1804 I am_on_resume_called: [0,com.android.launcher3.Launcher]
02-20 21:40:27.237   924  1728 I wm_stack_created: [3,0,0,0,0]
02-20 21:40:27.270   924  1728 I am_home_stack_moved: [0,0,3,3,startingNewTask]
02-20 21:40:27.270   924  1728 I am_create_task: [0,5]
02-20 21:40:27.270   924  1728 I am_create_activity: [0,116806990,5,com.example.demo1/com.example.plokmju.testmutilecompile.MainActivity,android.intent.action.MAIN,NULL,NULL,270532608]
02-20 21:40:27.271   924  1728 I wm_task_created: [5,3]
02-20 21:40:27.271   924  1728 I wm_task_moved: [5,1,0]
02-20 21:40:27.287   924  1728 I am_pause_activity: [0,43373408,com.android.launcher3/.Launcher]
02-20 21:40:27.288  1804  1804 I am_on_paused_called: [0,com.android.launcher3.Launcher]
02-20 21:40:27.298   924  1728 I am_home_stack_moved: [0,0,3,3,startedActivity setFocusedActivity]
02-20 21:40:27.311   924  1728 I wm_task_moved: [5,1,0]
02-20 21:40:27.317   924  1728 I am_focused_activity: [0,com.example.demo1/com.example.plokmju.testmutilecompile.MainActivity]
02-20 21:40:27.334   924  1627 I am_proc_start: [0,5128,10145,com.example.demo1,activity,com.example.demo1/com.example.plokmju.testmutilecompile.MainActivity]
02-20 21:40:27.350   924  1787 I am_proc_bound: [0,5128,com.example.demo1]
02-20 21:40:27.355   924  1787 I am_restart_activity: [0,116806990,5,com.example.demo1/com.example.plokmju.testmutilecompile.MainActivity]
02-20 21:40:27.390   924   939 I am_pss  : [4836,10024,com.letv.walletbiz,22436864,19428352]
02-20 21:40:27.419   924   939 I am_pss  : [4746,10002,android.process.acore,12785664,10805248]
02-20 21:40:27.421   924  1658 I am_home_stack_moved: [0,0,3,3,intentActivityFound]
02-20 21:40:27.421   924  1658 I wm_task_moved: [5,1,0]
02-20 21:40:27.443   924   939 I am_pss  : [4850,10097,com.svox.pico,3339264,1900544]
02-20 21:40:27.464  5128  5128 I am_on_resume_called: [0,com.example.plokmju.testmutilecompile.MainActivity]
02-20 21:40:27.465   924   939 I am_pss  : [4296,10021,com.letv.android.supermanager,22538240,20791296]
02-20 21:40:27.490   924   939 I am_pss  : [4769,1000,com.android.keychain,3780608,2232320]
02-20 21:40:27.528   924  1690 I am_home_stack_moved: [0,0,3,3,intentActivityFound]
02-20 21:40:27.528   924  1690 I wm_task_moved: [5,1,0]
02-20 21:40:27.595   924   946 I am_activity_launch_time: [0,116806990,com.example.demo1/com.example.plokmju.testmutilecompile.MainActivity,274,274]
02-20 21:40:27.640  1346  1975 I sysui_action: [210,2]
02-20 21:40:27.643  1346  1975 I sysui_action: [211,14]
02-20 21:40:27.651  1346  1346 I sysui_view_visibility: [207,100]
02-20 21:40:27.651  1346  1346 I sysui_histogram: [volume_from_keyguard,0]
02-20 21:40:27.689   297   297 I sf_frame_dur: [com.android.launcher3/com.android.launcher3.Launcher,0,0,0,0,1,0,0]
02-20 21:40:27.712   924   939 I am_pss  : [4782,10068,com.letv.android.filemanager,7384064,5623808]
02-20 21:40:27.743   924  1658 I am_home_stack_moved: [0,0,3,3,intentActivityFound]
02-20 21:40:27.744   924  1658 I wm_task_moved: [5,1,0]
02-20 21:40:27.848   924  1743 I am_home_stack_moved: [0,0,3,3,intentActivityFound]
02-20 21:40:27.848   924  1743 I wm_task_moved: [5,1,0]
02-20 21:40:27.956  1346  1346 I sysui_view_visibility: [207,0]
02-20 21:40:27.957  1346  1975 I sysui_action: [210,-1]
02-20 21:40:28.059   924   935 I am_home_stack_moved: [0,0,3,3,intentActivityFound]
02-20 21:40:28.059   924   935 I wm_task_moved: [5,1,0]
02-20 21:40:28.285   297   297 I sf_frame_dur: [VolumeDialog,18,3,1,0,0,0,0]
02-20 21:40:31.304   924   939 I am_pss  : [4560,1000,com.android.settings,28786688,24619008]
02-20 21:40:36.262   924   924 I am_proc_start: [0,5177,10116,com.letv.android.mobileactivation,service,com.letv.android.mobileactivation/.job.SupportJobService]
02-20 21:40:36.289   924  1722 I am_proc_bound: [0,5177,com.letv.android.mobileactivation]
02-20 21:40:36.325   924   939 I am_pss  : [4980,10065,com.letv.android.emojistore,12576768,10936320]
02-20 21:40:36.357   924   939 I am_pss  : [4945,10043,com.android.calendar,13392896,11665408]
02-20 21:40:36.359   924  1694 I am_kill : [0,4457,com.letv.leui.schpwronoff,15,empty #17]
02-20 21:40:36.447   924   939 I am_pss  : [4191,10001,com.android.providers.calendar,5243904,3604480]
02-20 21:40:36.447   924  1787 I am_proc_died: [0,4457,com.letv.leui.schpwronoff]
02-20 21:40:36.611   924  1722 I am_kill : [0,5128,com.example.demo1,0,stop com.example.demo1]
02-20 21:40:36.683   924  1722 I am_finish_activity: [0,116806990,5,com.example.demo1/com.example.plokmju.testmutilecompile.MainActivity,proc died without state saved]
02-20 21:40:36.683   924  1722 I am_focused_activity: [-1,NULL]
02-20 21:40:36.686   924  1722 I wm_task_removed: [5,removeAppToken: last token]
02-20 21:40:36.686   924  1722 I am_home_stack_moved: [0,1,0,0,appDied setFocusedActivity]
02-20 21:40:36.686   924  1722 I wm_task_moved: [1,1,0]
02-20 21:40:36.688   924  1722 I am_focused_activity: [0,com.android.launcher3/.Launcher]
02-20 21:40:36.688   924  1722 I wm_task_removed: [5,removeTask]
02-20 21:40:36.688   924  1722 I am_home_stack_moved: [0,1,0,0,appDied leftTaskHistoryEmpty]
02-20 21:40:36.688   924  1722 I wm_stack_removed: 3
02-20 21:40:36.693   924  1722 I am_resume_activity: [0,43373408,1,com.android.launcher3/.Launcher]
02-20 21:40:36.695   297   297 I sf_frame_dur: [com.example.demo1/com.example.plokmju.testmutilecompile.MainActivity,1,0,0,0,0,0,0]
02-20 21:40:36.702   924   924 I notification_cancel_all: [1000,924,com.example.demo1,0,0,0,5,NULL]
02-20 21:40:36.703  1804  1804 I am_on_resume_called: [0,com.android.launcher3.Launcher]
02-20 21:40:41.358   924  1743 I wm_stack_created: [4,0,0,0,0]
02-20 21:40:41.381   924  1743 I am_home_stack_moved: [0,0,4,4,startingNewTask]
02-20 21:40:41.381   924  1743 I am_create_task: [0,6]
02-20 21:40:41.381   924  1743 I am_create_activity: [0,249744144,6,com.example.demo1/com.example.plokmju.testmutilecompile.MainActivity,android.intent.action.MAIN,NULL,NULL,270532608]
02-20 21:40:41.382   924  1743 I wm_task_created: [6,4]
02-20 21:40:41.383   924  1743 I wm_task_moved: [6,1,0]
02-20 21:40:41.404   924  1743 I am_pause_activity: [0,43373408,com.android.launcher3/.Launcher]
02-20 21:40:41.405  1804  1804 I am_on_paused_called: [0,com.android.launcher3.Launcher]
02-20 21:40:41.410   924  1743 I am_home_stack_moved: [0,0,4,4,startedActivity setFocusedActivity]
02-20 21:40:41.424   924  1743 I wm_task_moved: [6,1,0]
02-20 21:40:41.431   924  1743 I am_focused_activity: [0,com.example.demo1/com.example.plokmju.testmutilecompile.MainActivity]
02-20 21:40:41.448   924  1722 I am_proc_start: [0,5222,10145,com.example.demo1,activity,com.example.demo1/com.example.plokmju.testmutilecompile.MainActivity]
02-20 21:40:41.464   924  1787 I am_proc_bound: [0,5222,com.example.demo1]
02-20 21:40:41.468   924  1787 I am_restart_activity: [0,249744144,6,com.example.demo1/com.example.plokmju.testmutilecompile.MainActivity]
02-20 21:40:41.515   924   939 I am_pss  : [4083,10149,com.tencent.mm,69660672,57409536]
02-20 21:40:41.577  5222  5222 I am_on_resume_called: [0,com.example.plokmju.testmutilecompile.MainActivity]
02-20 21:40:41.723   924   946 I am_activity_launch_time: [0,249744144,com.example.demo1/com.example.plokmju.testmutilecompile.MainActivity,289,289]
02-20 21:40:41.760   924   938 I am_home_stack_moved: [0,0,4,4,intentActivityFound]
02-20 21:40:41.760   924   938 I wm_task_moved: [6,1,0]
02-20 21:40:41.810   297   297 I sf_frame_dur: [com.android.launcher3/com.android.launcher3.Launcher,0,0,0,0,1,0,0]
02-20 21:40:41.865   924   934 I am_home_stack_moved: [0,0,4,4,intentActivityFound]
02-20 21:40:41.865   924   934 I wm_task_moved: [6,1,0]
02-20 21:40:41.969   924  1665 I am_home_stack_moved: [0,0,4,4,intentActivityFound]
02-20 21:40:41.969   924  1665 I wm_task_moved: [6,1,0]
02-20 21:40:49.409   924  1722 I am_home_stack_moved: [0,0,4,4,startingNewTask]
02-20 21:40:49.409   924  1722 I am_create_task: [0,7]
02-20 21:40:49.409   924  1722 I am_create_activity: [0,201858797,7,com.wandoujia.phoenix2.usbproxy/com.wandoujia.phoenix2.ui.WelcomeActivity,NULL,NULL,NULL,276824064]
02-20 21:40:49.409   924  1722 I wm_task_created: [7,4]
02-20 21:40:49.409   924  1722 I wm_task_moved: [7,1,1]
02-20 21:40:49.424   924  1722 I am_pause_activity: [0,249744144,com.example.demo1/com.example.plokmju.testmutilecompile.MainActivity]
02-20 21:40:49.425  5222  5222 I am_on_paused_called: [0,com.example.plokmju.testmutilecompile.MainActivity]
02-20 21:40:49.427   924  1722 I am_home_stack_moved: [0,0,4,4,startedActivity setFocusedActivity]
02-20 21:40:49.427   924  1722 I wm_task_moved: [7,1,1]
02-20 21:40:49.431   924  1722 I am_focused_activity: [0,com.wandoujia.phoenix2.usbproxy/com.wandoujia.phoenix2.ui.WelcomeActivity]
02-20 21:40:49.451   924  1690 I am_proc_start: [0,5307,10124,com.wandoujia.phoenix2.usbproxy,activity,com.wandoujia.phoenix2.usbproxy/com.wandoujia.phoenix2.ui.WelcomeActivity]
02-20 21:40:49.463   924  1309 I am_proc_bound: [0,5307,com.wandoujia.phoenix2.usbproxy]
02-20 21:40:49.466   924  1309 I am_restart_activity: [0,201858797,7,com.wandoujia.phoenix2.usbproxy/com.wandoujia.phoenix2.ui.WelcomeActivity]
02-20 21:40:49.493   924   939 I am_pss  : [4715,10004,com.android.defcontainer,3800064,2232320]
02-20 21:40:49.514   924  1778 I am_finish_activity: [0,201858797,7,com.wandoujia.phoenix2.usbproxy/com.wandoujia.phoenix2.ui.WelcomeActivity,app-request]
02-20 21:40:49.514   924  1778 I am_home_stack_moved: [0,0,4,4,finishActivity adjustFocus setFocusedActivity]
02-20 21:40:49.514   924  1778 I wm_task_moved: [7,1,1]
02-20 21:40:49.517   924  1778 I am_focused_activity: [0,com.example.demo1/com.example.plokmju.testmutilecompile.MainActivity]
02-20 21:40:49.518   924  1778 I am_pause_activity: [0,201858797,com.wandoujia.phoenix2.usbproxy/com.wandoujia.phoenix2.ui.WelcomeActivity]
02-20 21:40:49.570  5324  5324 I auditd  : type=1400 audit(0.0:13): avc: denied { write } for comm="Thread-140" name=".wdj_config" dev="mmcblk0p23" ino=105463 scontext=u:r:untrusted_app:s0:c512,c768 tcontext=u:object_r:shell_data_file:s0 tclass=dir permissive=0
02-20 21:40:49.590  5326  5326 I auditd  : type=1400 audit(0.0:14): avc: denied { setattr } for comm="chmod" name=".wdj_config" dev="mmcblk0p23" ino=105463 scontext=u:r:untrusted_app:s0:c512,c768 tcontext=u:object_r:shell_data_file:s0 tclass=dir permissive=0
02-20 21:40:49.614   924  1658 I am_resume_activity: [0,249744144,6,com.example.demo1/com.example.plokmju.testmutilecompile.MainActivity]
02-20 21:40:49.614  5222  5222 I am_on_resume_called: [0,com.example.plokmju.testmutilecompile.MainActivity]
02-20 21:40:49.633   924  1763 I am_destroy_activity: [0,201858797,7,com.wandoujia.phoenix2.usbproxy/com.wandoujia.phoenix2.ui.WelcomeActivity,finish-idle]
02-20 21:40:49.636   924  1763 I wm_task_removed: [7,removeAppToken: last token]
02-20 21:40:49.636   924  1763 I wm_task_removed: [7,removeTask]
02-20 21:40:49.650   924   924 I notification_cancel: [10124,5307,com.wandoujia.phoenix2.usbproxy,10202,NULL,0,0,64,8,NULL]
02-20 21:40:49.651   924   924 I notification_cancel: [10124,5307,com.wandoujia.phoenix2.usbproxy,10201,NULL,0,0,64,8,NULL]
02-20 21:40:50.577   924  1694 I am_kill : [0,5222,com.example.demo1,0,stop com.example.demo1]
02-20 21:40:50.665   924  1694 I am_finish_activity: [0,249744144,6,com.example.demo1/com.example.plokmju.testmutilecompile.MainActivity,proc died without state saved]
02-20 21:40:50.666   924  1694 I am_focused_activity: [-1,NULL]
02-20 21:40:50.666   924  1694 I wm_task_removed: [6,removeAppToken: last token]
02-20 21:40:50.666   924  1694 I am_home_stack_moved: [0,1,0,0,appDied setFocusedActivity]
02-20 21:40:50.666   924  1694 I wm_task_moved: [1,1,0]
02-20 21:40:50.668   924  1694 I am_focused_activity: [0,com.android.launcher3/.Launcher]
02-20 21:40:50.668   924  1694 I wm_task_removed: [6,removeTask]
02-20 21:40:50.668   924  1694 I am_home_stack_moved: [0,1,0,0,appDied leftTaskHistoryEmpty]
02-20 21:40:50.668   924  1694 I wm_stack_removed: 4
02-20 21:40:50.672   924  1694 I am_resume_activity: [0,43373408,1,com.android.launcher3/.Launcher]
02-20 21:40:50.680   297   297 I sf_frame_dur: [com.example.demo1/com.example.plokmju.testmutilecompile.MainActivity,1,0,0,0,0,0,1]
02-20 21:40:50.682   924   924 I notification_cancel_all: [1000,924,com.example.demo1,0,0,0,5,NULL]
02-20 21:40:50.690  1804  1804 I am_on_resume_called: [0,com.android.launcher3.Launcher]
02-20 21:40:55.236   924   934 I wm_stack_created: [5,0,0,0,0]
02-20 21:40:55.265   924   934 I am_home_stack_moved: [0,0,5,5,startingNewTask]
02-20 21:40:55.265   924   934 I am_create_task: [0,8]
02-20 21:40:55.265   924   934 I am_create_activity: [0,136977173,8,com.example.demo1/com.example.plokmju.testmutilecompile.MainActivity,android.intent.action.MAIN,NULL,NULL,270532608]
02-20 21:40:55.267   924   934 I wm_task_created: [8,5]
02-20 21:40:55.267   924   934 I wm_task_moved: [8,1,0]
02-20 21:40:55.283   924   934 I am_pause_activity: [0,43373408,com.android.launcher3/.Launcher]
02-20 21:40:55.285  1804  1804 I am_on_paused_called: [0,com.android.launcher3.Launcher]
02-20 21:40:55.290   924   934 I am_home_stack_moved: [0,0,5,5,startedActivity setFocusedActivity]
02-20 21:40:55.304   924   934 I wm_task_moved: [8,1,0]
02-20 21:40:55.310   924   934 I am_focused_activity: [0,com.example.demo1/com.example.plokmju.testmutilecompile.MainActivity]
02-20 21:40:55.323   924  1694 I am_proc_start: [0,5404,10145,com.example.demo1,activity,com.example.demo1/com.example.plokmju.testmutilecompile.MainActivity]
02-20 21:40:55.341   924  1763 I am_proc_bound: [0,5404,com.example.demo1]
02-20 21:40:55.344   924  1763 I am_restart_activity: [0,136977173,8,com.example.demo1/com.example.plokmju.testmutilecompile.MainActivity]
02-20 21:40:55.453  5404  5404 I am_on_resume_called: [0,com.example.plokmju.testmutilecompile.MainActivity]
02-20 21:40:55.579   924   946 I am_activity_launch_time: [0,136977173,com.example.demo1/com.example.plokmju.testmutilecompile.MainActivity,267,267]
02-20 21:40:55.676   297   297 I sf_frame_dur: [com.android.launcher3/com.android.launcher3.Launcher,0,0,0,0,1,0,0]
02-20 21:40:55.725   924  1743 I am_home_stack_moved: [0,0,5,5,intentActivityFound]
02-20 21:40:55.726   924  1743 I wm_task_moved: [8,1,0]
02-20 21:40:55.829   924  1656 I am_home_stack_moved: [0,0,5,5,intentActivityFound]
02-20 21:40:55.829   924  1656 I wm_task_moved: [8,1,0]
02-20 21:40:55.933   924   938 I am_home_stack_moved: [0,0,5,5,intentActivityFound]
02-20 21:40:55.933   924   938 I wm_task_moved: [8,1,0]
02-20 21:41:04.435   924  1722 I am_kill : [0,5404,com.example.demo1,0,stop com.example.demo1]
02-20 21:41:04.487   924  1722 I am_finish_activity: [0,136977173,8,com.example.demo1/com.example.plokmju.testmutilecompile.MainActivity,proc died without state saved]
02-20 21:41:04.487   924  1722 I am_focused_activity: [-1,NULL]
02-20 21:41:04.491   924  1722 I wm_task_removed: [8,removeAppToken: last token]
02-20 21:41:04.491   924  1722 I am_home_stack_moved: [0,1,0,0,appDied setFocusedActivity]
02-20 21:41:04.491   924  1722 I wm_task_moved: [1,1,0]
02-20 21:41:04.494   297   297 I sf_frame_dur: [com.example.demo1/com.example.plokmju.testmutilecompile.MainActivity,1,0,0,0,0,0,0]
02-20 21:41:04.497   924  1722 I am_focused_activity: [0,com.android.launcher3/.Launcher]
02-20 21:41:04.497   924  1722 I wm_task_removed: [8,removeTask]
02-20 21:41:04.497   924  1722 I am_home_stack_moved: [0,1,0,0,appDied leftTaskHistoryEmpty]
02-20 21:41:04.497   924  1722 I wm_stack_removed: 5
02-20 21:41:04.503   924  1722 I am_resume_activity: [0,43373408,1,com.android.launcher3/.Launcher]
02-20 21:41:04.511   924   924 I notification_cancel_all: [1000,924,com.example.demo1,0,0,0,5,NULL]
02-20 21:41:04.521  1804  1804 I am_on_resume_called: [0,com.android.launcher3.Launcher]
02-20 21:41:04.590   924   924 I notification_cancel: [10032,1346,com.android.systemui,2131492888,low_battery,-1,0,64,8,NULL]
02-20 21:41:09.195   924  1787 I wm_stack_created: [6,0,0,0,0]
02-20 21:41:09.236   924  1787 I am_home_stack_moved: [0,0,6,6,startingNewTask]
02-20 21:41:09.236   924  1787 I am_create_task: [0,9]
02-20 21:41:09.237   924  1787 I am_create_activity: [0,200090031,9,com.example.demo1/com.example.plokmju.testmutilecompile.MainActivity,android.intent.action.MAIN,NULL,NULL,270532608]
02-20 21:41:09.238   924  1787 I wm_task_created: [9,6]
02-20 21:41:09.238   924  1787 I wm_task_moved: [9,1,0]
02-20 21:41:09.261   924  1787 I am_pause_activity: [0,43373408,com.android.launcher3/.Launcher]
02-20 21:41:09.265  1804  1804 I am_on_paused_called: [0,com.android.launcher3.Launcher]
02-20 21:41:09.280   924  1787 I am_home_stack_moved: [0,0,6,6,startedActivity setFocusedActivity]
02-20 21:41:09.280   924  1787 I wm_task_moved: [9,1,0]
02-20 21:41:09.285   924  1787 I am_focused_activity: [0,com.example.demo1/com.example.plokmju.testmutilecompile.MainActivity]
02-20 21:41:09.299   924  1743 I am_proc_start: [0,5489,10145,com.example.demo1,activity,com.example.demo1/com.example.plokmju.testmutilecompile.MainActivity]
02-20 21:41:09.315   924  1694 I am_proc_bound: [0,5489,com.example.demo1]
02-20 21:41:09.320   924  1694 I am_restart_activity: [0,200090031,9,com.example.demo1/com.example.plokmju.testmutilecompile.MainActivity]
02-20 21:41:09.334   924   939 I am_pss  : [5177,10116,com.letv.android.mobileactivation,3812352,2297856]
02-20 21:41:09.387   924  1665 I am_home_stack_moved: [0,0,6,6,intentActivityFound]
02-20 21:41:09.387   924  1665 I wm_task_moved: [9,1,0]
02-20 21:41:09.428  5489  5489 I am_on_resume_called: [0,com.example.plokmju.testmutilecompile.MainActivity]
02-20 21:41:09.498  1346  1346 I sysui_panelholder_touch: [0,92,0]
02-20 21:41:09.503  1346  1346 I sysui_histogram: [note_load,3]
02-20 21:41:09.504   924  1694 I notification_panel_revealed: 3
02-20 21:41:09.517   924  1690 I notification_visibility: [0|com.letv.app.appstore|10001|null|10078,1,347104,347104,0,2]
02-20 21:41:09.517   924  1690 I notification_visibility: [-1|android|17040350|null|1000,1,94897,94897,0,1]
02-20 21:41:09.517   924  1690 I notification_visibility: [0|android|17039593|null|1000,1,349637,349637,0,0]
02-20 21:41:09.541   924  1728 I notification_visibility: [0|com.letv.app.appstore|10001|null|10078,0,347128,347128,0,2]
02-20 21:41:09.541   924  1728 I notification_visibility: [-1|android|17040350|null|1000,0,94921,94921,0,1]
02-20 21:41:09.541   924  1728 I notification_visibility: [0|android|17039593|null|1000,0,349661,349661,0,0]
02-20 21:41:09.542   924   934 I notification_panel_hidden: []
02-20 21:41:09.586   924   946 I am_activity_launch_time: [0,200090031,com.example.demo1/com.example.plokmju.testmutilecompile.MainActivity,299,299]
02-20 21:41:09.661   297   297 I sf_frame_dur: [com.android.launcher3/com.android.launcher3.Launcher,0,0,0,0,1,0,0]
02-20 21:41:09.690   924   939 I am_pss  : [5307,10124,com.wandoujia.phoenix2.usbproxy,10487808,5824512]
02-20 21:41:18.313   924  1743 I am_kill : [0,5489,com.example.demo1,0,stop com.example.demo1]
02-20 21:41:18.370   924  1743 I am_finish_activity: [0,200090031,9,com.example.demo1/com.example.plokmju.testmutilecompile.MainActivity,proc died without state saved]
02-20 21:41:18.370   924  1743 I am_focused_activity: [-1,NULL]
02-20 21:41:18.373   924  1743 I wm_task_removed: [9,removeAppToken: last token]
02-20 21:41:18.373   924  1743 I am_home_stack_moved: [0,1,0,0,appDied setFocusedActivity]
02-20 21:41:18.373   924  1743 I wm_task_moved: [1,1,0]
02-20 21:41:18.376   924  1743 I am_focused_activity: [0,com.android.launcher3/.Launcher]
02-20 21:41:18.376   924  1743 I wm_task_removed: [9,removeTask]
02-20 21:41:18.376   924  1743 I am_home_stack_moved: [0,1,0,0,appDied leftTaskHistoryEmpty]
02-20 21:41:18.376   924  1743 I wm_stack_removed: 6
02-20 21:41:18.377   297   297 I sf_frame_dur: [com.example.demo1/com.example.plokmju.testmutilecompile.MainActivity,1,0,0,0,0,0,0]
02-20 21:41:18.382   924  1743 I am_resume_activity: [0,43373408,1,com.android.launcher3/.Launcher]
02-20 21:41:18.392   924   924 I notification_cancel_all: [1000,924,com.example.demo1,0,0,0,5,NULL]
02-20 21:41:18.400  1804  1804 I am_on_resume_called: [0,com.android.launcher3.Launcher]
02-20 21:41:23.029   924  1665 I wm_stack_created: [7,0,0,0,0]
02-20 21:41:23.063   924  1665 I am_home_stack_moved: [0,0,7,7,startingNewTask]
02-20 21:41:23.063   924  1665 I am_create_task: [0,10]
02-20 21:41:23.063   924  1665 I am_create_activity: [0,234098303,10,com.example.demo1/com.example.plokmju.testmutilecompile.MainActivity,android.intent.action.MAIN,NULL,NULL,270532608]
02-20 21:41:23.064   924  1665 I wm_task_created: [10,7]
02-20 21:41:23.064   924  1665 I wm_task_moved: [10,1,0]
02-20 21:41:23.080   924  1665 I am_pause_activity: [0,43373408,com.android.launcher3/.Launcher]
02-20 21:41:23.082  1804  1804 I am_on_paused_called: [0,com.android.launcher3.Launcher]
02-20 21:41:23.087   924  1665 I am_home_stack_moved: [0,0,7,7,startedActivity setFocusedActivity]
02-20 21:41:23.100   924  1665 I wm_task_moved: [10,1,0]
02-20 21:41:23.107   924  1665 I am_focused_activity: [0,com.example.demo1/com.example.plokmju.testmutilecompile.MainActivity]
02-20 21:41:23.123   924   938 I am_proc_start: [0,5566,10145,com.example.demo1,activity,com.example.demo1/com.example.plokmju.testmutilecompile.MainActivity]
02-20 21:41:23.139   924  1658 I am_proc_bound: [0,5566,com.example.demo1]
02-20 21:41:23.144   924  1658 I am_restart_activity: [0,234098303,10,com.example.demo1/com.example.plokmju.testmutilecompile.MainActivity]
02-20 21:41:23.251  5566  5566 I am_on_resume_called: [0,com.example.plokmju.testmutilecompile.MainActivity]
02-20 21:41:23.386   924   946 I am_activity_launch_time: [0,234098303,com.example.demo1/com.example.plokmju.testmutilecompile.MainActivity,276,276]
02-20 21:41:23.475   297   297 I sf_frame_dur: [com.android.launcher3/com.android.launcher3.Launcher,0,0,0,0,1,0,0]
02-20 21:41:32.407   924  1787 I am_kill : [0,5566,com.example.demo1,0,stop com.example.demo1]
02-20 21:41:32.456   924  1787 I am_finish_activity: [0,234098303,10,com.example.demo1/com.example.plokmju.testmutilecompile.MainActivity,proc died without state saved]
02-20 21:41:32.456   924  1787 I am_focused_activity: [-1,NULL]
02-20 21:41:32.459   924  1787 I wm_task_removed: [10,removeAppToken: last token]
02-20 21:41:32.459   924  1787 I am_home_stack_moved: [0,1,0,0,appDied setFocusedActivity]
02-20 21:41:32.459   924  1787 I wm_task_moved: [1,1,0]
02-20 21:41:32.463   924  1787 I am_focused_activity: [0,com.android.launcher3/.Launcher]
02-20 21:41:32.463   924  1787 I wm_task_removed: [10,removeTask]
02-20 21:41:32.463   924  1787 I am_home_stack_moved: [0,1,0,0,appDied leftTaskHistoryEmpty]
02-20 21:41:32.463   924  1787 I wm_stack_removed: 7
02-20 21:41:32.472   924  1787 I am_resume_activity: [0,43373408,1,com.android.launcher3/.Launcher]
02-20 21:41:32.480   924   924 I notification_cancel_all: [1000,924,com.example.demo1,0,0,0,5,NULL]
02-20 21:41:32.490  1804  1804 I am_on_resume_called: [0,com.android.launcher3.Launcher]
02-20 21:41:32.537   924   939 I am_pss  : [4083,10149,com.tencent.mm,69669888,57802752]
02-20 21:41:32.562   924   939 I am_pss  : [4331,10149,com.tencent.mm:push,20189184,9748480]
02-20 21:41:37.071   924  1658 I wm_stack_created: [8,0,0,0,0]
02-20 21:41:37.103   924  1658 I am_home_stack_moved: [0,0,8,8,startingNewTask]
02-20 21:41:37.104   924  1658 I am_create_task: [0,11]
02-20 21:41:37.104   924  1658 I am_create_activity: [0,11618058,11,com.example.demo1/com.example.plokmju.testmutilecompile.MainActivity,android.intent.action.MAIN,NULL,NULL,270532608]
02-20 21:41:37.105   924  1658 I wm_task_created: [11,8]
02-20 21:41:37.105   924  1658 I wm_task_moved: [11,1,0]
02-20 21:41:37.125   924  1658 I am_pause_activity: [0,43373408,com.android.launcher3/.Launcher]
02-20 21:41:37.128  1804  1804 I am_on_paused_called: [0,com.android.launcher3.Launcher]
02-20 21:41:37.144   924  1658 I am_home_stack_moved: [0,0,8,8,startedActivity setFocusedActivity]
02-20 21:41:37.147   924  1658 I wm_task_moved: [11,1,0]
02-20 21:41:37.151   924  1658 I am_focused_activity: [0,com.example.demo1/com.example.plokmju.testmutilecompile.MainActivity]
02-20 21:41:37.166   924  1690 I am_proc_start: [0,5645,10145,com.example.demo1,activity,com.example.demo1/com.example.plokmju.testmutilecompile.MainActivity]
02-20 21:41:37.182   924  1787 I am_proc_bound: [0,5645,com.example.demo1]
02-20 21:41:37.185   924  1787 I am_restart_activity: [0,11618058,11,com.example.demo1/com.example.plokmju.testmutilecompile.MainActivity]
02-20 21:41:37.297  5645  5645 I am_on_resume_called: [0,com.example.plokmju.testmutilecompile.MainActivity]
02-20 21:41:37.419   924   946 I am_activity_launch_time: [0,11618058,com.example.demo1/com.example.plokmju.testmutilecompile.MainActivity,266,266]
02-20 21:41:37.529   297   297 I sf_frame_dur: [com.android.launcher3/com.android.launcher3.Launcher,0,0,0,0,1,0,0]
02-20 21:41:37.728   924  1728 I am_home_stack_moved: [0,0,8,8,intentActivityFound]
02-20 21:41:37.728   924  1728 I wm_task_moved: [11,1,0]
02-20 21:41:46.363   924  1665 I am_kill : [0,5645,com.example.demo1,0,stop com.example.demo1]
02-20 21:41:46.416   297   297 I sf_frame_dur: [com.example.demo1/com.example.plokmju.testmutilecompile.MainActivity,1,0,0,0,0,0,0]
02-20 21:41:46.422   924  1665 I am_finish_activity: [0,11618058,11,com.example.demo1/com.example.plokmju.testmutilecompile.MainActivity,proc died without state saved]
02-20 21:41:46.422   924  1665 I am_focused_activity: [-1,NULL]
02-20 21:41:46.422   924  1665 I wm_task_removed: [11,removeAppToken: last token]
02-20 21:41:46.423   924  1665 I am_home_stack_moved: [0,1,0,0,appDied setFocusedActivity]
02-20 21:41:46.423   924  1665 I wm_task_moved: [1,1,0]
02-20 21:41:46.425   924  1665 I am_focused_activity: [0,com.android.launcher3/.Launcher]
02-20 21:41:46.425   924  1665 I wm_task_removed: [11,removeTask]
02-20 21:41:46.425   924  1665 I am_home_stack_moved: [0,1,0,0,appDied leftTaskHistoryEmpty]
02-20 21:41:46.425   924  1665 I wm_stack_removed: 8
02-20 21:41:46.432   924  1665 I am_resume_activity: [0,43373408,1,com.android.launcher3/.Launcher]
02-20 21:41:46.442   924   924 I notification_cancel_all: [1000,924,com.example.demo1,0,0,0,5,NULL]
02-20 21:41:46.444  1804  1804 I am_on_resume_called: [0,com.android.launcher3.Launcher]
02-20 21:41:51.138   924  1778 I wm_stack_created: [9,0,0,0,0]
02-20 21:41:51.166   924  1778 I am_home_stack_moved: [0,0,9,9,startingNewTask]
02-20 21:41:51.166   924  1778 I am_create_task: [0,12]
02-20 21:41:51.166   924  1778 I am_create_activity: [0,264635601,12,com.example.demo1/com.example.plokmju.testmutilecompile.MainActivity,android.intent.action.MAIN,NULL,NULL,270532608]
02-20 21:41:51.167   924  1778 I wm_task_created: [12,9]
02-20 21:41:51.167   924  1778 I wm_task_moved: [12,1,0]
02-20 21:41:51.198   924  1778 I am_pause_activity: [0,43373408,com.android.launcher3/.Launcher]
02-20 21:41:51.199  1804  1804 I am_on_paused_called: [0,com.android.launcher3.Launcher]
02-20 21:41:51.219   924  1778 I am_home_stack_moved: [0,0,9,9,startedActivity setFocusedActivity]
02-20 21:41:51.219   924  1778 I wm_task_moved: [12,1,0]
02-20 21:41:51.228   924  1778 I am_focused_activity: [0,com.example.demo1/com.example.plokmju.testmutilecompile.MainActivity]
02-20 21:41:51.244   924   935 I am_proc_start: [0,5725,10145,com.example.demo1,activity,com.example.demo1/com.example.plokmju.testmutilecompile.MainActivity]
02-20 21:41:51.260   924  1694 I am_proc_bound: [0,5725,com.example.demo1]
02-20 21:41:51.264   924  1694 I am_restart_activity: [0,264635601,12,com.example.demo1/com.example.plokmju.testmutilecompile.MainActivity]
02-20 21:41:51.372  5725  5725 I am_on_resume_called: [0,com.example.plokmju.testmutilecompile.MainActivity]
02-20 21:41:51.495   924   946 I am_activity_launch_time: [0,264635601,com.example.demo1/com.example.plokmju.testmutilecompile.MainActivity,265,265]
02-20 21:41:51.527   924  1743 I am_home_stack_moved: [0,0,9,9,intentActivityFound]
02-20 21:41:51.527   924  1743 I wm_task_moved: [12,1,0]
02-20 21:41:51.599   297   297 I sf_frame_dur: [com.android.launcher3/com.android.launcher3.Launcher,0,0,0,0,1,0,0]
02-20 21:41:51.631   924   938 I am_home_stack_moved: [0,0,9,9,intentActivityFound]
02-20 21:41:51.631   924   938 I wm_task_moved: [12,1,0]
02-20 21:41:51.849   924  1728 I am_home_stack_moved: [0,0,9,9,intentActivityFound]
02-20 21:41:51.849   924  1728 I wm_task_moved: [12,1,0]
02-20 21:41:51.960  1346  1975 I sysui_action: [210,2]
02-20 21:41:51.962  1346  1975 I sysui_action: [211,14]
02-20 21:41:52.000  1346  1346 I sysui_view_visibility: [207,100]
02-20 21:41:52.000  1346  1346 I sysui_histogram: [volume_from_keyguard,0]
02-20 21:41:54.994  1346  1346 I sysui_view_visibility: [207,0]
02-20 21:41:54.996  1346  1975 I sysui_action: [210,-1]
02-20 21:41:55.335   297   297 I sf_frame_dur: [VolumeDialog,23,0,1,0,0,0,1]
02-20 21:42:00.467   924  1658 I am_kill : [0,5725,com.example.demo1,0,stop com.example.demo1]
02-20 21:42:00.514   924  1658 I am_finish_activity: [0,264635601,12,com.example.demo1/com.example.plokmju.testmutilecompile.MainActivity,proc died without state saved]
02-20 21:42:00.514   924  1658 I am_focused_activity: [-1,NULL]
02-20 21:42:00.520   924  1658 I wm_task_removed: [12,removeAppToken: last token]
02-20 21:42:00.520   924  1658 I am_home_stack_moved: [0,1,0,0,appDied setFocusedActivity]
02-20 21:42:00.520   924  1658 I wm_task_moved: [1,1,0]
02-20 21:42:00.523   924  1658 I am_focused_activity: [0,com.android.launcher3/.Launcher]
02-20 21:42:00.523   924  1658 I wm_task_removed: [12,removeTask]
02-20 21:42:00.523   924  1658 I am_home_stack_moved: [0,1,0,0,appDied leftTaskHistoryEmpty]
02-20 21:42:00.523   924  1658 I wm_stack_removed: 9
02-20 21:42:00.530   924  1658 I am_resume_activity: [0,43373408,1,com.android.launcher3/.Launcher]
02-20 21:42:00.539   924   924 I notification_cancel_all: [1000,924,com.example.demo1,0,0,0,5,NULL]
02-20 21:42:00.547  1804  1804 I am_on_resume_called: [0,com.android.launcher3.Launcher]
02-20 21:42:04.594   924   924 I notification_cancel: [10032,1346,com.android.systemui,2131492888,low_battery,-1,0,64,8,NULL]
02-20 21:42:05.235   924   934 I wm_stack_created: [10,0,0,0,0]
02-20 21:42:05.265   924   934 I am_home_stack_moved: [0,0,10,10,startingNewTask]
02-20 21:42:05.265   924   934 I am_create_task: [0,13]
02-20 21:42:05.265   924   934 I am_create_activity: [0,158156910,13,com.example.demo1/com.example.plokmju.testmutilecompile.MainActivity,android.intent.action.MAIN,NULL,NULL,270532608]
02-20 21:42:05.266   924   934 I wm_task_created: [13,10]
02-20 21:42:05.266   924   934 I wm_task_moved: [13,1,0]
02-20 21:42:05.284   924   934 I am_pause_activity: [0,43373408,com.android.launcher3/.Launcher]
02-20 21:42:05.286  1804  1804 I am_on_paused_called: [0,com.android.launcher3.Launcher]
02-20 21:42:05.297   924   934 I am_home_stack_moved: [0,0,10,10,startedActivity setFocusedActivity]
02-20 21:42:05.310   924   934 I wm_task_moved: [13,1,0]
02-20 21:42:05.318   924   934 I am_focused_activity: [0,com.example.demo1/com.example.plokmju.testmutilecompile.MainActivity]
02-20 21:42:05.336   924  1728 I am_proc_start: [0,5803,10145,com.example.demo1,activity,com.example.demo1/com.example.plokmju.testmutilecompile.MainActivity]
02-20 21:42:05.351   924  1694 I am_proc_bound: [0,5803,com.example.demo1]
02-20 21:42:05.356   924  1694 I am_restart_activity: [0,158156910,13,com.example.demo1/com.example.plokmju.testmutilecompile.MainActivity]
02-20 21:42:05.421   924  1763 I am_home_stack_moved: [0,0,10,10,intentActivityFound]
02-20 21:42:05.421   924  1763 I wm_task_moved: [13,1,0]
02-20 21:42:05.461  5803  5803 I am_on_resume_called: [0,com.example.plokmju.testmutilecompile.MainActivity]
02-20 21:42:05.526   924   935 I am_home_stack_moved: [0,0,10,10,intentActivityFound]
02-20 21:42:05.526   924   935 I wm_task_moved: [13,1,0]
02-20 21:42:05.577   924   946 I am_activity_launch_time: [0,158156910,com.example.demo1/com.example.plokmju.testmutilecompile.MainActivity,256,256]
02-20 21:42:05.686   297   297 I sf_frame_dur: [com.android.launcher3/com.android.launcher3.Launcher,0,0,0,0,1,0,0]
02-20 21:42:05.738   924  1665 I am_home_stack_moved: [0,0,10,10,intentActivityFound]
02-20 21:42:05.738   924  1665 I wm_task_moved: [13,1,0]
02-20 21:42:05.846   924  1787 I am_finish_activity: [0,158156910,13,com.example.demo1/com.example.plokmju.testmutilecompile.MainActivity,app-request]
02-20 21:42:05.846   924  1787 I am_home_stack_moved: [0,1,0,0,finishActivity adjustFocus setFocusedActivity]
02-20 21:42:05.846   924  1787 I wm_task_moved: [1,1,0]
02-20 21:42:05.849   924  1787 I am_focused_activity: [0,com.android.launcher3/.Launcher]
02-20 21:42:05.862   924  1787 I am_pause_activity: [0,158156910,com.example.demo1/com.example.plokmju.testmutilecompile.MainActivity]
02-20 21:42:05.866  5803  5803 I am_on_paused_called: [0,com.example.plokmju.testmutilecompile.MainActivity]
02-20 21:42:05.870   924  1690 I am_resume_activity: [0,43373408,1,com.android.launcher3/.Launcher]
02-20 21:42:05.880  1804  1804 I am_on_resume_called: [0,com.android.launcher3.Launcher]
02-20 21:42:05.965  1346  1975 I sysui_action: [210,2]
02-20 21:42:05.967  1346  1975 I sysui_action: [211,14]
02-20 21:42:06.021  1346  1346 I sysui_view_visibility: [207,100]
02-20 21:42:06.021  1346  1346 I sysui_histogram: [volume_from_keyguard,0]
02-20 21:42:06.301   924   940 I am_destroy_activity: [0,158156910,13,com.example.demo1/com.example.plokmju.testmutilecompile.MainActivity,finish-imm]
02-20 21:42:06.303   924   940 I am_kill : [0,4473,com.mediatek.schpwronoff,15,empty #17]
02-20 21:42:06.318   297   297 I sf_frame_dur: [com.example.demo1/com.example.plokmju.testmutilecompile.MainActivity,1,0,0,0,0,0,0]
02-20 21:42:06.417   924  1309 I am_proc_died: [0,4473,com.mediatek.schpwronoff]
02-20 21:42:06.422   924  1665 I wm_task_removed: [13,removeAppToken: last token]
02-20 21:42:06.422   924  1665 I wm_task_removed: [13,removeTask]
02-20 21:42:06.422   924  1665 I am_home_stack_moved: [0,1,0,0,activityDestroyed leftTaskHistoryEmpty]
02-20 21:42:06.422   924  1665 I wm_stack_removed: 10
02-20 21:42:08.997  1346  1346 I sysui_view_visibility: [207,0]
02-20 21:42:08.998  1346  1975 I sysui_action: [210,-1]
02-20 21:42:09.354   297   297 I sf_frame_dur: [VolumeDialog,23,1,0,0,0,0,0]
02-20 21:42:26.943   296   296 I auditd  : avc:  denied  { find } for service=android.service.gatekeeper.IGateKeeperService scontext=u:r:dumpstate:s0 tcontext=u:object_r:gatekeeper_service:s0 tclass=service_manager
02-20 21:42:27.252   924   939 I am_pss  : [1804,10009,com.android.launcher3,104298496,94273536]
02-20 21:42:27.259   296   296 I auditd  : avc:  denied  { find } for service=android.service.gatekeeper.IGateKeeperService scontext=u:r:dumpstate:s0 tcontext=u:object_r:gatekeeper_service:s0 tclass=service_manager
02-20 21:42:27.286   924   939 I am_pss  : [1893,10078,com.letv.app.appstore,19319808,16556032]
02-20 21:42:38.751   924  1722 I am_meminfo: [190287872,987234304,4096,464998400,245253120]
02-20 21:42:38.750  6289  6289 I auditd  : type=1400 audit(0.0:15): avc: denied { read write } for comm="dumpsys" path="socket:[59173]" dev="sockfs" ino=59173 scontext=u:r:MtkCodecService:s0 tcontext=u:r:dumpstate:s0 tclass=unix_stream_socket permissive=0
02-20 21:42:39.125   924  1763 I am_proc_start: [0,6420,10098,com.android.printspooler,service,com.android.printspooler/.model.PrintSpoolerService]
02-20 21:42:39.138   924  1665 I am_proc_bound: [0,6420,com.android.printspooler]
02-20 21:42:39.188   924   939 I am_pss  : [5803,10145,com.example.demo1,26015744,22721536]
02-20 21:42:44.180   924  1665 I am_kill : [0,4191,com.android.providers.calendar,15,empty #17]
02-20 21:42:44.249   924   938 I am_proc_died: [0,4191,com.android.providers.calendar]
02-20 21:43:00.195   924   939 I am_pss  : [4083,10149,com.tencent.mm,70432768,58560512]
02-20 21:43:04.604   924   924 I notification_cancel: [10032,1346,com.android.systemui,2131492888,low_battery,-1,0,64,8,NULL]
02-20 21:43:05.968   924  1778 I am_kill : [0,4510,com.letv.bugpostbox,15,empty #17]
02-20 21:43:06.017   924  1658 I am_proc_died: [0,4510,com.letv.bugpostbox]
02-20 21:43:14.605   924   924 I notification_cancel: [10032,1346,com.android.systemui,2131492888,low_battery,-1,0,64,8,NULL]
02-20 21:43:36.869   924   939 I am_pss  : [6420,10098,com.android.printspooler,4269056,2633728]
02-20 21:43:36.891   924   939 I am_pss  : [4574,10081,com.letv.android.usagestats,6307840,4571136]
02-20 21:43:38.332   924   940 I am_kill : [0,5803,com.example.demo1,9,stop com.example.demo1]
02-20 21:43:38.613   924   954 I unknown_sources_enabled: 1
02-20 21:43:38.725  1893  1893 I force_gc: bg
02-20 21:43:38.725  1804  1804 I force_gc: bg
02-20 21:43:38.728  4746  4746 I force_gc: bg
02-20 21:43:38.729   924   924 I notification_cancel_all: [1000,924,com.example.demo1,0,0,0,5,NULL]
02-20 21:43:38.745  4296  4296 I force_gc: bg
02-20 21:43:38.749  4799  4799 I force_gc: bg
02-20 21:43:38.866   924  1763 I am_broadcast_discard_app: [0,101702430,android.intent.action.PACKAGE_REMOVED,7,ResolveInfo{b79fff com.letv.lesophoneclient/.receiver.LetvAppReceiver m=0x208000}]
02-20 21:43:38.871   924   934 I am_broadcast_discard_app: [0,101702430,android.intent.action.PACKAGE_REMOVED,9,ResolveInfo{7cf14c9 com.letv.letvshop/com.umeng.message.SystemReceiver m=0x208000}]
02-20 21:43:38.873   924   924 I notification_cancel_all: [1000,924,com.example.demo1,0,0,0,5,NULL]
02-20 21:43:38.873   924   940 I am_broadcast_discard_app: [0,101702430,android.intent.action.PACKAGE_REMOVED,10,ResolveInfo{256a30b com.letv.games/.receiver.SelfPackageChangedReceiver m=0x208000}]
02-20 21:43:38.902   924  1694 I am_broadcast_discard_app: [0,101702430,android.intent.action.PACKAGE_REMOVED,13,ResolveInfo{7ce6883 com.letv.bbs/com.stv.stvpush.receiver.StvPushReceiver m=0x208000}]
02-20 21:43:38.907   924  1778 I am_broadcast_discard_app: [0,101702430,android.intent.action.PACKAGE_REMOVED,15,ResolveInfo{8ab407e com.wukongtv.wkhelper/.receiver.SystemEventReceiver m=0x208000}]
02-20 21:43:38.907   924   940 I am_broadcast_discard_app: [0,101702430,android.intent.action.PACKAGE_REMOVED,16,ResolveInfo{e0509df com.wandoujia.phoenix2/com.wandoujia.ripple_framework.installer.install.impl.PackageChangeReceiver m=0x208000}]
02-20 21:43:38.908   924   940 I am_broadcast_discard_app: [0,101702430,android.intent.action.PACKAGE_REMOVED,17,ResolveInfo{2a1562c com.wandoujia.phoenix2/com.wandoujia.jupiter.downloadreminder.NotInstallAppReceiver m=0x208000}]
02-20 21:43:38.908   924   940 I am_broadcast_discard_app: [0,101702430,android.intent.action.PACKAGE_REMOVED,18,ResolveInfo{8fb48f5 com.wandoujia.phoenix2/com.wandoujia.p4.receiver.AppChangedReceiver m=0x208000}]
02-20 21:43:38.908   924   940 I am_broadcast_discard_app: [0,101702430,android.intent.action.PACKAGE_REMOVED,19,ResolveInfo{5b6e68a com.wandoujia.phoenix2/com.taobao.accs.EventReceiver m=0x208000}]
02-20 21:43:38.908   924   940 I am_broadcast_discard_app: [0,101702430,android.intent.action.PACKAGE_REMOVED,20,ResolveInfo{1da64fb com.wandoujia.phoenix2/com.taobao.agoo.AgooCommondReceiver m=0x208000}]
