02-20 21:44:09.388  1599  1599 D SubscriptionController: [getPhoneId] asked for default subId=-1
02-20 21:44:09.389  1599  1599 D SubscriptionController: [getPhoneId]- invalid subId = -1 return = -1
02-20 21:44:09.389   924  1722 D SubscriptionManager: [getPhoneId]- return dummy value, subId = -2
02-20 21:44:09.389   924  1722 D TelephonyRegistry: idMatch: rlt=false
02-20 21:44:09.389   924  1722 D TelephonyRegistry: handleRemoveListLocked: mRemoveList.size()=0
02-20 21:44:09.389   924  1722 W SignalStrength: SignalStrength get plugin
02-20 21:44:09.389   924  1722 I use-Rlog/RLOG-GSM: op01_mapLteSignalLevel=0
02-20 21:44:09.389   924  1722 W SignalStrength: SignalStrength get plugin
02-20 21:44:09.389   924  1722 D SubscriptionManager: [getPhoneId]- return dummy value, subId = -2
02-20 21:44:09.390  1599  1599 D SubscriptionController: [getSubId]- sSlotIdxToSubId.size == 0, return DummySubIds slotIdx=0
02-20 21:44:09.390  1599  1599 D SubscriptionController: getDummySubIds: slotIdx=0 return 2 DummySubIds with each subId=-2
02-20 21:44:09.391  1599  1599 D GsmSST  : [GsmSST0] handleMessage msg done
02-20 21:44:10.364   970   993 D RILC    : s_last_wake_timeout_info: 0x7f8be1e5a0 reset to NULL
02-20 21:44:10.364   970   993 D RILC    : userTimerCallback free  p_info: 0x7f8be1e5a0
02-20 21:44:10.364   970   993 D RILC    : userTimerCallback free  p_info->event: 0x7f8be1e5b0
02-20 21:44:10.500   921   921 D RILMUXD : [gsm0710muxd] 3897:main(): Frames received/dropped: 505/0
02-20 21:44:11.292   970   993 I RILC    : NUMBER:1
02-20 21:44:11.292   970   993 I RILC    : arg len:14
02-20 21:44:11.292   970   993 I RILC    : ARGS[0]:THERMAL,0,-1
02-20 21:44:11.292   970   993 D RILC    : C[locl]> QUERY_MODEM_THERMAL
02-20 21:44:11.293   970   993 D RILC-MTK: QUERY_MODEM_THERMAL pRI=0x7f8a613180 p=0x7f8a6287e0 dispatched to RIL_CMD_PROXY_1
02-20 21:44:11.293   970   991 I RILC-MTK: RIL_CMD2_PROXY_4 wakeup
02-20 21:44:11.293   970   988 I RILC-MTK: RIL_CMD2_PROXY_3 wakeup
02-20 21:44:11.293   970   984 I RILC-MTK: RIL_CMD_PROXY_1 wakeup
02-20 21:44:11.293   970   991 I RILC-MTK: RIL_CMD2_PROXY_4 sleep
02-20 21:44:11.293   970   990 I RILC-MTK: RIL_CMD2_PROXY_1 wakeup
02-20 21:44:11.293   970   989 I RILC-MTK: RIL_CMD2_PROXY_2 wakeup
02-20 21:44:11.293   970   990 I RILC-MTK: RIL_CMD2_PROXY_1 sleep
02-20 21:44:11.293   970   988 I RILC-MTK: RIL_CMD2_PROXY_3 sleep
02-20 21:44:11.293   970   984 D RILC-MTK: proxy id:3, proxyName: RIL_CMD_PROXY_1
02-20 21:44:11.293   970   984 D RILC-MTK: QUERY_MODEM_THERMAL pRI=0x7f8a613180 p=0x7f8a6287e0 execute on RIL_CMD_PROXY_1 using channel 3
02-20 21:44:11.293   970   986 I RILC-MTK: RIL_ATCI_PROXY wakeup
02-20 21:44:11.293   970   992 I RILC-MTK: RIL_ATCI2_PROXY wakeup
02-20 21:44:11.293   970   989 I RILC-MTK: RIL_CMD2_PROXY_2 sleep
02-20 21:44:11.293   970   984 D RILC    : callOnRequest for new vendor ril
02-20 21:44:11.293   970   984 D RIL     : onRequest: QUERY_MODEM_THERMAL, datalen = 8
02-20 21:44:11.293   970   984 D RIL     : radioState:10
02-20 21:44:11.293   970   986 I RILC-MTK: RIL_ATCI_PROXY sleep
02-20 21:44:11.293   970   984 D RIL     : requestQueryThermal Enter,-1
02-20 21:44:11.293   970   992 I RILC-MTK: RIL_ATCI2_PROXY sleep
02-20 21:44:11.293   970   984 D AT      : getRILChannelCtx subsystem:1, rid:0 channelOffset:0
02-20 21:44:11.293   970   984 D AT      : AT send on RIL_CMD_READER_3, tid:547792835648
02-20 21:44:11.293   970   984 D AT      : AT> AT+ETHERMAL
02-20 21:44:11.293   970   984 I AT      : AT write start
02-20 21:44:11.293   970   982 I RILC-MTK: RIL_CMD_PROXY_3 wakeup
02-20 21:44:11.293   970   982 I RILC-MTK: RIL_CMD_PROXY_3 sleep
02-20 21:44:11.293   970   983 I RILC-MTK: RIL_CMD_PROXY_2 wakeup
02-20 21:44:11.293   970   983 I RILC-MTK: RIL_CMD_PROXY_2 sleep
02-20 21:44:11.293   970   987 I RILC-MTK: RIL_URC2_PROXY wakeup
02-20 21:44:11.293   970   987 I RILC-MTK: RIL_URC2_PROXY sleep
02-20 21:44:11.293   921   962 D RILMUXD : [gsm0710muxd] 3614:poll_thread(): poll_thread select found
02-20 21:44:11.293   921   962 D RILMUXD : [gsm0710muxd] 1045:pseudo_device_read(): Enter, LackofAtciChannel=0
02-20 21:44:11.293   921   962 D RILMUXD : [gsm0710muxd] 657:write_frame(): Sending frame to channel 5
02-20 21:44:11.294   970   981 I RILC-MTK: RIL_URC_PROXY wakeup
02-20 21:44:11.294   970   981 I RILC-MTK: RIL_URC_PROXY sleep
02-20 21:44:11.295   970   985 I RILC-MTK: RIL_CMD_PROXY_4 wakeup
02-20 21:44:11.295   970   985 I RILC-MTK: RIL_CMD_PROXY_4 sleep
02-20 21:44:11.306   921   962 D RILMUXD : [gsm0710muxd] 766:write_frame(): Write a frame on channel 5 with length 12
02-20 21:44:11.313   921   956 D RILMUXD : [gsm0710muxd] 1643:gsm0710_base_buffer_get_frame(): Get a complete frame. ch:5, ctrl:239, len:44
02-20 21:44:11.314   921   956 D RILMUXD : [gsm0710muxd] 2383:extract_frames(): Writing 44 byte frame received on channel 5 to /dev/pts/8
02-20 21:44:11.314   921   956 D RILMUXD : [gsm0710muxd] 2403:extract_frames(): write() returned. Written 44/44 bytes of frame to /dev/pts/8
02-20 21:44:11.314   921   956 D RILMUXD : [gsm0710muxd] 2408:extract_frames(): fsync() failed (-1, 22 - Invalid argument)
02-20 21:44:11.314   970   999 I AT      : AT read end: 44
02-20 21:44:11.314   970   999 D AT      : AT< +ETHERMAL: 2, 32767, -127, -1, 32767, 17
02-20 21:44:11.314   970   999 D AT      : RIL_CMD_READER_3 Enter processLine:+ETHERMAL: 2, 32767, -127, -1, 32767, 17
02-20 21:44:11.314   970   999 I AT      : AT read start
02-20 21:44:11.314   921   956 D RILMUXD : [gsm0710muxd] 1643:gsm0710_base_buffer_get_frame(): Get a complete frame. ch:5, ctrl:239, len:6
02-20 21:44:11.314   921   956 D RILMUXD : [gsm0710muxd] 2383:extract_frames(): Writing 6 byte frame received on channel 5 to /dev/pts/8
02-20 21:44:11.314   921   956 D RILMUXD : [gsm0710muxd] 2403:extract_frames(): write() returned. Written 6/6 bytes of frame to /dev/pts/8
02-20 21:44:11.314   921   956 D RILMUXD : [gsm0710muxd] 2408:extract_frames(): fsync() failed (-1, 22 - Invalid argument)
02-20 21:44:11.314   970   999 I AT      : AT read end: 6
02-20 21:44:11.314   970   999 D AT      : AT< OK
02-20 21:44:11.314   970   999 D AT      : RIL_CMD_READER_3 Enter processLine:OK
02-20 21:44:11.314   970   999 I AT      : AT read start
02-20 21:44:11.314   970   984 D AT      : response received on RIL_CMD_READER_3, tid:547792835648
02-20 21:44:11.314   970   984 D RIL     : requestQueryThermal success
02-20 21:44:11.314   970   984 D RILC    : RequestComplete, RIL_SOCKET_1
02-20 21:44:11.314   970   984 D RILC    : [THERMAL] local request for THERMAL returned 
02-20 21:44:11.314   970   984 D RILC    : [THERMAL] s_THERMAL_fd is valid strResult is  2, 32767, -127, -1, 32767, 17
02-20 21:44:11.314   970   984 D RILC-MTK: proxyLoop free  pRI=0x7f8a613180 p=0x7f8a6287e0 
02-20 21:44:11.314   970   984 D RILC-MTK: proxyLoop free  pRequest=0x7f8a611480
02-20 21:44:11.314   970   984 I RILC-MTK: RIL_CMD_PROXY_1 sleep
02-20 21:44:14.484   921   956 D RILMUXD : [gsm0710muxd] 1643:gsm0710_base_buffer_get_frame(): Get a complete frame. ch:2, ctrl:239, len:39
02-20 21:44:14.484   921   956 D RILMUXD : [gsm0710muxd] 2383:extract_frames(): Writing 39 byte frame received on channel 2 to /dev/pts/5
02-20 21:44:14.484   921   956 D RILMUXD : [gsm0710muxd] 2403:extract_frames(): write() returned. Written 39/39 bytes of frame to /dev/pts/5
02-20 21:44:14.484   921   956 D RILMUXD : [gsm0710muxd] 2408:extract_frames(): fsync() failed (-1, 22 - Invalid argument)
02-20 21:44:14.484   970   996 I AT      : AT read end: 39
02-20 21:44:14.484   970   996 D AT      : AT< +ECSQ: 29,27,1,-368,-43,1,1,2,32767
02-20 21:44:14.484   970   996 D AT      : RIL_URC_READER Enter processLine:+ECSQ: 29,27,1,-368,-43,1,1,2,32767
02-20 21:44:14.484   970   996 D RILC    : [MAL_AT] data sent to rild-mal-at is '+ECSQ: 29,27,1,-368,-43,1,1,2,32767'
02-20 21:44:14.484   970   996 D RILC    : internalRequestTimedCallback malloc p_info: 0x7f8be1e2a0
02-20 21:44:14.484   970   996 D RILC    : internalRequestTimedCallback malloc p_info->event: 0x7f8be1e2b0
02-20 21:44:14.484   970   996 D RIL     : Nw URC:+ECSQ: 29,27,1,-368,-43,1,1,2,32767
02-20 21:44:14.484   970   996 D RIL     : convert3GRssiValue baseband=503 ,isFdd3G=1,isTdd3G=0 ,RSCP_in_qdbm=-368 ,EcN0_in_qdbm=-43
02-20 21:44:14.484   970   996 D RILC    : callForRilVersion new vendor RIL, version: 10
02-20 21:44:14.484   970   996 I RILC    : RIL_SOCKET_1 UNSOLICITED: UNSOL_SIGNAL_STRENGTH length:72
02-20 21:44:14.484   970   996 E RILC    : Send Response to rild-mal
02-20 21:44:14.484   970   996 E RILC    : Send Response to RIL_SOCKET_1
02-20 21:44:14.484   970   996 I AT      : AT read start
02-20 21:44:14.485  1599  1599 D GsmSST  : [GsmSST0] handle EVENT_SIGNAL_STRENGTH_UPDATE
02-20 21:44:14.485  1599  1599 D GsmSST  : [GsmSST0] onSignalStrengthResult():  LastSignalStrength=SignalStrength: 11 26 -120 -160 -2 0 -1 99 2147483647 -2147483647 2147483647 2147483647 2147483647 gsm|lte 1 -372 -46
02-20 21:44:14.485  1599  1599 D GsmSST  : [GsmSST0] onSignalStrengthResult():new mSignalStrength=SignalStrength: 11 27 -120 -160 -2 0 -1 99 2147483647 -2147483647 2147483647 2147483647 2147483647 gsm|lte 1 -368 -43
02-20 21:44:14.485  1599  1599 W SignalStrength: SignalStrength get plugin
02-20 21:44:14.485  1599  1599 I use-Rlog/RLOG-GSM: op01_mapLteSignalLevel=0
02-20 21:44:14.485  1599  1599 W SignalStrength: SignalStrength get plugin
02-20 21:44:14.485  1599  1599 D GsmSST  : [GsmSST0] notifySignalStrength: mSignalStrength.getLevel=4
02-20 21:44:14.485  1599  1599 D SubscriptionController: [getSubId]- sSlotIdxToSubId.size == 0, return DummySubIds slotIdx=0
02-20 21:44:14.485  1599  1599 D SubscriptionController: getDummySubIds: slotIdx=0 return 2 DummySubIds with each subId=-2
02-20 21:44:14.485  1599  1599 D DefaultPhoneNotifier: notifySignalStrength: mRegistry=com.android.internal.telephony.ITelephonyRegistry$Stub$Proxy@8d1ae45 ss=SignalStrength: 11 27 -120 -160 -2 0 -1 99 2147483647 -2147483647 2147483647 2147483647 2147483647 gsm|lte 1 -368 -43 sender=Handler (com.android.internal.telephony.gsm.GSMPhone) {7fa538}
02-20 21:44:14.486   924   935 D TelephonyRegistry: notifySignalStrengthForSubscriber: subId=-2 signalStrength=SignalStrength: 11 27 -120 -160 -2 0 -1 99 2147483647 -2147483647 2147483647 2147483647 2147483647 gsm|lte 1 -368 -43
02-20 21:44:14.486   924   935 D TelephonyRegistry: notifySignalStrengthForSubscriber: logSSC.length=5 next=3
02-20 21:44:14.486   924   935 D TelephonyRegistry: notifyServiceStateForSubscriber Time 20170220T213511Asia/Shanghai(1,50,28800,0,1487597711) mSubId -2 mPhoneId 0  mState 1 1 voice home data home null null null null null null  Unknown Unknown CSS not supported -1 -1 RoamInd=-1 DefRoamInd=-1 EmergOnly=true Ril Voice Regist state: 10 Ril Data Regist state: 4 mProprietaryDataRadioTechnology: 0 VoiceRejectCause: -1 DataRejectCause: -1 mCdmaNetWorkMode: 0 IsDataRoamingFromRegistration=false
02-20 21:44:14.486   924   935 D TelephonyRegistry: notifyServiceStateForSubscriber Time 20170220T213511Asia/Shanghai(1,50,28800,0,1487597711) mSubId -2 mPhoneId 0  mState 1 1 voice home data home null null null null null null  Unknown Unknown CSS not supported -1 -1 RoamInd=-1 DefRoamInd=-1 EmergOnly=true Ril Voice Regist state: 10 Ril Data Regist state: 4 mProprietaryDataRadioTechnology: 0 VoiceRejectCause: -1 DataRejectCause: -1 mCdmaNetWorkMode: 0 IsDataRoamingFromRegistration=false
02-20 21:44:14.486   924   935 D TelephonyRegistry: notifyServiceStateForSubscriber Time 20170220T213511Asia/Shanghai(1,50,28800,0,1487597711) mSubId -3 mPhoneId 1  mState 3 3 voice home data home null null null null null null  Unknown Unknown CSS not supported -1 -1 RoamInd=-1 DefRoamInd=-1 EmergOnly=false Ril Voice Regist state: 0 Ril Data Regist state: 0 mProprietaryDataRadioTechnology: 0 VoiceRejectCause: -1 DataRejectCause: -1 mCdmaNetWorkMode: 0 IsDataRoamingFromRegistration=false
02-20 21:44:14.487   924   935 D TelephonyRegistry: notifyServiceStateForSubscriber Time 20170220T213511Asia/Shanghai(1,50,28800,0,1487597711) mSubId -2 mPhoneId 0  mState 1 1 voice home data home null null null null null null  Unknown Unknown CSS not supported -1 -1 RoamInd=-1 DefRoamInd=-1 EmergOnly=true Ril Voice Regist state: 10 Ril Data Regist state: 4 mProprietaryDataRadioTechnology: 0 VoiceRejectCause: -1 DataRejectCause: -1 mCdmaNetWorkMode: 0 IsDataRoamingFromRegistration=false
02-20 21:44:14.487   924   935 D TelephonyRegistry: notifyServiceStateForSubscriber Time 20170220T213511Asia/Shanghai(1,50,28800,0,1487597711) mSubId -3 mPhoneId 1  mState 3 3 voice home data home null null null null null null  Unknown Unknown CSS not supported -1 -1 RoamInd=-1 DefRoamInd=-1 EmergOnly=false Ril Voice Regist state: 0 Ril Data Regist state: 0 mProprietaryDataRadioTechnology: 0 VoiceRejectCause: -1 DataRejectCause: -1 mCdmaNetWorkMode: 0 IsDataRoamingFromRegistration=false
02-20 21:44:14.487   924   935 D TelephonyRegistry: notifySignalStrengthForSubscriber: ----------------
02-20 21:44:14.487   924   935 D SubscriptionManager: [getPhoneId]- return dummy value, subId = -2
02-20 21:44:14.487   924   935 D TelephonyRegistry: validatePhoneId: true
02-20 21:44:14.487   924   935 D TelephonyRegistry: notifySignalStrengthForSubscriber: valid phoneId=0
02-20 21:44:14.488  1599  1599 D SubscriptionController: [getPhoneId] asked for default subId=-1
02-20 21:44:14.488  1599  1599 D SubscriptionController: [getPhoneId]- invalid subId = -1 return = -1
02-20 21:44:14.488   924   935 D SubscriptionManager: [getPhoneId]- return dummy value, subId = -2
02-20 21:44:14.488   924   935 D TelephonyRegistry: idMatch: rlt=false
02-20 21:44:14.489  1599  1599 D SubscriptionController: [getPhoneId] asked for default subId=-1
02-20 21:44:14.489  1599  1599 D SubscriptionController: [getPhoneId]- invalid subId = -1 return = -1
02-20 21:44:14.489   924   935 D SubscriptionManager: [getPhoneId]- return dummy value, subId = -2
02-20 21:44:14.489   924   935 D TelephonyRegistry: idMatch: rlt=false
02-20 21:44:14.490  1599  1599 D SubscriptionController: [getPhoneId] asked for default subId=-1
02-20 21:44:14.490  1599  1599 D SubscriptionController: [getPhoneId]- invalid subId = -1 return = -1
02-20 21:44:14.491   924   935 D SubscriptionManager: [getPhoneId]- return dummy value, subId = -2
02-20 21:44:14.491   924   935 D TelephonyRegistry: idMatch: rlt=false
02-20 21:44:14.491  1599  1599 D SubscriptionController: [getPhoneId] asked for default subId=-1
02-20 21:44:14.492  1599  1599 D SubscriptionController: [getPhoneId]- invalid subId = -1 return = -1
02-20 21:44:14.492   924   935 D SubscriptionManager: [getPhoneId]- return dummy value, subId = -2
02-20 21:44:14.492   924   935 D TelephonyRegistry: idMatch: rlt=false
02-20 21:44:14.493  1599  1599 D SubscriptionController: [getPhoneId] asked for default subId=-1
02-20 21:44:14.493  1599  1599 D SubscriptionController: [getPhoneId]- invalid subId = -1 return = -1
02-20 21:44:14.493   924   935 D SubscriptionManager: [getPhoneId]- return dummy value, subId = -2
02-20 21:44:14.494   924   935 D TelephonyRegistry: idMatch: rlt=false
02-20 21:44:14.494  1599  1599 D SubscriptionController: [getPhoneId] asked for default subId=-1
02-20 21:44:14.494  1599  1599 D SubscriptionController: [getPhoneId]- invalid subId = -1 return = -1
02-20 21:44:14.495   924   935 D SubscriptionManager: [getPhoneId]- return dummy value, subId = -2
02-20 21:44:14.495   924   935 D TelephonyRegistry: idMatch: rlt=false
02-20 21:44:14.496  1599  1599 D SubscriptionController: [getPhoneId] asked for default subId=-1
02-20 21:44:14.496  1599  1599 D SubscriptionController: [getPhoneId]- invalid subId = -1 return = -1
02-20 21:44:14.496   924   935 D SubscriptionManager: [getPhoneId]- return dummy value, subId = -2
02-20 21:44:14.496   924   935 D TelephonyRegistry: idMatch: rlt=false
02-20 21:44:14.497  1599  1599 D SubscriptionController: [getPhoneId] asked for default subId=-1
02-20 21:44:14.497  1599  1599 D SubscriptionController: [getPhoneId]- invalid subId = -1 return = -1
02-20 21:44:14.497   924   935 D SubscriptionManager: [getPhoneId]- return dummy value, subId = -2
02-20 21:44:14.497   924   935 D TelephonyRegistry: idMatch: rlt=false
02-20 21:44:14.498  1599  1599 D SubscriptionController: [getPhoneId] asked for default subId=-1
02-20 21:44:14.498  1599  1599 D SubscriptionController: [getPhoneId]- invalid subId = -1 return = -1
02-20 21:44:14.499   924   935 D SubscriptionManager: [getPhoneId]- return dummy value, subId = -2
02-20 21:44:14.499   924   935 D TelephonyRegistry: idMatch: rlt=false
02-20 21:44:14.499  1599  1599 D SubscriptionController: [getPhoneId] asked for default subId=-1
02-20 21:44:14.499  1599  1599 D SubscriptionController: [getPhoneId]- invalid subId = -1 return = -1
02-20 21:44:14.500   924   935 D SubscriptionManager: [getPhoneId]- return dummy value, subId = -2
02-20 21:44:14.500   924   935 D TelephonyRegistry: idMatch: rlt=false
02-20 21:44:14.500  1599  1599 D SubscriptionController: [getPhoneId] asked for default subId=-1
02-20 21:44:14.501  1599  1599 D SubscriptionController: [getPhoneId]- invalid subId = -1 return = -1
02-20 21:44:14.501   924   935 D SubscriptionManager: [getPhoneId]- return dummy value, subId = -2
02-20 21:44:14.501   924   935 D TelephonyRegistry: idMatch: rlt=false
02-20 21:44:14.502  1599  1599 D SubscriptionController: [getPhoneId] asked for default subId=-1
02-20 21:44:14.502  1599  1599 D SubscriptionController: [getPhoneId]- invalid subId = -1 return = -1
02-20 21:44:14.502   924   935 D SubscriptionManager: [getPhoneId]- return dummy value, subId = -2
02-20 21:44:14.502   924   935 D TelephonyRegistry: idMatch: rlt=false
02-20 21:44:14.503  1599  1599 D SubscriptionController: [getPhoneId] asked for default subId=-1
02-20 21:44:14.503  1599  1599 D SubscriptionController: [getPhoneId]- invalid subId = -1 return = -1
02-20 21:44:14.504   924   935 D SubscriptionManager: [getPhoneId]- return dummy value, subId = -2
02-20 21:44:14.504   924   935 D TelephonyRegistry: idMatch: rlt=false
02-20 21:44:14.504  1599  1599 D SubscriptionController: [getPhoneId] asked for default subId=-1
02-20 21:44:14.504  1599  1599 D SubscriptionController: [getPhoneId]- invalid subId = -1 return = -1
02-20 21:44:14.505   924   935 D SubscriptionManager: [getPhoneId]- return dummy value, subId = -2
02-20 21:44:14.505   924   935 D TelephonyRegistry: idMatch: rlt=false
02-20 21:44:14.505   924   935 D TelephonyRegistry: handleRemoveListLocked: mRemoveList.size()=0
02-20 21:44:14.505   924   935 W SignalStrength: SignalStrength get plugin
02-20 21:44:14.505   924   935 I use-Rlog/RLOG-GSM: op01_mapLteSignalLevel=0
02-20 21:44:14.505   924   935 W SignalStrength: SignalStrength get plugin
02-20 21:44:14.505   924   935 D SubscriptionManager: [getPhoneId]- return dummy value, subId = -2
02-20 21:44:14.505  1599  1599 D SubscriptionController: [getSubId]- sSlotIdxToSubId.size == 0, return DummySubIds slotIdx=0
02-20 21:44:14.505  1599  1599 D SubscriptionController: getDummySubIds: slotIdx=0 return 2 DummySubIds with each subId=-2
02-20 21:44:14.506  1599  1599 D GsmSST  : [GsmSST0] handleMessage msg done
02-20 21:44:14.591  1599  1599 D FdManager: [GDCT][phoneId0]onReceive: action=android.intent.action.BATTERY_CHANGED
02-20 21:44:14.591  1599  1599 D FdManager: [GDCT][phoneId1]onReceive: action=android.intent.action.BATTERY_CHANGED
02-20 21:44:15.485   970   993 D RILC    : s_last_wake_timeout_info: 0x7f8be1e2a0 reset to NULL
02-20 21:44:15.485   970   993 D RILC    : userTimerCallback free  p_info: 0x7f8be1e2a0
02-20 21:44:15.485   970   993 D RILC    : userTimerCallback free  p_info->event: 0x7f8be1e2b0
02-20 21:44:15.501   921   921 D RILMUXD : [gsm0710muxd] 3897:main(): Frames received/dropped: 508/0
02-20 21:44:20.501   921   921 D RILMUXD : [gsm0710muxd] 3897:main(): Frames received/dropped: 508/0
02-20 21:44:21.320   970   993 I RILC    : NUMBER:1
02-20 21:44:21.320   970   993 I RILC    : arg len:14
02-20 21:44:21.320   970   993 I RILC    : ARGS[0]:THERMAL,0,-1
02-20 21:44:21.320   970   993 D RILC    : C[locl]> QUERY_MODEM_THERMAL
02-20 21:44:21.320   970   993 D RILC-MTK: QUERY_MODEM_THERMAL pRI=0x7f8a613450 p=0x7f8a628930 dispatched to RIL_CMD_PROXY_1
02-20 21:44:21.321   970   991 I RILC-MTK: RIL_CMD2_PROXY_4 wakeup
02-20 21:44:21.321   970   991 I RILC-MTK: RIL_CMD2_PROXY_4 sleep
02-20 21:44:21.321   970   990 I RILC-MTK: RIL_CMD2_PROXY_1 wakeup
02-20 21:44:21.321   970   990 I RILC-MTK: RIL_CMD2_PROXY_1 sleep
02-20 21:44:21.321   970   988 I RILC-MTK: RIL_CMD2_PROXY_3 wakeup
02-20 21:44:21.321   970   988 I RILC-MTK: RIL_CMD2_PROXY_3 sleep
02-20 21:44:21.321   970   989 I RILC-MTK: RIL_CMD2_PROXY_2 wakeup
02-20 21:44:21.321   970   989 I RILC-MTK: RIL_CMD2_PROXY_2 sleep
02-20 21:44:21.321   970   986 I RILC-MTK: RIL_ATCI_PROXY wakeup
02-20 21:44:21.321   970   986 I RILC-MTK: RIL_ATCI_PROXY sleep
02-20 21:44:21.321   970   992 I RILC-MTK: RIL_ATCI2_PROXY wakeup
02-20 21:44:21.321   970   992 I RILC-MTK: RIL_ATCI2_PROXY sleep
02-20 21:44:21.321   970   982 I RILC-MTK: RIL_CMD_PROXY_3 wakeup
02-20 21:44:21.321   970   982 I RILC-MTK: RIL_CMD_PROXY_3 sleep
02-20 21:44:21.321   970   983 I RILC-MTK: RIL_CMD_PROXY_2 wakeup
02-20 21:44:21.321   970   983 I RILC-MTK: RIL_CMD_PROXY_2 sleep
02-20 21:44:21.321   970   987 I RILC-MTK: RIL_URC2_PROXY wakeup
02-20 21:44:21.321   970   987 I RILC-MTK: RIL_URC2_PROXY sleep
02-20 21:44:21.321   970   981 I RILC-MTK: RIL_URC_PROXY wakeup
02-20 21:44:21.321   970   981 I RILC-MTK: RIL_URC_PROXY sleep
02-20 21:44:21.321   970   985 I RILC-MTK: RIL_CMD_PROXY_4 wakeup
02-20 21:44:21.321   970   985 I RILC-MTK: RIL_CMD_PROXY_4 sleep
02-20 21:44:21.321   970   984 I RILC-MTK: RIL_CMD_PROXY_1 wakeup
02-20 21:44:21.321   970   984 D RILC-MTK: proxy id:3, proxyName: RIL_CMD_PROXY_1
02-20 21:44:21.321   970   984 D RILC-MTK: QUERY_MODEM_THERMAL pRI=0x7f8a613450 p=0x7f8a628930 execute on RIL_CMD_PROXY_1 using channel 3
02-20 21:44:21.321   970   984 D RILC    : callOnRequest for new vendor ril
02-20 21:44:21.321   970   984 D RIL     : onRequest: QUERY_MODEM_THERMAL, datalen = 8
02-20 21:44:21.321   970   984 D RIL     : radioState:10
02-20 21:44:21.321   970   984 D RIL     : requestQueryThermal Enter,-1
02-20 21:44:21.321   970   984 D AT      : getRILChannelCtx subsystem:1, rid:0 channelOffset:0
02-20 21:44:21.321   970   984 D AT      : AT send on RIL_CMD_READER_3, tid:547792835648
02-20 21:44:21.321   970   984 D AT      : AT> AT+ETHERMAL
02-20 21:44:21.321   970   984 I AT      : AT write start
02-20 21:44:21.321   921   962 D RILMUXD : [gsm0710muxd] 3614:poll_thread(): poll_thread select found
02-20 21:44:21.321   921   962 D RILMUXD : [gsm0710muxd] 1045:pseudo_device_read(): Enter, LackofAtciChannel=0
02-20 21:44:21.321   921   962 D RILMUXD : [gsm0710muxd] 657:write_frame(): Sending frame to channel 5
02-20 21:44:21.362   921   962 D RILMUXD : [gsm0710muxd] 766:write_frame(): Write a frame on channel 5 with length 12
02-20 21:44:21.370   921   956 D RILMUXD : [gsm0710muxd] 1643:gsm0710_base_buffer_get_frame(): Get a complete frame. ch:5, ctrl:239, len:44
02-20 21:44:21.370   921   956 D RILMUXD : [gsm0710muxd] 2383:extract_frames(): Writing 44 byte frame received on channel 5 to /dev/pts/8
02-20 21:44:21.370   921   956 D RILMUXD : [gsm0710muxd] 2403:extract_frames(): write() returned. Written 44/44 bytes of frame to /dev/pts/8
02-20 21:44:21.370   921   956 D RILMUXD : [gsm0710muxd] 2408:extract_frames(): fsync() failed (-1, 22 - Invalid argument)
02-20 21:44:21.370   970   999 I AT      : AT read end: 44
02-20 21:44:21.370   970   999 D AT      : AT< +ETHERMAL: 2, 32767, -127, -1, 32767, 17
02-20 21:44:21.370   970   999 D AT      : RIL_CMD_READER_3 Enter processLine:+ETHERMAL: 2, 32767, -127, -1, 32767, 17
02-20 21:44:21.370   970   999 I AT      : AT read start
02-20 21:44:21.370   921   956 D RILMUXD : [gsm0710muxd] 1643:gsm0710_base_buffer_get_frame(): Get a complete frame. ch:5, ctrl:239, len:6
02-20 21:44:21.370   921   956 D RILMUXD : [gsm0710muxd] 2383:extract_frames(): Writing 6 byte frame received on channel 5 to /dev/pts/8
02-20 21:44:21.370   921   956 D RILMUXD : [gsm0710muxd] 2403:extract_frames(): write() returned. Written 6/6 bytes of frame to /dev/pts/8
02-20 21:44:21.370   921   956 D RILMUXD : [gsm0710muxd] 2408:extract_frames(): fsync() failed (-1, 22 - Invalid argument)
02-20 21:44:21.370   970   999 I AT      : AT read end: 6
02-20 21:44:21.370   970   999 D AT      : AT< OK
02-20 21:44:21.370   970   999 D AT      : RIL_CMD_READER_3 Enter processLine:OK
02-20 21:44:21.370   970   999 I AT      : AT read start
02-20 21:44:21.370   970   984 D AT      : response received on RIL_CMD_READER_3, tid:547792835648
02-20 21:44:21.370   970   984 D RIL     : requestQueryThermal success
02-20 21:44:21.370   970   984 D RILC    : RequestComplete, RIL_SOCKET_1
02-20 21:44:21.370   970   984 D RILC    : [THERMAL] local request for THERMAL returned 
02-20 21:44:21.370   970   984 D RILC    : [THERMAL] s_THERMAL_fd is valid strResult is  2, 32767, -127, -1, 32767, 17
02-20 21:44:21.370   970   984 D RILC-MTK: proxyLoop free  pRI=0x7f8a613450 p=0x7f8a628930 
02-20 21:44:21.370   970   984 D RILC-MTK: proxyLoop free  pRequest=0x7f8a611720
02-20 21:44:21.370   970   984 I RILC-MTK: RIL_CMD_PROXY_1 sleep
02-20 21:44:24.727   921   956 D RILMUXD : [gsm0710muxd] 1643:gsm0710_base_buffer_get_frame(): Get a complete frame. ch:2, ctrl:239, len:39
02-20 21:44:24.727   921   956 D RILMUXD : [gsm0710muxd] 2383:extract_frames(): Writing 39 byte frame received on channel 2 to /dev/pts/5
02-20 21:44:24.727   921   956 D RILMUXD : [gsm0710muxd] 2403:extract_frames(): write() returned. Written 39/39 bytes of frame to /dev/pts/5
02-20 21:44:24.727   921   956 D RILMUXD : [gsm0710muxd] 2408:extract_frames(): fsync() failed (-1, 22 - Invalid argument)
02-20 21:44:24.727   970   996 I AT      : AT read end: 39
02-20 21:44:24.727   970   996 D AT      : AT< +ECSQ: 28,27,1,-370,-44,1,1,2,32767
02-20 21:44:24.727   970   996 D AT      : RIL_URC_READER Enter processLine:+ECSQ: 28,27,1,-370,-44,1,1,2,32767
02-20 21:44:24.727   970   996 D RILC    : [MAL_AT] data sent to rild-mal-at is '+ECSQ: 28,27,1,-370,-44,1,1,2,32767'
02-20 21:44:24.727   970   996 D RILC    : internalRequestTimedCallback malloc p_info: 0x7f8be1e480
02-20 21:44:24.727   970   996 D RILC    : internalRequestTimedCallback malloc p_info->event: 0x7f8be1e490
02-20 21:44:24.727   970   996 D RIL     : Nw URC:+ECSQ: 28,27,1,-370,-44,1,1,2,32767
02-20 21:44:24.727   970   996 D RIL     : convert3GRssiValue baseband=503 ,isFdd3G=1,isTdd3G=0 ,RSCP_in_qdbm=-370 ,EcN0_in_qdbm=-44
02-20 21:44:24.727   970   996 D RILC    : callForRilVersion new vendor RIL, version: 10
02-20 21:44:24.727   970   996 I RILC    : RIL_SOCKET_1 UNSOLICITED: UNSOL_SIGNAL_STRENGTH length:72
02-20 21:44:24.727   970   996 E RILC    : Send Response to rild-mal
02-20 21:44:24.727   970   996 E RILC    : Send Response to RIL_SOCKET_1
02-20 21:44:24.727   970   996 I AT      : AT read start
02-20 21:44:24.728  1599  1599 D GsmSST  : [GsmSST0] handle EVENT_SIGNAL_STRENGTH_UPDATE
02-20 21:44:24.728  1599  1599 D GsmSST  : [GsmSST0] onSignalStrengthResult():  LastSignalStrength=SignalStrength: 11 27 -120 -160 -2 0 -1 99 2147483647 -2147483647 2147483647 2147483647 2147483647 gsm|lte 1 -368 -43
02-20 21:44:24.728  1599  1599 D GsmSST  : [GsmSST0] onSignalStrengthResult():new mSignalStrength=SignalStrength: 11 27 -120 -160 -2 0 -1 99 2147483647 -2147483647 2147483647 2147483647 2147483647 gsm|lte 1 -372 -44
02-20 21:44:24.728  1599  1599 W SignalStrength: SignalStrength get plugin
02-20 21:44:24.728  1599  1599 I use-Rlog/RLOG-GSM: op01_mapLteSignalLevel=0
02-20 21:44:24.728  1599  1599 W SignalStrength: SignalStrength get plugin
02-20 21:44:24.728  1599  1599 D GsmSST  : [GsmSST0] notifySignalStrength: mSignalStrength.getLevel=4
02-20 21:44:24.728  1599  1599 D SubscriptionController: [getSubId]- sSlotIdxToSubId.size == 0, return DummySubIds slotIdx=0
02-20 21:44:24.728  1599  1599 D SubscriptionController: getDummySubIds: slotIdx=0 return 2 DummySubIds with each subId=-2
02-20 21:44:24.728  1599  1599 D DefaultPhoneNotifier: notifySignalStrength: mRegistry=com.android.internal.telephony.ITelephonyRegistry$Stub$Proxy@8d1ae45 ss=SignalStrength: 11 27 -120 -160 -2 0 -1 99 2147483647 -2147483647 2147483647 2147483647 2147483647 gsm|lte 1 -372 -44 sender=Handler (com.android.internal.telephony.gsm.GSMPhone) {7fa538}
02-20 21:44:24.729   924  1743 D TelephonyRegistry: notifySignalStrengthForSubscriber: subId=-2 signalStrength=SignalStrength: 11 27 -120 -160 -2 0 -1 99 2147483647 -2147483647 2147483647 2147483647 2147483647 gsm|lte 1 -372 -44
02-20 21:44:24.729   924  1743 D TelephonyRegistry: notifySignalStrengthForSubscriber: logSSC.length=5 next=3
02-20 21:44:24.729   924  1743 D TelephonyRegistry: notifyServiceStateForSubscriber Time 20170220T213511Asia/Shanghai(1,50,28800,0,1487597711) mSubId -2 mPhoneId 0  mState 1 1 voice home data home null null null null null null  Unknown Unknown CSS not supported -1 -1 RoamInd=-1 DefRoamInd=-1 EmergOnly=true Ril Voice Regist state: 10 Ril Data Regist state: 4 mProprietaryDataRadioTechnology: 0 VoiceRejectCause: -1 DataRejectCause: -1 mCdmaNetWorkMode: 0 IsDataRoamingFromRegistration=false
02-20 21:44:24.729   924  1743 D TelephonyRegistry: notifyServiceStateForSubscriber Time 20170220T213511Asia/Shanghai(1,50,28800,0,1487597711) mSubId -2 mPhoneId 0  mState 1 1 voice home data home null null null null null null  Unknown Unknown CSS not supported -1 -1 RoamInd=-1 DefRoamInd=-1 EmergOnly=true Ril Voice Regist state: 10 Ril Data Regist state: 4 mProprietaryDataRadioTechnology: 0 VoiceRejectCause: -1 DataRejectCause: -1 mCdmaNetWorkMode: 0 IsDataRoamingFromRegistration=false
02-20 21:44:24.729   924  1743 D TelephonyRegistry: notifyServiceStateForSubscriber Time 20170220T213511Asia/Shanghai(1,50,28800,0,1487597711) mSubId -3 mPhoneId 1  mState 3 3 voice home data home null null null null null null  Unknown Unknown CSS not supported -1 -1 RoamInd=-1 DefRoamInd=-1 EmergOnly=false Ril Voice Regist state: 0 Ril Data Regist state: 0 mProprietaryDataRadioTechnology: 0 VoiceRejectCause: -1 DataRejectCause: -1 mCdmaNetWorkMode: 0 IsDataRoamingFromRegistration=false
02-20 21:44:24.729   924  1743 D TelephonyRegistry: notifyServiceStateForSubscriber Time 20170220T213511Asia/Shanghai(1,50,28800,0,1487597711) mSubId -2 mPhoneId 0  mState 1 1 voice home data home null null null null null null  Unknown Unknown CSS not supported -1 -1 RoamInd=-1 DefRoamInd=-1 EmergOnly=true Ril Voice Regist state: 10 Ril Data Regist state: 4 mProprietaryDataRadioTechnology: 0 VoiceRejectCause: -1 DataRejectCause: -1 mCdmaNetWorkMode: 0 IsDataRoamingFromRegistration=false
02-20 21:44:24.730   924  1743 D TelephonyRegistry: notifyServiceStateForSubscriber Time 20170220T213511Asia/Shanghai(1,50,28800,0,1487597711) mSubId -3 mPhoneId 1  mState 3 3 voice home data home null null null null null null  Unknown Unknown CSS not supported -1 -1 RoamInd=-1 DefRoamInd=-1 EmergOnly=false Ril Voice Regist state: 0 Ril Data Regist state: 0 mProprietaryDataRadioTechnology: 0 VoiceRejectCause: -1 DataRejectCause: -1 mCdmaNetWorkMode: 0 IsDataRoamingFromRegistration=false
02-20 21:44:24.730   924  1743 D TelephonyRegistry: notifySignalStrengthForSubscriber: ----------------
02-20 21:44:24.730   924  1743 D SubscriptionManager: [getPhoneId]- return dummy value, subId = -2
02-20 21:44:24.730   924  1743 D TelephonyRegistry: validatePhoneId: true
02-20 21:44:24.730   924  1743 D TelephonyRegistry: notifySignalStrengthForSubscriber: valid phoneId=0
02-20 21:44:24.732  1599  1599 D SubscriptionController: [getPhoneId] asked for default subId=-1
02-20 21:44:24.732  1599  1599 D SubscriptionController: [getPhoneId]- invalid subId = -1 return = -1
02-20 21:44:24.733   924  1743 D SubscriptionManager: [getPhoneId]- return dummy value, subId = -2
02-20 21:44:24.733   924  1743 D TelephonyRegistry: idMatch: rlt=false
02-20 21:44:24.734  1599  1599 D SubscriptionController: [getPhoneId] asked for default subId=-1
02-20 21:44:24.734  1599  1599 D SubscriptionController: [getPhoneId]- invalid subId = -1 return = -1
02-20 21:44:24.735   924  1743 D SubscriptionManager: [getPhoneId]- return dummy value, subId = -2
02-20 21:44:24.735   924  1743 D TelephonyRegistry: idMatch: rlt=false
02-20 21:44:24.736  1599  1599 D SubscriptionController: [getPhoneId] asked for default subId=-1
02-20 21:44:24.736  1599  1599 D SubscriptionController: [getPhoneId]- invalid subId = -1 return = -1
02-20 21:44:24.737   924  1743 D SubscriptionManager: [getPhoneId]- return dummy value, subId = -2
02-20 21:44:24.737   924  1743 D TelephonyRegistry: idMatch: rlt=false
02-20 21:44:24.737  1599  1599 D SubscriptionController: [getPhoneId] asked for default subId=-1
02-20 21:44:24.737  1599  1599 D SubscriptionController: [getPhoneId]- invalid subId = -1 return = -1
02-20 21:44:24.738   924  1743 D SubscriptionManager: [getPhoneId]- return dummy value, subId = -2
02-20 21:44:24.738   924  1743 D TelephonyRegistry: idMatch: rlt=false
02-20 21:44:24.739  1599  1599 D SubscriptionController: [getPhoneId] asked for default subId=-1
02-20 21:44:24.739  1599  1599 D SubscriptionController: [getPhoneId]- invalid subId = -1 return = -1
02-20 21:44:24.740   924  1743 D SubscriptionManager: [getPhoneId]- return dummy value, subId = -2
02-20 21:44:24.740   924  1743 D TelephonyRegistry: idMatch: rlt=false
02-20 21:44:24.740  1599  1599 D SubscriptionController: [getPhoneId] asked for default subId=-1
02-20 21:44:24.741  1599  1599 D SubscriptionController: [getPhoneId]- invalid subId = -1 return = -1
02-20 21:44:24.741   924  1743 D SubscriptionManager: [getPhoneId]- return dummy value, subId = -2
02-20 21:44:24.741   924  1743 D TelephonyRegistry: idMatch: rlt=false
02-20 21:44:24.742  1599  1599 D SubscriptionController: [getPhoneId] asked for default subId=-1
02-20 21:44:24.742  1599  1599 D SubscriptionController: [getPhoneId]- invalid subId = -1 return = -1
02-20 21:44:24.743   924  1743 D SubscriptionManager: [getPhoneId]- return dummy value, subId = -2
02-20 21:44:24.743   924  1743 D TelephonyRegistry: idMatch: rlt=false
02-20 21:44:24.744  1599  1599 D SubscriptionController: [getPhoneId] asked for default subId=-1
02-20 21:44:24.745  1599  1599 D SubscriptionController: [getPhoneId]- invalid subId = -1 return = -1
02-20 21:44:24.745   924  1743 D SubscriptionManager: [getPhoneId]- return dummy value, subId = -2
02-20 21:44:24.745   924  1743 D TelephonyRegistry: idMatch: rlt=false
02-20 21:44:24.746  1599  1599 D SubscriptionController: [getPhoneId] asked for default subId=-1
02-20 21:44:24.746  1599  1599 D SubscriptionController: [getPhoneId]- invalid subId = -1 return = -1
02-20 21:44:24.747   924  1743 D SubscriptionManager: [getPhoneId]- return dummy value, subId = -2
02-20 21:44:24.747   924  1743 D TelephonyRegistry: idMatch: rlt=false
02-20 21:44:24.748  1599  1599 D SubscriptionController: [getPhoneId] asked for default subId=-1
02-20 21:44:24.774  1599  1599 D SubscriptionController: [getPhoneId]- invalid subId = -1 return = -1
02-20 21:44:24.783   924  1743 D SubscriptionManager: [getPhoneId]- return dummy value, subId = -2
02-20 21:44:24.783   924  1743 D TelephonyRegistry: idMatch: rlt=false
02-20 21:44:24.784  1599  1599 D SubscriptionController: [getPhoneId] asked for default subId=-1
02-20 21:44:24.784  1599  1599 D SubscriptionController: [getPhoneId]- invalid subId = -1 return = -1
02-20 21:44:24.785   924  1743 D SubscriptionManager: [getPhoneId]- return dummy value, subId = -2
02-20 21:44:24.785   924  1743 D TelephonyRegistry: idMatch: rlt=false
02-20 21:44:24.786  1599  1599 D SubscriptionController: [getPhoneId] asked for default subId=-1
02-20 21:44:24.786  1599  1599 D SubscriptionController: [getPhoneId]- invalid subId = -1 return = -1
02-20 21:44:24.787   924  1743 D SubscriptionManager: [getPhoneId]- return dummy value, subId = -2
02-20 21:44:24.787   924  1743 D TelephonyRegistry: idMatch: rlt=false
02-20 21:44:24.788  1599  1599 D SubscriptionController: [getPhoneId] asked for default subId=-1
02-20 21:44:24.788  1599  1599 D SubscriptionController: [getPhoneId]- invalid subId = -1 return = -1
02-20 21:44:24.788   924  1743 D SubscriptionManager: [getPhoneId]- return dummy value, subId = -2
02-20 21:44:24.789   924  1743 D TelephonyRegistry: idMatch: rlt=false
02-20 21:44:24.789  1599  1599 D SubscriptionController: [getPhoneId] asked for default subId=-1
02-20 21:44:24.790  1599  1599 D SubscriptionController: [getPhoneId]- invalid subId = -1 return = -1
02-20 21:44:24.790   924  1743 D SubscriptionManager: [getPhoneId]- return dummy value, subId = -2
02-20 21:44:24.790   924  1743 D TelephonyRegistry: idMatch: rlt=false
02-20 21:44:24.790   924  1743 D TelephonyRegistry: handleRemoveListLocked: mRemoveList.size()=0
02-20 21:44:24.791   924  1743 W SignalStrength: SignalStrength get plugin
02-20 21:44:24.791   924  1743 I use-Rlog/RLOG-GSM: op01_mapLteSignalLevel=0
02-20 21:44:24.791   924  1743 W SignalStrength: SignalStrength get plugin
02-20 21:44:24.791   924  1743 D SubscriptionManager: [getPhoneId]- return dummy value, subId = -2
02-20 21:44:24.792  1599  1599 D SubscriptionController: [getSubId]- sSlotIdxToSubId.size == 0, return DummySubIds slotIdx=0
02-20 21:44:24.792  1599  1599 D SubscriptionController: getDummySubIds: slotIdx=0 return 2 DummySubIds with each subId=-2
02-20 21:44:24.793  1599  1599 D GsmSST  : [GsmSST0] handleMessage msg done
02-20 21:44:25.501   921   921 D RILMUXD : [gsm0710muxd] 3897:main(): Frames received/dropped: 511/0
02-20 21:44:25.728   970   993 D RILC    : s_last_wake_timeout_info: 0x7f8be1e480 reset to NULL
02-20 21:44:25.728   970   993 D RILC    : userTimerCallback free  p_info: 0x7f8be1e480
02-20 21:44:25.728   970   993 D RILC    : userTimerCallback free  p_info->event: 0x7f8be1e490
02-20 21:44:29.854   921   956 D RILMUXD : [gsm0710muxd] 1643:gsm0710_base_buffer_get_frame(): Get a complete frame. ch:2, ctrl:239, len:39
02-20 21:44:29.854   921   956 D RILMUXD : [gsm0710muxd] 2383:extract_frames(): Writing 39 byte frame received on channel 2 to /dev/pts/5
02-20 21:44:29.854   921   956 D RILMUXD : [gsm0710muxd] 2403:extract_frames(): write() returned. Written 39/39 bytes of frame to /dev/pts/5
02-20 21:44:29.854   921   956 D RILMUXD : [gsm0710muxd] 2408:extract_frames(): fsync() failed (-1, 22 - Invalid argument)
02-20 21:44:29.855   970   996 I AT      : AT read end: 39
02-20 21:44:29.855   970   996 D AT      : AT< +ECSQ: 29,27,1,-368,-43,1,1,2,32767
02-20 21:44:29.855   970   996 D AT      : RIL_URC_READER Enter processLine:+ECSQ: 29,27,1,-368,-43,1,1,2,32767
02-20 21:44:29.855   970   996 D RILC    : [MAL_AT] data sent to rild-mal-at is '+ECSQ: 29,27,1,-368,-43,1,1,2,32767'
02-20 21:44:29.855   970   996 D RILC    : internalRequestTimedCallback malloc p_info: 0x7f8be1e4e0
02-20 21:44:29.855   970   996 D RILC    : internalRequestTimedCallback malloc p_info->event: 0x7f8be1e4f0
02-20 21:44:29.855   970   996 D RIL     : Nw URC:+ECSQ: 29,27,1,-368,-43,1,1,2,32767
02-20 21:44:29.855   970   996 D RIL     : convert3GRssiValue baseband=503 ,isFdd3G=1,isTdd3G=0 ,RSCP_in_qdbm=-368 ,EcN0_in_qdbm=-43
02-20 21:44:29.855   970   996 D RILC    : callForRilVersion new vendor RIL, version: 10
02-20 21:44:29.855   970   996 I RILC    : RIL_SOCKET_1 UNSOLICITED: UNSOL_SIGNAL_STRENGTH length:72
02-20 21:44:29.855   970   996 E RILC    : Send Response to rild-mal
02-20 21:44:29.855   970   996 E RILC    : Send Response to RIL_SOCKET_1
02-20 21:44:29.855   970   996 I AT      : AT read start
02-20 21:44:29.855  1599  1599 D GsmSST  : [GsmSST0] handle EVENT_SIGNAL_STRENGTH_UPDATE
02-20 21:44:29.855  1599  1599 D GsmSST  : [GsmSST0] onSignalStrengthResult():  LastSignalStrength=SignalStrength: 11 27 -120 -160 -2 0 -1 99 2147483647 -2147483647 2147483647 2147483647 2147483647 gsm|lte 1 -372 -44
02-20 21:44:29.855  1599  1599 D GsmSST  : [GsmSST0] onSignalStrengthResult():new mSignalStrength=SignalStrength: 11 27 -120 -160 -2 0 -1 99 2147483647 -2147483647 2147483647 2147483647 2147483647 gsm|lte 1 -368 -43
02-20 21:44:29.856  1599  1599 W SignalStrength: SignalStrength get plugin
02-20 21:44:29.856  1599  1599 I use-Rlog/RLOG-GSM: op01_mapLteSignalLevel=0
02-20 21:44:29.856  1599  1599 W SignalStrength: SignalStrength get plugin
02-20 21:44:29.856  1599  1599 D GsmSST  : [GsmSST0] notifySignalStrength: mSignalStrength.getLevel=4
02-20 21:44:29.856  1599  1599 D SubscriptionController: [getSubId]- sSlotIdxToSubId.size == 0, return DummySubIds slotIdx=0
02-20 21:44:29.856  1599  1599 D SubscriptionController: getDummySubIds: slotIdx=0 return 2 DummySubIds with each subId=-2
02-20 21:44:29.856  1599  1599 D DefaultPhoneNotifier: notifySignalStrength: mRegistry=com.android.internal.telephony.ITelephonyRegistry$Stub$Proxy@8d1ae45 ss=SignalStrength: 11 27 -120 -160 -2 0 -1 99 2147483647 -2147483647 2147483647 2147483647 2147483647 gsm|lte 1 -368 -43 sender=Handler (com.android.internal.telephony.gsm.GSMPhone) {7fa538}
02-20 21:44:29.858   924  1656 D TelephonyRegistry: notifySignalStrengthForSubscriber: subId=-2 signalStrength=SignalStrength: 11 27 -120 -160 -2 0 -1 99 2147483647 -2147483647 2147483647 2147483647 2147483647 gsm|lte 1 -368 -43
02-20 21:44:29.858   924  1656 D TelephonyRegistry: notifySignalStrengthForSubscriber: logSSC.length=5 next=3
02-20 21:44:29.858   924  1656 D TelephonyRegistry: notifyServiceStateForSubscriber Time 20170220T213511Asia/Shanghai(1,50,28800,0,1487597711) mSubId -2 mPhoneId 0  mState 1 1 voice home data home null null null null null null  Unknown Unknown CSS not supported -1 -1 RoamInd=-1 DefRoamInd=-1 EmergOnly=true Ril Voice Regist state: 10 Ril Data Regist state: 4 mProprietaryDataRadioTechnology: 0 VoiceRejectCause: -1 DataRejectCause: -1 mCdmaNetWorkMode: 0 IsDataRoamingFromRegistration=false
02-20 21:44:29.858   924  1656 D TelephonyRegistry: notifyServiceStateForSubscriber Time 20170220T213511Asia/Shanghai(1,50,28800,0,1487597711) mSubId -2 mPhoneId 0  mState 1 1 voice home data home null null null null null null  Unknown Unknown CSS not supported -1 -1 RoamInd=-1 DefRoamInd=-1 EmergOnly=true Ril Voice Regist state: 10 Ril Data Regist state: 4 mProprietaryDataRadioTechnology: 0 VoiceRejectCause: -1 DataRejectCause: -1 mCdmaNetWorkMode: 0 IsDataRoamingFromRegistration=false
02-20 21:44:29.858   924  1656 D TelephonyRegistry: notifyServiceStateForSubscriber Time 20170220T213511Asia/Shanghai(1,50,28800,0,1487597711) mSubId -3 mPhoneId 1  mState 3 3 voice home data home null null null null null null  Unknown Unknown CSS not supported -1 -1 RoamInd=-1 DefRoamInd=-1 EmergOnly=false Ril Voice Regist state: 0 Ril Data Regist state: 0 mProprietaryDataRadioTechnology: 0 VoiceRejectCause: -1 DataRejectCause: -1 mCdmaNetWorkMode: 0 IsDataRoamingFromRegistration=false
02-20 21:44:29.858   924  1656 D TelephonyRegistry: notifyServiceStateForSubscriber Time 20170220T213511Asia/Shanghai(1,50,28800,0,1487597711) mSubId -2 mPhoneId 0  mState 1 1 voice home data home null null null null null null  Unknown Unknown CSS not supported -1 -1 RoamInd=-1 DefRoamInd=-1 EmergOnly=true Ril Voice Regist state: 10 Ril Data Regist state: 4 mProprietaryDataRadioTechnology: 0 VoiceRejectCause: -1 DataRejectCause: -1 mCdmaNetWorkMode: 0 IsDataRoamingFromRegistration=false
02-20 21:44:29.858   924  1656 D TelephonyRegistry: notifyServiceStateForSubscriber Time 20170220T213511Asia/Shanghai(1,50,28800,0,1487597711) mSubId -3 mPhoneId 1  mState 3 3 voice home data home null null null null null null  Unknown Unknown CSS not supported -1 -1 RoamInd=-1 DefRoamInd=-1 EmergOnly=false Ril Voice Regist state: 0 Ril Data Regist state: 0 mProprietaryDataRadioTechnology: 0 VoiceRejectCause: -1 DataRejectCause: -1 mCdmaNetWorkMode: 0 IsDataRoamingFromRegistration=false
02-20 21:44:29.858   924  1656 D TelephonyRegistry: notifySignalStrengthForSubscriber: ----------------
02-20 21:44:29.858   924  1656 D SubscriptionManager: [getPhoneId]- return dummy value, subId = -2
02-20 21:44:29.858   924  1656 D TelephonyRegistry: validatePhoneId: true
02-20 21:44:29.858   924  1656 D TelephonyRegistry: notifySignalStrengthForSubscriber: valid phoneId=0
02-20 21:44:29.859  1599  1599 D SubscriptionController: [getPhoneId] asked for default subId=-1
02-20 21:44:29.860  1599  1599 D SubscriptionController: [getPhoneId]- invalid subId = -1 return = -1
02-20 21:44:29.860   924  1656 D SubscriptionManager: [getPhoneId]- return dummy value, subId = -2
02-20 21:44:29.860   924  1656 D TelephonyRegistry: idMatch: rlt=false
02-20 21:44:29.861  1599  1599 D SubscriptionController: [getPhoneId] asked for default subId=-1
02-20 21:44:29.861  1599  1599 D SubscriptionController: [getPhoneId]- invalid subId = -1 return = -1
02-20 21:44:29.861   924  1656 D SubscriptionManager: [getPhoneId]- return dummy value, subId = -2
02-20 21:44:29.861   924  1656 D TelephonyRegistry: idMatch: rlt=false
02-20 21:44:29.862  1599  1599 D SubscriptionController: [getPhoneId] asked for default subId=-1
02-20 21:44:29.862  1599  1599 D SubscriptionController: [getPhoneId]- invalid subId = -1 return = -1
02-20 21:44:29.862   924  1656 D SubscriptionManager: [getPhoneId]- return dummy value, subId = -2
02-20 21:44:29.862   924  1656 D TelephonyRegistry: idMatch: rlt=false
02-20 21:44:29.863  1599  1599 D SubscriptionController: [getPhoneId] asked for default subId=-1
02-20 21:44:29.863  1599  1599 D SubscriptionController: [getPhoneId]- invalid subId = -1 return = -1
02-20 21:44:29.864   924  1656 D SubscriptionManager: [getPhoneId]- return dummy value, subId = -2
02-20 21:44:29.864   924  1656 D TelephonyRegistry: idMatch: rlt=false
02-20 21:44:29.865  1599  1599 D SubscriptionController: [getPhoneId] asked for default subId=-1
02-20 21:44:29.865  1599  1599 D SubscriptionController: [getPhoneId]- invalid subId = -1 return = -1
02-20 21:44:29.866   924  1656 D SubscriptionManager: [getPhoneId]- return dummy value, subId = -2
02-20 21:44:29.866   924  1656 D TelephonyRegistry: idMatch: rlt=false
02-20 21:44:29.866  1599  1599 D SubscriptionController: [getPhoneId] asked for default subId=-1
02-20 21:44:29.866  1599  1599 D SubscriptionController: [getPhoneId]- invalid subId = -1 return = -1
02-20 21:44:29.867   924  1656 D SubscriptionManager: [getPhoneId]- return dummy value, subId = -2
02-20 21:44:29.867   924  1656 D TelephonyRegistry: idMatch: rlt=false
02-20 21:44:29.868  1599  1599 D SubscriptionController: [getPhoneId] asked for default subId=-1
02-20 21:44:29.868  1599  1599 D SubscriptionController: [getPhoneId]- invalid subId = -1 return = -1
02-20 21:44:29.868   924  1656 D SubscriptionManager: [getPhoneId]- return dummy value, subId = -2
02-20 21:44:29.868   924  1656 D TelephonyRegistry: idMatch: rlt=false
02-20 21:44:29.869  1599  1599 D SubscriptionController: [getPhoneId] asked for default subId=-1
02-20 21:44:29.870  1599  1599 D SubscriptionController: [getPhoneId]- invalid subId = -1 return = -1
02-20 21:44:29.870   924  1656 D SubscriptionManager: [getPhoneId]- return dummy value, subId = -2
02-20 21:44:29.870   924  1656 D TelephonyRegistry: idMatch: rlt=false
02-20 21:44:29.871  1599  1599 D SubscriptionController: [getPhoneId] asked for default subId=-1
02-20 21:44:29.871  1599  1599 D SubscriptionController: [getPhoneId]- invalid subId = -1 return = -1
02-20 21:44:29.871   924  1656 D SubscriptionManager: [getPhoneId]- return dummy value, subId = -2
02-20 21:44:29.871   924  1656 D TelephonyRegistry: idMatch: rlt=false
02-20 21:44:29.872  1599  1599 D SubscriptionController: [getPhoneId] asked for default subId=-1
02-20 21:44:29.872  1599  1599 D SubscriptionController: [getPhoneId]- invalid subId = -1 return = -1
02-20 21:44:29.872   924  1656 D SubscriptionManager: [getPhoneId]- return dummy value, subId = -2
02-20 21:44:29.872   924  1656 D TelephonyRegistry: idMatch: rlt=false
02-20 21:44:29.873  1599  1599 D SubscriptionController: [getPhoneId] asked for default subId=-1
02-20 21:44:29.873  1599  1599 D SubscriptionController: [getPhoneId]- invalid subId = -1 return = -1
02-20 21:44:29.874   924  1656 D SubscriptionManager: [getPhoneId]- return dummy value, subId = -2
02-20 21:44:29.874   924  1656 D TelephonyRegistry: idMatch: rlt=false
02-20 21:44:29.874  1599  1599 D SubscriptionController: [getPhoneId] asked for default subId=-1
02-20 21:44:29.874  1599  1599 D SubscriptionController: [getPhoneId]- invalid subId = -1 return = -1
02-20 21:44:29.875   924  1656 D SubscriptionManager: [getPhoneId]- return dummy value, subId = -2
02-20 21:44:29.875   924  1656 D TelephonyRegistry: idMatch: rlt=false
02-20 21:44:29.875  1599  1599 D SubscriptionController: [getPhoneId] asked for default subId=-1
02-20 21:44:29.876  1599  1599 D SubscriptionController: [getPhoneId]- invalid subId = -1 return = -1
02-20 21:44:29.876   924  1656 D SubscriptionManager: [getPhoneId]- return dummy value, subId = -2
02-20 21:44:29.876   924  1656 D TelephonyRegistry: idMatch: rlt=false
02-20 21:44:29.877  1599  1599 D SubscriptionController: [getPhoneId] asked for default subId=-1
02-20 21:44:29.877  1599  1599 D SubscriptionController: [getPhoneId]- invalid subId = -1 return = -1
02-20 21:44:29.878   924  1656 D SubscriptionManager: [getPhoneId]- return dummy value, subId = -2
02-20 21:44:29.878   924  1656 D TelephonyRegistry: idMatch: rlt=false
02-20 21:44:29.878   924  1656 D TelephonyRegistry: handleRemoveListLocked: mRemoveList.size()=0
02-20 21:44:29.878   924  1656 W SignalStrength: SignalStrength get plugin
02-20 21:44:29.878   924  1656 I use-Rlog/RLOG-GSM: op01_mapLteSignalLevel=0
02-20 21:44:29.878   924  1656 W SignalStrength: SignalStrength get plugin
02-20 21:44:29.878   924  1656 D SubscriptionManager: [getPhoneId]- return dummy value, subId = -2
