02-20 21:43:48.922  1599  1599 D SubscriptionController: [getPhoneId]- invalid subId = -1 return = -1
02-20 21:43:48.922   924   934 D SubscriptionManager: [getPhoneId]- return dummy value, subId = -2
02-20 21:43:48.922   924   934 D TelephonyRegistry: idMatch: rlt=false
02-20 21:43:48.923  1599  1599 D SubscriptionController: [getPhoneId] asked for default subId=-1
02-20 21:43:48.923  1599  1599 D SubscriptionController: [getPhoneId]- invalid subId = -1 return = -1
02-20 21:43:48.925   924   934 D SubscriptionManager: [getPhoneId]- return dummy value, subId = -2
02-20 21:43:48.925   924   934 D TelephonyRegistry: idMatch: rlt=false
02-20 21:43:48.925  1599  1599 D SubscriptionController: [getPhoneId] asked for default subId=-1
02-20 21:43:48.927  1599  1599 D SubscriptionController: [getPhoneId]- invalid subId = -1 return = -1
02-20 21:43:48.927   924   934 D SubscriptionManager: [getPhoneId]- return dummy value, subId = -2
02-20 21:43:48.927   924   934 D TelephonyRegistry: idMatch: rlt=false
02-20 21:43:48.929  1599  1599 D SubscriptionController: [getPhoneId] asked for default subId=-1
02-20 21:43:48.929  1599  1599 D SubscriptionController: [getPhoneId]- invalid subId = -1 return = -1
02-20 21:43:48.930   924   934 D SubscriptionManager: [getPhoneId]- return dummy value, subId = -2
02-20 21:43:48.930   924   934 D TelephonyRegistry: idMatch: rlt=false
02-20 21:43:48.930   924   934 D TelephonyRegistry: handleRemoveListLocked: mRemoveList.size()=0
02-20 21:43:48.930   924   934 W SignalStrength: SignalStrength get plugin
02-20 21:43:48.930   924   934 I use-Rlog/RLOG-GSM: op01_mapLteSignalLevel=0
02-20 21:43:48.930   924   934 W SignalStrength: SignalStrength get plugin
02-20 21:43:48.930   924   934 D SubscriptionManager: [getPhoneId]- return dummy value, subId = -2
02-20 21:43:48.931  1599  1599 D SubscriptionController: [getSubId]- sSlotIdxToSubId.size == 0, return DummySubIds slotIdx=0
02-20 21:43:48.931  1599  1599 D SubscriptionController: getDummySubIds: slotIdx=0 return 2 DummySubIds with each subId=-2
02-20 21:43:48.932  1599  1599 D GsmSST  : [GsmSST0] handleMessage msg done
02-20 21:43:49.890   970   993 D RILC    : s_last_wake_timeout_info: 0x7f8be1e180 reset to NULL
02-20 21:43:49.890   970   993 D RILC    : userTimerCallback free  p_info: 0x7f8be1e180
02-20 21:43:49.890   970   993 D RILC    : userTimerCallback free  p_info->event: 0x7f8be1e190
02-20 21:43:50.500   921   921 D RILMUXD : [gsm0710muxd] 3897:main(): Frames received/dropped: 498/0
02-20 21:43:51.242   970   993 I RILC    : NUMBER:1
02-20 21:43:51.242   970   993 I RILC    : arg len:14
02-20 21:43:51.242   970   993 I RILC    : ARGS[0]:THERMAL,0,-1
02-20 21:43:51.243   970   993 D RILC    : C[locl]> QUERY_MODEM_THERMAL
02-20 21:43:51.243   970   993 D RILC-MTK: QUERY_MODEM_THERMAL pRI=0x7f8a6133f0 p=0x7f8a6289a0 dispatched to RIL_CMD_PROXY_1
02-20 21:43:51.243   970   991 I RILC-MTK: RIL_CMD2_PROXY_4 wakeup
02-20 21:43:51.243   970   991 I RILC-MTK: RIL_CMD2_PROXY_4 sleep
02-20 21:43:51.243   970   981 I RILC-MTK: RIL_URC_PROXY wakeup
02-20 21:43:51.243   970   981 I RILC-MTK: RIL_URC_PROXY sleep
02-20 21:43:51.243   970   992 I RILC-MTK: RIL_ATCI2_PROXY wakeup
02-20 21:43:51.243   970   992 I RILC-MTK: RIL_ATCI2_PROXY sleep
02-20 21:43:51.243   970   986 I RILC-MTK: RIL_ATCI_PROXY wakeup
02-20 21:43:51.243   970   986 I RILC-MTK: RIL_ATCI_PROXY sleep
02-20 21:43:51.243   970   987 I RILC-MTK: RIL_URC2_PROXY wakeup
02-20 21:43:51.243   970   987 I RILC-MTK: RIL_URC2_PROXY sleep
02-20 21:43:51.243   970   988 I RILC-MTK: RIL_CMD2_PROXY_3 wakeup
02-20 21:43:51.243   970   988 I RILC-MTK: RIL_CMD2_PROXY_3 sleep
02-20 21:43:51.243   970   990 I RILC-MTK: RIL_CMD2_PROXY_1 wakeup
02-20 21:43:51.243   970   990 I RILC-MTK: RIL_CMD2_PROXY_1 sleep
02-20 21:43:51.243   970   989 I RILC-MTK: RIL_CMD2_PROXY_2 wakeup
02-20 21:43:51.243   970   989 I RILC-MTK: RIL_CMD2_PROXY_2 sleep
02-20 21:43:51.243   970   983 I RILC-MTK: RIL_CMD_PROXY_2 wakeup
02-20 21:43:51.243   970   983 I RILC-MTK: RIL_CMD_PROXY_2 sleep
02-20 21:43:51.243   970   985 I RILC-MTK: RIL_CMD_PROXY_4 wakeup
02-20 21:43:51.243   970   985 I RILC-MTK: RIL_CMD_PROXY_4 sleep
02-20 21:43:51.243   970   982 I RILC-MTK: RIL_CMD_PROXY_3 wakeup
02-20 21:43:51.243   970   982 I RILC-MTK: RIL_CMD_PROXY_3 sleep
02-20 21:43:51.243   970   984 I RILC-MTK: RIL_CMD_PROXY_1 wakeup
02-20 21:43:51.243   970   984 D RILC-MTK: proxy id:3, proxyName: RIL_CMD_PROXY_1
02-20 21:43:51.243   970   984 D RILC-MTK: QUERY_MODEM_THERMAL pRI=0x7f8a6133f0 p=0x7f8a6289a0 execute on RIL_CMD_PROXY_1 using channel 3
02-20 21:43:51.243   970   984 D RILC    : callOnRequest for new vendor ril
02-20 21:43:51.243   970   984 D RIL     : onRequest: QUERY_MODEM_THERMAL, datalen = 8
02-20 21:43:51.243   970   984 D RIL     : radioState:10
02-20 21:43:51.243   970   984 D RIL     : requestQueryThermal Enter,-1
02-20 21:43:51.243   970   984 D AT      : getRILChannelCtx subsystem:1, rid:0 channelOffset:0
02-20 21:43:51.243   970   984 D AT      : AT send on RIL_CMD_READER_3, tid:547792835648
02-20 21:43:51.243   970   984 D AT      : AT> AT+ETHERMAL
02-20 21:43:51.243   970   984 I AT      : AT write start
02-20 21:43:51.243   921   962 D RILMUXD : [gsm0710muxd] 3614:poll_thread(): poll_thread select found
02-20 21:43:51.243   921   962 D RILMUXD : [gsm0710muxd] 1045:pseudo_device_read(): Enter, LackofAtciChannel=0
02-20 21:43:51.243   921   962 D RILMUXD : [gsm0710muxd] 657:write_frame(): Sending frame to channel 5
02-20 21:43:51.260   921   962 D RILMUXD : [gsm0710muxd] 766:write_frame(): Write a frame on channel 5 with length 12
02-20 21:43:51.267   921   956 D RILMUXD : [gsm0710muxd] 1643:gsm0710_base_buffer_get_frame(): Get a complete frame. ch:5, ctrl:239, len:44
02-20 21:43:51.267   921   956 D RILMUXD : [gsm0710muxd] 2383:extract_frames(): Writing 44 byte frame received on channel 5 to /dev/pts/8
02-20 21:43:51.267   921   956 D RILMUXD : [gsm0710muxd] 2403:extract_frames(): write() returned. Written 44/44 bytes of frame to /dev/pts/8
02-20 21:43:51.267   921   956 D RILMUXD : [gsm0710muxd] 2408:extract_frames(): fsync() failed (-1, 22 - Invalid argument)
02-20 21:43:51.267   970   999 I AT      : AT read end: 44
02-20 21:43:51.267   970   999 D AT      : AT< +ETHERMAL: 2, 32767, -127, -1, 32767, 17
02-20 21:43:51.267   970   999 D AT      : RIL_CMD_READER_3 Enter processLine:+ETHERMAL: 2, 32767, -127, -1, 32767, 17
02-20 21:43:51.267   970   999 I AT      : AT read start
02-20 21:43:51.268   921   956 D RILMUXD : [gsm0710muxd] 1643:gsm0710_base_buffer_get_frame(): Get a complete frame. ch:5, ctrl:239, len:6
02-20 21:43:51.268   921   956 D RILMUXD : [gsm0710muxd] 2383:extract_frames(): Writing 6 byte frame received on channel 5 to /dev/pts/8
02-20 21:43:51.268   921   956 D RILMUXD : [gsm0710muxd] 2403:extract_frames(): write() returned. Written 6/6 bytes of frame to /dev/pts/8
02-20 21:43:51.268   921   956 D RILMUXD : [gsm0710muxd] 2408:extract_frames(): fsync() failed (-1, 22 - Invalid argument)
02-20 21:43:51.268   970   999 I AT      : AT read end: 6
02-20 21:43:51.268   970   999 D AT      : AT< OK
02-20 21:43:51.268   970   999 D AT      : RIL_CMD_READER_3 Enter processLine:OK
02-20 21:43:51.268   970   999 I AT      : AT read start
02-20 21:43:51.268   970   984 D AT      : response received on RIL_CMD_READER_3, tid:547792835648
02-20 21:43:51.268   970   984 D RIL     : requestQueryThermal success
02-20 21:43:51.268   970   984 D RILC    : RequestComplete, RIL_SOCKET_1
02-20 21:43:51.268   970   984 D RILC    : [THERMAL] local request for THERMAL returned 
02-20 21:43:51.268   970   984 D RILC    : [THERMAL] s_THERMAL_fd is valid strResult is  2, 32767, -127, -1, 32767, 17
02-20 21:43:51.268   970   984 D RILC-MTK: proxyLoop free  pRI=0x7f8a6133f0 p=0x7f8a6289a0 
02-20 21:43:51.268   970   984 D RILC-MTK: proxyLoop free  pRequest=0x7f8a6114c0
02-20 21:43:51.268   970   984 I RILC-MTK: RIL_CMD_PROXY_1 sleep
02-20 21:43:54.009   921   956 D RILMUXD : [gsm0710muxd] 1643:gsm0710_base_buffer_get_frame(): Get a complete frame. ch:2, ctrl:239, len:39
02-20 21:43:54.009   921   956 D RILMUXD : [gsm0710muxd] 2383:extract_frames(): Writing 39 byte frame received on channel 2 to /dev/pts/5
02-20 21:43:54.009   921   956 D RILMUXD : [gsm0710muxd] 2403:extract_frames(): write() returned. Written 39/39 bytes of frame to /dev/pts/5
02-20 21:43:54.009   921   956 D RILMUXD : [gsm0710muxd] 2408:extract_frames(): fsync() failed (-1, 22 - Invalid argument)
02-20 21:43:54.009   970   996 I AT      : AT read end: 39
02-20 21:43:54.009   970   996 D AT      : AT< +ECSQ: 29,28,1,-366,-42,1,1,2,32767
02-20 21:43:54.009   970   996 D AT      : RIL_URC_READER Enter processLine:+ECSQ: 29,28,1,-366,-42,1,1,2,32767
02-20 21:43:54.009   970   996 D RILC    : [MAL_AT] data sent to rild-mal-at is '+ECSQ: 29,28,1,-366,-42,1,1,2,32767'
02-20 21:43:54.009   970   996 D RILC    : internalRequestTimedCallback malloc p_info: 0x7f8be1e1e0
02-20 21:43:54.009   970   996 D RILC    : internalRequestTimedCallback malloc p_info->event: 0x7f8be1e1f0
02-20 21:43:54.009   970   996 D RIL     : Nw URC:+ECSQ: 29,28,1,-366,-42,1,1,2,32767
02-20 21:43:54.009   970   996 D RIL     : convert3GRssiValue baseband=503 ,isFdd3G=1,isTdd3G=0 ,RSCP_in_qdbm=-366 ,EcN0_in_qdbm=-42
02-20 21:43:54.009   970   996 D RILC    : callForRilVersion new vendor RIL, version: 10
02-20 21:43:54.009   970   996 I RILC    : RIL_SOCKET_1 UNSOLICITED: UNSOL_SIGNAL_STRENGTH length:72
02-20 21:43:54.009   970   996 E RILC    : Send Response to rild-mal
02-20 21:43:54.009   970   996 E RILC    : Send Response to RIL_SOCKET_1
02-20 21:43:54.009   970   996 I AT      : AT read start
02-20 21:43:54.010  1599  1599 D GsmSST  : [GsmSST0] handle EVENT_SIGNAL_STRENGTH_UPDATE
02-20 21:43:54.010  1599  1599 D GsmSST  : [GsmSST0] onSignalStrengthResult():  LastSignalStrength=SignalStrength: 11 25 -120 -160 -2 0 -1 99 2147483647 -2147483647 2147483647 2147483647 2147483647 gsm|lte 1 -376 -48
02-20 21:43:54.010  1599  1599 D GsmSST  : [GsmSST0] onSignalStrengthResult():new mSignalStrength=SignalStrength: 11 28 -120 -160 -2 0 -1 99 2147483647 -2147483647 2147483647 2147483647 2147483647 gsm|lte 1 -368 -42
02-20 21:43:54.010  1599  1599 W SignalStrength: SignalStrength get plugin
02-20 21:43:54.010  1599  1599 I use-Rlog/RLOG-GSM: op01_mapLteSignalLevel=0
02-20 21:43:54.010  1599  1599 W SignalStrength: SignalStrength get plugin
02-20 21:43:54.010  1599  1599 D GsmSST  : [GsmSST0] notifySignalStrength: mSignalStrength.getLevel=4
02-20 21:43:54.010  1599  1599 D SubscriptionController: [getSubId]- sSlotIdxToSubId.size == 0, return DummySubIds slotIdx=0
02-20 21:43:54.010  1599  1599 D SubscriptionController: getDummySubIds: slotIdx=0 return 2 DummySubIds with each subId=-2
02-20 21:43:54.010  1599  1599 D DefaultPhoneNotifier: notifySignalStrength: mRegistry=com.android.internal.telephony.ITelephonyRegistry$Stub$Proxy@8d1ae45 ss=SignalStrength: 11 28 -120 -160 -2 0 -1 99 2147483647 -2147483647 2147483647 2147483647 2147483647 gsm|lte 1 -368 -42 sender=Handler (com.android.internal.telephony.gsm.GSMPhone) {7fa538}
02-20 21:43:54.011   924  1658 D TelephonyRegistry: notifySignalStrengthForSubscriber: subId=-2 signalStrength=SignalStrength: 11 28 -120 -160 -2 0 -1 99 2147483647 -2147483647 2147483647 2147483647 2147483647 gsm|lte 1 -368 -42
02-20 21:43:54.011   924  1658 D TelephonyRegistry: notifySignalStrengthForSubscriber: logSSC.length=5 next=3
02-20 21:43:54.012   924  1658 D TelephonyRegistry: notifyServiceStateForSubscriber Time 20170220T213511Asia/Shanghai(1,50,28800,0,1487597711) mSubId -2 mPhoneId 0  mState 1 1 voice home data home null null null null null null  Unknown Unknown CSS not supported -1 -1 RoamInd=-1 DefRoamInd=-1 EmergOnly=true Ril Voice Regist state: 10 Ril Data Regist state: 4 mProprietaryDataRadioTechnology: 0 VoiceRejectCause: -1 DataRejectCause: -1 mCdmaNetWorkMode: 0 IsDataRoamingFromRegistration=false
02-20 21:43:54.012   924  1658 D TelephonyRegistry: notifyServiceStateForSubscriber Time 20170220T213511Asia/Shanghai(1,50,28800,0,1487597711) mSubId -2 mPhoneId 0  mState 1 1 voice home data home null null null null null null  Unknown Unknown CSS not supported -1 -1 RoamInd=-1 DefRoamInd=-1 EmergOnly=true Ril Voice Regist state: 10 Ril Data Regist state: 4 mProprietaryDataRadioTechnology: 0 VoiceRejectCause: -1 DataRejectCause: -1 mCdmaNetWorkMode: 0 IsDataRoamingFromRegistration=false
02-20 21:43:54.012   924  1658 D TelephonyRegistry: notifyServiceStateForSubscriber Time 20170220T213511Asia/Shanghai(1,50,28800,0,1487597711) mSubId -3 mPhoneId 1  mState 3 3 voice home data home null null null null null null  Unknown Unknown CSS not supported -1 -1 RoamInd=-1 DefRoamInd=-1 EmergOnly=false Ril Voice Regist state: 0 Ril Data Regist state: 0 mProprietaryDataRadioTechnology: 0 VoiceRejectCause: -1 DataRejectCause: -1 mCdmaNetWorkMode: 0 IsDataRoamingFromRegistration=false
02-20 21:43:54.012   924  1658 D TelephonyRegistry: notifyServiceStateForSubscriber Time 20170220T213511Asia/Shanghai(1,50,28800,0,1487597711) mSubId -2 mPhoneId 0  mState 1 1 voice home data home null null null null null null  Unknown Unknown CSS not supported -1 -1 RoamInd=-1 DefRoamInd=-1 EmergOnly=true Ril Voice Regist state: 10 Ril Data Regist state: 4 mProprietaryDataRadioTechnology: 0 VoiceRejectCause: -1 DataRejectCause: -1 mCdmaNetWorkMode: 0 IsDataRoamingFromRegistration=false
02-20 21:43:54.012   924  1658 D TelephonyRegistry: notifyServiceStateForSubscriber Time 20170220T213511Asia/Shanghai(1,50,28800,0,1487597711) mSubId -3 mPhoneId 1  mState 3 3 voice home data home null null null null null null  Unknown Unknown CSS not supported -1 -1 RoamInd=-1 DefRoamInd=-1 EmergOnly=false Ril Voice Regist state: 0 Ril Data Regist state: 0 mProprietaryDataRadioTechnology: 0 VoiceRejectCause: -1 DataRejectCause: -1 mCdmaNetWorkMode: 0 IsDataRoamingFromRegistration=false
02-20 21:43:54.012   924  1658 D TelephonyRegistry: notifySignalStrengthForSubscriber: ----------------
02-20 21:43:54.012   924  1658 D SubscriptionManager: [getPhoneId]- return dummy value, subId = -2
02-20 21:43:54.012   924  1658 D TelephonyRegistry: validatePhoneId: true
02-20 21:43:54.012   924  1658 D TelephonyRegistry: notifySignalStrengthForSubscriber: valid phoneId=0
02-20 21:43:54.013  1599  1599 D SubscriptionController: [getPhoneId] asked for default subId=-1
02-20 21:43:54.013  1599  1599 D SubscriptionController: [getPhoneId]- invalid subId = -1 return = -1
02-20 21:43:54.014   924  1658 D SubscriptionManager: [getPhoneId]- return dummy value, subId = -2
02-20 21:43:54.014   924  1658 D TelephonyRegistry: idMatch: rlt=false
02-20 21:43:54.014  1599  1599 D SubscriptionController: [getPhoneId] asked for default subId=-1
02-20 21:43:54.015  1599  1599 D SubscriptionController: [getPhoneId]- invalid subId = -1 return = -1
02-20 21:43:54.015   924  1658 D SubscriptionManager: [getPhoneId]- return dummy value, subId = -2
02-20 21:43:54.015   924  1658 D TelephonyRegistry: idMatch: rlt=false
02-20 21:43:54.016  1599  1599 D SubscriptionController: [getPhoneId] asked for default subId=-1
02-20 21:43:54.016  1599  1599 D SubscriptionController: [getPhoneId]- invalid subId = -1 return = -1
02-20 21:43:54.016   924  1658 D SubscriptionManager: [getPhoneId]- return dummy value, subId = -2
02-20 21:43:54.016   924  1658 D TelephonyRegistry: idMatch: rlt=false
02-20 21:43:54.017  1599  1599 D SubscriptionController: [getPhoneId] asked for default subId=-1
02-20 21:43:54.017  1599  1599 D SubscriptionController: [getPhoneId]- invalid subId = -1 return = -1
02-20 21:43:54.018   924  1658 D SubscriptionManager: [getPhoneId]- return dummy value, subId = -2
02-20 21:43:54.018   924  1658 D TelephonyRegistry: idMatch: rlt=false
02-20 21:43:54.019  1599  1599 D SubscriptionController: [getPhoneId] asked for default subId=-1
02-20 21:43:54.019  1599  1599 D SubscriptionController: [getPhoneId]- invalid subId = -1 return = -1
02-20 21:43:54.019   924  1658 D SubscriptionManager: [getPhoneId]- return dummy value, subId = -2
02-20 21:43:54.020   924  1658 D TelephonyRegistry: idMatch: rlt=false
02-20 21:43:54.020  1599  1599 D SubscriptionController: [getPhoneId] asked for default subId=-1
02-20 21:43:54.020  1599  1599 D SubscriptionController: [getPhoneId]- invalid subId = -1 return = -1
02-20 21:43:54.021   924  1658 D SubscriptionManager: [getPhoneId]- return dummy value, subId = -2
02-20 21:43:54.021   924  1658 D TelephonyRegistry: idMatch: rlt=false
02-20 21:43:54.021  1599  1599 D SubscriptionController: [getPhoneId] asked for default subId=-1
02-20 21:43:54.022  1599  1599 D SubscriptionController: [getPhoneId]- invalid subId = -1 return = -1
02-20 21:43:54.022   924  1658 D SubscriptionManager: [getPhoneId]- return dummy value, subId = -2
02-20 21:43:54.022   924  1658 D TelephonyRegistry: idMatch: rlt=false
02-20 21:43:54.023  1599  1599 D SubscriptionController: [getPhoneId] asked for default subId=-1
02-20 21:43:54.023  1599  1599 D SubscriptionController: [getPhoneId]- invalid subId = -1 return = -1
02-20 21:43:54.023   924  1658 D SubscriptionManager: [getPhoneId]- return dummy value, subId = -2
02-20 21:43:54.023   924  1658 D TelephonyRegistry: idMatch: rlt=false
02-20 21:43:54.024  1599  1599 D SubscriptionController: [getPhoneId] asked for default subId=-1
02-20 21:43:54.025  1599  1599 D SubscriptionController: [getPhoneId]- invalid subId = -1 return = -1
02-20 21:43:54.025   924  1658 D SubscriptionManager: [getPhoneId]- return dummy value, subId = -2
02-20 21:43:54.025   924  1658 D TelephonyRegistry: idMatch: rlt=false
02-20 21:43:54.026  1599  1599 D SubscriptionController: [getPhoneId] asked for default subId=-1
02-20 21:43:54.026  1599  1599 D SubscriptionController: [getPhoneId]- invalid subId = -1 return = -1
02-20 21:43:54.026   924  1658 D SubscriptionManager: [getPhoneId]- return dummy value, subId = -2
02-20 21:43:54.026   924  1658 D TelephonyRegistry: idMatch: rlt=false
02-20 21:43:54.027  1599  1599 D SubscriptionController: [getPhoneId] asked for default subId=-1
02-20 21:43:54.027  1599  1599 D SubscriptionController: [getPhoneId]- invalid subId = -1 return = -1
02-20 21:43:54.027   924  1658 D SubscriptionManager: [getPhoneId]- return dummy value, subId = -2
02-20 21:43:54.027   924  1658 D TelephonyRegistry: idMatch: rlt=false
02-20 21:43:54.029  1599  1599 D SubscriptionController: [getPhoneId] asked for default subId=-1
02-20 21:43:54.029  1599  1599 D SubscriptionController: [getPhoneId]- invalid subId = -1 return = -1
02-20 21:43:54.030   924  1658 D SubscriptionManager: [getPhoneId]- return dummy value, subId = -2
02-20 21:43:54.030   924  1658 D TelephonyRegistry: idMatch: rlt=false
02-20 21:43:54.030  1599  1599 D SubscriptionController: [getPhoneId] asked for default subId=-1
02-20 21:43:54.031  1599  1599 D SubscriptionController: [getPhoneId]- invalid subId = -1 return = -1
02-20 21:43:54.031   924  1658 D SubscriptionManager: [getPhoneId]- return dummy value, subId = -2
02-20 21:43:54.031   924  1658 D TelephonyRegistry: idMatch: rlt=false
02-20 21:43:54.032  1599  1599 D SubscriptionController: [getPhoneId] asked for default subId=-1
02-20 21:43:54.032  1599  1599 D SubscriptionController: [getPhoneId]- invalid subId = -1 return = -1
02-20 21:43:54.033   924  1658 D SubscriptionManager: [getPhoneId]- return dummy value, subId = -2
02-20 21:43:54.033   924  1658 D TelephonyRegistry: idMatch: rlt=false
02-20 21:43:54.033   924  1658 D TelephonyRegistry: handleRemoveListLocked: mRemoveList.size()=0
02-20 21:43:54.033   924  1658 W SignalStrength: SignalStrength get plugin
02-20 21:43:54.033   924  1658 I use-Rlog/RLOG-GSM: op01_mapLteSignalLevel=0
02-20 21:43:54.033   924  1658 W SignalStrength: SignalStrength get plugin
02-20 21:43:54.033   924  1658 D SubscriptionManager: [getPhoneId]- return dummy value, subId = -2
02-20 21:43:54.034  1599  1599 D SubscriptionController: [getSubId]- sSlotIdxToSubId.size == 0, return DummySubIds slotIdx=0
02-20 21:43:54.034  1599  1599 D SubscriptionController: getDummySubIds: slotIdx=0 return 2 DummySubIds with each subId=-2
02-20 21:43:54.034  1599  1599 D GsmSST  : [GsmSST0] handleMessage msg done
02-20 21:43:55.010   970   993 D RILC    : s_last_wake_timeout_info: 0x7f8be1e1e0 reset to NULL
02-20 21:43:55.010   970   993 D RILC    : userTimerCallback free  p_info: 0x7f8be1e1e0
02-20 21:43:55.010   970   993 D RILC    : userTimerCallback free  p_info->event: 0x7f8be1e1f0
02-20 21:43:55.500   921   921 D RILMUXD : [gsm0710muxd] 3897:main(): Frames received/dropped: 501/0
02-20 21:43:59.121   921   956 D RILMUXD : [gsm0710muxd] 1643:gsm0710_base_buffer_get_frame(): Get a complete frame. ch:2, ctrl:239, len:39
02-20 21:43:59.121   921   956 D RILMUXD : [gsm0710muxd] 2383:extract_frames(): Writing 39 byte frame received on channel 2 to /dev/pts/5
02-20 21:43:59.121   921   956 D RILMUXD : [gsm0710muxd] 2403:extract_frames(): write() returned. Written 39/39 bytes of frame to /dev/pts/5
02-20 21:43:59.121   921   956 D RILMUXD : [gsm0710muxd] 2408:extract_frames(): fsync() failed (-1, 22 - Invalid argument)
02-20 21:43:59.121   970   996 I AT      : AT read end: 39
02-20 21:43:59.121   970   996 D AT      : AT< +ECSQ: 29,27,1,-367,-43,1,1,2,32767
02-20 21:43:59.121   970   996 D AT      : RIL_URC_READER Enter processLine:+ECSQ: 29,27,1,-367,-43,1,1,2,32767
02-20 21:43:59.121   970   996 D RILC    : [MAL_AT] data sent to rild-mal-at is '+ECSQ: 29,27,1,-367,-43,1,1,2,32767'
02-20 21:43:59.121   970   996 D RILC    : internalRequestTimedCallback malloc p_info: 0x7f8be1e240
02-20 21:43:59.121   970   996 D RILC    : internalRequestTimedCallback malloc p_info->event: 0x7f8be1e250
02-20 21:43:59.121   970   996 D RIL     : Nw URC:+ECSQ: 29,27,1,-367,-43,1,1,2,32767
02-20 21:43:59.121   970   996 D RIL     : convert3GRssiValue baseband=503 ,isFdd3G=1,isTdd3G=0 ,RSCP_in_qdbm=-367 ,EcN0_in_qdbm=-43
02-20 21:43:59.121   970   996 D RILC    : callForRilVersion new vendor RIL, version: 10
02-20 21:43:59.121   970   996 I RILC    : RIL_SOCKET_1 UNSOLICITED: UNSOL_SIGNAL_STRENGTH length:72
02-20 21:43:59.121   970   996 E RILC    : Send Response to rild-mal
02-20 21:43:59.121   970   996 E RILC    : Send Response to RIL_SOCKET_1
02-20 21:43:59.121   970   996 I AT      : AT read start
02-20 21:43:59.122  1599  1599 D GsmSST  : [GsmSST0] handle EVENT_SIGNAL_STRENGTH_UPDATE
02-20 21:43:59.122  1599  1599 D GsmSST  : [GsmSST0] onSignalStrengthResult():  LastSignalStrength=SignalStrength: 11 28 -120 -160 -2 0 -1 99 2147483647 -2147483647 2147483647 2147483647 2147483647 gsm|lte 1 -368 -42
02-20 21:43:59.122  1599  1599 D GsmSST  : [GsmSST0] onSignalStrengthResult():new mSignalStrength=SignalStrength: 11 27 -120 -160 -2 0 -1 99 2147483647 -2147483647 2147483647 2147483647 2147483647 gsm|lte 1 -368 -43
02-20 21:43:59.122  1599  1599 W SignalStrength: SignalStrength get plugin
02-20 21:43:59.122  1599  1599 I use-Rlog/RLOG-GSM: op01_mapLteSignalLevel=0
02-20 21:43:59.122  1599  1599 W SignalStrength: SignalStrength get plugin
02-20 21:43:59.122  1599  1599 D GsmSST  : [GsmSST0] notifySignalStrength: mSignalStrength.getLevel=4
02-20 21:43:59.122  1599  1599 D SubscriptionController: [getSubId]- sSlotIdxToSubId.size == 0, return DummySubIds slotIdx=0
02-20 21:43:59.122  1599  1599 D SubscriptionController: getDummySubIds: slotIdx=0 return 2 DummySubIds with each subId=-2
02-20 21:43:59.122  1599  1599 D DefaultPhoneNotifier: notifySignalStrength: mRegistry=com.android.internal.telephony.ITelephonyRegistry$Stub$Proxy@8d1ae45 ss=SignalStrength: 11 27 -120 -160 -2 0 -1 99 2147483647 -2147483647 2147483647 2147483647 2147483647 gsm|lte 1 -368 -43 sender=Handler (com.android.internal.telephony.gsm.GSMPhone) {7fa538}
02-20 21:43:59.123   924  1694 D TelephonyRegistry: notifySignalStrengthForSubscriber: subId=-2 signalStrength=SignalStrength: 11 27 -120 -160 -2 0 -1 99 2147483647 -2147483647 2147483647 2147483647 2147483647 gsm|lte 1 -368 -43
02-20 21:43:59.123   924  1694 D TelephonyRegistry: notifySignalStrengthForSubscriber: logSSC.length=5 next=3
02-20 21:43:59.124   924  1694 D TelephonyRegistry: notifyServiceStateForSubscriber Time 20170220T213511Asia/Shanghai(1,50,28800,0,1487597711) mSubId -2 mPhoneId 0  mState 1 1 voice home data home null null null null null null  Unknown Unknown CSS not supported -1 -1 RoamInd=-1 DefRoamInd=-1 EmergOnly=true Ril Voice Regist state: 10 Ril Data Regist state: 4 mProprietaryDataRadioTechnology: 0 VoiceRejectCause: -1 DataRejectCause: -1 mCdmaNetWorkMode: 0 IsDataRoamingFromRegistration=false
02-20 21:43:59.124   924  1694 D TelephonyRegistry: notifyServiceStateForSubscriber Time 20170220T213511Asia/Shanghai(1,50,28800,0,1487597711) mSubId -2 mPhoneId 0  mState 1 1 voice home data home null null null null null null  Unknown Unknown CSS not supported -1 -1 RoamInd=-1 DefRoamInd=-1 EmergOnly=true Ril Voice Regist state: 10 Ril Data Regist state: 4 mProprietaryDataRadioTechnology: 0 VoiceRejectCause: -1 DataRejectCause: -1 mCdmaNetWorkMode: 0 IsDataRoamingFromRegistration=false
02-20 21:43:59.125   924  1694 D TelephonyRegistry: notifyServiceStateForSubscriber Time 20170220T213511Asia/Shanghai(1,50,28800,0,1487597711) mSubId -3 mPhoneId 1  mState 3 3 voice home data home null null null null null null  Unknown Unknown CSS not supported -1 -1 RoamInd=-1 DefRoamInd=-1 EmergOnly=false Ril Voice Regist state: 0 Ril Data Regist state: 0 mProprietaryDataRadioTechnology: 0 VoiceRejectCause: -1 DataRejectCause: -1 mCdmaNetWorkMode: 0 IsDataRoamingFromRegistration=false
02-20 21:43:59.125   924  1694 D TelephonyRegistry: notifyServiceStateForSubscriber Time 20170220T213511Asia/Shanghai(1,50,28800,0,1487597711) mSubId -2 mPhoneId 0  mState 1 1 voice home data home null null null null null null  Unknown Unknown CSS not supported -1 -1 RoamInd=-1 DefRoamInd=-1 EmergOnly=true Ril Voice Regist state: 10 Ril Data Regist state: 4 mProprietaryDataRadioTechnology: 0 VoiceRejectCause: -1 DataRejectCause: -1 mCdmaNetWorkMode: 0 IsDataRoamingFromRegistration=false
02-20 21:43:59.126   924  1694 D TelephonyRegistry: notifyServiceStateForSubscriber Time 20170220T213511Asia/Shanghai(1,50,28800,0,1487597711) mSubId -3 mPhoneId 1  mState 3 3 voice home data home null null null null null null  Unknown Unknown CSS not supported -1 -1 RoamInd=-1 DefRoamInd=-1 EmergOnly=false Ril Voice Regist state: 0 Ril Data Regist state: 0 mProprietaryDataRadioTechnology: 0 VoiceRejectCause: -1 DataRejectCause: -1 mCdmaNetWorkMode: 0 IsDataRoamingFromRegistration=false
02-20 21:43:59.126   924  1694 D TelephonyRegistry: notifySignalStrengthForSubscriber: ----------------
02-20 21:43:59.126   924  1694 D SubscriptionManager: [getPhoneId]- return dummy value, subId = -2
02-20 21:43:59.126   924  1694 D TelephonyRegistry: validatePhoneId: true
02-20 21:43:59.126   924  1694 D TelephonyRegistry: notifySignalStrengthForSubscriber: valid phoneId=0
02-20 21:43:59.128  1599  1599 D SubscriptionController: [getPhoneId] asked for default subId=-1
02-20 21:43:59.128  1599  1599 D SubscriptionController: [getPhoneId]- invalid subId = -1 return = -1
02-20 21:43:59.128   924  1694 D SubscriptionManager: [getPhoneId]- return dummy value, subId = -2
02-20 21:43:59.128   924  1694 D TelephonyRegistry: idMatch: rlt=false
02-20 21:43:59.129  1599  1599 D SubscriptionController: [getPhoneId] asked for default subId=-1
02-20 21:43:59.129  1599  1599 D SubscriptionController: [getPhoneId]- invalid subId = -1 return = -1
02-20 21:43:59.130   924  1694 D SubscriptionManager: [getPhoneId]- return dummy value, subId = -2
02-20 21:43:59.130   924  1694 D TelephonyRegistry: idMatch: rlt=false
02-20 21:43:59.131  1599  1599 D SubscriptionController: [getPhoneId] asked for default subId=-1
02-20 21:43:59.131  1599  1599 D SubscriptionController: [getPhoneId]- invalid subId = -1 return = -1
02-20 21:43:59.131   924  1694 D SubscriptionManager: [getPhoneId]- return dummy value, subId = -2
02-20 21:43:59.131   924  1694 D TelephonyRegistry: idMatch: rlt=false
02-20 21:43:59.132  1599  1599 D SubscriptionController: [getPhoneId] asked for default subId=-1
02-20 21:43:59.132  1599  1599 D SubscriptionController: [getPhoneId]- invalid subId = -1 return = -1
02-20 21:43:59.133   924  1694 D SubscriptionManager: [getPhoneId]- return dummy value, subId = -2
02-20 21:43:59.133   924  1694 D TelephonyRegistry: idMatch: rlt=false
02-20 21:43:59.133  1599  1599 D SubscriptionController: [getPhoneId] asked for default subId=-1
02-20 21:43:59.134  1599  1599 D SubscriptionController: [getPhoneId]- invalid subId = -1 return = -1
02-20 21:43:59.134   924  1694 D SubscriptionManager: [getPhoneId]- return dummy value, subId = -2
02-20 21:43:59.134   924  1694 D TelephonyRegistry: idMatch: rlt=false
02-20 21:43:59.135  1599  1599 D SubscriptionController: [getPhoneId] asked for default subId=-1
02-20 21:43:59.135  1599  1599 D SubscriptionController: [getPhoneId]- invalid subId = -1 return = -1
02-20 21:43:59.135   924  1694 D SubscriptionManager: [getPhoneId]- return dummy value, subId = -2
02-20 21:43:59.135   924  1694 D TelephonyRegistry: idMatch: rlt=false
02-20 21:43:59.136  1599  1599 D SubscriptionController: [getPhoneId] asked for default subId=-1
02-20 21:43:59.136  1599  1599 D SubscriptionController: [getPhoneId]- invalid subId = -1 return = -1
02-20 21:43:59.136   924  1694 D SubscriptionManager: [getPhoneId]- return dummy value, subId = -2
02-20 21:43:59.136   924  1694 D TelephonyRegistry: idMatch: rlt=false
02-20 21:43:59.137  1599  1599 D SubscriptionController: [getPhoneId] asked for default subId=-1
02-20 21:43:59.138  1599  1599 D SubscriptionController: [getPhoneId]- invalid subId = -1 return = -1
02-20 21:43:59.139   924  1694 D SubscriptionManager: [getPhoneId]- return dummy value, subId = -2
02-20 21:43:59.139   924  1694 D TelephonyRegistry: idMatch: rlt=false
02-20 21:43:59.140  1599  1599 D SubscriptionController: [getPhoneId] asked for default subId=-1
02-20 21:43:59.140  1599  1599 D SubscriptionController: [getPhoneId]- invalid subId = -1 return = -1
02-20 21:43:59.141   924  1694 D SubscriptionManager: [getPhoneId]- return dummy value, subId = -2
02-20 21:43:59.141   924  1694 D TelephonyRegistry: idMatch: rlt=false
02-20 21:43:59.142  1599  1599 D SubscriptionController: [getPhoneId] asked for default subId=-1
02-20 21:43:59.143  1599  1599 D SubscriptionController: [getPhoneId]- invalid subId = -1 return = -1
02-20 21:43:59.143   924  1694 D SubscriptionManager: [getPhoneId]- return dummy value, subId = -2
02-20 21:43:59.143   924  1694 D TelephonyRegistry: idMatch: rlt=false
02-20 21:43:59.144  1599  1599 D SubscriptionController: [getPhoneId] asked for default subId=-1
02-20 21:43:59.144  1599  1599 D SubscriptionController: [getPhoneId]- invalid subId = -1 return = -1
02-20 21:43:59.144   924  1694 D SubscriptionManager: [getPhoneId]- return dummy value, subId = -2
02-20 21:43:59.145   924  1694 D TelephonyRegistry: idMatch: rlt=false
02-20 21:43:59.145  1599  1599 D SubscriptionController: [getPhoneId] asked for default subId=-1
02-20 21:43:59.146  1599  1599 D SubscriptionController: [getPhoneId]- invalid subId = -1 return = -1
02-20 21:43:59.146   924  1694 D SubscriptionManager: [getPhoneId]- return dummy value, subId = -2
02-20 21:43:59.146   924  1694 D TelephonyRegistry: idMatch: rlt=false
02-20 21:43:59.147  1599  1599 D SubscriptionController: [getPhoneId] asked for default subId=-1
02-20 21:43:59.147  1599  1599 D SubscriptionController: [getPhoneId]- invalid subId = -1 return = -1
02-20 21:43:59.147   924  1694 D SubscriptionManager: [getPhoneId]- return dummy value, subId = -2
02-20 21:43:59.147   924  1694 D TelephonyRegistry: idMatch: rlt=false
02-20 21:43:59.148  1599  1599 D SubscriptionController: [getPhoneId] asked for default subId=-1
02-20 21:43:59.148  1599  1599 D SubscriptionController: [getPhoneId]- invalid subId = -1 return = -1
02-20 21:43:59.149   924  1694 D SubscriptionManager: [getPhoneId]- return dummy value, subId = -2
02-20 21:43:59.149   924  1694 D TelephonyRegistry: idMatch: rlt=false
02-20 21:43:59.149   924  1694 D TelephonyRegistry: handleRemoveListLocked: mRemoveList.size()=0
02-20 21:43:59.149   924  1694 W SignalStrength: SignalStrength get plugin
02-20 21:43:59.149   924  1694 I use-Rlog/RLOG-GSM: op01_mapLteSignalLevel=0
02-20 21:43:59.149   924  1694 W SignalStrength: SignalStrength get plugin
02-20 21:43:59.149   924  1694 D SubscriptionManager: [getPhoneId]- return dummy value, subId = -2
02-20 21:43:59.150  1599  1599 D SubscriptionController: [getSubId]- sSlotIdxToSubId.size == 0, return DummySubIds slotIdx=0
02-20 21:43:59.150  1599  1599 D SubscriptionController: getDummySubIds: slotIdx=0 return 2 DummySubIds with each subId=-2
02-20 21:43:59.150  1599  1599 D GsmSST  : [GsmSST0] handleMessage msg done
02-20 21:44:00.122   970   993 D RILC    : s_last_wake_timeout_info: 0x7f8be1e240 reset to NULL
02-20 21:44:00.122   970   993 D RILC    : userTimerCallback free  p_info: 0x7f8be1e240
02-20 21:44:00.122   970   993 D RILC    : userTimerCallback free  p_info->event: 0x7f8be1e250
02-20 21:44:00.500   921   921 D RILMUXD : [gsm0710muxd] 3897:main(): Frames received/dropped: 502/0
02-20 21:44:01.272   970   993 I RILC    : NUMBER:1
02-20 21:44:01.272   970   993 I RILC    : arg len:14
02-20 21:44:01.272   970   993 I RILC    : ARGS[0]:THERMAL,0,-1
02-20 21:44:01.272   970   993 D RILC    : C[locl]> QUERY_MODEM_THERMAL
02-20 21:44:01.272   970   993 D RILC-MTK: QUERY_MODEM_THERMAL pRI=0x7f8a613540 p=0x7f8a628770 dispatched to RIL_CMD_PROXY_1
02-20 21:44:01.273   970   990 I RILC-MTK: RIL_CMD2_PROXY_1 wakeup
02-20 21:44:01.273   970   990 I RILC-MTK: RIL_CMD2_PROXY_1 sleep
02-20 21:44:01.273   970   989 I RILC-MTK: RIL_CMD2_PROXY_2 wakeup
02-20 21:44:01.273   970   989 I RILC-MTK: RIL_CMD2_PROXY_2 sleep
02-20 21:44:01.273   970   983 I RILC-MTK: RIL_CMD_PROXY_2 wakeup
02-20 21:44:01.273   970   983 I RILC-MTK: RIL_CMD_PROXY_2 sleep
02-20 21:44:01.273   970   985 I RILC-MTK: RIL_CMD_PROXY_4 wakeup
02-20 21:44:01.273   970   985 I RILC-MTK: RIL_CMD_PROXY_4 sleep
02-20 21:44:01.273   970   982 I RILC-MTK: RIL_CMD_PROXY_3 wakeup
02-20 21:44:01.273   970   982 I RILC-MTK: RIL_CMD_PROXY_3 sleep
02-20 21:44:01.273   970   984 I RILC-MTK: RIL_CMD_PROXY_1 wakeup
02-20 21:44:01.273   970   984 D RILC-MTK: proxy id:3, proxyName: RIL_CMD_PROXY_1
02-20 21:44:01.273   970   984 D RILC-MTK: QUERY_MODEM_THERMAL pRI=0x7f8a613540 p=0x7f8a628770 execute on RIL_CMD_PROXY_1 using channel 3
02-20 21:44:01.273   970   984 D RILC    : callOnRequest for new vendor ril
02-20 21:44:01.273   970   984 D RIL     : onRequest: QUERY_MODEM_THERMAL, datalen = 8
02-20 21:44:01.273   970   984 D RIL     : radioState:10
02-20 21:44:01.273   970   984 D RIL     : requestQueryThermal Enter,-1
02-20 21:44:01.273   970   984 D AT      : getRILChannelCtx subsystem:1, rid:0 channelOffset:0
02-20 21:44:01.273   970   984 D AT      : AT send on RIL_CMD_READER_3, tid:547792835648
02-20 21:44:01.273   970   984 D AT      : AT> AT+ETHERMAL
02-20 21:44:01.273   970   984 I AT      : AT write start
02-20 21:44:01.273   970   981 I RILC-MTK: RIL_URC_PROXY wakeup
02-20 21:44:01.273   970   981 I RILC-MTK: RIL_URC_PROXY sleep
02-20 21:44:01.273   970   992 I RILC-MTK: RIL_ATCI2_PROXY wakeup
02-20 21:44:01.273   970   992 I RILC-MTK: RIL_ATCI2_PROXY sleep
02-20 21:44:01.273   970   986 I RILC-MTK: RIL_ATCI_PROXY wakeup
02-20 21:44:01.273   970   986 I RILC-MTK: RIL_ATCI_PROXY sleep
02-20 21:44:01.273   970   987 I RILC-MTK: RIL_URC2_PROXY wakeup
02-20 21:44:01.273   970   987 I RILC-MTK: RIL_URC2_PROXY sleep
02-20 21:44:01.273   970   988 I RILC-MTK: RIL_CMD2_PROXY_3 wakeup
02-20 21:44:01.273   970   988 I RILC-MTK: RIL_CMD2_PROXY_3 sleep
02-20 21:44:01.273   970   991 I RILC-MTK: RIL_CMD2_PROXY_4 wakeup
02-20 21:44:01.273   970   991 I RILC-MTK: RIL_CMD2_PROXY_4 sleep
02-20 21:44:01.273   921   962 D RILMUXD : [gsm0710muxd] 3614:poll_thread(): poll_thread select found
02-20 21:44:01.273   921   962 D RILMUXD : [gsm0710muxd] 1045:pseudo_device_read(): Enter, LackofAtciChannel=0
02-20 21:44:01.273   921   962 D RILMUXD : [gsm0710muxd] 657:write_frame(): Sending frame to channel 5
02-20 21:44:01.286   921   962 D RILMUXD : [gsm0710muxd] 766:write_frame(): Write a frame on channel 5 with length 12
02-20 21:44:01.287   921   956 D RILMUXD : [gsm0710muxd] 1643:gsm0710_base_buffer_get_frame(): Get a complete frame. ch:5, ctrl:239, len:44
02-20 21:44:01.287   921   956 D RILMUXD : [gsm0710muxd] 2383:extract_frames(): Writing 44 byte frame received on channel 5 to /dev/pts/8
02-20 21:44:01.288   921   956 D RILMUXD : [gsm0710muxd] 2403:extract_frames(): write() returned. Written 44/44 bytes of frame to /dev/pts/8
02-20 21:44:01.288   921   956 D RILMUXD : [gsm0710muxd] 2408:extract_frames(): fsync() failed (-1, 22 - Invalid argument)
02-20 21:44:01.288   970   999 I AT      : AT read end: 44
02-20 21:44:01.288   970   999 D AT      : AT< +ETHERMAL: 2, 32767, -127, -1, 32767, 17
02-20 21:44:01.288   970   999 D AT      : RIL_CMD_READER_3 Enter processLine:+ETHERMAL: 2, 32767, -127, -1, 32767, 17
02-20 21:44:01.288   970   999 I AT      : AT read start
02-20 21:44:01.288   921   956 D RILMUXD : [gsm0710muxd] 1643:gsm0710_base_buffer_get_frame(): Get a complete frame. ch:5, ctrl:239, len:6
02-20 21:44:01.288   921   956 D RILMUXD : [gsm0710muxd] 2383:extract_frames(): Writing 6 byte frame received on channel 5 to /dev/pts/8
02-20 21:44:01.288   921   956 D RILMUXD : [gsm0710muxd] 2403:extract_frames(): write() returned. Written 6/6 bytes of frame to /dev/pts/8
02-20 21:44:01.288   921   956 D RILMUXD : [gsm0710muxd] 2408:extract_frames(): fsync() failed (-1, 22 - Invalid argument)
02-20 21:44:01.288   970   999 I AT      : AT read end: 6
02-20 21:44:01.288   970   999 D AT      : AT< OK
02-20 21:44:01.288   970   999 D AT      : RIL_CMD_READER_3 Enter processLine:OK
02-20 21:44:01.288   970   999 I AT      : AT read start
02-20 21:44:01.288   970   984 D AT      : response received on RIL_CMD_READER_3, tid:547792835648
02-20 21:44:01.288   970   984 D RIL     : requestQueryThermal success
02-20 21:44:01.288   970   984 D RILC    : RequestComplete, RIL_SOCKET_1
02-20 21:44:01.288   970   984 D RILC    : [THERMAL] local request for THERMAL returned 
02-20 21:44:01.288   970   984 D RILC    : [THERMAL] s_THERMAL_fd is valid strResult is  2, 32767, -127, -1, 32767, 17
02-20 21:44:01.288   970   984 D RILC-MTK: proxyLoop free  pRI=0x7f8a613540 p=0x7f8a628770 
02-20 21:44:01.288   970   984 D RILC-MTK: proxyLoop free  pRequest=0x7f8a611600
02-20 21:44:01.288   970   984 I RILC-MTK: RIL_CMD_PROXY_1 sleep
02-20 21:44:05.500   921   921 D RILMUXD : [gsm0710muxd] 3897:main(): Frames received/dropped: 504/0
02-20 21:44:09.363   921   956 D RILMUXD : [gsm0710muxd] 1643:gsm0710_base_buffer_get_frame(): Get a complete frame. ch:2, ctrl:239, len:39
02-20 21:44:09.363   921   956 D RILMUXD : [gsm0710muxd] 2383:extract_frames(): Writing 39 byte frame received on channel 2 to /dev/pts/5
02-20 21:44:09.363   921   956 D RILMUXD : [gsm0710muxd] 2403:extract_frames(): write() returned. Written 39/39 bytes of frame to /dev/pts/5
02-20 21:44:09.363   921   956 D RILMUXD : [gsm0710muxd] 2408:extract_frames(): fsync() failed (-1, 22 - Invalid argument)
02-20 21:44:09.363   970   996 I AT      : AT read end: 39
02-20 21:44:09.363   970   996 D AT      : AT< +ECSQ: 28,26,1,-371,-46,1,1,2,32767
02-20 21:44:09.363   970   996 D AT      : RIL_URC_READER Enter processLine:+ECSQ: 28,26,1,-371,-46,1,1,2,32767
02-20 21:44:09.363   970   996 D RILC    : [MAL_AT] data sent to rild-mal-at is '+ECSQ: 28,26,1,-371,-46,1,1,2,32767'
02-20 21:44:09.363   970   996 D RILC    : internalRequestTimedCallback malloc p_info: 0x7f8be1e5a0
02-20 21:44:09.363   970   996 D RILC    : internalRequestTimedCallback malloc p_info->event: 0x7f8be1e5b0
02-20 21:44:09.363   970   996 D RIL     : Nw URC:+ECSQ: 28,26,1,-371,-46,1,1,2,32767
02-20 21:44:09.363   970   996 D RIL     : convert3GRssiValue baseband=503 ,isFdd3G=1,isTdd3G=0 ,RSCP_in_qdbm=-371 ,EcN0_in_qdbm=-46
02-20 21:44:09.363   970   996 D RILC    : callForRilVersion new vendor RIL, version: 10
02-20 21:44:09.363   970   996 I RILC    : RIL_SOCKET_1 UNSOLICITED: UNSOL_SIGNAL_STRENGTH length:72
02-20 21:44:09.363   970   996 E RILC    : Send Response to rild-mal
02-20 21:44:09.363   970   996 E RILC    : Send Response to RIL_SOCKET_1
02-20 21:44:09.363   970   996 I AT      : AT read start
02-20 21:44:09.364  1599  1599 D GsmSST  : [GsmSST0] handle EVENT_SIGNAL_STRENGTH_UPDATE
02-20 21:44:09.364  1599  1599 D GsmSST  : [GsmSST0] onSignalStrengthResult():  LastSignalStrength=SignalStrength: 11 27 -120 -160 -2 0 -1 99 2147483647 -2147483647 2147483647 2147483647 2147483647 gsm|lte 1 -368 -43
02-20 21:44:09.364  1599  1599 D GsmSST  : [GsmSST0] onSignalStrengthResult():new mSignalStrength=SignalStrength: 11 26 -120 -160 -2 0 -1 99 2147483647 -2147483647 2147483647 2147483647 2147483647 gsm|lte 1 -372 -46
02-20 21:44:09.365  1599  1599 W SignalStrength: SignalStrength get plugin
02-20 21:44:09.365  1599  1599 I use-Rlog/RLOG-GSM: op01_mapLteSignalLevel=0
02-20 21:44:09.365  1599  1599 W SignalStrength: SignalStrength get plugin
02-20 21:44:09.365  1599  1599 D GsmSST  : [GsmSST0] notifySignalStrength: mSignalStrength.getLevel=4
02-20 21:44:09.365  1599  1599 D SubscriptionController: [getSubId]- sSlotIdxToSubId.size == 0, return DummySubIds slotIdx=0
02-20 21:44:09.365  1599  1599 D SubscriptionController: getDummySubIds: slotIdx=0 return 2 DummySubIds with each subId=-2
02-20 21:44:09.365  1599  1599 D DefaultPhoneNotifier: notifySignalStrength: mRegistry=com.android.internal.telephony.ITelephonyRegistry$Stub$Proxy@8d1ae45 ss=SignalStrength: 11 26 -120 -160 -2 0 -1 99 2147483647 -2147483647 2147483647 2147483647 2147483647 gsm|lte 1 -372 -46 sender=Handler (com.android.internal.telephony.gsm.GSMPhone) {7fa538}
02-20 21:44:09.365   924  1722 D TelephonyRegistry: notifySignalStrengthForSubscriber: subId=-2 signalStrength=SignalStrength: 11 26 -120 -160 -2 0 -1 99 2147483647 -2147483647 2147483647 2147483647 2147483647 gsm|lte 1 -372 -46
02-20 21:44:09.365   924  1722 D TelephonyRegistry: notifySignalStrengthForSubscriber: logSSC.length=5 next=3
02-20 21:44:09.366   924  1722 D TelephonyRegistry: notifyServiceStateForSubscriber Time 20170220T213511Asia/Shanghai(1,50,28800,0,1487597711) mSubId -2 mPhoneId 0  mState 1 1 voice home data home null null null null null null  Unknown Unknown CSS not supported -1 -1 RoamInd=-1 DefRoamInd=-1 EmergOnly=true Ril Voice Regist state: 10 Ril Data Regist state: 4 mProprietaryDataRadioTechnology: 0 VoiceRejectCause: -1 DataRejectCause: -1 mCdmaNetWorkMode: 0 IsDataRoamingFromRegistration=false
02-20 21:44:09.366   924  1722 D TelephonyRegistry: notifyServiceStateForSubscriber Time 20170220T213511Asia/Shanghai(1,50,28800,0,1487597711) mSubId -2 mPhoneId 0  mState 1 1 voice home data home null null null null null null  Unknown Unknown CSS not supported -1 -1 RoamInd=-1 DefRoamInd=-1 EmergOnly=true Ril Voice Regist state: 10 Ril Data Regist state: 4 mProprietaryDataRadioTechnology: 0 VoiceRejectCause: -1 DataRejectCause: -1 mCdmaNetWorkMode: 0 IsDataRoamingFromRegistration=false
02-20 21:44:09.366   924  1722 D TelephonyRegistry: notifyServiceStateForSubscriber Time 20170220T213511Asia/Shanghai(1,50,28800,0,1487597711) mSubId -3 mPhoneId 1  mState 3 3 voice home data home null null null null null null  Unknown Unknown CSS not supported -1 -1 RoamInd=-1 DefRoamInd=-1 EmergOnly=false Ril Voice Regist state: 0 Ril Data Regist state: 0 mProprietaryDataRadioTechnology: 0 VoiceRejectCause: -1 DataRejectCause: -1 mCdmaNetWorkMode: 0 IsDataRoamingFromRegistration=false
02-20 21:44:09.366   924  1722 D TelephonyRegistry: notifyServiceStateForSubscriber Time 20170220T213511Asia/Shanghai(1,50,28800,0,1487597711) mSubId -2 mPhoneId 0  mState 1 1 voice home data home null null null null null null  Unknown Unknown CSS not supported -1 -1 RoamInd=-1 DefRoamInd=-1 EmergOnly=true Ril Voice Regist state: 10 Ril Data Regist state: 4 mProprietaryDataRadioTechnology: 0 VoiceRejectCause: -1 DataRejectCause: -1 mCdmaNetWorkMode: 0 IsDataRoamingFromRegistration=false
02-20 21:44:09.366   924  1722 D TelephonyRegistry: notifyServiceStateForSubscriber Time 20170220T213511Asia/Shanghai(1,50,28800,0,1487597711) mSubId -3 mPhoneId 1  mState 3 3 voice home data home null null null null null null  Unknown Unknown CSS not supported -1 -1 RoamInd=-1 DefRoamInd=-1 EmergOnly=false Ril Voice Regist state: 0 Ril Data Regist state: 0 mProprietaryDataRadioTechnology: 0 VoiceRejectCause: -1 DataRejectCause: -1 mCdmaNetWorkMode: 0 IsDataRoamingFromRegistration=false
02-20 21:44:09.366   924  1722 D TelephonyRegistry: notifySignalStrengthForSubscriber: ----------------
02-20 21:44:09.366   924  1722 D SubscriptionManager: [getPhoneId]- return dummy value, subId = -2
02-20 21:44:09.366   924  1722 D TelephonyRegistry: validatePhoneId: true
02-20 21:44:09.366   924  1722 D TelephonyRegistry: notifySignalStrengthForSubscriber: valid phoneId=0
02-20 21:44:09.367  1599  1599 D SubscriptionController: [getPhoneId] asked for default subId=-1
02-20 21:44:09.368  1599  1599 D SubscriptionController: [getPhoneId]- invalid subId = -1 return = -1
02-20 21:44:09.368   924  1722 D SubscriptionManager: [getPhoneId]- return dummy value, subId = -2
02-20 21:44:09.368   924  1722 D TelephonyRegistry: idMatch: rlt=false
02-20 21:44:09.369  1599  1599 D SubscriptionController: [getPhoneId] asked for default subId=-1
02-20 21:44:09.369  1599  1599 D SubscriptionController: [getPhoneId]- invalid subId = -1 return = -1
02-20 21:44:09.370   924  1722 D SubscriptionManager: [getPhoneId]- return dummy value, subId = -2
02-20 21:44:09.370   924  1722 D TelephonyRegistry: idMatch: rlt=false
02-20 21:44:09.371  1599  1599 D SubscriptionController: [getPhoneId] asked for default subId=-1
02-20 21:44:09.371  1599  1599 D SubscriptionController: [getPhoneId]- invalid subId = -1 return = -1
02-20 21:44:09.372   924  1722 D SubscriptionManager: [getPhoneId]- return dummy value, subId = -2
02-20 21:44:09.372   924  1722 D TelephonyRegistry: idMatch: rlt=false
02-20 21:44:09.372  1599  1599 D SubscriptionController: [getPhoneId] asked for default subId=-1
02-20 21:44:09.373  1599  1599 D SubscriptionController: [getPhoneId]- invalid subId = -1 return = -1
02-20 21:44:09.373   924  1722 D SubscriptionManager: [getPhoneId]- return dummy value, subId = -2
02-20 21:44:09.373   924  1722 D TelephonyRegistry: idMatch: rlt=false
02-20 21:44:09.374  1599  1599 D SubscriptionController: [getPhoneId] asked for default subId=-1
02-20 21:44:09.374  1599  1599 D SubscriptionController: [getPhoneId]- invalid subId = -1 return = -1
02-20 21:44:09.375   924  1722 D SubscriptionManager: [getPhoneId]- return dummy value, subId = -2
02-20 21:44:09.375   924  1722 D TelephonyRegistry: idMatch: rlt=false
02-20 21:44:09.376  1599  1599 D SubscriptionController: [getPhoneId] asked for default subId=-1
02-20 21:44:09.376  1599  1599 D SubscriptionController: [getPhoneId]- invalid subId = -1 return = -1
02-20 21:44:09.377   924  1722 D SubscriptionManager: [getPhoneId]- return dummy value, subId = -2
02-20 21:44:09.377   924  1722 D TelephonyRegistry: idMatch: rlt=false
02-20 21:44:09.378  1599  1599 D SubscriptionController: [getPhoneId] asked for default subId=-1
02-20 21:44:09.379  1599  1599 D SubscriptionController: [getPhoneId]- invalid subId = -1 return = -1
02-20 21:44:09.379   924  1722 D SubscriptionManager: [getPhoneId]- return dummy value, subId = -2
02-20 21:44:09.379   924  1722 D TelephonyRegistry: idMatch: rlt=false
02-20 21:44:09.380  1599  1599 D SubscriptionController: [getPhoneId] asked for default subId=-1
02-20 21:44:09.380  1599  1599 D SubscriptionController: [getPhoneId]- invalid subId = -1 return = -1
02-20 21:44:09.381   924  1722 D SubscriptionManager: [getPhoneId]- return dummy value, subId = -2
02-20 21:44:09.381   924  1722 D TelephonyRegistry: idMatch: rlt=false
02-20 21:44:09.381  1599  1599 D SubscriptionController: [getPhoneId] asked for default subId=-1
02-20 21:44:09.382  1599  1599 D SubscriptionController: [getPhoneId]- invalid subId = -1 return = -1
02-20 21:44:09.382   924  1722 D SubscriptionManager: [getPhoneId]- return dummy value, subId = -2
02-20 21:44:09.382   924  1722 D TelephonyRegistry: idMatch: rlt=false
02-20 21:44:09.383  1599  1599 D SubscriptionController: [getPhoneId] asked for default subId=-1
02-20 21:44:09.383  1599  1599 D SubscriptionController: [getPhoneId]- invalid subId = -1 return = -1
02-20 21:44:09.383   924  1722 D SubscriptionManager: [getPhoneId]- return dummy value, subId = -2
02-20 21:44:09.383   924  1722 D TelephonyRegistry: idMatch: rlt=false
02-20 21:44:09.384  1599  1599 D SubscriptionController: [getPhoneId] asked for default subId=-1
02-20 21:44:09.384  1599  1599 D SubscriptionController: [getPhoneId]- invalid subId = -1 return = -1
02-20 21:44:09.385   924  1722 D SubscriptionManager: [getPhoneId]- return dummy value, subId = -2
02-20 21:44:09.385   924  1722 D TelephonyRegistry: idMatch: rlt=false
02-20 21:44:09.386  1599  1599 D SubscriptionController: [getPhoneId] asked for default subId=-1
02-20 21:44:09.386  1599  1599 D SubscriptionController: [getPhoneId]- invalid subId = -1 return = -1
02-20 21:44:09.386   924  1722 D SubscriptionManager: [getPhoneId]- return dummy value, subId = -2
02-20 21:44:09.386   924  1722 D TelephonyRegistry: idMatch: rlt=false
02-20 21:44:09.387  1599  1599 D SubscriptionController: [getPhoneId] asked for default subId=-1
02-20 21:44:09.387  1599  1599 D SubscriptionController: [getPhoneId]- invalid subId = -1 return = -1
02-20 21:44:09.387   924  1722 D SubscriptionManager: [getPhoneId]- return dummy value, subId = -2
02-20 21:44:09.387   924  1722 D TelephonyRegistry: idMatch: rlt=false
