02-20 21:42:10.983   970   983 I RILC-MTK: RIL_CMD_PROXY_2 sleep
02-20 21:42:10.983   970   991 I RILC-MTK: RIL_CMD2_PROXY_4 wakeup
02-20 21:42:10.983   970   991 I RILC-MTK: RIL_CMD2_PROXY_4 sleep
02-20 21:42:10.983   970   984 I RILC-MTK: RIL_CMD_PROXY_1 wakeup
02-20 21:42:10.983   970   984 D RILC-MTK: proxy id:3, proxyName: RIL_CMD_PROXY_1
02-20 21:42:10.983   970   984 D RILC-MTK: QUERY_MODEM_THERMAL pRI=0x7f8a613180 p=0x7f8a628700 execute on RIL_CMD_PROXY_1 using channel 3
02-20 21:42:10.983   970   984 D RILC    : callOnRequest for new vendor ril
02-20 21:42:10.983   970   984 D RIL     : onRequest: QUERY_MODEM_THERMAL, datalen = 8
02-20 21:42:10.983   970   984 D RIL     : radioState:10
02-20 21:42:10.983   970   984 D RIL     : requestQueryThermal Enter,-1
02-20 21:42:10.984   970   984 D AT      : getRILChannelCtx subsystem:1, rid:0 channelOffset:0
02-20 21:42:10.984   970   984 D AT      : AT send on RIL_CMD_READER_3, tid:547792835648
02-20 21:42:10.984   970   984 D AT      : AT> AT+ETHERMAL
02-20 21:42:10.984   970   984 I AT      : AT write start
02-20 21:42:10.984   921   962 D RILMUXD : [gsm0710muxd] 3614:poll_thread(): poll_thread select found
02-20 21:42:10.984   921   962 D RILMUXD : [gsm0710muxd] 1045:pseudo_device_read(): Enter, LackofAtciChannel=0
02-20 21:42:10.984   921   962 D RILMUXD : [gsm0710muxd] 657:write_frame(): Sending frame to channel 5
02-20 21:42:11.003   921   962 D RILMUXD : [gsm0710muxd] 766:write_frame(): Write a frame on channel 5 with length 12
02-20 21:42:11.005   921   956 D RILMUXD : [gsm0710muxd] 1643:gsm0710_base_buffer_get_frame(): Get a complete frame. ch:5, ctrl:239, len:44
02-20 21:42:11.005   921   956 D RILMUXD : [gsm0710muxd] 2383:extract_frames(): Writing 44 byte frame received on channel 5 to /dev/pts/8
02-20 21:42:11.005   921   956 D RILMUXD : [gsm0710muxd] 2403:extract_frames(): write() returned. Written 44/44 bytes of frame to /dev/pts/8
02-20 21:42:11.005   921   956 D RILMUXD : [gsm0710muxd] 2408:extract_frames(): fsync() failed (-1, 22 - Invalid argument)
02-20 21:42:11.005   970   999 I AT      : AT read end: 44
02-20 21:42:11.005   970   999 D AT      : AT< +ETHERMAL: 2, 32767, -127, -1, 32767, 17
02-20 21:42:11.005   970   999 D AT      : RIL_CMD_READER_3 Enter processLine:+ETHERMAL: 2, 32767, -127, -1, 32767, 17
02-20 21:42:11.005   970   999 I AT      : AT read start
02-20 21:42:11.005   921   956 D RILMUXD : [gsm0710muxd] 1643:gsm0710_base_buffer_get_frame(): Get a complete frame. ch:5, ctrl:239, len:6
02-20 21:42:11.005   921   956 D RILMUXD : [gsm0710muxd] 2383:extract_frames(): Writing 6 byte frame received on channel 5 to /dev/pts/8
02-20 21:42:11.005   921   956 D RILMUXD : [gsm0710muxd] 2403:extract_frames(): write() returned. Written 6/6 bytes of frame to /dev/pts/8
02-20 21:42:11.005   921   956 D RILMUXD : [gsm0710muxd] 2408:extract_frames(): fsync() failed (-1, 22 - Invalid argument)
02-20 21:42:11.005   970   999 I AT      : AT read end: 6
02-20 21:42:11.005   970   999 D AT      : AT< OK
02-20 21:42:11.005   970   999 D AT      : RIL_CMD_READER_3 Enter processLine:OK
02-20 21:42:11.005   970   999 I AT      : AT read start
02-20 21:42:11.005   970   984 D AT      : response received on RIL_CMD_READER_3, tid:547792835648
02-20 21:42:11.005   970   984 D RIL     : requestQueryThermal success
02-20 21:42:11.005   970   984 D RILC    : RequestComplete, RIL_SOCKET_1
02-20 21:42:11.005   970   984 D RILC    : [THERMAL] local request for THERMAL returned 
02-20 21:42:11.005   970   984 D RILC    : [THERMAL] s_THERMAL_fd is valid strResult is  2, 32767, -127, -1, 32767, 17
02-20 21:42:11.005   970   984 D RILC-MTK: proxyLoop free  pRI=0x7f8a613180 p=0x7f8a628700 
02-20 21:42:11.006   970   984 D RILC-MTK: proxyLoop free  pRequest=0x7f8a611480
02-20 21:42:11.006   970   984 I RILC-MTK: RIL_CMD_PROXY_1 sleep
02-20 21:42:15.497   921   921 D RILMUXD : [gsm0710muxd] 3897:main(): Frames received/dropped: 463/0
02-20 21:42:16.713   921   956 D RILMUXD : [gsm0710muxd] 1643:gsm0710_base_buffer_get_frame(): Get a complete frame. ch:2, ctrl:239, len:39
02-20 21:42:16.713   921   956 D RILMUXD : [gsm0710muxd] 2383:extract_frames(): Writing 39 byte frame received on channel 2 to /dev/pts/5
02-20 21:42:16.713   921   956 D RILMUXD : [gsm0710muxd] 2403:extract_frames(): write() returned. Written 39/39 bytes of frame to /dev/pts/5
02-20 21:42:16.713   921   956 D RILMUXD : [gsm0710muxd] 2408:extract_frames(): fsync() failed (-1, 22 - Invalid argument)
02-20 21:42:16.713   970   996 I AT      : AT read end: 39
02-20 21:42:16.713   970   996 D AT      : AT< +ECSQ: 31,33,1,-359,-32,1,1,2,32767
02-20 21:42:16.713   970   996 D AT      : RIL_URC_READER Enter processLine:+ECSQ: 31,33,1,-359,-32,1,1,2,32767
02-20 21:42:16.713   970   996 D RILC    : [MAL_AT] data sent to rild-mal-at is '+ECSQ: 31,33,1,-359,-32,1,1,2,32767'
02-20 21:42:16.713   970   996 D RILC    : internalRequestTimedCallback malloc p_info: 0x7f8be1e1e0
02-20 21:42:16.713   970   996 D RILC    : internalRequestTimedCallback malloc p_info->event: 0x7f8be1e1f0
02-20 21:42:16.713   970   996 D RIL     : Nw URC:+ECSQ: 31,33,1,-359,-32,1,1,2,32767
02-20 21:42:16.713   970   996 D RIL     : convert3GRssiValue baseband=503 ,isFdd3G=1,isTdd3G=0 ,RSCP_in_qdbm=-359 ,EcN0_in_qdbm=-32
02-20 21:42:16.713   970   996 D RILC    : callForRilVersion new vendor RIL, version: 10
02-20 21:42:16.713   970   996 I RILC    : RIL_SOCKET_1 UNSOLICITED: UNSOL_SIGNAL_STRENGTH length:72
02-20 21:42:16.713   970   996 E RILC    : Send Response to rild-mal
02-20 21:42:16.713   970   996 E RILC    : Send Response to RIL_SOCKET_1
02-20 21:42:16.713   970   996 I AT      : AT read start
02-20 21:42:16.714  1599  1599 D GsmSST  : [GsmSST0] handle EVENT_SIGNAL_STRENGTH_UPDATE
02-20 21:42:16.714  1599  1599 D GsmSST  : [GsmSST0] onSignalStrengthResult():  LastSignalStrength=SignalStrength: 11 32 -120 -160 -2 0 -1 99 2147483647 -2147483647 2147483647 2147483647 2147483647 gsm|lte 1 -364 -34
02-20 21:42:16.715  1599  1599 D GsmSST  : [GsmSST0] onSignalStrengthResult():new mSignalStrength=SignalStrength: 11 33 -120 -160 -2 0 -1 99 2147483647 -2147483647 2147483647 2147483647 2147483647 gsm|lte 1 -360 -32
02-20 21:42:16.715  1599  1599 W SignalStrength: SignalStrength get plugin
02-20 21:42:16.715  1599  1599 I use-Rlog/RLOG-GSM: op01_mapLteSignalLevel=0
02-20 21:42:16.715  1599  1599 W SignalStrength: SignalStrength get plugin
02-20 21:42:16.715  1599  1599 D GsmSST  : [GsmSST0] notifySignalStrength: mSignalStrength.getLevel=4
02-20 21:42:16.715  1599  1599 D SubscriptionController: [getSubId]- sSlotIdxToSubId.size == 0, return DummySubIds slotIdx=0
02-20 21:42:16.715  1599  1599 D SubscriptionController: getDummySubIds: slotIdx=0 return 2 DummySubIds with each subId=-2
02-20 21:42:16.715  1599  1599 D DefaultPhoneNotifier: notifySignalStrength: mRegistry=com.android.internal.telephony.ITelephonyRegistry$Stub$Proxy@8d1ae45 ss=SignalStrength: 11 33 -120 -160 -2 0 -1 99 2147483647 -2147483647 2147483647 2147483647 2147483647 gsm|lte 1 -360 -32 sender=Handler (com.android.internal.telephony.gsm.GSMPhone) {7fa538}
02-20 21:42:16.715   924  1728 D TelephonyRegistry: notifySignalStrengthForSubscriber: subId=-2 signalStrength=SignalStrength: 11 33 -120 -160 -2 0 -1 99 2147483647 -2147483647 2147483647 2147483647 2147483647 gsm|lte 1 -360 -32
02-20 21:42:16.715   924  1728 D TelephonyRegistry: notifySignalStrengthForSubscriber: logSSC.length=5 next=3
02-20 21:42:16.716   924  1728 D TelephonyRegistry: notifyServiceStateForSubscriber Time 20170220T213511Asia/Shanghai(1,50,28800,0,1487597711) mSubId -2 mPhoneId 0  mState 1 1 voice home data home null null null null null null  Unknown Unknown CSS not supported -1 -1 RoamInd=-1 DefRoamInd=-1 EmergOnly=true Ril Voice Regist state: 10 Ril Data Regist state: 4 mProprietaryDataRadioTechnology: 0 VoiceRejectCause: -1 DataRejectCause: -1 mCdmaNetWorkMode: 0 IsDataRoamingFromRegistration=false
02-20 21:42:16.716   924  1728 D TelephonyRegistry: notifyServiceStateForSubscriber Time 20170220T213511Asia/Shanghai(1,50,28800,0,1487597711) mSubId -2 mPhoneId 0  mState 1 1 voice home data home null null null null null null  Unknown Unknown CSS not supported -1 -1 RoamInd=-1 DefRoamInd=-1 EmergOnly=true Ril Voice Regist state: 10 Ril Data Regist state: 4 mProprietaryDataRadioTechnology: 0 VoiceRejectCause: -1 DataRejectCause: -1 mCdmaNetWorkMode: 0 IsDataRoamingFromRegistration=false
02-20 21:42:16.716   924  1728 D TelephonyRegistry: notifyServiceStateForSubscriber Time 20170220T213511Asia/Shanghai(1,50,28800,0,1487597711) mSubId -3 mPhoneId 1  mState 3 3 voice home data home null null null null null null  Unknown Unknown CSS not supported -1 -1 RoamInd=-1 DefRoamInd=-1 EmergOnly=false Ril Voice Regist state: 0 Ril Data Regist state: 0 mProprietaryDataRadioTechnology: 0 VoiceRejectCause: -1 DataRejectCause: -1 mCdmaNetWorkMode: 0 IsDataRoamingFromRegistration=false
02-20 21:42:16.716   924  1728 D TelephonyRegistry: notifyServiceStateForSubscriber Time 20170220T213511Asia/Shanghai(1,50,28800,0,1487597711) mSubId -2 mPhoneId 0  mState 1 1 voice home data home null null null null null null  Unknown Unknown CSS not supported -1 -1 RoamInd=-1 DefRoamInd=-1 EmergOnly=true Ril Voice Regist state: 10 Ril Data Regist state: 4 mProprietaryDataRadioTechnology: 0 VoiceRejectCause: -1 DataRejectCause: -1 mCdmaNetWorkMode: 0 IsDataRoamingFromRegistration=false
02-20 21:42:16.716   924  1728 D TelephonyRegistry: notifyServiceStateForSubscriber Time 20170220T213511Asia/Shanghai(1,50,28800,0,1487597711) mSubId -3 mPhoneId 1  mState 3 3 voice home data home null null null null null null  Unknown Unknown CSS not supported -1 -1 RoamInd=-1 DefRoamInd=-1 EmergOnly=false Ril Voice Regist state: 0 Ril Data Regist state: 0 mProprietaryDataRadioTechnology: 0 VoiceRejectCause: -1 DataRejectCause: -1 mCdmaNetWorkMode: 0 IsDataRoamingFromRegistration=false
02-20 21:42:16.716   924  1728 D TelephonyRegistry: notifySignalStrengthForSubscriber: ----------------
02-20 21:42:16.716   924  1728 D SubscriptionManager: [getPhoneId]- return dummy value, subId = -2
02-20 21:42:16.716   924  1728 D TelephonyRegistry: validatePhoneId: true
02-20 21:42:16.716   924  1728 D TelephonyRegistry: notifySignalStrengthForSubscriber: valid phoneId=0
02-20 21:42:16.719  1599  1599 D SubscriptionController: [getPhoneId] asked for default subId=-1
02-20 21:42:16.719  1599  1599 D SubscriptionController: [getPhoneId]- invalid subId = -1 return = -1
02-20 21:42:16.720   924  1728 D SubscriptionManager: [getPhoneId]- return dummy value, subId = -2
02-20 21:42:16.720   924  1728 D TelephonyRegistry: idMatch: rlt=false
02-20 21:42:16.720  1599  1599 D SubscriptionController: [getPhoneId] asked for default subId=-1
02-20 21:42:16.720  1599  1599 D SubscriptionController: [getPhoneId]- invalid subId = -1 return = -1
02-20 21:42:16.739   924  1728 D SubscriptionManager: [getPhoneId]- return dummy value, subId = -2
02-20 21:42:16.739   924  1728 D TelephonyRegistry: idMatch: rlt=false
02-20 21:42:16.741  1599  1599 D SubscriptionController: [getPhoneId] asked for default subId=-1
02-20 21:42:16.741  1599  1599 D SubscriptionController: [getPhoneId]- invalid subId = -1 return = -1
02-20 21:42:16.741   924  1728 D SubscriptionManager: [getPhoneId]- return dummy value, subId = -2
02-20 21:42:16.741   924  1728 D TelephonyRegistry: idMatch: rlt=false
02-20 21:42:16.742  1599  1599 D SubscriptionController: [getPhoneId] asked for default subId=-1
02-20 21:42:16.743  1599  1599 D SubscriptionController: [getPhoneId]- invalid subId = -1 return = -1
02-20 21:42:16.744   924  1728 D SubscriptionManager: [getPhoneId]- return dummy value, subId = -2
02-20 21:42:16.744   924  1728 D TelephonyRegistry: idMatch: rlt=false
02-20 21:42:16.744  1599  1599 D SubscriptionController: [getPhoneId] asked for default subId=-1
02-20 21:42:16.745  1599  1599 D SubscriptionController: [getPhoneId]- invalid subId = -1 return = -1
02-20 21:42:16.745   924  1728 D SubscriptionManager: [getPhoneId]- return dummy value, subId = -2
02-20 21:42:16.745   924  1728 D TelephonyRegistry: idMatch: rlt=false
02-20 21:42:16.746  1599  1599 D SubscriptionController: [getPhoneId] asked for default subId=-1
02-20 21:42:16.746  1599  1599 D SubscriptionController: [getPhoneId]- invalid subId = -1 return = -1
02-20 21:42:16.747   924  1728 D SubscriptionManager: [getPhoneId]- return dummy value, subId = -2
02-20 21:42:16.747   924  1728 D TelephonyRegistry: idMatch: rlt=false
02-20 21:42:16.748  1599  1599 D SubscriptionController: [getPhoneId] asked for default subId=-1
02-20 21:42:16.749  1599  1599 D SubscriptionController: [getPhoneId]- invalid subId = -1 return = -1
02-20 21:42:16.749   924  1728 D SubscriptionManager: [getPhoneId]- return dummy value, subId = -2
02-20 21:42:16.749   924  1728 D TelephonyRegistry: idMatch: rlt=false
02-20 21:42:16.750  1599  1599 D SubscriptionController: [getPhoneId] asked for default subId=-1
02-20 21:42:16.750  1599  1599 D SubscriptionController: [getPhoneId]- invalid subId = -1 return = -1
02-20 21:42:16.751   924  1728 D SubscriptionManager: [getPhoneId]- return dummy value, subId = -2
02-20 21:42:16.751   924  1728 D TelephonyRegistry: idMatch: rlt=false
02-20 21:42:16.752  1599  1599 D SubscriptionController: [getPhoneId] asked for default subId=-1
02-20 21:42:16.753  1599  1599 D SubscriptionController: [getPhoneId]- invalid subId = -1 return = -1
02-20 21:42:16.753   924  1728 D SubscriptionManager: [getPhoneId]- return dummy value, subId = -2
02-20 21:42:16.753   924  1728 D TelephonyRegistry: idMatch: rlt=false
02-20 21:42:16.754  1599  1599 D SubscriptionController: [getPhoneId] asked for default subId=-1
02-20 21:42:16.754  1599  1599 D SubscriptionController: [getPhoneId]- invalid subId = -1 return = -1
02-20 21:42:16.755   924  1728 D SubscriptionManager: [getPhoneId]- return dummy value, subId = -2
02-20 21:42:16.755   924  1728 D TelephonyRegistry: idMatch: rlt=false
02-20 21:42:16.756  1599  1599 D SubscriptionController: [getPhoneId] asked for default subId=-1
02-20 21:42:16.757  1599  1599 D SubscriptionController: [getPhoneId]- invalid subId = -1 return = -1
02-20 21:42:16.758   924  1728 D SubscriptionManager: [getPhoneId]- return dummy value, subId = -2
02-20 21:42:16.758   924  1728 D TelephonyRegistry: idMatch: rlt=false
02-20 21:42:16.759  1599  1599 D SubscriptionController: [getPhoneId] asked for default subId=-1
02-20 21:42:16.760  1599  1599 D SubscriptionController: [getPhoneId]- invalid subId = -1 return = -1
02-20 21:42:16.760   924  1728 D SubscriptionManager: [getPhoneId]- return dummy value, subId = -2
02-20 21:42:16.760   924  1728 D TelephonyRegistry: idMatch: rlt=false
02-20 21:42:16.761  1599  1599 D SubscriptionController: [getPhoneId] asked for default subId=-1
02-20 21:42:16.761  1599  1599 D SubscriptionController: [getPhoneId]- invalid subId = -1 return = -1
02-20 21:42:16.762   924  1728 D SubscriptionManager: [getPhoneId]- return dummy value, subId = -2
02-20 21:42:16.762   924  1728 D TelephonyRegistry: idMatch: rlt=false
02-20 21:42:16.763  1599  1599 D SubscriptionController: [getPhoneId] asked for default subId=-1
02-20 21:42:16.764  1599  1599 D SubscriptionController: [getPhoneId]- invalid subId = -1 return = -1
02-20 21:42:16.764   924  1728 D SubscriptionManager: [getPhoneId]- return dummy value, subId = -2
02-20 21:42:16.764   924  1728 D TelephonyRegistry: idMatch: rlt=false
02-20 21:42:16.764   924  1728 D TelephonyRegistry: handleRemoveListLocked: mRemoveList.size()=0
02-20 21:42:16.764   924  1728 W SignalStrength: SignalStrength get plugin
02-20 21:42:16.764   924  1728 I use-Rlog/RLOG-GSM: op01_mapLteSignalLevel=0
02-20 21:42:16.764   924  1728 W SignalStrength: SignalStrength get plugin
02-20 21:42:16.765   924  1728 D SubscriptionManager: [getPhoneId]- return dummy value, subId = -2
02-20 21:42:16.765  1599  1599 D SubscriptionController: [getSubId]- sSlotIdxToSubId.size == 0, return DummySubIds slotIdx=0
02-20 21:42:16.765  1599  1599 D SubscriptionController: getDummySubIds: slotIdx=0 return 2 DummySubIds with each subId=-2
02-20 21:42:16.767  1599  1599 D GsmSST  : [GsmSST0] handleMessage msg done
02-20 21:42:17.714   970   993 D RILC    : s_last_wake_timeout_info: 0x7f8be1e1e0 reset to NULL
02-20 21:42:17.714   970   993 D RILC    : userTimerCallback free  p_info: 0x7f8be1e1e0
02-20 21:42:17.714   970   993 D RILC    : userTimerCallback free  p_info->event: 0x7f8be1e1f0
02-20 21:42:20.497   921   921 D RILMUXD : [gsm0710muxd] 3897:main(): Frames received/dropped: 464/0
02-20 21:42:21.010   970   993 I RILC    : NUMBER:1
02-20 21:42:21.010   970   993 I RILC    : arg len:14
02-20 21:42:21.010   970   993 I RILC    : ARGS[0]:THERMAL,0,-1
02-20 21:42:21.010   970   993 D RILC    : C[locl]> QUERY_MODEM_THERMAL
02-20 21:42:21.010   970   993 D RILC-MTK: QUERY_MODEM_THERMAL pRI=0x7f8a6131b0 p=0x7f8a6288c0 dispatched to RIL_CMD_PROXY_1
02-20 21:42:21.010   970   985 I RILC-MTK: RIL_CMD_PROXY_4 wakeup
02-20 21:42:21.010   970   985 I RILC-MTK: RIL_CMD_PROXY_4 sleep
02-20 21:42:21.010   970   992 I RILC-MTK: RIL_ATCI2_PROXY wakeup
02-20 21:42:21.010   970   992 I RILC-MTK: RIL_ATCI2_PROXY sleep
02-20 21:42:21.010   970   981 I RILC-MTK: RIL_URC_PROXY wakeup
02-20 21:42:21.010   970   981 I RILC-MTK: RIL_URC_PROXY sleep
02-20 21:42:21.010   970   986 I RILC-MTK: RIL_ATCI_PROXY wakeup
02-20 21:42:21.010   970   986 I RILC-MTK: RIL_ATCI_PROXY sleep
02-20 21:42:21.010   970   987 I RILC-MTK: RIL_URC2_PROXY wakeup
02-20 21:42:21.010   970   987 I RILC-MTK: RIL_URC2_PROXY sleep
02-20 21:42:21.010   970   988 I RILC-MTK: RIL_CMD2_PROXY_3 wakeup
02-20 21:42:21.010   970   988 I RILC-MTK: RIL_CMD2_PROXY_3 sleep
02-20 21:42:21.010   970   989 I RILC-MTK: RIL_CMD2_PROXY_2 wakeup
02-20 21:42:21.010   970   989 I RILC-MTK: RIL_CMD2_PROXY_2 sleep
02-20 21:42:21.010   970   990 I RILC-MTK: RIL_CMD2_PROXY_1 wakeup
02-20 21:42:21.010   970   990 I RILC-MTK: RIL_CMD2_PROXY_1 sleep
02-20 21:42:21.010   970   982 I RILC-MTK: RIL_CMD_PROXY_3 wakeup
02-20 21:42:21.010   970   982 I RILC-MTK: RIL_CMD_PROXY_3 sleep
02-20 21:42:21.010   970   983 I RILC-MTK: RIL_CMD_PROXY_2 wakeup
02-20 21:42:21.010   970   983 I RILC-MTK: RIL_CMD_PROXY_2 sleep
02-20 21:42:21.010   970   991 I RILC-MTK: RIL_CMD2_PROXY_4 wakeup
02-20 21:42:21.010   970   991 I RILC-MTK: RIL_CMD2_PROXY_4 sleep
02-20 21:42:21.010   970   984 I RILC-MTK: RIL_CMD_PROXY_1 wakeup
02-20 21:42:21.010   970   984 D RILC-MTK: proxy id:3, proxyName: RIL_CMD_PROXY_1
02-20 21:42:21.010   970   984 D RILC-MTK: QUERY_MODEM_THERMAL pRI=0x7f8a6131b0 p=0x7f8a6288c0 execute on RIL_CMD_PROXY_1 using channel 3
02-20 21:42:21.010   970   984 D RILC    : callOnRequest for new vendor ril
02-20 21:42:21.010   970   984 D RIL     : onRequest: QUERY_MODEM_THERMAL, datalen = 8
02-20 21:42:21.010   970   984 D RIL     : radioState:10
02-20 21:42:21.010   970   984 D RIL     : requestQueryThermal Enter,-1
02-20 21:42:21.010   970   984 D AT      : getRILChannelCtx subsystem:1, rid:0 channelOffset:0
02-20 21:42:21.010   970   984 D AT      : AT send on RIL_CMD_READER_3, tid:547792835648
02-20 21:42:21.010   970   984 D AT      : AT> AT+ETHERMAL
02-20 21:42:21.010   970   984 I AT      : AT write start
02-20 21:42:21.011   921   962 D RILMUXD : [gsm0710muxd] 3614:poll_thread(): poll_thread select found
02-20 21:42:21.011   921   962 D RILMUXD : [gsm0710muxd] 1045:pseudo_device_read(): Enter, LackofAtciChannel=0
02-20 21:42:21.011   921   962 D RILMUXD : [gsm0710muxd] 657:write_frame(): Sending frame to channel 5
02-20 21:42:21.032   921   962 D RILMUXD : [gsm0710muxd] 766:write_frame(): Write a frame on channel 5 with length 12
02-20 21:42:21.039   921   956 D RILMUXD : [gsm0710muxd] 1643:gsm0710_base_buffer_get_frame(): Get a complete frame. ch:5, ctrl:239, len:44
02-20 21:42:21.039   921   956 D RILMUXD : [gsm0710muxd] 2383:extract_frames(): Writing 44 byte frame received on channel 5 to /dev/pts/8
02-20 21:42:21.039   921   956 D RILMUXD : [gsm0710muxd] 2403:extract_frames(): write() returned. Written 44/44 bytes of frame to /dev/pts/8
02-20 21:42:21.039   921   956 D RILMUXD : [gsm0710muxd] 2408:extract_frames(): fsync() failed (-1, 22 - Invalid argument)
02-20 21:42:21.040   970   999 I AT      : AT read end: 44
02-20 21:42:21.040   970   999 D AT      : AT< +ETHERMAL: 2, 32767, -127, -1, 32767, 17
02-20 21:42:21.040   970   999 D AT      : RIL_CMD_READER_3 Enter processLine:+ETHERMAL: 2, 32767, -127, -1, 32767, 17
02-20 21:42:21.040   970   999 I AT      : AT read start
02-20 21:42:21.040   921   956 D RILMUXD : [gsm0710muxd] 1643:gsm0710_base_buffer_get_frame(): Get a complete frame. ch:5, ctrl:239, len:6
02-20 21:42:21.040   921   956 D RILMUXD : [gsm0710muxd] 2383:extract_frames(): Writing 6 byte frame received on channel 5 to /dev/pts/8
02-20 21:42:21.040   921   956 D RILMUXD : [gsm0710muxd] 2403:extract_frames(): write() returned. Written 6/6 bytes of frame to /dev/pts/8
02-20 21:42:21.040   921   956 D RILMUXD : [gsm0710muxd] 2408:extract_frames(): fsync() failed (-1, 22 - Invalid argument)
02-20 21:42:21.040   970   999 I AT      : AT read end: 6
02-20 21:42:21.040   970   999 D AT      : AT< OK
02-20 21:42:21.040   970   999 D AT      : RIL_CMD_READER_3 Enter processLine:OK
02-20 21:42:21.040   970   999 I AT      : AT read start
02-20 21:42:21.040   970   984 D AT      : response received on RIL_CMD_READER_3, tid:547792835648
02-20 21:42:21.040   970   984 D RIL     : requestQueryThermal success
02-20 21:42:21.040   970   984 D RILC    : RequestComplete, RIL_SOCKET_1
02-20 21:42:21.040   970   984 D RILC    : [THERMAL] local request for THERMAL returned 
02-20 21:42:21.040   970   984 D RILC    : [THERMAL] s_THERMAL_fd is valid strResult is  2, 32767, -127, -1, 32767, 17
02-20 21:42:21.040   970   984 D RILC-MTK: proxyLoop free  pRI=0x7f8a6131b0 p=0x7f8a6288c0 
02-20 21:42:21.040   970   984 D RILC-MTK: proxyLoop free  pRequest=0x7f8a611560
02-20 21:42:21.040   970   984 I RILC-MTK: RIL_CMD_PROXY_1 sleep
02-20 21:42:21.985  4331  4362 D SubscriptionManager: [getPhoneId]- return dummy value, subId = -1
02-20 21:42:21.985  4331  4362 D TelephonyManager: getTelephonyProperty prop value= ,
02-20 21:42:24.562   924  2025 D TelephonyManager: getTelephonyProperty prop value= 1,1
02-20 21:42:24.563   924  2025 D SubscriptionManager: [getPhoneId]- return dummy value, subId = -1
02-20 21:42:24.564   924  2025 D TelephonyManager: getTelephonyProperty prop value= 
02-20 21:42:24.565   924  2025 D SubscriptionManager: [getPhoneId]- return dummy value, subId = -1
02-20 21:42:24.565   924  2025 D TelephonyManager: getTelephonyProperty prop value= ,
02-20 21:42:25.497   921   921 D RILMUXD : [gsm0710muxd] 3897:main(): Frames received/dropped: 466/0
02-20 21:42:27.841  1599  1610 D SubscriptionManager: [getPhoneId]- return dummy value, subId = -1
02-20 21:42:27.841  1599  1610 D SubscriptionManager: [getPhoneId]- return dummy value, subId = -1
02-20 21:42:27.842  1599  1610 D SubscriptionManager: [getPhoneId]- return dummy value, subId = -1
02-20 21:42:27.842  1599  1610 D SubscriptionController: [getActiveSubInfoList]+
02-20 21:42:27.842  1599  1610 D SubscriptionController: [getActiveSubInfoList] Sub Controller not ready
02-20 21:42:27.843  1599  1610 D SubscriptionController: [getAllSubInfoList]+
02-20 21:42:27.843  1599  1610 D SubscriptionController: selection:null null
02-20 21:42:27.847  1599  1610 D SubscriptionController: [getAllSubInfoList]- no info return
02-20 21:42:30.497   921   921 D RILMUXD : [gsm0710muxd] 3897:main(): Frames received/dropped: 466/0
02-20 21:42:31.043   970   993 I RILC    : NUMBER:1
02-20 21:42:31.043   970   993 I RILC    : arg len:14
02-20 21:42:31.043   970   993 I RILC    : ARGS[0]:THERMAL,0,-1
02-20 21:42:31.043   970   993 D RILC    : C[locl]> QUERY_MODEM_THERMAL
02-20 21:42:31.043   970   993 D RILC-MTK: QUERY_MODEM_THERMAL pRI=0x7f8a6133f0 p=0x7f8a628af0 dispatched to RIL_CMD_PROXY_1
02-20 21:42:31.043   970   984 I RILC-MTK: RIL_CMD_PROXY_1 wakeup
02-20 21:42:31.043   970   984 D RILC-MTK: proxy id:3, proxyName: RIL_CMD_PROXY_1
02-20 21:42:31.043   970   984 D RILC-MTK: QUERY_MODEM_THERMAL pRI=0x7f8a6133f0 p=0x7f8a628af0 execute on RIL_CMD_PROXY_1 using channel 3
02-20 21:42:31.043   970   984 D RILC    : callOnRequest for new vendor ril
02-20 21:42:31.043   970   984 D RIL     : onRequest: QUERY_MODEM_THERMAL, datalen = 8
02-20 21:42:31.043   970   984 D RIL     : radioState:10
02-20 21:42:31.043   970   985 I RILC-MTK: RIL_CMD_PROXY_4 wakeup
02-20 21:42:31.043   970   985 I RILC-MTK: RIL_CMD_PROXY_4 sleep
02-20 21:42:31.043   970   984 D RIL     : requestQueryThermal Enter,-1
02-20 21:42:31.043   970   984 D AT      : getRILChannelCtx subsystem:1, rid:0 channelOffset:0
02-20 21:42:31.043   970   992 I RILC-MTK: RIL_ATCI2_PROXY wakeup
02-20 21:42:31.043   970   992 I RILC-MTK: RIL_ATCI2_PROXY sleep
02-20 21:42:31.043   970   984 D AT      : AT send on RIL_CMD_READER_3, tid:547792835648
02-20 21:42:31.043   970   984 D AT      : AT> AT+ETHERMAL
02-20 21:42:31.043   970   984 I AT      : AT write start
02-20 21:42:31.043   970   981 I RILC-MTK: RIL_URC_PROXY wakeup
02-20 21:42:31.043   970   981 I RILC-MTK: RIL_URC_PROXY sleep
02-20 21:42:31.043   970   986 I RILC-MTK: RIL_ATCI_PROXY wakeup
02-20 21:42:31.043   970   986 I RILC-MTK: RIL_ATCI_PROXY sleep
02-20 21:42:31.043   970   987 I RILC-MTK: RIL_URC2_PROXY wakeup
02-20 21:42:31.043   970   987 I RILC-MTK: RIL_URC2_PROXY sleep
02-20 21:42:31.043   970   988 I RILC-MTK: RIL_CMD2_PROXY_3 wakeup
02-20 21:42:31.043   970   988 I RILC-MTK: RIL_CMD2_PROXY_3 sleep
02-20 21:42:31.043   970   989 I RILC-MTK: RIL_CMD2_PROXY_2 wakeup
02-20 21:42:31.043   970   989 I RILC-MTK: RIL_CMD2_PROXY_2 sleep
02-20 21:42:31.043   970   990 I RILC-MTK: RIL_CMD2_PROXY_1 wakeup
02-20 21:42:31.043   970   990 I RILC-MTK: RIL_CMD2_PROXY_1 sleep
02-20 21:42:31.043   970   982 I RILC-MTK: RIL_CMD_PROXY_3 wakeup
02-20 21:42:31.043   970   982 I RILC-MTK: RIL_CMD_PROXY_3 sleep
02-20 21:42:31.043   970   983 I RILC-MTK: RIL_CMD_PROXY_2 wakeup
02-20 21:42:31.043   970   983 I RILC-MTK: RIL_CMD_PROXY_2 sleep
02-20 21:42:31.043   970   991 I RILC-MTK: RIL_CMD2_PROXY_4 wakeup
02-20 21:42:31.043   970   991 I RILC-MTK: RIL_CMD2_PROXY_4 sleep
02-20 21:42:31.044   921   962 D RILMUXD : [gsm0710muxd] 3614:poll_thread(): poll_thread select found
02-20 21:42:31.044   921   962 D RILMUXD : [gsm0710muxd] 1045:pseudo_device_read(): Enter, LackofAtciChannel=0
02-20 21:42:31.044   921   962 D RILMUXD : [gsm0710muxd] 657:write_frame(): Sending frame to channel 5
02-20 21:42:31.051   921   962 D RILMUXD : [gsm0710muxd] 766:write_frame(): Write a frame on channel 5 with length 12
02-20 21:42:31.054   921   956 D RILMUXD : [gsm0710muxd] 1643:gsm0710_base_buffer_get_frame(): Get a complete frame. ch:5, ctrl:239, len:44
02-20 21:42:31.054   921   956 D RILMUXD : [gsm0710muxd] 2383:extract_frames(): Writing 44 byte frame received on channel 5 to /dev/pts/8
02-20 21:42:31.054   921   956 D RILMUXD : [gsm0710muxd] 2403:extract_frames(): write() returned. Written 44/44 bytes of frame to /dev/pts/8
02-20 21:42:31.054   921   956 D RILMUXD : [gsm0710muxd] 2408:extract_frames(): fsync() failed (-1, 22 - Invalid argument)
02-20 21:42:31.054   921   956 D RILMUXD : [gsm0710muxd] 1643:gsm0710_base_buffer_get_frame(): Get a complete frame. ch:5, ctrl:239, len:6
02-20 21:42:31.054   921   956 D RILMUXD : [gsm0710muxd] 2383:extract_frames(): Writing 6 byte frame received on channel 5 to /dev/pts/8
02-20 21:42:31.054   921   956 D RILMUXD : [gsm0710muxd] 2403:extract_frames(): write() returned. Written 6/6 bytes of frame to /dev/pts/8
02-20 21:42:31.054   921   956 D RILMUXD : [gsm0710muxd] 2408:extract_frames(): fsync() failed (-1, 22 - Invalid argument)
02-20 21:42:31.054   970   999 I AT      : AT read end: 50
02-20 21:42:31.054   970   999 D AT      : AT< +ETHERMAL: 2, 32767, -127, -1, 32767, 17
02-20 21:42:31.054   970   999 D AT      : RIL_CMD_READER_3 Enter processLine:+ETHERMAL: 2, 32767, -127, -1, 32767, 17
02-20 21:42:31.054   970   999 D AT      : AT< OK
02-20 21:42:31.054   970   999 D AT      : RIL_CMD_READER_3 Enter processLine:OK
02-20 21:42:31.055   970   999 I AT      : AT read start
02-20 21:42:31.055   970   984 D AT      : response received on RIL_CMD_READER_3, tid:547792835648
02-20 21:42:31.055   970   984 D RIL     : requestQueryThermal success
02-20 21:42:31.055   970   984 D RILC    : RequestComplete, RIL_SOCKET_1
02-20 21:42:31.055   970   984 D RILC    : [THERMAL] local request for THERMAL returned 
02-20 21:42:31.055   970   984 D RILC    : [THERMAL] s_THERMAL_fd is valid strResult is  2, 32767, -127, -1, 32767, 17
02-20 21:42:31.055   970   984 D RILC-MTK: proxyLoop free  pRI=0x7f8a6133f0 p=0x7f8a628af0 
02-20 21:42:31.055   970   984 D RILC-MTK: proxyLoop free  pRequest=0x7f8a611380
02-20 21:42:31.055   970   984 I RILC-MTK: RIL_CMD_PROXY_1 sleep
02-20 21:42:32.089   921   956 D RILMUXD : [gsm0710muxd] 1643:gsm0710_base_buffer_get_frame(): Get a complete frame. ch:2, ctrl:239, len:39
02-20 21:42:32.089   921   956 D RILMUXD : [gsm0710muxd] 2383:extract_frames(): Writing 39 byte frame received on channel 2 to /dev/pts/5
02-20 21:42:32.089   921   956 D RILMUXD : [gsm0710muxd] 2403:extract_frames(): write() returned. Written 39/39 bytes of frame to /dev/pts/5
02-20 21:42:32.089   921   956 D RILMUXD : [gsm0710muxd] 2408:extract_frames(): fsync() failed (-1, 22 - Invalid argument)
02-20 21:42:32.089   970   996 I AT      : AT read end: 39
02-20 21:42:32.089   970   996 D AT      : AT< +ECSQ: 28,28,1,-369,-42,1,1,2,32767
02-20 21:42:32.089   970   996 D AT      : RIL_URC_READER Enter processLine:+ECSQ: 28,28,1,-369,-42,1,1,2,32767
02-20 21:42:32.089   970   996 D RILC    : [MAL_AT] data sent to rild-mal-at is '+ECSQ: 28,28,1,-369,-42,1,1,2,32767'
02-20 21:42:32.089   970   996 D RILC    : internalRequestTimedCallback malloc p_info: 0x7f8be1e240
02-20 21:42:32.089   970   996 D RILC    : internalRequestTimedCallback malloc p_info->event: 0x7f8be1e250
02-20 21:42:32.089   970   996 D RIL     : Nw URC:+ECSQ: 28,28,1,-369,-42,1,1,2,32767
02-20 21:42:32.089   970   996 D RIL     : convert3GRssiValue baseband=503 ,isFdd3G=1,isTdd3G=0 ,RSCP_in_qdbm=-369 ,EcN0_in_qdbm=-42
02-20 21:42:32.089   970   996 D RILC    : callForRilVersion new vendor RIL, version: 10
02-20 21:42:32.089   970   996 I RILC    : RIL_SOCKET_1 UNSOLICITED: UNSOL_SIGNAL_STRENGTH length:72
02-20 21:42:32.089   970   996 E RILC    : Send Response to rild-mal
02-20 21:42:32.090   970   996 E RILC    : Send Response to RIL_SOCKET_1
02-20 21:42:32.090   970   996 I AT      : AT read start
02-20 21:42:32.092  1599  1599 D GsmSST  : [GsmSST0] handle EVENT_SIGNAL_STRENGTH_UPDATE
02-20 21:42:32.092  1599  1599 D GsmSST  : [GsmSST0] onSignalStrengthResult():  LastSignalStrength=SignalStrength: 11 33 -120 -160 -2 0 -1 99 2147483647 -2147483647 2147483647 2147483647 2147483647 gsm|lte 1 -360 -32
02-20 21:42:32.092  1599  1599 D GsmSST  : [GsmSST0] onSignalStrengthResult():new mSignalStrength=SignalStrength: 11 28 -120 -160 -2 0 -1 99 2147483647 -2147483647 2147483647 2147483647 2147483647 gsm|lte 1 -372 -42
02-20 21:42:32.093  1599  1599 W SignalStrength: SignalStrength get plugin
02-20 21:42:32.093  1599  1599 I use-Rlog/RLOG-GSM: op01_mapLteSignalLevel=0
02-20 21:42:32.093  1599  1599 W SignalStrength: SignalStrength get plugin
02-20 21:42:32.093  1599  1599 D GsmSST  : [GsmSST0] notifySignalStrength: mSignalStrength.getLevel=4
02-20 21:42:32.093  1599  1599 D SubscriptionController: [getSubId]- sSlotIdxToSubId.size == 0, return DummySubIds slotIdx=0
02-20 21:42:32.093  1599  1599 D SubscriptionController: getDummySubIds: slotIdx=0 return 2 DummySubIds with each subId=-2
02-20 21:42:32.093  1599  1599 D DefaultPhoneNotifier: notifySignalStrength: mRegistry=com.android.internal.telephony.ITelephonyRegistry$Stub$Proxy@8d1ae45 ss=SignalStrength: 11 28 -120 -160 -2 0 -1 99 2147483647 -2147483647 2147483647 2147483647 2147483647 gsm|lte 1 -372 -42 sender=Handler (com.android.internal.telephony.gsm.GSMPhone) {7fa538}
02-20 21:42:32.093   924  1763 D TelephonyRegistry: notifySignalStrengthForSubscriber: subId=-2 signalStrength=SignalStrength: 11 28 -120 -160 -2 0 -1 99 2147483647 -2147483647 2147483647 2147483647 2147483647 gsm|lte 1 -372 -42
02-20 21:42:32.093   924  1763 D TelephonyRegistry: notifySignalStrengthForSubscriber: logSSC.length=5 next=3
02-20 21:42:32.094   924  1763 D TelephonyRegistry: notifyServiceStateForSubscriber Time 20170220T213511Asia/Shanghai(1,50,28800,0,1487597711) mSubId -2 mPhoneId 0  mState 1 1 voice home data home null null null null null null  Unknown Unknown CSS not supported -1 -1 RoamInd=-1 DefRoamInd=-1 EmergOnly=true Ril Voice Regist state: 10 Ril Data Regist state: 4 mProprietaryDataRadioTechnology: 0 VoiceRejectCause: -1 DataRejectCause: -1 mCdmaNetWorkMode: 0 IsDataRoamingFromRegistration=false
02-20 21:42:32.094   924  1763 D TelephonyRegistry: notifyServiceStateForSubscriber Time 20170220T213511Asia/Shanghai(1,50,28800,0,1487597711) mSubId -2 mPhoneId 0  mState 1 1 voice home data home null null null null null null  Unknown Unknown CSS not supported -1 -1 RoamInd=-1 DefRoamInd=-1 EmergOnly=true Ril Voice Regist state: 10 Ril Data Regist state: 4 mProprietaryDataRadioTechnology: 0 VoiceRejectCause: -1 DataRejectCause: -1 mCdmaNetWorkMode: 0 IsDataRoamingFromRegistration=false
02-20 21:42:32.094   924  1763 D TelephonyRegistry: notifyServiceStateForSubscriber Time 20170220T213511Asia/Shanghai(1,50,28800,0,1487597711) mSubId -3 mPhoneId 1  mState 3 3 voice home data home null null null null null null  Unknown Unknown CSS not supported -1 -1 RoamInd=-1 DefRoamInd=-1 EmergOnly=false Ril Voice Regist state: 0 Ril Data Regist state: 0 mProprietaryDataRadioTechnology: 0 VoiceRejectCause: -1 DataRejectCause: -1 mCdmaNetWorkMode: 0 IsDataRoamingFromRegistration=false
02-20 21:42:32.094   924  1763 D TelephonyRegistry: notifyServiceStateForSubscriber Time 20170220T213511Asia/Shanghai(1,50,28800,0,1487597711) mSubId -2 mPhoneId 0  mState 1 1 voice home data home null null null null null null  Unknown Unknown CSS not supported -1 -1 RoamInd=-1 DefRoamInd=-1 EmergOnly=true Ril Voice Regist state: 10 Ril Data Regist state: 4 mProprietaryDataRadioTechnology: 0 VoiceRejectCause: -1 DataRejectCause: -1 mCdmaNetWorkMode: 0 IsDataRoamingFromRegistration=false
02-20 21:42:32.094   924  1763 D TelephonyRegistry: notifyServiceStateForSubscriber Time 20170220T213511Asia/Shanghai(1,50,28800,0,1487597711) mSubId -3 mPhoneId 1  mState 3 3 voice home data home null null null null null null  Unknown Unknown CSS not supported -1 -1 RoamInd=-1 DefRoamInd=-1 EmergOnly=false Ril Voice Regist state: 0 Ril Data Regist state: 0 mProprietaryDataRadioTechnology: 0 VoiceRejectCause: -1 DataRejectCause: -1 mCdmaNetWorkMode: 0 IsDataRoamingFromRegistration=false
02-20 21:42:32.094   924  1763 D TelephonyRegistry: notifySignalStrengthForSubscriber: ----------------
02-20 21:42:32.094   924  1763 D SubscriptionManager: [getPhoneId]- return dummy value, subId = -2
02-20 21:42:32.094   924  1763 D TelephonyRegistry: validatePhoneId: true
02-20 21:42:32.094   924  1763 D TelephonyRegistry: notifySignalStrengthForSubscriber: valid phoneId=0
02-20 21:42:32.098  1599  1599 D SubscriptionController: [getPhoneId] asked for default subId=-1
02-20 21:42:32.098  1599  1599 D SubscriptionController: [getPhoneId]- invalid subId = -1 return = -1
02-20 21:42:32.099   924  1763 D SubscriptionManager: [getPhoneId]- return dummy value, subId = -2
02-20 21:42:32.099   924  1763 D TelephonyRegistry: idMatch: rlt=false
02-20 21:42:32.100  1599  1599 D SubscriptionController: [getPhoneId] asked for default subId=-1
02-20 21:42:32.100  1599  1599 D SubscriptionController: [getPhoneId]- invalid subId = -1 return = -1
02-20 21:42:32.100   924  1763 D SubscriptionManager: [getPhoneId]- return dummy value, subId = -2
02-20 21:42:32.101   924  1763 D TelephonyRegistry: idMatch: rlt=false
02-20 21:42:32.101  1599  1599 D SubscriptionController: [getPhoneId] asked for default subId=-1
02-20 21:42:32.102  1599  1599 D SubscriptionController: [getPhoneId]- invalid subId = -1 return = -1
02-20 21:42:32.103   924  1763 D SubscriptionManager: [getPhoneId]- return dummy value, subId = -2
02-20 21:42:32.103   924  1763 D TelephonyRegistry: idMatch: rlt=false
02-20 21:42:32.104  1599  1599 D SubscriptionController: [getPhoneId] asked for default subId=-1
02-20 21:42:32.104  1599  1599 D SubscriptionController: [getPhoneId]- invalid subId = -1 return = -1
02-20 21:42:32.105   924  1763 D SubscriptionManager: [getPhoneId]- return dummy value, subId = -2
02-20 21:42:32.105   924  1763 D TelephonyRegistry: idMatch: rlt=false
02-20 21:42:32.106  1599  1599 D SubscriptionController: [getPhoneId] asked for default subId=-1
02-20 21:42:32.106  1599  1599 D SubscriptionController: [getPhoneId]- invalid subId = -1 return = -1
02-20 21:42:32.107   924  1763 D SubscriptionManager: [getPhoneId]- return dummy value, subId = -2
02-20 21:42:32.107   924  1763 D TelephonyRegistry: idMatch: rlt=false
02-20 21:42:32.108  1599  1599 D SubscriptionController: [getPhoneId] asked for default subId=-1
02-20 21:42:32.108  1599  1599 D SubscriptionController: [getPhoneId]- invalid subId = -1 return = -1
02-20 21:42:32.109   924  1763 D SubscriptionManager: [getPhoneId]- return dummy value, subId = -2
02-20 21:42:32.109   924  1763 D TelephonyRegistry: idMatch: rlt=false
02-20 21:42:32.110  1599  1599 D SubscriptionController: [getPhoneId] asked for default subId=-1
02-20 21:42:32.110  1599  1599 D SubscriptionController: [getPhoneId]- invalid subId = -1 return = -1
02-20 21:42:32.111   924  1763 D SubscriptionManager: [getPhoneId]- return dummy value, subId = -2
02-20 21:42:32.111   924  1763 D TelephonyRegistry: idMatch: rlt=false
02-20 21:42:32.111  1599  1599 D SubscriptionController: [getPhoneId] asked for default subId=-1
02-20 21:42:32.112  1599  1599 D SubscriptionController: [getPhoneId]- invalid subId = -1 return = -1
02-20 21:42:32.113   924  1763 D SubscriptionManager: [getPhoneId]- return dummy value, subId = -2
02-20 21:42:32.113   924  1763 D TelephonyRegistry: idMatch: rlt=false
02-20 21:42:32.114  1599  1599 D SubscriptionController: [getPhoneId] asked for default subId=-1
02-20 21:42:32.115  1599  1599 D SubscriptionController: [getPhoneId]- invalid subId = -1 return = -1
02-20 21:42:32.115   924  1763 D SubscriptionManager: [getPhoneId]- return dummy value, subId = -2
02-20 21:42:32.115   924  1763 D TelephonyRegistry: idMatch: rlt=false
02-20 21:42:32.116  1599  1599 D SubscriptionController: [getPhoneId] asked for default subId=-1
02-20 21:42:32.117  1599  1599 D SubscriptionController: [getPhoneId]- invalid subId = -1 return = -1
02-20 21:42:32.117   924  1763 D SubscriptionManager: [getPhoneId]- return dummy value, subId = -2
02-20 21:42:32.117   924  1763 D TelephonyRegistry: idMatch: rlt=false
02-20 21:42:32.118  1599  1599 D SubscriptionController: [getPhoneId] asked for default subId=-1
02-20 21:42:32.118  1599  1599 D SubscriptionController: [getPhoneId]- invalid subId = -1 return = -1
02-20 21:42:32.119   924  1763 D SubscriptionManager: [getPhoneId]- return dummy value, subId = -2
02-20 21:42:32.119   924  1763 D TelephonyRegistry: idMatch: rlt=false
02-20 21:42:32.120  1599  1599 D SubscriptionController: [getPhoneId] asked for default subId=-1
02-20 21:42:32.120  1599  1599 D SubscriptionController: [getPhoneId]- invalid subId = -1 return = -1
02-20 21:42:32.120   924  1763 D SubscriptionManager: [getPhoneId]- return dummy value, subId = -2
02-20 21:42:32.120   924  1763 D TelephonyRegistry: idMatch: rlt=false
02-20 21:42:32.121  1599  1599 D SubscriptionController: [getPhoneId] asked for default subId=-1
02-20 21:42:32.121  1599  1599 D SubscriptionController: [getPhoneId]- invalid subId = -1 return = -1
02-20 21:42:32.121   924  1763 D SubscriptionManager: [getPhoneId]- return dummy value, subId = -2
02-20 21:42:32.121   924  1763 D TelephonyRegistry: idMatch: rlt=false
02-20 21:42:32.122  1599  1599 D SubscriptionController: [getPhoneId] asked for default subId=-1
02-20 21:42:32.122  1599  1599 D SubscriptionController: [getPhoneId]- invalid subId = -1 return = -1
02-20 21:42:32.122   924  1763 D SubscriptionManager: [getPhoneId]- return dummy value, subId = -2
02-20 21:42:32.122   924  1763 D TelephonyRegistry: idMatch: rlt=false
02-20 21:42:32.122   924  1763 D TelephonyRegistry: handleRemoveListLocked: mRemoveList.size()=0
02-20 21:42:32.123   924  1763 W SignalStrength: SignalStrength get plugin
02-20 21:42:32.123   924  1763 I use-Rlog/RLOG-GSM: op01_mapLteSignalLevel=0
02-20 21:42:32.123   924  1763 W SignalStrength: SignalStrength get plugin
02-20 21:42:32.123   924  1763 D SubscriptionManager: [getPhoneId]- return dummy value, subId = -2
02-20 21:42:32.123  1599  1599 D SubscriptionController: [getSubId]- sSlotIdxToSubId.size == 0, return DummySubIds slotIdx=0
02-20 21:42:32.123  1599  1599 D SubscriptionController: getDummySubIds: slotIdx=0 return 2 DummySubIds with each subId=-2
02-20 21:42:32.124  1599  1599 D GsmSST  : [GsmSST0] handleMessage msg done
02-20 21:42:33.091   970   993 D RILC    : s_last_wake_timeout_info: 0x7f8be1e240 reset to NULL
02-20 21:42:33.091   970   993 D RILC    : userTimerCallback free  p_info: 0x7f8be1e240
02-20 21:42:33.091   970   993 D RILC    : userTimerCallback free  p_info->event: 0x7f8be1e250
02-20 21:42:35.497   921   921 D RILMUXD : [gsm0710muxd] 3897:main(): Frames received/dropped: 469/0
02-20 21:42:37.200   921   956 D RILMUXD : [gsm0710muxd] 1643:gsm0710_base_buffer_get_frame(): Get a complete frame. ch:2, ctrl:239, len:39
02-20 21:42:37.200   921   956 D RILMUXD : [gsm0710muxd] 2383:extract_frames(): Writing 39 byte frame received on channel 2 to /dev/pts/5
02-20 21:42:37.200   921   956 D RILMUXD : [gsm0710muxd] 2403:extract_frames(): write() returned. Written 39/39 bytes of frame to /dev/pts/5
02-20 21:42:37.200   921   956 D RILMUXD : [gsm0710muxd] 2408:extract_frames(): fsync() failed (-1, 22 - Invalid argument)
02-20 21:42:37.201   970   996 I AT      : AT read end: 39
02-20 21:42:37.201   970   996 D AT      : AT< +ECSQ: 31,33,1,-357,-32,1,1,2,32767
02-20 21:42:37.201   970   996 D AT      : RIL_URC_READER Enter processLine:+ECSQ: 31,33,1,-357,-32,1,1,2,32767
02-20 21:42:37.201   970   996 D RILC    : [MAL_AT] data sent to rild-mal-at is '+ECSQ: 31,33,1,-357,-32,1,1,2,32767'
02-20 21:42:37.201   970   996 D RILC    : internalRequestTimedCallback malloc p_info: 0x7f8be1e540
02-20 21:42:37.201   970   996 D RILC    : internalRequestTimedCallback malloc p_info->event: 0x7f8be1e550
02-20 21:42:37.201   970   996 D RIL     : Nw URC:+ECSQ: 31,33,1,-357,-32,1,1,2,32767
02-20 21:42:37.201   970   996 D RIL     : convert3GRssiValue baseband=503 ,isFdd3G=1,isTdd3G=0 ,RSCP_in_qdbm=-357 ,EcN0_in_qdbm=-32
02-20 21:42:37.201   970   996 D RILC    : callForRilVersion new vendor RIL, version: 10
02-20 21:42:37.201   970   996 I RILC    : RIL_SOCKET_1 UNSOLICITED: UNSOL_SIGNAL_STRENGTH length:72
02-20 21:42:37.201   970   996 E RILC    : Send Response to rild-mal
02-20 21:42:37.201   970   996 E RILC    : Send Response to RIL_SOCKET_1
02-20 21:42:37.201   970   996 I AT      : AT read start
02-20 21:42:37.202  1599  1599 D GsmSST  : [GsmSST0] handle EVENT_SIGNAL_STRENGTH_UPDATE
02-20 21:42:37.202  1599  1599 D GsmSST  : [GsmSST0] onSignalStrengthResult():  LastSignalStrength=SignalStrength: 11 28 -120 -160 -2 0 -1 99 2147483647 -2147483647 2147483647 2147483647 2147483647 gsm|lte 1 -372 -42
02-20 21:42:37.202  1599  1599 D GsmSST  : [GsmSST0] onSignalStrengthResult():new mSignalStrength=SignalStrength: 11 33 -120 -160 -2 0 -1 99 2147483647 -2147483647 2147483647 2147483647 2147483647 gsm|lte 1 -360 -32
02-20 21:42:37.202  1599  1599 W SignalStrength: SignalStrength get plugin
02-20 21:42:37.202  1599  1599 I use-Rlog/RLOG-GSM: op01_mapLteSignalLevel=0
02-20 21:42:37.202  1599  1599 W SignalStrength: SignalStrength get plugin
02-20 21:42:37.202  1599  1599 D GsmSST  : [GsmSST0] notifySignalStrength: mSignalStrength.getLevel=4
02-20 21:42:37.202  1599  1599 D SubscriptionController: [getSubId]- sSlotIdxToSubId.size == 0, return DummySubIds slotIdx=0
02-20 21:42:37.202  1599  1599 D SubscriptionController: getDummySubIds: slotIdx=0 return 2 DummySubIds with each subId=-2
02-20 21:42:37.202  1599  1599 D DefaultPhoneNotifier: notifySignalStrength: mRegistry=com.android.internal.telephony.ITelephonyRegistry$Stub$Proxy@8d1ae45 ss=SignalStrength: 11 33 -120 -160 -2 0 -1 99 2147483647 -2147483647 2147483647 2147483647 2147483647 gsm|lte 1 -360 -32 sender=Handler (com.android.internal.telephony.gsm.GSMPhone) {7fa538}
02-20 21:42:37.203   924  1309 D TelephonyRegistry: notifySignalStrengthForSubscriber: subId=-2 signalStrength=SignalStrength: 11 33 -120 -160 -2 0 -1 99 2147483647 -2147483647 2147483647 2147483647 2147483647 gsm|lte 1 -360 -32
02-20 21:42:37.203   924  1309 D TelephonyRegistry: notifySignalStrengthForSubscriber: logSSC.length=5 next=3
02-20 21:42:37.204   924  1309 D TelephonyRegistry: notifyServiceStateForSubscriber Time 20170220T213511Asia/Shanghai(1,50,28800,0,1487597711) mSubId -2 mPhoneId 0  mState 1 1 voice home data home null null null null null null  Unknown Unknown CSS not supported -1 -1 RoamInd=-1 DefRoamInd=-1 EmergOnly=true Ril Voice Regist state: 10 Ril Data Regist state: 4 mProprietaryDataRadioTechnology: 0 VoiceRejectCause: -1 DataRejectCause: -1 mCdmaNetWorkMode: 0 IsDataRoamingFromRegistration=false
02-20 21:42:37.204   924  1309 D TelephonyRegistry: notifyServiceStateForSubscriber Time 20170220T213511Asia/Shanghai(1,50,28800,0,1487597711) mSubId -2 mPhoneId 0  mState 1 1 voice home data home null null null null null null  Unknown Unknown CSS not supported -1 -1 RoamInd=-1 DefRoamInd=-1 EmergOnly=true Ril Voice Regist state: 10 Ril Data Regist state: 4 mProprietaryDataRadioTechnology: 0 VoiceRejectCause: -1 DataRejectCause: -1 mCdmaNetWorkMode: 0 IsDataRoamingFromRegistration=false
02-20 21:42:37.204   924  1309 D TelephonyRegistry: notifyServiceStateForSubscriber Time 20170220T213511Asia/Shanghai(1,50,28800,0,1487597711) mSubId -3 mPhoneId 1  mState 3 3 voice home data home null null null null null null  Unknown Unknown CSS not supported -1 -1 RoamInd=-1 DefRoamInd=-1 EmergOnly=false Ril Voice Regist state: 0 Ril Data Regist state: 0 mProprietaryDataRadioTechnology: 0 VoiceRejectCause: -1 DataRejectCause: -1 mCdmaNetWorkMode: 0 IsDataRoamingFromRegistration=false
02-20 21:42:37.204   924  1309 D TelephonyRegistry: notifyServiceStateForSubscriber Time 20170220T213511Asia/Shanghai(1,50,28800,0,1487597711) mSubId -2 mPhoneId 0  mState 1 1 voice home data home null null null null null null  Unknown Unknown CSS not supported -1 -1 RoamInd=-1 DefRoamInd=-1 EmergOnly=true Ril Voice Regist state: 10 Ril Data Regist state: 4 mProprietaryDataRadioTechnology: 0 VoiceRejectCause: -1 DataRejectCause: -1 mCdmaNetWorkMode: 0 IsDataRoamingFromRegistration=false
02-20 21:42:37.204   924  1309 D TelephonyRegistry: notifyServiceStateForSubscriber Time 20170220T213511Asia/Shanghai(1,50,28800,0,1487597711) mSubId -3 mPhoneId 1  mState 3 3 voice home data home null null null null null null  Unknown Unknown CSS not supported -1 -1 RoamInd=-1 DefRoamInd=-1 EmergOnly=false Ril Voice Regist state: 0 Ril Data Regist state: 0 mProprietaryDataRadioTechnology: 0 VoiceRejectCause: -1 DataRejectCause: -1 mCdmaNetWorkMode: 0 IsDataRoamingFromRegistration=false
02-20 21:42:37.204   924  1309 D TelephonyRegistry: notifySignalStrengthForSubscriber: ----------------
02-20 21:42:37.204   924  1309 D SubscriptionManager: [getPhoneId]- return dummy value, subId = -2
02-20 21:42:37.204   924  1309 D TelephonyRegistry: validatePhoneId: true
02-20 21:42:37.204   924  1309 D TelephonyRegistry: notifySignalStrengthForSubscriber: valid phoneId=0
02-20 21:42:37.206  1599  1599 D SubscriptionController: [getPhoneId] asked for default subId=-1
02-20 21:42:37.207  1599  1599 D SubscriptionController: [getPhoneId]- invalid subId = -1 return = -1
02-20 21:42:37.208   924  1309 D SubscriptionManager: [getPhoneId]- return dummy value, subId = -2
02-20 21:42:37.208   924  1309 D TelephonyRegistry: idMatch: rlt=false
02-20 21:42:37.209  1599  1599 D SubscriptionController: [getPhoneId] asked for default subId=-1
02-20 21:42:37.209  1599  1599 D SubscriptionController: [getPhoneId]- invalid subId = -1 return = -1
02-20 21:42:37.210   924  1309 D SubscriptionManager: [getPhoneId]- return dummy value, subId = -2
02-20 21:42:37.210   924  1309 D TelephonyRegistry: idMatch: rlt=false
02-20 21:42:37.211  1599  1599 D SubscriptionController: [getPhoneId] asked for default subId=-1
02-20 21:42:37.211  1599  1599 D SubscriptionController: [getPhoneId]- invalid subId = -1 return = -1
02-20 21:42:37.212   924  1309 D SubscriptionManager: [getPhoneId]- return dummy value, subId = -2
02-20 21:42:37.212   924  1309 D TelephonyRegistry: idMatch: rlt=false
02-20 21:42:37.213  1599  1599 D SubscriptionController: [getPhoneId] asked for default subId=-1
02-20 21:42:37.214  1599  1599 D SubscriptionController: [getPhoneId]- invalid subId = -1 return = -1
02-20 21:42:37.214   924  1309 D SubscriptionManager: [getPhoneId]- return dummy value, subId = -2
02-20 21:42:37.214   924  1309 D TelephonyRegistry: idMatch: rlt=false
02-20 21:42:37.215  1599  1599 D SubscriptionController: [getPhoneId] asked for default subId=-1
02-20 21:42:37.215  1599  1599 D SubscriptionController: [getPhoneId]- invalid subId = -1 return = -1
02-20 21:42:37.216   924  1309 D SubscriptionManager: [getPhoneId]- return dummy value, subId = -2
02-20 21:42:37.216   924  1309 D TelephonyRegistry: idMatch: rlt=false
02-20 21:42:37.217  1599  1599 D SubscriptionController: [getPhoneId] asked for default subId=-1
