02-20 21:42:52.581   924  1694 D TelephonyRegistry: idMatch: rlt=false
02-20 21:42:52.582  1599  1599 D SubscriptionController: [getPhoneId] asked for default subId=-1
02-20 21:42:52.582  1599  1599 D SubscriptionController: [getPhoneId]- invalid subId = -1 return = -1
02-20 21:42:52.583   924  1694 D SubscriptionManager: [getPhoneId]- return dummy value, subId = -2
02-20 21:42:52.583   924  1694 D TelephonyRegistry: idMatch: rlt=false
02-20 21:42:52.584  1599  1599 D SubscriptionController: [getPhoneId] asked for default subId=-1
02-20 21:42:52.584  1599  1599 D SubscriptionController: [getPhoneId]- invalid subId = -1 return = -1
02-20 21:42:52.585   924  1694 D SubscriptionManager: [getPhoneId]- return dummy value, subId = -2
02-20 21:42:52.585   924  1694 D TelephonyRegistry: idMatch: rlt=false
02-20 21:42:52.586  1599  1599 D SubscriptionController: [getPhoneId] asked for default subId=-1
02-20 21:42:52.586  1599  1599 D SubscriptionController: [getPhoneId]- invalid subId = -1 return = -1
02-20 21:42:52.587   924  1694 D SubscriptionManager: [getPhoneId]- return dummy value, subId = -2
02-20 21:42:52.587   924  1694 D TelephonyRegistry: idMatch: rlt=false
02-20 21:42:52.588  1599  1599 D SubscriptionController: [getPhoneId] asked for default subId=-1
02-20 21:42:52.588  1599  1599 D SubscriptionController: [getPhoneId]- invalid subId = -1 return = -1
02-20 21:42:52.588   924  1694 D SubscriptionManager: [getPhoneId]- return dummy value, subId = -2
02-20 21:42:52.589   924  1694 D TelephonyRegistry: idMatch: rlt=false
02-20 21:42:52.590  1599  1599 D SubscriptionController: [getPhoneId] asked for default subId=-1
02-20 21:42:52.590  1599  1599 D SubscriptionController: [getPhoneId]- invalid subId = -1 return = -1
02-20 21:42:52.590   924  1694 D SubscriptionManager: [getPhoneId]- return dummy value, subId = -2
02-20 21:42:52.591   924  1694 D TelephonyRegistry: idMatch: rlt=false
02-20 21:42:52.592  1599  1599 D SubscriptionController: [getPhoneId] asked for default subId=-1
02-20 21:42:52.593  1599  1599 D SubscriptionController: [getPhoneId]- invalid subId = -1 return = -1
02-20 21:42:52.594   924  1694 D SubscriptionManager: [getPhoneId]- return dummy value, subId = -2
02-20 21:42:52.594   924  1694 D TelephonyRegistry: idMatch: rlt=false
02-20 21:42:52.596  1599  1599 D SubscriptionController: [getPhoneId] asked for default subId=-1
02-20 21:42:52.596  1599  1599 D SubscriptionController: [getPhoneId]- invalid subId = -1 return = -1
02-20 21:42:52.597   924  1694 D SubscriptionManager: [getPhoneId]- return dummy value, subId = -2
02-20 21:42:52.597   924  1694 D TelephonyRegistry: idMatch: rlt=false
02-20 21:42:52.597   924  1694 D TelephonyRegistry: handleRemoveListLocked: mRemoveList.size()=0
02-20 21:42:52.597   924  1694 W SignalStrength: SignalStrength get plugin
02-20 21:42:52.597   924  1694 I use-Rlog/RLOG-GSM: op01_mapLteSignalLevel=0
02-20 21:42:52.597   924  1694 W SignalStrength: SignalStrength get plugin
02-20 21:42:52.597   924  1694 D SubscriptionManager: [getPhoneId]- return dummy value, subId = -2
02-20 21:42:52.598  1599  1599 D SubscriptionController: [getSubId]- sSlotIdxToSubId.size == 0, return DummySubIds slotIdx=0
02-20 21:42:52.598  1599  1599 D SubscriptionController: getDummySubIds: slotIdx=0 return 2 DummySubIds with each subId=-2
02-20 21:42:52.600  1599  1599 D GsmSST  : [GsmSST0] handleMessage msg done
02-20 21:42:53.565   970   993 D RILC    : s_last_wake_timeout_info: 0x7f8be1e4e0 reset to NULL
02-20 21:42:53.566   970   993 D RILC    : userTimerCallback free  p_info: 0x7f8be1e4e0
02-20 21:42:53.566   970   993 D RILC    : userTimerCallback free  p_info->event: 0x7f8be1e4f0
02-20 21:42:55.498   921   921 D RILMUXD : [gsm0710muxd] 3897:main(): Frames received/dropped: 477/0
02-20 21:42:57.685   921   956 D RILMUXD : [gsm0710muxd] 1643:gsm0710_base_buffer_get_frame(): Get a complete frame. ch:2, ctrl:239, len:39
02-20 21:42:57.685   921   956 D RILMUXD : [gsm0710muxd] 2383:extract_frames(): Writing 39 byte frame received on channel 2 to /dev/pts/5
02-20 21:42:57.685   921   956 D RILMUXD : [gsm0710muxd] 2403:extract_frames(): write() returned. Written 39/39 bytes of frame to /dev/pts/5
02-20 21:42:57.685   921   956 D RILMUXD : [gsm0710muxd] 2408:extract_frames(): fsync() failed (-1, 22 - Invalid argument)
02-20 21:42:57.685   970   996 I AT      : AT read end: 39
02-20 21:42:57.686   970   996 D AT      : AT< +ECSQ: 30,30,1,-363,-37,1,1,2,32767
02-20 21:42:57.686   970   996 D AT      : RIL_URC_READER Enter processLine:+ECSQ: 30,30,1,-363,-37,1,1,2,32767
02-20 21:42:57.686   970   996 D RILC    : [MAL_AT] data sent to rild-mal-at is '+ECSQ: 30,30,1,-363,-37,1,1,2,32767'
02-20 21:42:57.686   970   996 D RILC    : internalRequestTimedCallback malloc p_info: 0x7f8be1e5a0
02-20 21:42:57.686   970   996 D RILC    : internalRequestTimedCallback malloc p_info->event: 0x7f8be1e5b0
02-20 21:42:57.686   970   996 D RIL     : Nw URC:+ECSQ: 30,30,1,-363,-37,1,1,2,32767
02-20 21:42:57.686   970   996 D RIL     : convert3GRssiValue baseband=503 ,isFdd3G=1,isTdd3G=0 ,RSCP_in_qdbm=-363 ,EcN0_in_qdbm=-37
02-20 21:42:57.686   970   996 D RILC    : callForRilVersion new vendor RIL, version: 10
02-20 21:42:57.686   970   996 I RILC    : RIL_SOCKET_1 UNSOLICITED: UNSOL_SIGNAL_STRENGTH length:72
02-20 21:42:57.686   970   996 E RILC    : Send Response to rild-mal
02-20 21:42:57.686   970   996 E RILC    : Send Response to RIL_SOCKET_1
02-20 21:42:57.686   970   996 I AT      : AT read start
02-20 21:42:57.687  1599  1599 D GsmSST  : [GsmSST0] handle EVENT_SIGNAL_STRENGTH_UPDATE
02-20 21:42:57.687  1599  1599 D GsmSST  : [GsmSST0] onSignalStrengthResult():  LastSignalStrength=SignalStrength: 11 33 -120 -160 -2 0 -1 99 2147483647 -2147483647 2147483647 2147483647 2147483647 gsm|lte 1 -360 -32
02-20 21:42:57.687  1599  1599 D GsmSST  : [GsmSST0] onSignalStrengthResult():new mSignalStrength=SignalStrength: 11 30 -120 -160 -2 0 -1 99 2147483647 -2147483647 2147483647 2147483647 2147483647 gsm|lte 1 -364 -37
02-20 21:42:57.687  1599  1599 W SignalStrength: SignalStrength get plugin
02-20 21:42:57.687  1599  1599 I use-Rlog/RLOG-GSM: op01_mapLteSignalLevel=0
02-20 21:42:57.687  1599  1599 W SignalStrength: SignalStrength get plugin
02-20 21:42:57.687  1599  1599 D GsmSST  : [GsmSST0] notifySignalStrength: mSignalStrength.getLevel=4
02-20 21:42:57.687  1599  1599 D SubscriptionController: [getSubId]- sSlotIdxToSubId.size == 0, return DummySubIds slotIdx=0
02-20 21:42:57.687  1599  1599 D SubscriptionController: getDummySubIds: slotIdx=0 return 2 DummySubIds with each subId=-2
02-20 21:42:57.687  1599  1599 D DefaultPhoneNotifier: notifySignalStrength: mRegistry=com.android.internal.telephony.ITelephonyRegistry$Stub$Proxy@8d1ae45 ss=SignalStrength: 11 30 -120 -160 -2 0 -1 99 2147483647 -2147483647 2147483647 2147483647 2147483647 gsm|lte 1 -364 -37 sender=Handler (com.android.internal.telephony.gsm.GSMPhone) {7fa538}
02-20 21:42:57.687   924  1656 D TelephonyRegistry: notifySignalStrengthForSubscriber: subId=-2 signalStrength=SignalStrength: 11 30 -120 -160 -2 0 -1 99 2147483647 -2147483647 2147483647 2147483647 2147483647 gsm|lte 1 -364 -37
02-20 21:42:57.687   924  1656 D TelephonyRegistry: notifySignalStrengthForSubscriber: logSSC.length=5 next=3
02-20 21:42:57.688   924  1656 D TelephonyRegistry: notifyServiceStateForSubscriber Time 20170220T213511Asia/Shanghai(1,50,28800,0,1487597711) mSubId -2 mPhoneId 0  mState 1 1 voice home data home null null null null null null  Unknown Unknown CSS not supported -1 -1 RoamInd=-1 DefRoamInd=-1 EmergOnly=true Ril Voice Regist state: 10 Ril Data Regist state: 4 mProprietaryDataRadioTechnology: 0 VoiceRejectCause: -1 DataRejectCause: -1 mCdmaNetWorkMode: 0 IsDataRoamingFromRegistration=false
02-20 21:42:57.688   924  1656 D TelephonyRegistry: notifyServiceStateForSubscriber Time 20170220T213511Asia/Shanghai(1,50,28800,0,1487597711) mSubId -2 mPhoneId 0  mState 1 1 voice home data home null null null null null null  Unknown Unknown CSS not supported -1 -1 RoamInd=-1 DefRoamInd=-1 EmergOnly=true Ril Voice Regist state: 10 Ril Data Regist state: 4 mProprietaryDataRadioTechnology: 0 VoiceRejectCause: -1 DataRejectCause: -1 mCdmaNetWorkMode: 0 IsDataRoamingFromRegistration=false
02-20 21:42:57.688   924  1656 D TelephonyRegistry: notifyServiceStateForSubscriber Time 20170220T213511Asia/Shanghai(1,50,28800,0,1487597711) mSubId -3 mPhoneId 1  mState 3 3 voice home data home null null null null null null  Unknown Unknown CSS not supported -1 -1 RoamInd=-1 DefRoamInd=-1 EmergOnly=false Ril Voice Regist state: 0 Ril Data Regist state: 0 mProprietaryDataRadioTechnology: 0 VoiceRejectCause: -1 DataRejectCause: -1 mCdmaNetWorkMode: 0 IsDataRoamingFromRegistration=false
02-20 21:42:57.688   924  1656 D TelephonyRegistry: notifyServiceStateForSubscriber Time 20170220T213511Asia/Shanghai(1,50,28800,0,1487597711) mSubId -2 mPhoneId 0  mState 1 1 voice home data home null null null null null null  Unknown Unknown CSS not supported -1 -1 RoamInd=-1 DefRoamInd=-1 EmergOnly=true Ril Voice Regist state: 10 Ril Data Regist state: 4 mProprietaryDataRadioTechnology: 0 VoiceRejectCause: -1 DataRejectCause: -1 mCdmaNetWorkMode: 0 IsDataRoamingFromRegistration=false
02-20 21:42:57.688   924  1656 D TelephonyRegistry: notifyServiceStateForSubscriber Time 20170220T213511Asia/Shanghai(1,50,28800,0,1487597711) mSubId -3 mPhoneId 1  mState 3 3 voice home data home null null null null null null  Unknown Unknown CSS not supported -1 -1 RoamInd=-1 DefRoamInd=-1 EmergOnly=false Ril Voice Regist state: 0 Ril Data Regist state: 0 mProprietaryDataRadioTechnology: 0 VoiceRejectCause: -1 DataRejectCause: -1 mCdmaNetWorkMode: 0 IsDataRoamingFromRegistration=false
02-20 21:42:57.688   924  1656 D TelephonyRegistry: notifySignalStrengthForSubscriber: ----------------
02-20 21:42:57.688   924  1656 D SubscriptionManager: [getPhoneId]- return dummy value, subId = -2
02-20 21:42:57.688   924  1656 D TelephonyRegistry: validatePhoneId: true
02-20 21:42:57.688   924  1656 D TelephonyRegistry: notifySignalStrengthForSubscriber: valid phoneId=0
02-20 21:42:57.690  1599  1599 D SubscriptionController: [getPhoneId] asked for default subId=-1
02-20 21:42:57.690  1599  1599 D SubscriptionController: [getPhoneId]- invalid subId = -1 return = -1
02-20 21:42:57.691   924  1656 D SubscriptionManager: [getPhoneId]- return dummy value, subId = -2
02-20 21:42:57.691   924  1656 D TelephonyRegistry: idMatch: rlt=false
02-20 21:42:57.692  1599  1599 D SubscriptionController: [getPhoneId] asked for default subId=-1
02-20 21:42:57.692  1599  1599 D SubscriptionController: [getPhoneId]- invalid subId = -1 return = -1
02-20 21:42:57.693   924  1656 D SubscriptionManager: [getPhoneId]- return dummy value, subId = -2
02-20 21:42:57.693   924  1656 D TelephonyRegistry: idMatch: rlt=false
02-20 21:42:57.693  1599  1599 D SubscriptionController: [getPhoneId] asked for default subId=-1
02-20 21:42:57.694  1599  1599 D SubscriptionController: [getPhoneId]- invalid subId = -1 return = -1
02-20 21:42:57.694   924  1656 D SubscriptionManager: [getPhoneId]- return dummy value, subId = -2
02-20 21:42:57.694   924  1656 D TelephonyRegistry: idMatch: rlt=false
02-20 21:42:57.695  1599  1599 D SubscriptionController: [getPhoneId] asked for default subId=-1
02-20 21:42:57.695  1599  1599 D SubscriptionController: [getPhoneId]- invalid subId = -1 return = -1
02-20 21:42:57.696   924  1656 D SubscriptionManager: [getPhoneId]- return dummy value, subId = -2
02-20 21:42:57.696   924  1656 D TelephonyRegistry: idMatch: rlt=false
02-20 21:42:57.697  1599  1599 D SubscriptionController: [getPhoneId] asked for default subId=-1
02-20 21:42:57.697  1599  1599 D SubscriptionController: [getPhoneId]- invalid subId = -1 return = -1
02-20 21:42:57.697   924  1656 D SubscriptionManager: [getPhoneId]- return dummy value, subId = -2
02-20 21:42:57.697   924  1656 D TelephonyRegistry: idMatch: rlt=false
02-20 21:42:57.698  1599  1599 D SubscriptionController: [getPhoneId] asked for default subId=-1
02-20 21:42:57.698  1599  1599 D SubscriptionController: [getPhoneId]- invalid subId = -1 return = -1
02-20 21:42:57.699   924  1656 D SubscriptionManager: [getPhoneId]- return dummy value, subId = -2
02-20 21:42:57.699   924  1656 D TelephonyRegistry: idMatch: rlt=false
02-20 21:42:57.700  1599  1599 D SubscriptionController: [getPhoneId] asked for default subId=-1
02-20 21:42:57.700  1599  1599 D SubscriptionController: [getPhoneId]- invalid subId = -1 return = -1
02-20 21:42:57.700   924  1656 D SubscriptionManager: [getPhoneId]- return dummy value, subId = -2
02-20 21:42:57.700   924  1656 D TelephonyRegistry: idMatch: rlt=false
02-20 21:42:57.701  1599  1599 D SubscriptionController: [getPhoneId] asked for default subId=-1
02-20 21:42:57.701  1599  1599 D SubscriptionController: [getPhoneId]- invalid subId = -1 return = -1
02-20 21:42:57.702   924  1656 D SubscriptionManager: [getPhoneId]- return dummy value, subId = -2
02-20 21:42:57.702   924  1656 D TelephonyRegistry: idMatch: rlt=false
02-20 21:42:57.704  1599  1599 D SubscriptionController: [getPhoneId] asked for default subId=-1
02-20 21:42:57.704  1599  1599 D SubscriptionController: [getPhoneId]- invalid subId = -1 return = -1
02-20 21:42:57.705   924  1656 D SubscriptionManager: [getPhoneId]- return dummy value, subId = -2
02-20 21:42:57.705   924  1656 D TelephonyRegistry: idMatch: rlt=false
02-20 21:42:57.706  1599  1599 D SubscriptionController: [getPhoneId] asked for default subId=-1
02-20 21:42:57.707  1599  1599 D SubscriptionController: [getPhoneId]- invalid subId = -1 return = -1
02-20 21:42:57.707   924  1656 D SubscriptionManager: [getPhoneId]- return dummy value, subId = -2
02-20 21:42:57.707   924  1656 D TelephonyRegistry: idMatch: rlt=false
02-20 21:42:57.708  1599  1599 D SubscriptionController: [getPhoneId] asked for default subId=-1
02-20 21:42:57.708  1599  1599 D SubscriptionController: [getPhoneId]- invalid subId = -1 return = -1
02-20 21:42:57.710   924  1656 D SubscriptionManager: [getPhoneId]- return dummy value, subId = -2
02-20 21:42:57.710   924  1656 D TelephonyRegistry: idMatch: rlt=false
02-20 21:42:57.711  1599  1599 D SubscriptionController: [getPhoneId] asked for default subId=-1
02-20 21:42:57.712  1599  1599 D SubscriptionController: [getPhoneId]- invalid subId = -1 return = -1
02-20 21:42:57.713   924  1656 D SubscriptionManager: [getPhoneId]- return dummy value, subId = -2
02-20 21:42:57.713   924  1656 D TelephonyRegistry: idMatch: rlt=false
02-20 21:42:57.714  1599  1599 D SubscriptionController: [getPhoneId] asked for default subId=-1
02-20 21:42:57.714  1599  1599 D SubscriptionController: [getPhoneId]- invalid subId = -1 return = -1
02-20 21:42:57.715   924  1656 D SubscriptionManager: [getPhoneId]- return dummy value, subId = -2
02-20 21:42:57.715   924  1656 D TelephonyRegistry: idMatch: rlt=false
02-20 21:42:57.716  1599  1599 D SubscriptionController: [getPhoneId] asked for default subId=-1
02-20 21:42:57.717  1599  1599 D SubscriptionController: [getPhoneId]- invalid subId = -1 return = -1
02-20 21:42:57.717   924  1656 D SubscriptionManager: [getPhoneId]- return dummy value, subId = -2
02-20 21:42:57.717   924  1656 D TelephonyRegistry: idMatch: rlt=false
02-20 21:42:57.717   924  1656 D TelephonyRegistry: handleRemoveListLocked: mRemoveList.size()=0
02-20 21:42:57.717   924  1656 W SignalStrength: SignalStrength get plugin
02-20 21:42:57.717   924  1656 I use-Rlog/RLOG-GSM: op01_mapLteSignalLevel=0
02-20 21:42:57.717   924  1656 W SignalStrength: SignalStrength get plugin
02-20 21:42:57.717   924  1656 D SubscriptionManager: [getPhoneId]- return dummy value, subId = -2
02-20 21:42:57.718  1599  1599 D SubscriptionController: [getSubId]- sSlotIdxToSubId.size == 0, return DummySubIds slotIdx=0
02-20 21:42:57.718  1599  1599 D SubscriptionController: getDummySubIds: slotIdx=0 return 2 DummySubIds with each subId=-2
02-20 21:42:57.719  1599  1599 D GsmSST  : [GsmSST0] handleMessage msg done
02-20 21:42:58.687   970   993 D RILC    : s_last_wake_timeout_info: 0x7f8be1e5a0 reset to NULL
02-20 21:42:58.687   970   993 D RILC    : userTimerCallback free  p_info: 0x7f8be1e5a0
02-20 21:42:58.687   970   993 D RILC    : userTimerCallback free  p_info->event: 0x7f8be1e5b0
02-20 21:43:00.498   921   921 D RILMUXD : [gsm0710muxd] 3897:main(): Frames received/dropped: 478/0
02-20 21:43:01.103   970   993 I RILC    : NUMBER:1
02-20 21:43:01.103   970   993 I RILC    : arg len:14
02-20 21:43:01.103   970   993 I RILC    : ARGS[0]:THERMAL,0,-1
02-20 21:43:01.103   970   993 D RILC    : C[locl]> QUERY_MODEM_THERMAL
02-20 21:43:01.103   970   993 D RILC-MTK: QUERY_MODEM_THERMAL pRI=0x7f8a613450 p=0x7f8a628930 dispatched to RIL_CMD_PROXY_1
02-20 21:43:01.103   970   991 I RILC-MTK: RIL_CMD2_PROXY_4 wakeup
02-20 21:43:01.103   970   991 I RILC-MTK: RIL_CMD2_PROXY_4 sleep
02-20 21:43:01.103   970   982 I RILC-MTK: RIL_CMD_PROXY_3 wakeup
02-20 21:43:01.103   970   982 I RILC-MTK: RIL_CMD_PROXY_3 sleep
02-20 21:43:01.103   970   981 I RILC-MTK: RIL_URC_PROXY wakeup
02-20 21:43:01.103   970   981 I RILC-MTK: RIL_URC_PROXY sleep
02-20 21:43:01.103   970   992 I RILC-MTK: RIL_ATCI2_PROXY wakeup
02-20 21:43:01.103   970   992 I RILC-MTK: RIL_ATCI2_PROXY sleep
02-20 21:43:01.103   970   986 I RILC-MTK: RIL_ATCI_PROXY wakeup
02-20 21:43:01.103   970   986 I RILC-MTK: RIL_ATCI_PROXY sleep
02-20 21:43:01.103   970   987 I RILC-MTK: RIL_URC2_PROXY wakeup
02-20 21:43:01.103   970   987 I RILC-MTK: RIL_URC2_PROXY sleep
02-20 21:43:01.103   970   988 I RILC-MTK: RIL_CMD2_PROXY_3 wakeup
02-20 21:43:01.103   970   988 I RILC-MTK: RIL_CMD2_PROXY_3 sleep
02-20 21:43:01.103   970   990 I RILC-MTK: RIL_CMD2_PROXY_1 wakeup
02-20 21:43:01.103   970   990 I RILC-MTK: RIL_CMD2_PROXY_1 sleep
02-20 21:43:01.103   970   989 I RILC-MTK: RIL_CMD2_PROXY_2 wakeup
02-20 21:43:01.103   970   989 I RILC-MTK: RIL_CMD2_PROXY_2 sleep
02-20 21:43:01.103   970   983 I RILC-MTK: RIL_CMD_PROXY_2 wakeup
02-20 21:43:01.103   970   983 I RILC-MTK: RIL_CMD_PROXY_2 sleep
02-20 21:43:01.103   970   985 I RILC-MTK: RIL_CMD_PROXY_4 wakeup
02-20 21:43:01.103   970   985 I RILC-MTK: RIL_CMD_PROXY_4 sleep
02-20 21:43:01.103   970   984 I RILC-MTK: RIL_CMD_PROXY_1 wakeup
02-20 21:43:01.103   970   984 D RILC-MTK: proxy id:3, proxyName: RIL_CMD_PROXY_1
02-20 21:43:01.103   970   984 D RILC-MTK: QUERY_MODEM_THERMAL pRI=0x7f8a613450 p=0x7f8a628930 execute on RIL_CMD_PROXY_1 using channel 3
02-20 21:43:01.103   970   984 D RILC    : callOnRequest for new vendor ril
02-20 21:43:01.103   970   984 D RIL     : onRequest: QUERY_MODEM_THERMAL, datalen = 8
02-20 21:43:01.103   970   984 D RIL     : radioState:10
02-20 21:43:01.103   970   984 D RIL     : requestQueryThermal Enter,-1
02-20 21:43:01.104   970   984 D AT      : getRILChannelCtx subsystem:1, rid:0 channelOffset:0
02-20 21:43:01.104   970   984 D AT      : AT send on RIL_CMD_READER_3, tid:547792835648
02-20 21:43:01.104   970   984 D AT      : AT> AT+ETHERMAL
02-20 21:43:01.104   970   984 I AT      : AT write start
02-20 21:43:01.104   921   962 D RILMUXD : [gsm0710muxd] 3614:poll_thread(): poll_thread select found
02-20 21:43:01.104   921   962 D RILMUXD : [gsm0710muxd] 1045:pseudo_device_read(): Enter, LackofAtciChannel=0
02-20 21:43:01.104   921   962 D RILMUXD : [gsm0710muxd] 657:write_frame(): Sending frame to channel 5
02-20 21:43:01.120   921   962 D RILMUXD : [gsm0710muxd] 766:write_frame(): Write a frame on channel 5 with length 12
02-20 21:43:01.128   921   956 D RILMUXD : [gsm0710muxd] 1643:gsm0710_base_buffer_get_frame(): Get a complete frame. ch:5, ctrl:239, len:44
02-20 21:43:01.128   921   956 D RILMUXD : [gsm0710muxd] 2383:extract_frames(): Writing 44 byte frame received on channel 5 to /dev/pts/8
02-20 21:43:01.128   921   956 D RILMUXD : [gsm0710muxd] 2403:extract_frames(): write() returned. Written 44/44 bytes of frame to /dev/pts/8
02-20 21:43:01.128   921   956 D RILMUXD : [gsm0710muxd] 2408:extract_frames(): fsync() failed (-1, 22 - Invalid argument)
02-20 21:43:01.128   970   999 I AT      : AT read end: 44
02-20 21:43:01.128   970   999 D AT      : AT< +ETHERMAL: 2, 32767, -127, -1, 32767, 17
02-20 21:43:01.128   970   999 D AT      : RIL_CMD_READER_3 Enter processLine:+ETHERMAL: 2, 32767, -127, -1, 32767, 17
02-20 21:43:01.128   970   999 I AT      : AT read start
02-20 21:43:01.128   921   956 D RILMUXD : [gsm0710muxd] 1643:gsm0710_base_buffer_get_frame(): Get a complete frame. ch:5, ctrl:239, len:6
02-20 21:43:01.128   921   956 D RILMUXD : [gsm0710muxd] 2383:extract_frames(): Writing 6 byte frame received on channel 5 to /dev/pts/8
02-20 21:43:01.128   921   956 D RILMUXD : [gsm0710muxd] 2403:extract_frames(): write() returned. Written 6/6 bytes of frame to /dev/pts/8
02-20 21:43:01.128   921   956 D RILMUXD : [gsm0710muxd] 2408:extract_frames(): fsync() failed (-1, 22 - Invalid argument)
02-20 21:43:01.128   970   999 I AT      : AT read end: 6
02-20 21:43:01.128   970   999 D AT      : AT< OK
02-20 21:43:01.128   970   999 D AT      : RIL_CMD_READER_3 Enter processLine:OK
02-20 21:43:01.128   970   999 I AT      : AT read start
02-20 21:43:01.128   970   984 D AT      : response received on RIL_CMD_READER_3, tid:547792835648
02-20 21:43:01.128   970   984 D RIL     : requestQueryThermal success
02-20 21:43:01.128   970   984 D RILC    : RequestComplete, RIL_SOCKET_1
02-20 21:43:01.128   970   984 D RILC    : [THERMAL] local request for THERMAL returned 
02-20 21:43:01.128   970   984 D RILC    : [THERMAL] s_THERMAL_fd is valid strResult is  2, 32767, -127, -1, 32767, 17
02-20 21:43:01.128   970   984 D RILC-MTK: proxyLoop free  pRI=0x7f8a613450 p=0x7f8a628930 
02-20 21:43:01.128   970   984 D RILC-MTK: proxyLoop free  pRequest=0x7f8a611720
02-20 21:43:01.128   970   984 I RILC-MTK: RIL_CMD_PROXY_1 sleep
02-20 21:43:02.794   921   956 D RILMUXD : [gsm0710muxd] 1643:gsm0710_base_buffer_get_frame(): Get a complete frame. ch:2, ctrl:239, len:39
02-20 21:43:02.794   921   956 D RILMUXD : [gsm0710muxd] 2383:extract_frames(): Writing 39 byte frame received on channel 2 to /dev/pts/5
02-20 21:43:02.794   921   956 D RILMUXD : [gsm0710muxd] 2403:extract_frames(): write() returned. Written 39/39 bytes of frame to /dev/pts/5
02-20 21:43:02.794   921   956 D RILMUXD : [gsm0710muxd] 2408:extract_frames(): fsync() failed (-1, 22 - Invalid argument)
02-20 21:43:02.794   970   996 I AT      : AT read end: 39
02-20 21:43:02.794   970   996 D AT      : AT< +ECSQ: 27,25,1,-375,-47,1,1,2,32767
02-20 21:43:02.794   970   996 D AT      : RIL_URC_READER Enter processLine:+ECSQ: 27,25,1,-375,-47,1,1,2,32767
02-20 21:43:02.795   970   996 D RILC    : [MAL_AT] data sent to rild-mal-at is '+ECSQ: 27,25,1,-375,-47,1,1,2,32767'
02-20 21:43:02.795   970   996 D RILC    : internalRequestTimedCallback malloc p_info: 0x7f8be1e180
02-20 21:43:02.795   970   996 D RILC    : internalRequestTimedCallback malloc p_info->event: 0x7f8be1e190
02-20 21:43:02.795   970   996 D RIL     : Nw URC:+ECSQ: 27,25,1,-375,-47,1,1,2,32767
02-20 21:43:02.795   970   996 D RIL     : convert3GRssiValue baseband=503 ,isFdd3G=1,isTdd3G=0 ,RSCP_in_qdbm=-375 ,EcN0_in_qdbm=-47
02-20 21:43:02.795   970   996 D RILC    : callForRilVersion new vendor RIL, version: 10
02-20 21:43:02.795   970   996 I RILC    : RIL_SOCKET_1 UNSOLICITED: UNSOL_SIGNAL_STRENGTH length:72
02-20 21:43:02.795   970   996 E RILC    : Send Response to rild-mal
02-20 21:43:02.795   970   996 E RILC    : Send Response to RIL_SOCKET_1
02-20 21:43:02.795   970   996 I AT      : AT read start
02-20 21:43:02.796  1599  1599 D GsmSST  : [GsmSST0] handle EVENT_SIGNAL_STRENGTH_UPDATE
02-20 21:43:02.796  1599  1599 D GsmSST  : [GsmSST0] onSignalStrengthResult():  LastSignalStrength=SignalStrength: 11 30 -120 -160 -2 0 -1 99 2147483647 -2147483647 2147483647 2147483647 2147483647 gsm|lte 1 -364 -37
02-20 21:43:02.796  1599  1599 D GsmSST  : [GsmSST0] onSignalStrengthResult():new mSignalStrength=SignalStrength: 11 25 -120 -160 -2 0 -1 99 2147483647 -2147483647 2147483647 2147483647 2147483647 gsm|lte 1 -376 -47
02-20 21:43:02.796  1599  1599 W SignalStrength: SignalStrength get plugin
02-20 21:43:02.796  1599  1599 I use-Rlog/RLOG-GSM: op01_mapLteSignalLevel=0
02-20 21:43:02.796  1599  1599 W SignalStrength: SignalStrength get plugin
02-20 21:43:02.796  1599  1599 D GsmSST  : [GsmSST0] notifySignalStrength: mSignalStrength.getLevel=4
02-20 21:43:02.796  1599  1599 D SubscriptionController: [getSubId]- sSlotIdxToSubId.size == 0, return DummySubIds slotIdx=0
02-20 21:43:02.796  1599  1599 D SubscriptionController: getDummySubIds: slotIdx=0 return 2 DummySubIds with each subId=-2
02-20 21:43:02.796  1599  1599 D DefaultPhoneNotifier: notifySignalStrength: mRegistry=com.android.internal.telephony.ITelephonyRegistry$Stub$Proxy@8d1ae45 ss=SignalStrength: 11 25 -120 -160 -2 0 -1 99 2147483647 -2147483647 2147483647 2147483647 2147483647 gsm|lte 1 -376 -47 sender=Handler (com.android.internal.telephony.gsm.GSMPhone) {7fa538}
02-20 21:43:02.797   924  1763 D TelephonyRegistry: notifySignalStrengthForSubscriber: subId=-2 signalStrength=SignalStrength: 11 25 -120 -160 -2 0 -1 99 2147483647 -2147483647 2147483647 2147483647 2147483647 gsm|lte 1 -376 -47
02-20 21:43:02.797   924  1763 D TelephonyRegistry: notifySignalStrengthForSubscriber: logSSC.length=5 next=3
02-20 21:43:02.797   924  1763 D TelephonyRegistry: notifyServiceStateForSubscriber Time 20170220T213511Asia/Shanghai(1,50,28800,0,1487597711) mSubId -2 mPhoneId 0  mState 1 1 voice home data home null null null null null null  Unknown Unknown CSS not supported -1 -1 RoamInd=-1 DefRoamInd=-1 EmergOnly=true Ril Voice Regist state: 10 Ril Data Regist state: 4 mProprietaryDataRadioTechnology: 0 VoiceRejectCause: -1 DataRejectCause: -1 mCdmaNetWorkMode: 0 IsDataRoamingFromRegistration=false
02-20 21:43:02.797   924  1763 D TelephonyRegistry: notifyServiceStateForSubscriber Time 20170220T213511Asia/Shanghai(1,50,28800,0,1487597711) mSubId -2 mPhoneId 0  mState 1 1 voice home data home null null null null null null  Unknown Unknown CSS not supported -1 -1 RoamInd=-1 DefRoamInd=-1 EmergOnly=true Ril Voice Regist state: 10 Ril Data Regist state: 4 mProprietaryDataRadioTechnology: 0 VoiceRejectCause: -1 DataRejectCause: -1 mCdmaNetWorkMode: 0 IsDataRoamingFromRegistration=false
02-20 21:43:02.797   924  1763 D TelephonyRegistry: notifyServiceStateForSubscriber Time 20170220T213511Asia/Shanghai(1,50,28800,0,1487597711) mSubId -3 mPhoneId 1  mState 3 3 voice home data home null null null null null null  Unknown Unknown CSS not supported -1 -1 RoamInd=-1 DefRoamInd=-1 EmergOnly=false Ril Voice Regist state: 0 Ril Data Regist state: 0 mProprietaryDataRadioTechnology: 0 VoiceRejectCause: -1 DataRejectCause: -1 mCdmaNetWorkMode: 0 IsDataRoamingFromRegistration=false
02-20 21:43:02.798   924  1763 D TelephonyRegistry: notifyServiceStateForSubscriber Time 20170220T213511Asia/Shanghai(1,50,28800,0,1487597711) mSubId -2 mPhoneId 0  mState 1 1 voice home data home null null null null null null  Unknown Unknown CSS not supported -1 -1 RoamInd=-1 DefRoamInd=-1 EmergOnly=true Ril Voice Regist state: 10 Ril Data Regist state: 4 mProprietaryDataRadioTechnology: 0 VoiceRejectCause: -1 DataRejectCause: -1 mCdmaNetWorkMode: 0 IsDataRoamingFromRegistration=false
02-20 21:43:02.798   924  1763 D TelephonyRegistry: notifyServiceStateForSubscriber Time 20170220T213511Asia/Shanghai(1,50,28800,0,1487597711) mSubId -3 mPhoneId 1  mState 3 3 voice home data home null null null null null null  Unknown Unknown CSS not supported -1 -1 RoamInd=-1 DefRoamInd=-1 EmergOnly=false Ril Voice Regist state: 0 Ril Data Regist state: 0 mProprietaryDataRadioTechnology: 0 VoiceRejectCause: -1 DataRejectCause: -1 mCdmaNetWorkMode: 0 IsDataRoamingFromRegistration=false
02-20 21:43:02.798   924  1763 D TelephonyRegistry: notifySignalStrengthForSubscriber: ----------------
02-20 21:43:02.798   924  1763 D SubscriptionManager: [getPhoneId]- return dummy value, subId = -2
02-20 21:43:02.798   924  1763 D TelephonyRegistry: validatePhoneId: true
02-20 21:43:02.798   924  1763 D TelephonyRegistry: notifySignalStrengthForSubscriber: valid phoneId=0
02-20 21:43:02.801  1599  1599 D SubscriptionController: [getPhoneId] asked for default subId=-1
02-20 21:43:02.801  1599  1599 D SubscriptionController: [getPhoneId]- invalid subId = -1 return = -1
02-20 21:43:02.802   924  1763 D SubscriptionManager: [getPhoneId]- return dummy value, subId = -2
02-20 21:43:02.802   924  1763 D TelephonyRegistry: idMatch: rlt=false
02-20 21:43:02.803  1599  1599 D SubscriptionController: [getPhoneId] asked for default subId=-1
02-20 21:43:02.803  1599  1599 D SubscriptionController: [getPhoneId]- invalid subId = -1 return = -1
02-20 21:43:02.804   924  1763 D SubscriptionManager: [getPhoneId]- return dummy value, subId = -2
02-20 21:43:02.804   924  1763 D TelephonyRegistry: idMatch: rlt=false
02-20 21:43:02.804  1599  1599 D SubscriptionController: [getPhoneId] asked for default subId=-1
02-20 21:43:02.805  1599  1599 D SubscriptionController: [getPhoneId]- invalid subId = -1 return = -1
02-20 21:43:02.805   924  1763 D SubscriptionManager: [getPhoneId]- return dummy value, subId = -2
02-20 21:43:02.805   924  1763 D TelephonyRegistry: idMatch: rlt=false
02-20 21:43:02.806  1599  1599 D SubscriptionController: [getPhoneId] asked for default subId=-1
02-20 21:43:02.806  1599  1599 D SubscriptionController: [getPhoneId]- invalid subId = -1 return = -1
02-20 21:43:02.807   924  1763 D SubscriptionManager: [getPhoneId]- return dummy value, subId = -2
02-20 21:43:02.807   924  1763 D TelephonyRegistry: idMatch: rlt=false
02-20 21:43:02.808  1599  1599 D SubscriptionController: [getPhoneId] asked for default subId=-1
02-20 21:43:02.808  1599  1599 D SubscriptionController: [getPhoneId]- invalid subId = -1 return = -1
02-20 21:43:02.809   924  1763 D SubscriptionManager: [getPhoneId]- return dummy value, subId = -2
02-20 21:43:02.809   924  1763 D TelephonyRegistry: idMatch: rlt=false
02-20 21:43:02.810  1599  1599 D SubscriptionController: [getPhoneId] asked for default subId=-1
02-20 21:43:02.810  1599  1599 D SubscriptionController: [getPhoneId]- invalid subId = -1 return = -1
02-20 21:43:02.811   924  1763 D SubscriptionManager: [getPhoneId]- return dummy value, subId = -2
02-20 21:43:02.811   924  1763 D TelephonyRegistry: idMatch: rlt=false
02-20 21:43:02.812  1599  1599 D SubscriptionController: [getPhoneId] asked for default subId=-1
02-20 21:43:02.812  1599  1599 D SubscriptionController: [getPhoneId]- invalid subId = -1 return = -1
02-20 21:43:02.813   924  1763 D SubscriptionManager: [getPhoneId]- return dummy value, subId = -2
02-20 21:43:02.813   924  1763 D TelephonyRegistry: idMatch: rlt=false
02-20 21:43:02.814  1599  1599 D SubscriptionController: [getPhoneId] asked for default subId=-1
02-20 21:43:02.814  1599  1599 D SubscriptionController: [getPhoneId]- invalid subId = -1 return = -1
02-20 21:43:02.815   924  1763 D SubscriptionManager: [getPhoneId]- return dummy value, subId = -2
02-20 21:43:02.816   924  1763 D TelephonyRegistry: idMatch: rlt=false
02-20 21:43:02.816  1599  1599 D SubscriptionController: [getPhoneId] asked for default subId=-1
02-20 21:43:02.817  1599  1599 D SubscriptionController: [getPhoneId]- invalid subId = -1 return = -1
02-20 21:43:02.818   924  1763 D SubscriptionManager: [getPhoneId]- return dummy value, subId = -2
02-20 21:43:02.818   924  1763 D TelephonyRegistry: idMatch: rlt=false
02-20 21:43:02.819  1599  1599 D SubscriptionController: [getPhoneId] asked for default subId=-1
02-20 21:43:02.820  1599  1599 D SubscriptionController: [getPhoneId]- invalid subId = -1 return = -1
02-20 21:43:02.821   924  1763 D SubscriptionManager: [getPhoneId]- return dummy value, subId = -2
02-20 21:43:02.821   924  1763 D TelephonyRegistry: idMatch: rlt=false
02-20 21:43:02.822  1599  1599 D SubscriptionController: [getPhoneId] asked for default subId=-1
02-20 21:43:02.822  1599  1599 D SubscriptionController: [getPhoneId]- invalid subId = -1 return = -1
02-20 21:43:02.823   924  1763 D SubscriptionManager: [getPhoneId]- return dummy value, subId = -2
02-20 21:43:02.824   924  1763 D TelephonyRegistry: idMatch: rlt=false
02-20 21:43:02.825  1599  1599 D SubscriptionController: [getPhoneId] asked for default subId=-1
02-20 21:43:02.826  1599  1599 D SubscriptionController: [getPhoneId]- invalid subId = -1 return = -1
02-20 21:43:02.827   924  1763 D SubscriptionManager: [getPhoneId]- return dummy value, subId = -2
02-20 21:43:02.827   924  1763 D TelephonyRegistry: idMatch: rlt=false
02-20 21:43:02.828  1599  1599 D SubscriptionController: [getPhoneId] asked for default subId=-1
02-20 21:43:02.829  1599  1599 D SubscriptionController: [getPhoneId]- invalid subId = -1 return = -1
02-20 21:43:02.829   924  1763 D SubscriptionManager: [getPhoneId]- return dummy value, subId = -2
02-20 21:43:02.829   924  1763 D TelephonyRegistry: idMatch: rlt=false
02-20 21:43:02.830  1599  1599 D SubscriptionController: [getPhoneId] asked for default subId=-1
02-20 21:43:02.831  1599  1599 D SubscriptionController: [getPhoneId]- invalid subId = -1 return = -1
02-20 21:43:02.832   924  1763 D SubscriptionManager: [getPhoneId]- return dummy value, subId = -2
02-20 21:43:02.832   924  1763 D TelephonyRegistry: idMatch: rlt=false
02-20 21:43:02.832   924  1763 D TelephonyRegistry: handleRemoveListLocked: mRemoveList.size()=0
02-20 21:43:02.832   924  1763 W SignalStrength: SignalStrength get plugin
02-20 21:43:02.832   924  1763 I use-Rlog/RLOG-GSM: op01_mapLteSignalLevel=0
02-20 21:43:02.832   924  1763 W SignalStrength: SignalStrength get plugin
02-20 21:43:02.832   924  1763 D SubscriptionManager: [getPhoneId]- return dummy value, subId = -2
02-20 21:43:02.833  1599  1599 D SubscriptionController: [getSubId]- sSlotIdxToSubId.size == 0, return DummySubIds slotIdx=0
02-20 21:43:02.833  1599  1599 D SubscriptionController: getDummySubIds: slotIdx=0 return 2 DummySubIds with each subId=-2
02-20 21:43:02.834  1599  1599 D GsmSST  : [GsmSST0] handleMessage msg done
02-20 21:43:03.796   970   993 D RILC    : s_last_wake_timeout_info: 0x7f8be1e180 reset to NULL
02-20 21:43:03.796   970   993 D RILC    : userTimerCallback free  p_info: 0x7f8be1e180
02-20 21:43:03.796   970   993 D RILC    : userTimerCallback free  p_info->event: 0x7f8be1e190
02-20 21:43:04.600  1599  1599 D FdManager: [GDCT][phoneId0]onReceive: action=android.intent.action.BATTERY_CHANGED
02-20 21:43:04.600  1599  1599 D FdManager: [GDCT][phoneId1]onReceive: action=android.intent.action.BATTERY_CHANGED
02-20 21:43:05.498   921   921 D RILMUXD : [gsm0710muxd] 3897:main(): Frames received/dropped: 481/0
02-20 21:43:07.928   921   956 D RILMUXD : [gsm0710muxd] 1643:gsm0710_base_buffer_get_frame(): Get a complete frame. ch:2, ctrl:239, len:39
02-20 21:43:07.928   921   956 D RILMUXD : [gsm0710muxd] 2383:extract_frames(): Writing 39 byte frame received on channel 2 to /dev/pts/5
02-20 21:43:07.928   921   956 D RILMUXD : [gsm0710muxd] 2403:extract_frames(): write() returned. Written 39/39 bytes of frame to /dev/pts/5
02-20 21:43:07.928   970   996 I AT      : AT read end: 39
02-20 21:43:07.928   970   996 D AT      : AT< +ECSQ: 29,29,1,-367,-39,1,1,2,32767
02-20 21:43:07.928   970   996 D AT      : RIL_URC_READER Enter processLine:+ECSQ: 29,29,1,-367,-39,1,1,2,32767
02-20 21:43:07.928   970   996 D RILC    : [MAL_AT] data sent to rild-mal-at is '+ECSQ: 29,29,1,-367,-39,1,1,2,32767'
02-20 21:43:07.928   970   996 D RILC    : internalRequestTimedCallback malloc p_info: 0x7f8be1e1e0
02-20 21:43:07.928   970   996 D RILC    : internalRequestTimedCallback malloc p_info->event: 0x7f8be1e1f0
02-20 21:43:07.928   970   996 D RIL     : Nw URC:+ECSQ: 29,29,1,-367,-39,1,1,2,32767
02-20 21:43:07.928   970   996 D RIL     : convert3GRssiValue baseband=503 ,isFdd3G=1,isTdd3G=0 ,RSCP_in_qdbm=-367 ,EcN0_in_qdbm=-39
02-20 21:43:07.928   970   996 D RILC    : callForRilVersion new vendor RIL, version: 10
02-20 21:43:07.928   970   996 I RILC    : RIL_SOCKET_1 UNSOLICITED: UNSOL_SIGNAL_STRENGTH length:72
02-20 21:43:07.928   970   996 E RILC    : Send Response to rild-mal
02-20 21:43:07.928   970   996 E RILC    : Send Response to RIL_SOCKET_1
02-20 21:43:07.928   970   996 I AT      : AT read start
02-20 21:43:07.930  1599  1599 D GsmSST  : [GsmSST0] handle EVENT_SIGNAL_STRENGTH_UPDATE
02-20 21:43:07.930  1599  1599 D GsmSST  : [GsmSST0] onSignalStrengthResult():  LastSignalStrength=SignalStrength: 11 25 -120 -160 -2 0 -1 99 2147483647 -2147483647 2147483647 2147483647 2147483647 gsm|lte 1 -376 -47
02-20 21:43:07.930  1599  1599 D GsmSST  : [GsmSST0] onSignalStrengthResult():new mSignalStrength=SignalStrength: 11 29 -120 -160 -2 0 -1 99 2147483647 -2147483647 2147483647 2147483647 2147483647 gsm|lte 1 -368 -39
02-20 21:43:07.930  1599  1599 W SignalStrength: SignalStrength get plugin
02-20 21:43:07.930  1599  1599 I use-Rlog/RLOG-GSM: op01_mapLteSignalLevel=0
02-20 21:43:07.930  1599  1599 W SignalStrength: SignalStrength get plugin
02-20 21:43:07.930  1599  1599 D GsmSST  : [GsmSST0] notifySignalStrength: mSignalStrength.getLevel=4
02-20 21:43:07.930  1599  1599 D SubscriptionController: [getSubId]- sSlotIdxToSubId.size == 0, return DummySubIds slotIdx=0
02-20 21:43:07.930  1599  1599 D SubscriptionController: getDummySubIds: slotIdx=0 return 2 DummySubIds with each subId=-2
02-20 21:43:07.930  1599  1599 D DefaultPhoneNotifier: notifySignalStrength: mRegistry=com.android.internal.telephony.ITelephonyRegistry$Stub$Proxy@8d1ae45 ss=SignalStrength: 11 29 -120 -160 -2 0 -1 99 2147483647 -2147483647 2147483647 2147483647 2147483647 gsm|lte 1 -368 -39 sender=Handler (com.android.internal.telephony.gsm.GSMPhone) {7fa538}
02-20 21:43:07.931   924   938 D TelephonyRegistry: notifySignalStrengthForSubscriber: subId=-2 signalStrength=SignalStrength: 11 29 -120 -160 -2 0 -1 99 2147483647 -2147483647 2147483647 2147483647 2147483647 gsm|lte 1 -368 -39
02-20 21:43:07.931   924   938 D TelephonyRegistry: notifySignalStrengthForSubscriber: logSSC.length=5 next=3
02-20 21:43:07.931   924   938 D TelephonyRegistry: notifyServiceStateForSubscriber Time 20170220T213511Asia/Shanghai(1,50,28800,0,1487597711) mSubId -2 mPhoneId 0  mState 1 1 voice home data home null null null null null null  Unknown Unknown CSS not supported -1 -1 RoamInd=-1 DefRoamInd=-1 EmergOnly=true Ril Voice Regist state: 10 Ril Data Regist state: 4 mProprietaryDataRadioTechnology: 0 VoiceRejectCause: -1 DataRejectCause: -1 mCdmaNetWorkMode: 0 IsDataRoamingFromRegistration=false
02-20 21:43:07.931   924   938 D TelephonyRegistry: notifyServiceStateForSubscriber Time 20170220T213511Asia/Shanghai(1,50,28800,0,1487597711) mSubId -2 mPhoneId 0  mState 1 1 voice home data home null null null null null null  Unknown Unknown CSS not supported -1 -1 RoamInd=-1 DefRoamInd=-1 EmergOnly=true Ril Voice Regist state: 10 Ril Data Regist state: 4 mProprietaryDataRadioTechnology: 0 VoiceRejectCause: -1 DataRejectCause: -1 mCdmaNetWorkMode: 0 IsDataRoamingFromRegistration=false
02-20 21:43:07.931   924   938 D TelephonyRegistry: notifyServiceStateForSubscriber Time 20170220T213511Asia/Shanghai(1,50,28800,0,1487597711) mSubId -3 mPhoneId 1  mState 3 3 voice home data home null null null null null null  Unknown Unknown CSS not supported -1 -1 RoamInd=-1 DefRoamInd=-1 EmergOnly=false Ril Voice Regist state: 0 Ril Data Regist state: 0 mProprietaryDataRadioTechnology: 0 VoiceRejectCause: -1 DataRejectCause: -1 mCdmaNetWorkMode: 0 IsDataRoamingFromRegistration=false
02-20 21:43:07.931   924   938 D TelephonyRegistry: notifyServiceStateForSubscriber Time 20170220T213511Asia/Shanghai(1,50,28800,0,1487597711) mSubId -2 mPhoneId 0  mState 1 1 voice home data home null null null null null null  Unknown Unknown CSS not supported -1 -1 RoamInd=-1 DefRoamInd=-1 EmergOnly=true Ril Voice Regist state: 10 Ril Data Regist state: 4 mProprietaryDataRadioTechnology: 0 VoiceRejectCause: -1 DataRejectCause: -1 mCdmaNetWorkMode: 0 IsDataRoamingFromRegistration=false
02-20 21:43:07.932   924   938 D TelephonyRegistry: notifyServiceStateForSubscriber Time 20170220T213511Asia/Shanghai(1,50,28800,0,1487597711) mSubId -3 mPhoneId 1  mState 3 3 voice home data home null null null null null null  Unknown Unknown CSS not supported -1 -1 RoamInd=-1 DefRoamInd=-1 EmergOnly=false Ril Voice Regist state: 0 Ril Data Regist state: 0 mProprietaryDataRadioTechnology: 0 VoiceRejectCause: -1 DataRejectCause: -1 mCdmaNetWorkMode: 0 IsDataRoamingFromRegistration=false
02-20 21:43:07.932   924   938 D TelephonyRegistry: notifySignalStrengthForSubscriber: ----------------
02-20 21:43:07.934   924   938 D SubscriptionManager: [getPhoneId]- return dummy value, subId = -2
02-20 21:43:07.934   924   938 D TelephonyRegistry: validatePhoneId: true
02-20 21:43:07.934   924   938 D TelephonyRegistry: notifySignalStrengthForSubscriber: valid phoneId=0
02-20 21:43:07.934   921   956 D RILMUXD : [gsm0710muxd] 2408:extract_frames(): fsync() failed (-1, 22 - Invalid argument)
02-20 21:43:07.936  1599  1599 D SubscriptionController: [getPhoneId] asked for default subId=-1
02-20 21:43:07.936  1599  1599 D SubscriptionController: [getPhoneId]- invalid subId = -1 return = -1
02-20 21:43:07.937   924   938 D SubscriptionManager: [getPhoneId]- return dummy value, subId = -2
02-20 21:43:07.937   924   938 D TelephonyRegistry: idMatch: rlt=false
02-20 21:43:07.938  1599  1599 D SubscriptionController: [getPhoneId] asked for default subId=-1
02-20 21:43:07.938  1599  1599 D SubscriptionController: [getPhoneId]- invalid subId = -1 return = -1
02-20 21:43:07.938   924   938 D SubscriptionManager: [getPhoneId]- return dummy value, subId = -2
02-20 21:43:07.939   924   938 D TelephonyRegistry: idMatch: rlt=false
02-20 21:43:07.939  1599  1599 D SubscriptionController: [getPhoneId] asked for default subId=-1
02-20 21:43:07.940  1599  1599 D SubscriptionController: [getPhoneId]- invalid subId = -1 return = -1
02-20 21:43:07.940   924   938 D SubscriptionManager: [getPhoneId]- return dummy value, subId = -2
02-20 21:43:07.941   924   938 D TelephonyRegistry: idMatch: rlt=false
02-20 21:43:07.941  1599  1599 D SubscriptionController: [getPhoneId] asked for default subId=-1
02-20 21:43:07.941  1599  1599 D SubscriptionController: [getPhoneId]- invalid subId = -1 return = -1
02-20 21:43:07.943   924   938 D SubscriptionManager: [getPhoneId]- return dummy value, subId = -2
02-20 21:43:07.943   924   938 D TelephonyRegistry: idMatch: rlt=false
02-20 21:43:07.944  1599  1599 D SubscriptionController: [getPhoneId] asked for default subId=-1
02-20 21:43:07.944  1599  1599 D SubscriptionController: [getPhoneId]- invalid subId = -1 return = -1
02-20 21:43:07.945   924   938 D SubscriptionManager: [getPhoneId]- return dummy value, subId = -2
02-20 21:43:07.945   924   938 D TelephonyRegistry: idMatch: rlt=false
02-20 21:43:07.946  1599  1599 D SubscriptionController: [getPhoneId] asked for default subId=-1
02-20 21:43:07.946  1599  1599 D SubscriptionController: [getPhoneId]- invalid subId = -1 return = -1
02-20 21:43:07.947   924   938 D SubscriptionManager: [getPhoneId]- return dummy value, subId = -2
02-20 21:43:07.947   924   938 D TelephonyRegistry: idMatch: rlt=false
02-20 21:43:07.948  1599  1599 D SubscriptionController: [getPhoneId] asked for default subId=-1
02-20 21:43:07.948  1599  1599 D SubscriptionController: [getPhoneId]- invalid subId = -1 return = -1
02-20 21:43:07.949   924   938 D SubscriptionManager: [getPhoneId]- return dummy value, subId = -2
02-20 21:43:07.949   924   938 D TelephonyRegistry: idMatch: rlt=false
02-20 21:43:07.950  1599  1599 D SubscriptionController: [getPhoneId] asked for default subId=-1
02-20 21:43:07.950  1599  1599 D SubscriptionController: [getPhoneId]- invalid subId = -1 return = -1
02-20 21:43:07.951   924   938 D SubscriptionManager: [getPhoneId]- return dummy value, subId = -2
02-20 21:43:07.951   924   938 D TelephonyRegistry: idMatch: rlt=false
02-20 21:43:07.953  1599  1599 D SubscriptionController: [getPhoneId] asked for default subId=-1
02-20 21:43:07.954  1599  1599 D SubscriptionController: [getPhoneId]- invalid subId = -1 return = -1
02-20 21:43:07.954   924   938 D SubscriptionManager: [getPhoneId]- return dummy value, subId = -2
02-20 21:43:07.954   924   938 D TelephonyRegistry: idMatch: rlt=false
02-20 21:43:07.956  1599  1599 D SubscriptionController: [getPhoneId] asked for default subId=-1
02-20 21:43:07.957  1599  1599 D SubscriptionController: [getPhoneId]- invalid subId = -1 return = -1
02-20 21:43:07.957   924   938 D SubscriptionManager: [getPhoneId]- return dummy value, subId = -2
02-20 21:43:07.957   924   938 D TelephonyRegistry: idMatch: rlt=false
02-20 21:43:07.958  1599  1599 D SubscriptionController: [getPhoneId] asked for default subId=-1
02-20 21:43:07.958  1599  1599 D SubscriptionController: [getPhoneId]- invalid subId = -1 return = -1
02-20 21:43:07.959   924   938 D SubscriptionManager: [getPhoneId]- return dummy value, subId = -2
02-20 21:43:07.959   924   938 D TelephonyRegistry: idMatch: rlt=false
02-20 21:43:07.961  1599  1599 D SubscriptionController: [getPhoneId] asked for default subId=-1
02-20 21:43:07.962  1599  1599 D SubscriptionController: [getPhoneId]- invalid subId = -1 return = -1
02-20 21:43:07.962   924   938 D SubscriptionManager: [getPhoneId]- return dummy value, subId = -2
02-20 21:43:07.962   924   938 D TelephonyRegistry: idMatch: rlt=false
02-20 21:43:07.963  1599  1599 D SubscriptionController: [getPhoneId] asked for default subId=-1
02-20 21:43:07.964  1599  1599 D SubscriptionController: [getPhoneId]- invalid subId = -1 return = -1
02-20 21:43:07.965   924   938 D SubscriptionManager: [getPhoneId]- return dummy value, subId = -2
02-20 21:43:07.965   924   938 D TelephonyRegistry: idMatch: rlt=false
02-20 21:43:07.966  1599  1599 D SubscriptionController: [getPhoneId] asked for default subId=-1
02-20 21:43:07.967  1599  1599 D SubscriptionController: [getPhoneId]- invalid subId = -1 return = -1
02-20 21:43:07.967   924   938 D SubscriptionManager: [getPhoneId]- return dummy value, subId = -2
02-20 21:43:07.967   924   938 D TelephonyRegistry: idMatch: rlt=false
02-20 21:43:07.967   924   938 D TelephonyRegistry: handleRemoveListLocked: mRemoveList.size()=0
02-20 21:43:07.967   924   938 W SignalStrength: SignalStrength get plugin
02-20 21:43:07.968   924   938 I use-Rlog/RLOG-GSM: op01_mapLteSignalLevel=0
02-20 21:43:07.968   924   938 W SignalStrength: SignalStrength get plugin
02-20 21:43:07.968   924   938 D SubscriptionManager: [getPhoneId]- return dummy value, subId = -2
02-20 21:43:07.968  1599  1599 D SubscriptionController: [getSubId]- sSlotIdxToSubId.size == 0, return DummySubIds slotIdx=0
02-20 21:43:07.968  1599  1599 D SubscriptionController: getDummySubIds: slotIdx=0 return 2 DummySubIds with each subId=-2
02-20 21:43:07.970  1599  1599 D GsmSST  : [GsmSST0] handleMessage msg done
02-20 21:43:08.929   970   993 D RILC    : s_last_wake_timeout_info: 0x7f8be1e1e0 reset to NULL
02-20 21:43:08.929   970   993 D RILC    : userTimerCallback free  p_info: 0x7f8be1e1e0
02-20 21:43:08.929   970   993 D RILC    : userTimerCallback free  p_info->event: 0x7f8be1e1f0
02-20 21:43:10.498   921   921 D RILMUXD : [gsm0710muxd] 3897:main(): Frames received/dropped: 482/0
02-20 21:43:11.133   970   993 I RILC    : NUMBER:1
02-20 21:43:11.133   970   993 I RILC    : arg len:14
02-20 21:43:11.133   970   993 I RILC    : ARGS[0]:THERMAL,0,-1
02-20 21:43:11.133   970   993 D RILC    : C[locl]> QUERY_MODEM_THERMAL
02-20 21:43:11.133   970   993 D RILC-MTK: QUERY_MODEM_THERMAL pRI=0x7f8a613570 p=0x7f8a628b60 dispatched to RIL_CMD_PROXY_1
02-20 21:43:11.133   970   991 I RILC-MTK: RIL_CMD2_PROXY_4 wakeup
02-20 21:43:11.133   970   991 I RILC-MTK: RIL_CMD2_PROXY_4 sleep
02-20 21:43:11.133   970   982 I RILC-MTK: RIL_CMD_PROXY_3 wakeup
02-20 21:43:11.133   970   982 I RILC-MTK: RIL_CMD_PROXY_3 sleep
02-20 21:43:11.133   970   981 I RILC-MTK: RIL_URC_PROXY wakeup
02-20 21:43:11.133   970   981 I RILC-MTK: RIL_URC_PROXY sleep
02-20 21:43:11.133   970   992 I RILC-MTK: RIL_ATCI2_PROXY wakeup
02-20 21:43:11.133   970   992 I RILC-MTK: RIL_ATCI2_PROXY sleep
02-20 21:43:11.133   970   986 I RILC-MTK: RIL_ATCI_PROXY wakeup
02-20 21:43:11.133   970   986 I RILC-MTK: RIL_ATCI_PROXY sleep
02-20 21:43:11.133   970   987 I RILC-MTK: RIL_URC2_PROXY wakeup
02-20 21:43:11.133   970   987 I RILC-MTK: RIL_URC2_PROXY sleep
02-20 21:43:11.133   970   988 I RILC-MTK: RIL_CMD2_PROXY_3 wakeup
02-20 21:43:11.133   970   988 I RILC-MTK: RIL_CMD2_PROXY_3 sleep
02-20 21:43:11.133   970   990 I RILC-MTK: RIL_CMD2_PROXY_1 wakeup
02-20 21:43:11.133   970   990 I RILC-MTK: RIL_CMD2_PROXY_1 sleep
02-20 21:43:11.133   970   989 I RILC-MTK: RIL_CMD2_PROXY_2 wakeup
02-20 21:43:11.133   970   989 I RILC-MTK: RIL_CMD2_PROXY_2 sleep
02-20 21:43:11.133   970   983 I RILC-MTK: RIL_CMD_PROXY_2 wakeup
02-20 21:43:11.133   970   983 I RILC-MTK: RIL_CMD_PROXY_2 sleep
02-20 21:43:11.133   970   985 I RILC-MTK: RIL_CMD_PROXY_4 wakeup
02-20 21:43:11.133   970   985 I RILC-MTK: RIL_CMD_PROXY_4 sleep
02-20 21:43:11.133   970   984 I RILC-MTK: RIL_CMD_PROXY_1 wakeup
02-20 21:43:11.133   970   984 D RILC-MTK: proxy id:3, proxyName: RIL_CMD_PROXY_1
02-20 21:43:11.133   970   984 D RILC-MTK: QUERY_MODEM_THERMAL pRI=0x7f8a613570 p=0x7f8a628b60 execute on RIL_CMD_PROXY_1 using channel 3
02-20 21:43:11.133   970   984 D RILC    : callOnRequest for new vendor ril
02-20 21:43:11.133   970   984 D RIL     : onRequest: QUERY_MODEM_THERMAL, datalen = 8
02-20 21:43:11.133   970   984 D RIL     : radioState:10
02-20 21:43:11.133   970   984 D RIL     : requestQueryThermal Enter,-1
02-20 21:43:11.133   970   984 D AT      : getRILChannelCtx subsystem:1, rid:0 channelOffset:0
02-20 21:43:11.133   970   984 D AT      : AT send on RIL_CMD_READER_3, tid:547792835648
